[0.033s] Invoking command in '/home/habibahassan/project/build/rviz_visual_tools': CMAKE_PREFIX_PATH=${CMAKE_PREFIX_PATH}:/home/habibahassan/project/install/moveit_configs_utils:/opt/ros/jazzy DEBUGINFOD_URLS=https://debuginfod.ubuntu.com /usr/bin/cmake --build /home/habibahassan/project/build/rviz_visual_tools -- -j8 -l8
[0.341s] [  0%] Built target rviz_visual_tools_remote_control_autogen_timestamp_deps
[0.341s] [  0%] Built target rviz_visual_tools_gui_autogen_timestamp_deps
[0.376s] [  0%] Built target gtest_main_autogen_timestamp_deps
[0.384s] [  0%] Built target gtest_autogen_timestamp_deps
[0.425s] [  2%] Built target gtest_autogen
[0.429s] [  4%] Built target gtest_main_autogen
[0.430s] [  6%] Built target rviz_visual_tools_remote_control_autogen
[0.434s] [  8%] Built target rviz_visual_tools_gui_autogen
[0.452s] [ 16%] Built target gtest
[0.488s] [ 25%] Built target gtest_main
[0.632s] [ 33%] Built target rviz_visual_tools_remote_control
[0.663s] [ 45%] Built target rviz_visual_tools_gui
[0.663s] [ 45%] Built target rviz_visual_tools_autogen_timestamp_deps
[0.664s] [ 47%] Built target rviz_visual_tools_autogen
[0.691s] [ 58%] Built target rviz_visual_tools
[0.701s] [ 58%] Built target rviz_visual_tools_imarker_simple_autogen_timestamp_deps
[0.701s] [ 58%] Built target rviz_visual_tools_demo_autogen_timestamp_deps
[0.701s] [ 58%] Built target rviz_visual_tools_rvt_test_autogen_timestamp_deps
[0.738s] [ 60%] Built target rviz_visual_tools_demo_autogen
[0.739s] [ 62%] Built target rviz_visual_tools_rvt_test_autogen
[0.740s] [ 64%] Built target rviz_visual_tools_imarker_simple_autogen
[0.741s] [ 72%] Built target rviz_visual_tools_rvt_test
[0.741s] [ 81%] Built target rviz_visual_tools_demo
[0.741s] [ 89%] Built target rviz_visual_tools_imarker_simple
[0.741s] [ 89%] Built target rviz_visual_tools_imarker_simple_demo_autogen_timestamp_deps
[0.741s] [ 91%] Built target rviz_visual_tools_imarker_simple_demo_autogen
[0.741s] [100%] Built target rviz_visual_tools_imarker_simple_demo
[0.786s] Invoked command in '/home/habibahassan/project/build/rviz_visual_tools' returned '0': CMAKE_PREFIX_PATH=${CMAKE_PREFIX_PATH}:/home/habibahassan/project/install/moveit_configs_utils:/opt/ros/jazzy DEBUGINFOD_URLS=https://debuginfod.ubuntu.com /usr/bin/cmake --build /home/habibahassan/project/build/rviz_visual_tools -- -j8 -l8
[0.788s] Invoking command in '/home/habibahassan/project/build/rviz_visual_tools': CMAKE_PREFIX_PATH=${CMAKE_PREFIX_PATH}:/home/habibahassan/project/install/moveit_configs_utils:/opt/ros/jazzy DEBUGINFOD_URLS=https://debuginfod.ubuntu.com /usr/bin/cmake --install /home/habibahassan/project/build/rviz_visual_tools
[0.847s] -- Install configuration: ""
[0.847s] -- Up-to-date: /home/habibahassan/project/install/rviz_visual_tools/share/rviz_visual_tools/plugin_description.xml
[0.847s] -- Up-to-date: /home/habibahassan/project/install/rviz_visual_tools/lib/librviz_visual_tools.so
[0.848s] -- Up-to-date: /home/habibahassan/project/install/rviz_visual_tools/lib/librviz_visual_tools_remote_control.so
[0.848s] -- Up-to-date: /home/habibahassan/project/install/rviz_visual_tools/lib/librviz_visual_tools_gui.so
[0.848s] -- Up-to-date: /home/habibahassan/project/install/rviz_visual_tools/lib/librviz_visual_tools_imarker_simple.so
[0.848s] -- Up-to-date: /home/habibahassan/project/install/rviz_visual_tools/lib/rviz_visual_tools/rviz_visual_tools_demo
[0.848s] -- Up-to-date: /home/habibahassan/project/install/rviz_visual_tools/lib/rviz_visual_tools/rviz_visual_tools_imarker_simple_demo
[0.850s] -- Up-to-date: /home/habibahassan/project/install/rviz_visual_tools/include
[0.850s] -- Up-to-date: /home/habibahassan/project/install/rviz_visual_tools/include/rviz_visual_tools
[0.851s] -- Up-to-date: /home/habibahassan/project/install/rviz_visual_tools/include/rviz_visual_tools/imarker_simple.hpp
[0.852s] -- Up-to-date: /home/habibahassan/project/install/rviz_visual_tools/include/rviz_visual_tools/key_tool.hpp
[0.852s] -- Up-to-date: /home/habibahassan/project/install/rviz_visual_tools/include/rviz_visual_tools/rviz_visual_tools.hpp
[0.852s] -- Up-to-date: /home/habibahassan/project/install/rviz_visual_tools/include/rviz_visual_tools/remote_control.hpp
[0.853s] -- Up-to-date: /home/habibahassan/project/install/rviz_visual_tools/include/rviz_visual_tools/remote_reciever.hpp
[0.854s] -- Up-to-date: /home/habibahassan/project/install/rviz_visual_tools/include/rviz_visual_tools/rviz_visual_tools_gui.hpp
[0.854s] -- Up-to-date: /home/habibahassan/project/install/rviz_visual_tools/include/rviz_visual_tools/tf_visual_tools.hpp
[0.854s] -- Up-to-date: /home/habibahassan/project/install/rviz_visual_tools/share/rviz_visual_tools/launch
[0.885s] -- Up-to-date: /home/habibahassan/project/install/rviz_visual_tools/share/rviz_visual_tools/launch/rvt_test.launch
[0.885s] -- Up-to-date: /home/habibahassan/project/install/rviz_visual_tools/share/rviz_visual_tools/launch/demo.rviz
[0.885s] -- Up-to-date: /home/habibahassan/project/install/rviz_visual_tools/share/rviz_visual_tools/launch/demo_combined.launch.py
[0.885s] -- Up-to-date: /home/habibahassan/project/install/rviz_visual_tools/share/rviz_visual_tools/launch/demo_rviz.launch.py
[0.886s] -- Up-to-date: /home/habibahassan/project/install/rviz_visual_tools/share/rviz_visual_tools/environment/library_path.sh
[0.886s] -- Up-to-date: /home/habibahassan/project/install/rviz_visual_tools/share/rviz_visual_tools/environment/library_path.dsv
[0.886s] -- Up-to-date: /home/habibahassan/project/install/rviz_visual_tools/share/ament_index/resource_index/package_run_dependencies/rviz_visual_tools
[0.887s] -- Up-to-date: /home/habibahassan/project/install/rviz_visual_tools/share/ament_index/resource_index/parent_prefix_path/rviz_visual_tools
[0.899s] -- Up-to-date: /home/habibahassan/project/install/rviz_visual_tools/share/rviz_visual_tools/environment/ament_prefix_path.sh
[0.899s] -- Up-to-date: /home/habibahassan/project/install/rviz_visual_tools/share/rviz_visual_tools/environment/ament_prefix_path.dsv
[0.900s] -- Up-to-date: /home/habibahassan/project/install/rviz_visual_tools/share/rviz_visual_tools/environment/path.sh
[0.900s] -- Up-to-date: /home/habibahassan/project/install/rviz_visual_tools/share/rviz_visual_tools/environment/path.dsv
[0.901s] -- Up-to-date: /home/habibahassan/project/install/rviz_visual_tools/share/rviz_visual_tools/local_setup.bash
[0.901s] -- Up-to-date: /home/habibahassan/project/install/rviz_visual_tools/share/rviz_visual_tools/local_setup.sh
[0.901s] -- Up-to-date: /home/habibahassan/project/install/rviz_visual_tools/share/rviz_visual_tools/local_setup.zsh
[0.901s] -- Up-to-date: /home/habibahassan/project/install/rviz_visual_tools/share/rviz_visual_tools/local_setup.dsv
[0.901s] -- Installing: /home/habibahassan/project/install/rviz_visual_tools/share/rviz_visual_tools/package.dsv
[0.903s] -- Up-to-date: /home/habibahassan/project/install/rviz_visual_tools/share/ament_index/resource_index/packages/rviz_visual_tools
[0.903s] -- Up-to-date: /home/habibahassan/project/install/rviz_visual_tools/share/ament_index/resource_index/rviz_common__pluginlib__plugin/rviz_visual_tools
[0.905s] -- Up-to-date: /home/habibahassan/project/install/rviz_visual_tools/share/rviz_visual_tools/cmake/export_rviz_visual_toolsExport.cmake
[0.905s] -- Up-to-date: /home/habibahassan/project/install/rviz_visual_tools/share/rviz_visual_tools/cmake/export_rviz_visual_toolsExport-noconfig.cmake
[0.905s] -- Up-to-date: /home/habibahassan/project/install/rviz_visual_tools/share/rviz_visual_tools/cmake/ament_cmake_export_targets-extras.cmake
[0.905s] -- Up-to-date: /home/habibahassan/project/install/rviz_visual_tools/share/rviz_visual_tools/cmake/ament_cmake_export_dependencies-extras.cmake
[0.905s] -- Up-to-date: /home/habibahassan/project/install/rviz_visual_tools/share/rviz_visual_tools/cmake/ament_cmake_export_include_directories-extras.cmake
[0.905s] -- Up-to-date: /home/habibahassan/project/install/rviz_visual_tools/share/rviz_visual_tools/cmake/ament_cmake_export_libraries-extras.cmake
[0.906s] -- Up-to-date: /home/habibahassan/project/install/rviz_visual_tools/share/rviz_visual_tools/cmake/rviz_visual_toolsConfig.cmake
[0.906s] -- Up-to-date: /home/habibahassan/project/install/rviz_visual_tools/share/rviz_visual_tools/cmake/rviz_visual_toolsConfig-version.cmake
[0.906s] -- Up-to-date: /home/habibahassan/project/install/rviz_visual_tools/share/rviz_visual_tools/package.xml
[0.997s] Invoked command in '/home/habibahassan/project/build/rviz_visual_tools' returned '0': CMAKE_PREFIX_PATH=${CMAKE_PREFIX_PATH}:/home/habibahassan/project/install/moveit_configs_utils:/opt/ros/jazzy DEBUGINFOD_URLS=https://debuginfod.ubuntu.com /usr/bin/cmake --install /home/habibahassan/project/build/rviz_visual_tools
