[0.360s] Invoking command in '/home/habibahassan/project/build/moveit_resources_prbt_support': CMAKE_PREFIX_PATH=${CMAKE_PREFIX_PATH}:/home/habibahassan/project/install/moveit_configs_utils:/opt/ros/jazzy DEBUGINFOD_URLS=https://debuginfod.ubuntu.com /usr/bin/cmake --build /home/habibahassan/project/build/moveit_resources_prbt_support -- -j8 -l8
[0.557s] Invoked command in '/home/habibahassan/project/build/moveit_resources_prbt_support' returned '0': CMAKE_PREFIX_PATH=${CMAKE_PREFIX_PATH}:/home/habibahassan/project/install/moveit_configs_utils:/opt/ros/jazzy DEBUGINFOD_URLS=https://debuginfod.ubuntu.com /usr/bin/cmake --build /home/habibahassan/project/build/moveit_resources_prbt_support -- -j8 -l8
[0.558s] Invoking command in '/home/habibahassan/project/build/moveit_resources_prbt_support': CMAKE_PREFIX_PATH=${CMAKE_PREFIX_PATH}:/home/habibahassan/project/install/moveit_configs_utils:/opt/ros/jazzy DEBUGINFOD_URLS=https://debuginfod.ubuntu.com /usr/bin/cmake --install /home/habibahassan/project/build/moveit_resources_prbt_support
[0.646s] -- Install configuration: ""
[0.646s] -- Up-to-date: /home/habibahassan/project/install/moveit_resources_prbt_support/share/ament_index/resource_index/package_run_dependencies/moveit_resources_prbt_support
[0.646s] -- Up-to-date: /home/habibahassan/project/install/moveit_resources_prbt_support/share/ament_index/resource_index/parent_prefix_path/moveit_resources_prbt_support
[0.647s] -- Up-to-date: /home/habibahassan/project/install/moveit_resources_prbt_support/share/moveit_resources_prbt_support/environment/ament_prefix_path.sh
[0.647s] -- Up-to-date: /home/habibahassan/project/install/moveit_resources_prbt_support/share/moveit_resources_prbt_support/environment/ament_prefix_path.dsv
[0.648s] -- Up-to-date: /home/habibahassan/project/install/moveit_resources_prbt_support/share/moveit_resources_prbt_support/environment/path.sh
[0.650s] -- Up-to-date: /home/habibahassan/project/install/moveit_resources_prbt_support/share/moveit_resources_prbt_support/environment/path.dsv
[0.651s] -- Up-to-date: /home/habibahassan/project/install/moveit_resources_prbt_support/share/moveit_resources_prbt_support/local_setup.bash
[0.651s] -- Up-to-date: /home/habibahassan/project/install/moveit_resources_prbt_support/share/moveit_resources_prbt_support/local_setup.sh
[0.652s] -- Up-to-date: /home/habibahassan/project/install/moveit_resources_prbt_support/share/moveit_resources_prbt_support/local_setup.zsh
[0.652s] -- Up-to-date: /home/habibahassan/project/install/moveit_resources_prbt_support/share/moveit_resources_prbt_support/local_setup.dsv
[0.653s] -- Installing: /home/habibahassan/project/install/moveit_resources_prbt_support/share/moveit_resources_prbt_support/package.dsv
[0.653s] -- Up-to-date: /home/habibahassan/project/install/moveit_resources_prbt_support/share/ament_index/resource_index/packages/moveit_resources_prbt_support
[0.653s] -- Up-to-date: /home/habibahassan/project/install/moveit_resources_prbt_support/share/moveit_resources_prbt_support/cmake/moveit_resources_prbt_supportConfig.cmake
[0.653s] -- Up-to-date: /home/habibahassan/project/install/moveit_resources_prbt_support/share/moveit_resources_prbt_support/cmake/moveit_resources_prbt_supportConfig-version.cmake
[0.654s] -- Up-to-date: /home/habibahassan/project/install/moveit_resources_prbt_support/share/moveit_resources_prbt_support/package.xml
[0.654s] -- Up-to-date: /home/habibahassan/project/install/moveit_resources_prbt_support/share/moveit_resources_prbt_support/urdf
[0.656s] -- Up-to-date: /home/habibahassan/project/install/moveit_resources_prbt_support/share/moveit_resources_prbt_support/urdf/prbt.xacro
[0.656s] -- Up-to-date: /home/habibahassan/project/install/moveit_resources_prbt_support/share/moveit_resources_prbt_support/urdf/prbt.ros2_control.xacro
[0.656s] -- Up-to-date: /home/habibahassan/project/install/moveit_resources_prbt_support/share/moveit_resources_prbt_support/urdf/prbt_macro.xacro
[0.656s] -- Up-to-date: /home/habibahassan/project/install/moveit_resources_prbt_support/share/moveit_resources_prbt_support/urdf/simple_gripper_brackets.urdf.xacro
[0.656s] -- Up-to-date: /home/habibahassan/project/install/moveit_resources_prbt_support/share/moveit_resources_prbt_support/meshes
[0.656s] -- Up-to-date: /home/habibahassan/project/install/moveit_resources_prbt_support/share/moveit_resources_prbt_support/meshes/foot.stl
[0.656s] -- Up-to-date: /home/habibahassan/project/install/moveit_resources_prbt_support/share/moveit_resources_prbt_support/meshes/link_5.dae
[0.656s] -- Up-to-date: /home/habibahassan/project/install/moveit_resources_prbt_support/share/moveit_resources_prbt_support/meshes/flange.dae
[0.657s] -- Up-to-date: /home/habibahassan/project/install/moveit_resources_prbt_support/share/moveit_resources_prbt_support/meshes/link_3.dae
[0.657s] -- Up-to-date: /home/habibahassan/project/install/moveit_resources_prbt_support/share/moveit_resources_prbt_support/meshes/link_1.stl
[0.657s] -- Up-to-date: /home/habibahassan/project/install/moveit_resources_prbt_support/share/moveit_resources_prbt_support/meshes/link_3.stl
[0.657s] -- Up-to-date: /home/habibahassan/project/install/moveit_resources_prbt_support/share/moveit_resources_prbt_support/meshes/link_4.dae
[0.657s] -- Up-to-date: /home/habibahassan/project/install/moveit_resources_prbt_support/share/moveit_resources_prbt_support/meshes/link_5.stl
[0.657s] -- Up-to-date: /home/habibahassan/project/install/moveit_resources_prbt_support/share/moveit_resources_prbt_support/meshes/link_1.dae
[0.657s] -- Up-to-date: /home/habibahassan/project/install/moveit_resources_prbt_support/share/moveit_resources_prbt_support/meshes/link_4.stl
[0.657s] -- Up-to-date: /home/habibahassan/project/install/moveit_resources_prbt_support/share/moveit_resources_prbt_support/meshes/link_2.stl
[0.657s] -- Up-to-date: /home/habibahassan/project/install/moveit_resources_prbt_support/share/moveit_resources_prbt_support/meshes/foot.dae
[0.657s] -- Up-to-date: /home/habibahassan/project/install/moveit_resources_prbt_support/share/moveit_resources_prbt_support/meshes/flange.stl
[0.658s] -- Up-to-date: /home/habibahassan/project/install/moveit_resources_prbt_support/share/moveit_resources_prbt_support/meshes/link_2.dae
[0.658s] -- Up-to-date: /home/habibahassan/project/install/moveit_resources_prbt_support/share/moveit_resources_prbt_support/config
[0.658s] -- Up-to-date: /home/habibahassan/project/install/moveit_resources_prbt_support/share/moveit_resources_prbt_support/config/manipulator_driver.yaml
[0.658s] -- Up-to-date: /home/habibahassan/project/install/moveit_resources_prbt_support/share/moveit_resources_prbt_support/config/manipulator_controller.yaml
[0.658s] -- Up-to-date: /home/habibahassan/project/install/moveit_resources_prbt_support/share/moveit_resources_prbt_support/config/prbt_0_1.dcf
[0.785s] Invoked command in '/home/habibahassan/project/build/moveit_resources_prbt_support' returned '0': CMAKE_PREFIX_PATH=${CMAKE_PREFIX_PATH}:/home/habibahassan/project/install/moveit_configs_utils:/opt/ros/jazzy DEBUGINFOD_URLS=https://debuginfod.ubuntu.com /usr/bin/cmake --install /home/habibahassan/project/build/moveit_resources_prbt_support
