[0.088s] Invoking command in '/home/habibahassan/project/build/ur_dashboard_msgs': CMAKE_PREFIX_PATH=${CMAKE_PREFIX_PATH}:/home/habibahassan/project/install/moveit_configs_utils:/opt/ros/jazzy DEBUGINFOD_URLS=https://debuginfod.ubuntu.com /usr/bin/cmake --build /home/habibahassan/project/build/ur_dashboard_msgs -- -j8 -l8
[0.566s] [  0%] Built target ur_dashboard_msgs__rosidl_generator_type_description
[0.777s] [  0%] Built target ament_cmake_python_copy_ur_dashboard_msgs
[0.934s] [ 27%] Built target ur_dashboard_msgs__rosidl_generator_c
[0.965s] [ 27%] Built target ur_dashboard_msgs__cpp
[1.268s] [ 37%] Built target ur_dashboard_msgs__rosidl_typesupport_introspection_c
[1.269s] [ 47%] Built target ur_dashboard_msgs__rosidl_typesupport_c
[1.269s] [ 57%] Built target ur_dashboard_msgs__rosidl_typesupport_fastrtps_c
[1.270s] [ 67%] Built target ur_dashboard_msgs__rosidl_typesupport_introspection_cpp
[1.314s] [ 76%] Built target ur_dashboard_msgs__rosidl_typesupport_fastrtps_cpp
[1.335s] [ 86%] Built target ur_dashboard_msgs__rosidl_typesupport_cpp
[1.402s] [ 86%] Built target ur_dashboard_msgs
[1.411s] [ 87%] Built target ur_dashboard_msgs__py
[1.413s] [ 96%] Built target ur_dashboard_msgs__rosidl_generator_py
[1.418s] [ 97%] Built target ur_dashboard_msgs_s__rosidl_typesupport_fastrtps_c
[1.421s] [ 99%] Built target ur_dashboard_msgs_s__rosidl_typesupport_c
[1.421s] [100%] Built target ur_dashboard_msgs_s__rosidl_typesupport_introspection_c
[1.422s] running egg_info
[1.422s] writing ur_dashboard_msgs.egg-info/PKG-INFO
[1.423s] writing dependency_links to ur_dashboard_msgs.egg-info/dependency_links.txt
[1.424s] writing top-level names to ur_dashboard_msgs.egg-info/top_level.txt
[1.727s] reading manifest file 'ur_dashboard_msgs.egg-info/SOURCES.txt'
[1.733s] writing manifest file 'ur_dashboard_msgs.egg-info/SOURCES.txt'
[2.013s] [100%] Built target ament_cmake_python_build_ur_dashboard_msgs_egg
[2.144s] Invoked command in '/home/habibahassan/project/build/ur_dashboard_msgs' returned '0': CMAKE_PREFIX_PATH=${CMAKE_PREFIX_PATH}:/home/habibahassan/project/install/moveit_configs_utils:/opt/ros/jazzy DEBUGINFOD_URLS=https://debuginfod.ubuntu.com /usr/bin/cmake --build /home/habibahassan/project/build/ur_dashboard_msgs -- -j8 -l8
[2.148s] Invoking command in '/home/habibahassan/project/build/ur_dashboard_msgs': CMAKE_PREFIX_PATH=${CMAKE_PREFIX_PATH}:/home/habibahassan/project/install/moveit_configs_utils:/opt/ros/jazzy DEBUGINFOD_URLS=https://debuginfod.ubuntu.com /usr/bin/cmake --install /home/habibahassan/project/build/ur_dashboard_msgs
[2.233s] -- Install configuration: ""
[2.233s] -- Up-to-date: /home/habibahassan/project/install/ur_dashboard_msgs/share/ament_index/resource_index/rosidl_interfaces/ur_dashboard_msgs
[2.233s] -- Up-to-date: /home/habibahassan/project/install/ur_dashboard_msgs/share/ur_dashboard_msgs/msg/ProgramState.json
[2.233s] -- Up-to-date: /home/habibahassan/project/install/ur_dashboard_msgs/share/ur_dashboard_msgs/msg/RobotMode.json
[2.233s] -- Up-to-date: /home/habibahassan/project/install/ur_dashboard_msgs/share/ur_dashboard_msgs/msg/SafetyMode.json
[2.234s] -- Up-to-date: /home/habibahassan/project/install/ur_dashboard_msgs/share/ur_dashboard_msgs/srv/AddToLog.json
[2.234s] -- Up-to-date: /home/habibahassan/project/install/ur_dashboard_msgs/share/ur_dashboard_msgs/srv/GetLoadedProgram.json
[2.234s] -- Up-to-date: /home/habibahassan/project/install/ur_dashboard_msgs/share/ur_dashboard_msgs/srv/GetProgramState.json
[2.234s] -- Up-to-date: /home/habibahassan/project/install/ur_dashboard_msgs/share/ur_dashboard_msgs/srv/GetRobotMode.json
[2.235s] -- Up-to-date: /home/habibahassan/project/install/ur_dashboard_msgs/share/ur_dashboard_msgs/srv/GetSafetyMode.json
[2.235s] -- Up-to-date: /home/habibahassan/project/install/ur_dashboard_msgs/share/ur_dashboard_msgs/srv/IsProgramRunning.json
[2.236s] -- Up-to-date: /home/habibahassan/project/install/ur_dashboard_msgs/share/ur_dashboard_msgs/srv/IsProgramSaved.json
[2.237s] -- Up-to-date: /home/habibahassan/project/install/ur_dashboard_msgs/share/ur_dashboard_msgs/srv/Load.json
[2.237s] -- Up-to-date: /home/habibahassan/project/install/ur_dashboard_msgs/share/ur_dashboard_msgs/srv/Popup.json
[2.238s] -- Up-to-date: /home/habibahassan/project/install/ur_dashboard_msgs/share/ur_dashboard_msgs/srv/RawRequest.json
[2.238s] -- Up-to-date: /home/habibahassan/project/install/ur_dashboard_msgs/share/ur_dashboard_msgs/action/SetMode.json
[2.239s] -- Up-to-date: /home/habibahassan/project/install/ur_dashboard_msgs/include/ur_dashboard_msgs/ur_dashboard_msgs
[2.240s] -- Up-to-date: /home/habibahassan/project/install/ur_dashboard_msgs/include/ur_dashboard_msgs/ur_dashboard_msgs/srv
[2.241s] -- Up-to-date: /home/habibahassan/project/install/ur_dashboard_msgs/include/ur_dashboard_msgs/ur_dashboard_msgs/srv/get_safety_mode.h
[2.241s] -- Up-to-date: /home/habibahassan/project/install/ur_dashboard_msgs/include/ur_dashboard_msgs/ur_dashboard_msgs/srv/get_program_state.h
[2.246s] -- Up-to-date: /home/habibahassan/project/install/ur_dashboard_msgs/include/ur_dashboard_msgs/ur_dashboard_msgs/srv/is_program_running.h
[2.248s] -- Up-to-date: /home/habibahassan/project/install/ur_dashboard_msgs/include/ur_dashboard_msgs/ur_dashboard_msgs/srv/is_program_saved.h
[2.249s] -- Up-to-date: /home/habibahassan/project/install/ur_dashboard_msgs/include/ur_dashboard_msgs/ur_dashboard_msgs/srv/add_to_log.h
[2.250s] -- Up-to-date: /home/habibahassan/project/install/ur_dashboard_msgs/include/ur_dashboard_msgs/ur_dashboard_msgs/srv/get_loaded_program.h
[2.251s] -- Up-to-date: /home/habibahassan/project/install/ur_dashboard_msgs/include/ur_dashboard_msgs/ur_dashboard_msgs/srv/popup.h
[2.252s] -- Up-to-date: /home/habibahassan/project/install/ur_dashboard_msgs/include/ur_dashboard_msgs/ur_dashboard_msgs/srv/raw_request.h
[2.252s] -- Up-to-date: /home/habibahassan/project/install/ur_dashboard_msgs/include/ur_dashboard_msgs/ur_dashboard_msgs/srv/get_robot_mode.h
[2.252s] -- Up-to-date: /home/habibahassan/project/install/ur_dashboard_msgs/include/ur_dashboard_msgs/ur_dashboard_msgs/srv/load.h
[2.252s] -- Up-to-date: /home/habibahassan/project/install/ur_dashboard_msgs/include/ur_dashboard_msgs/ur_dashboard_msgs/srv/detail
[2.252s] -- Up-to-date: /home/habibahassan/project/install/ur_dashboard_msgs/include/ur_dashboard_msgs/ur_dashboard_msgs/srv/detail/is_program_running__description.c
[2.253s] -- Up-to-date: /home/habibahassan/project/install/ur_dashboard_msgs/include/ur_dashboard_msgs/ur_dashboard_msgs/srv/detail/get_safety_mode__type_support.h
[2.253s] -- Up-to-date: /home/habibahassan/project/install/ur_dashboard_msgs/include/ur_dashboard_msgs/ur_dashboard_msgs/srv/detail/get_loaded_program__functions.c
[2.253s] -- Up-to-date: /home/habibahassan/project/install/ur_dashboard_msgs/include/ur_dashboard_msgs/ur_dashboard_msgs/srv/detail/load__functions.c
[2.253s] -- Up-to-date: /home/habibahassan/project/install/ur_dashboard_msgs/include/ur_dashboard_msgs/ur_dashboard_msgs/srv/detail/add_to_log__functions.h
[2.253s] -- Up-to-date: /home/habibahassan/project/install/ur_dashboard_msgs/include/ur_dashboard_msgs/ur_dashboard_msgs/srv/detail/is_program_saved__functions.c
[2.259s] -- Up-to-date: /home/habibahassan/project/install/ur_dashboard_msgs/include/ur_dashboard_msgs/ur_dashboard_msgs/srv/detail/get_robot_mode__struct.h
[2.259s] -- Up-to-date: /home/habibahassan/project/install/ur_dashboard_msgs/include/ur_dashboard_msgs/ur_dashboard_msgs/srv/detail/is_program_saved__struct.h
[2.260s] -- Up-to-date: /home/habibahassan/project/install/ur_dashboard_msgs/include/ur_dashboard_msgs/ur_dashboard_msgs/srv/detail/raw_request__struct.h
[2.260s] -- Up-to-date: /home/habibahassan/project/install/ur_dashboard_msgs/include/ur_dashboard_msgs/ur_dashboard_msgs/srv/detail/get_safety_mode__functions.c
[2.260s] -- Up-to-date: /home/habibahassan/project/install/ur_dashboard_msgs/include/ur_dashboard_msgs/ur_dashboard_msgs/srv/detail/add_to_log__functions.c
[2.260s] -- Up-to-date: /home/habibahassan/project/install/ur_dashboard_msgs/include/ur_dashboard_msgs/ur_dashboard_msgs/srv/detail/popup__functions.c
[2.260s] -- Up-to-date: /home/habibahassan/project/install/ur_dashboard_msgs/include/ur_dashboard_msgs/ur_dashboard_msgs/srv/detail/is_program_running__struct.h
[2.261s] -- Installing: /home/habibahassan/project/install/ur_dashboard_msgs/include/ur_dashboard_msgs/ur_dashboard_msgs/srv/detail/popup__type_support.c
[2.261s] -- Up-to-date: /home/habibahassan/project/install/ur_dashboard_msgs/include/ur_dashboard_msgs/ur_dashboard_msgs/srv/detail/popup__description.c
[2.261s] -- Up-to-date: /home/habibahassan/project/install/ur_dashboard_msgs/include/ur_dashboard_msgs/ur_dashboard_msgs/srv/detail/is_program_saved__description.c
[2.261s] -- Installing: /home/habibahassan/project/install/ur_dashboard_msgs/include/ur_dashboard_msgs/ur_dashboard_msgs/srv/detail/get_program_state__type_support.c
[2.261s] -- Up-to-date: /home/habibahassan/project/install/ur_dashboard_msgs/include/ur_dashboard_msgs/ur_dashboard_msgs/srv/detail/raw_request__functions.h
[2.262s] -- Installing: /home/habibahassan/project/install/ur_dashboard_msgs/include/ur_dashboard_msgs/ur_dashboard_msgs/srv/detail/load__type_support.c
[2.262s] -- Installing: /home/habibahassan/project/install/ur_dashboard_msgs/include/ur_dashboard_msgs/ur_dashboard_msgs/srv/detail/is_program_saved__type_support.c
[2.262s] -- Up-to-date: /home/habibahassan/project/install/ur_dashboard_msgs/include/ur_dashboard_msgs/ur_dashboard_msgs/srv/detail/get_loaded_program__description.c
[2.264s] -- Up-to-date: /home/habibahassan/project/install/ur_dashboard_msgs/include/ur_dashboard_msgs/ur_dashboard_msgs/srv/detail/is_program_saved__functions.h
[2.269s] -- Up-to-date: /home/habibahassan/project/install/ur_dashboard_msgs/include/ur_dashboard_msgs/ur_dashboard_msgs/srv/detail/get_robot_mode__type_support.h
[2.269s] -- Up-to-date: /home/habibahassan/project/install/ur_dashboard_msgs/include/ur_dashboard_msgs/ur_dashboard_msgs/srv/detail/load__description.c
[2.269s] -- Up-to-date: /home/habibahassan/project/install/ur_dashboard_msgs/include/ur_dashboard_msgs/ur_dashboard_msgs/srv/detail/is_program_saved__type_support.h
[2.270s] -- Up-to-date: /home/habibahassan/project/install/ur_dashboard_msgs/include/ur_dashboard_msgs/ur_dashboard_msgs/srv/detail/add_to_log__description.c
[2.270s] -- Installing: /home/habibahassan/project/install/ur_dashboard_msgs/include/ur_dashboard_msgs/ur_dashboard_msgs/srv/detail/is_program_running__type_support.c
[2.271s] -- Installing: /home/habibahassan/project/install/ur_dashboard_msgs/include/ur_dashboard_msgs/ur_dashboard_msgs/srv/detail/get_loaded_program__type_support.c
[2.272s] -- Up-to-date: /home/habibahassan/project/install/ur_dashboard_msgs/include/ur_dashboard_msgs/ur_dashboard_msgs/srv/detail/is_program_running__functions.c
[2.273s] -- Up-to-date: /home/habibahassan/project/install/ur_dashboard_msgs/include/ur_dashboard_msgs/ur_dashboard_msgs/srv/detail/load__type_support.h
[2.273s] -- Up-to-date: /home/habibahassan/project/install/ur_dashboard_msgs/include/ur_dashboard_msgs/ur_dashboard_msgs/srv/detail/get_program_state__functions.h
[2.274s] -- Up-to-date: /home/habibahassan/project/install/ur_dashboard_msgs/include/ur_dashboard_msgs/ur_dashboard_msgs/srv/detail/get_loaded_program__type_support.h
[2.276s] -- Up-to-date: /home/habibahassan/project/install/ur_dashboard_msgs/include/ur_dashboard_msgs/ur_dashboard_msgs/srv/detail/get_safety_mode__struct.h
[2.277s] -- Installing: /home/habibahassan/project/install/ur_dashboard_msgs/include/ur_dashboard_msgs/ur_dashboard_msgs/srv/detail/get_robot_mode__type_support.c
[2.277s] -- Up-to-date: /home/habibahassan/project/install/ur_dashboard_msgs/include/ur_dashboard_msgs/ur_dashboard_msgs/srv/detail/load__struct.h
[2.278s] -- Up-to-date: /home/habibahassan/project/install/ur_dashboard_msgs/include/ur_dashboard_msgs/ur_dashboard_msgs/srv/detail/add_to_log__struct.h
[2.285s] -- Up-to-date: /home/habibahassan/project/install/ur_dashboard_msgs/include/ur_dashboard_msgs/ur_dashboard_msgs/srv/detail/get_robot_mode__description.c
[2.286s] -- Up-to-date: /home/habibahassan/project/install/ur_dashboard_msgs/include/ur_dashboard_msgs/ur_dashboard_msgs/srv/detail/get_safety_mode__description.c
[2.287s] -- Up-to-date: /home/habibahassan/project/install/ur_dashboard_msgs/include/ur_dashboard_msgs/ur_dashboard_msgs/srv/detail/get_safety_mode__functions.h
[2.287s] -- Up-to-date: /home/habibahassan/project/install/ur_dashboard_msgs/include/ur_dashboard_msgs/ur_dashboard_msgs/srv/detail/get_program_state__functions.c
[2.287s] -- Up-to-date: /home/habibahassan/project/install/ur_dashboard_msgs/include/ur_dashboard_msgs/ur_dashboard_msgs/srv/detail/raw_request__description.c
[2.288s] -- Up-to-date: /home/habibahassan/project/install/ur_dashboard_msgs/include/ur_dashboard_msgs/ur_dashboard_msgs/srv/detail/is_program_running__type_support.h
[2.288s] -- Up-to-date: /home/habibahassan/project/install/ur_dashboard_msgs/include/ur_dashboard_msgs/ur_dashboard_msgs/srv/detail/get_loaded_program__struct.h
[2.289s] -- Up-to-date: /home/habibahassan/project/install/ur_dashboard_msgs/include/ur_dashboard_msgs/ur_dashboard_msgs/srv/detail/popup__functions.h
[2.289s] -- Up-to-date: /home/habibahassan/project/install/ur_dashboard_msgs/include/ur_dashboard_msgs/ur_dashboard_msgs/srv/detail/get_program_state__description.c
[2.290s] -- Installing: /home/habibahassan/project/install/ur_dashboard_msgs/include/ur_dashboard_msgs/ur_dashboard_msgs/srv/detail/raw_request__type_support.c
[2.291s] -- Up-to-date: /home/habibahassan/project/install/ur_dashboard_msgs/include/ur_dashboard_msgs/ur_dashboard_msgs/srv/detail/raw_request__functions.c
[2.293s] -- Up-to-date: /home/habibahassan/project/install/ur_dashboard_msgs/include/ur_dashboard_msgs/ur_dashboard_msgs/srv/detail/get_robot_mode__functions.h
[2.293s] -- Up-to-date: /home/habibahassan/project/install/ur_dashboard_msgs/include/ur_dashboard_msgs/ur_dashboard_msgs/srv/detail/load__functions.h
[2.294s] -- Up-to-date: /home/habibahassan/project/install/ur_dashboard_msgs/include/ur_dashboard_msgs/ur_dashboard_msgs/srv/detail/is_program_running__functions.h
[2.294s] -- Up-to-date: /home/habibahassan/project/install/ur_dashboard_msgs/include/ur_dashboard_msgs/ur_dashboard_msgs/srv/detail/add_to_log__type_support.h
[2.295s] -- Up-to-date: /home/habibahassan/project/install/ur_dashboard_msgs/include/ur_dashboard_msgs/ur_dashboard_msgs/srv/detail/popup__struct.h
[2.295s] -- Up-to-date: /home/habibahassan/project/install/ur_dashboard_msgs/include/ur_dashboard_msgs/ur_dashboard_msgs/srv/detail/get_program_state__struct.h
[2.296s] -- Up-to-date: /home/habibahassan/project/install/ur_dashboard_msgs/include/ur_dashboard_msgs/ur_dashboard_msgs/srv/detail/popup__type_support.h
[2.297s] -- Installing: /home/habibahassan/project/install/ur_dashboard_msgs/include/ur_dashboard_msgs/ur_dashboard_msgs/srv/detail/get_safety_mode__type_support.c
[2.298s] -- Up-to-date: /home/habibahassan/project/install/ur_dashboard_msgs/include/ur_dashboard_msgs/ur_dashboard_msgs/srv/detail/get_robot_mode__functions.c
[2.299s] -- Up-to-date: /home/habibahassan/project/install/ur_dashboard_msgs/include/ur_dashboard_msgs/ur_dashboard_msgs/srv/detail/get_loaded_program__functions.h
[2.299s] -- Up-to-date: /home/habibahassan/project/install/ur_dashboard_msgs/include/ur_dashboard_msgs/ur_dashboard_msgs/srv/detail/raw_request__type_support.h
[2.299s] -- Up-to-date: /home/habibahassan/project/install/ur_dashboard_msgs/include/ur_dashboard_msgs/ur_dashboard_msgs/srv/detail/get_program_state__type_support.h
[2.299s] -- Installing: /home/habibahassan/project/install/ur_dashboard_msgs/include/ur_dashboard_msgs/ur_dashboard_msgs/srv/detail/add_to_log__type_support.c
[2.300s] -- Up-to-date: /home/habibahassan/project/install/ur_dashboard_msgs/include/ur_dashboard_msgs/ur_dashboard_msgs/action
[2.300s] -- Up-to-date: /home/habibahassan/project/install/ur_dashboard_msgs/include/ur_dashboard_msgs/ur_dashboard_msgs/action/set_mode.h
[2.300s] -- Up-to-date: /home/habibahassan/project/install/ur_dashboard_msgs/include/ur_dashboard_msgs/ur_dashboard_msgs/action/detail
[2.300s] -- Up-to-date: /home/habibahassan/project/install/ur_dashboard_msgs/include/ur_dashboard_msgs/ur_dashboard_msgs/action/detail/set_mode__description.c
[2.300s] -- Up-to-date: /home/habibahassan/project/install/ur_dashboard_msgs/include/ur_dashboard_msgs/ur_dashboard_msgs/action/detail/set_mode__functions.h
[2.301s] -- Installing: /home/habibahassan/project/install/ur_dashboard_msgs/include/ur_dashboard_msgs/ur_dashboard_msgs/action/detail/set_mode__type_support.c
[2.301s] -- Up-to-date: /home/habibahassan/project/install/ur_dashboard_msgs/include/ur_dashboard_msgs/ur_dashboard_msgs/action/detail/set_mode__type_support.h
[2.302s] -- Up-to-date: /home/habibahassan/project/install/ur_dashboard_msgs/include/ur_dashboard_msgs/ur_dashboard_msgs/action/detail/set_mode__functions.c
[2.302s] -- Up-to-date: /home/habibahassan/project/install/ur_dashboard_msgs/include/ur_dashboard_msgs/ur_dashboard_msgs/action/detail/set_mode__struct.h
[2.302s] -- Up-to-date: /home/habibahassan/project/install/ur_dashboard_msgs/include/ur_dashboard_msgs/ur_dashboard_msgs/msg
[2.302s] -- Up-to-date: /home/habibahassan/project/install/ur_dashboard_msgs/include/ur_dashboard_msgs/ur_dashboard_msgs/msg/safety_mode.h
[2.303s] -- Up-to-date: /home/habibahassan/project/install/ur_dashboard_msgs/include/ur_dashboard_msgs/ur_dashboard_msgs/msg/detail
[2.303s] -- Installing: /home/habibahassan/project/install/ur_dashboard_msgs/include/ur_dashboard_msgs/ur_dashboard_msgs/msg/detail/safety_mode__type_support.c
[2.303s] -- Installing: /home/habibahassan/project/install/ur_dashboard_msgs/include/ur_dashboard_msgs/ur_dashboard_msgs/msg/detail/robot_mode__type_support.c
[2.303s] -- Up-to-date: /home/habibahassan/project/install/ur_dashboard_msgs/include/ur_dashboard_msgs/ur_dashboard_msgs/msg/detail/program_state__struct.h
[2.303s] -- Up-to-date: /home/habibahassan/project/install/ur_dashboard_msgs/include/ur_dashboard_msgs/ur_dashboard_msgs/msg/detail/program_state__description.c
[2.303s] -- Installing: /home/habibahassan/project/install/ur_dashboard_msgs/include/ur_dashboard_msgs/ur_dashboard_msgs/msg/detail/program_state__type_support.c
[2.304s] -- Up-to-date: /home/habibahassan/project/install/ur_dashboard_msgs/include/ur_dashboard_msgs/ur_dashboard_msgs/msg/detail/program_state__type_support.h
[2.304s] -- Up-to-date: /home/habibahassan/project/install/ur_dashboard_msgs/include/ur_dashboard_msgs/ur_dashboard_msgs/msg/detail/robot_mode__struct.h
[2.304s] -- Up-to-date: /home/habibahassan/project/install/ur_dashboard_msgs/include/ur_dashboard_msgs/ur_dashboard_msgs/msg/detail/safety_mode__functions.c
[2.304s] -- Up-to-date: /home/habibahassan/project/install/ur_dashboard_msgs/include/ur_dashboard_msgs/ur_dashboard_msgs/msg/detail/robot_mode__description.c
[2.305s] -- Up-to-date: /home/habibahassan/project/install/ur_dashboard_msgs/include/ur_dashboard_msgs/ur_dashboard_msgs/msg/detail/safety_mode__type_support.h
[2.305s] -- Up-to-date: /home/habibahassan/project/install/ur_dashboard_msgs/include/ur_dashboard_msgs/ur_dashboard_msgs/msg/detail/program_state__functions.h
[2.305s] -- Up-to-date: /home/habibahassan/project/install/ur_dashboard_msgs/include/ur_dashboard_msgs/ur_dashboard_msgs/msg/detail/robot_mode__functions.c
[2.305s] -- Up-to-date: /home/habibahassan/project/install/ur_dashboard_msgs/include/ur_dashboard_msgs/ur_dashboard_msgs/msg/detail/robot_mode__functions.h
[2.305s] -- Up-to-date: /home/habibahassan/project/install/ur_dashboard_msgs/include/ur_dashboard_msgs/ur_dashboard_msgs/msg/detail/safety_mode__description.c
[2.305s] -- Up-to-date: /home/habibahassan/project/install/ur_dashboard_msgs/include/ur_dashboard_msgs/ur_dashboard_msgs/msg/detail/safety_mode__struct.h
[2.306s] -- Up-to-date: /home/habibahassan/project/install/ur_dashboard_msgs/include/ur_dashboard_msgs/ur_dashboard_msgs/msg/detail/program_state__functions.c
[2.306s] -- Up-to-date: /home/habibahassan/project/install/ur_dashboard_msgs/include/ur_dashboard_msgs/ur_dashboard_msgs/msg/detail/safety_mode__functions.h
[2.306s] -- Up-to-date: /home/habibahassan/project/install/ur_dashboard_msgs/include/ur_dashboard_msgs/ur_dashboard_msgs/msg/detail/robot_mode__type_support.h
[2.306s] -- Up-to-date: /home/habibahassan/project/install/ur_dashboard_msgs/include/ur_dashboard_msgs/ur_dashboard_msgs/msg/rosidl_generator_c__visibility_control.h
[2.306s] -- Up-to-date: /home/habibahassan/project/install/ur_dashboard_msgs/include/ur_dashboard_msgs/ur_dashboard_msgs/msg/robot_mode.h
[2.307s] -- Up-to-date: /home/habibahassan/project/install/ur_dashboard_msgs/include/ur_dashboard_msgs/ur_dashboard_msgs/msg/program_state.h
[2.307s] -- Up-to-date: /home/habibahassan/project/install/ur_dashboard_msgs/share/ur_dashboard_msgs/environment/library_path.sh
[2.307s] -- Up-to-date: /home/habibahassan/project/install/ur_dashboard_msgs/share/ur_dashboard_msgs/environment/library_path.dsv
[2.307s] -- Up-to-date: /home/habibahassan/project/install/ur_dashboard_msgs/lib/libur_dashboard_msgs__rosidl_generator_c.so
[2.307s] -- Up-to-date: /home/habibahassan/project/install/ur_dashboard_msgs/include/ur_dashboard_msgs/ur_dashboard_msgs
[2.308s] -- Up-to-date: /home/habibahassan/project/install/ur_dashboard_msgs/include/ur_dashboard_msgs/ur_dashboard_msgs/srv
[2.308s] -- Up-to-date: /home/habibahassan/project/install/ur_dashboard_msgs/include/ur_dashboard_msgs/ur_dashboard_msgs/srv/detail
[2.308s] -- Up-to-date: /home/habibahassan/project/install/ur_dashboard_msgs/include/ur_dashboard_msgs/ur_dashboard_msgs/srv/detail/load__rosidl_typesupport_fastrtps_c.h
[2.308s] -- Up-to-date: /home/habibahassan/project/install/ur_dashboard_msgs/include/ur_dashboard_msgs/ur_dashboard_msgs/srv/detail/raw_request__rosidl_typesupport_fastrtps_c.h
[2.308s] -- Up-to-date: /home/habibahassan/project/install/ur_dashboard_msgs/include/ur_dashboard_msgs/ur_dashboard_msgs/srv/detail/get_program_state__rosidl_typesupport_fastrtps_c.h
[2.309s] -- Up-to-date: /home/habibahassan/project/install/ur_dashboard_msgs/include/ur_dashboard_msgs/ur_dashboard_msgs/srv/detail/add_to_log__rosidl_typesupport_fastrtps_c.h
[2.309s] -- Up-to-date: /home/habibahassan/project/install/ur_dashboard_msgs/include/ur_dashboard_msgs/ur_dashboard_msgs/srv/detail/get_loaded_program__rosidl_typesupport_fastrtps_c.h
[2.309s] -- Up-to-date: /home/habibahassan/project/install/ur_dashboard_msgs/include/ur_dashboard_msgs/ur_dashboard_msgs/srv/detail/get_robot_mode__rosidl_typesupport_fastrtps_c.h
[2.309s] -- Up-to-date: /home/habibahassan/project/install/ur_dashboard_msgs/include/ur_dashboard_msgs/ur_dashboard_msgs/srv/detail/is_program_running__rosidl_typesupport_fastrtps_c.h
[2.309s] -- Up-to-date: /home/habibahassan/project/install/ur_dashboard_msgs/include/ur_dashboard_msgs/ur_dashboard_msgs/srv/detail/get_safety_mode__rosidl_typesupport_fastrtps_c.h
[2.310s] -- Up-to-date: /home/habibahassan/project/install/ur_dashboard_msgs/include/ur_dashboard_msgs/ur_dashboard_msgs/srv/detail/popup__rosidl_typesupport_fastrtps_c.h
[2.310s] -- Up-to-date: /home/habibahassan/project/install/ur_dashboard_msgs/include/ur_dashboard_msgs/ur_dashboard_msgs/srv/detail/is_program_saved__rosidl_typesupport_fastrtps_c.h
[2.310s] -- Up-to-date: /home/habibahassan/project/install/ur_dashboard_msgs/include/ur_dashboard_msgs/ur_dashboard_msgs/action
[2.310s] -- Up-to-date: /home/habibahassan/project/install/ur_dashboard_msgs/include/ur_dashboard_msgs/ur_dashboard_msgs/action/detail
[2.311s] -- Up-to-date: /home/habibahassan/project/install/ur_dashboard_msgs/include/ur_dashboard_msgs/ur_dashboard_msgs/action/detail/set_mode__rosidl_typesupport_fastrtps_c.h
[2.311s] -- Up-to-date: /home/habibahassan/project/install/ur_dashboard_msgs/include/ur_dashboard_msgs/ur_dashboard_msgs/msg
[2.311s] -- Up-to-date: /home/habibahassan/project/install/ur_dashboard_msgs/include/ur_dashboard_msgs/ur_dashboard_msgs/msg/detail
[2.312s] -- Up-to-date: /home/habibahassan/project/install/ur_dashboard_msgs/include/ur_dashboard_msgs/ur_dashboard_msgs/msg/detail/program_state__rosidl_typesupport_fastrtps_c.h
[2.312s] -- Up-to-date: /home/habibahassan/project/install/ur_dashboard_msgs/include/ur_dashboard_msgs/ur_dashboard_msgs/msg/detail/safety_mode__rosidl_typesupport_fastrtps_c.h
[2.312s] -- Up-to-date: /home/habibahassan/project/install/ur_dashboard_msgs/include/ur_dashboard_msgs/ur_dashboard_msgs/msg/detail/robot_mode__rosidl_typesupport_fastrtps_c.h
[2.313s] -- Up-to-date: /home/habibahassan/project/install/ur_dashboard_msgs/include/ur_dashboard_msgs/ur_dashboard_msgs/msg/rosidl_typesupport_fastrtps_c__visibility_control.h
[2.313s] -- Up-to-date: /home/habibahassan/project/install/ur_dashboard_msgs/lib/libur_dashboard_msgs__rosidl_typesupport_fastrtps_c.so
[2.313s] -- Up-to-date: /home/habibahassan/project/install/ur_dashboard_msgs/include/ur_dashboard_msgs/ur_dashboard_msgs
[2.313s] -- Up-to-date: /home/habibahassan/project/install/ur_dashboard_msgs/include/ur_dashboard_msgs/ur_dashboard_msgs/srv
[2.314s] -- Up-to-date: /home/habibahassan/project/install/ur_dashboard_msgs/include/ur_dashboard_msgs/ur_dashboard_msgs/srv/detail
[2.314s] -- Up-to-date: /home/habibahassan/project/install/ur_dashboard_msgs/include/ur_dashboard_msgs/ur_dashboard_msgs/srv/detail/get_loaded_program__rosidl_typesupport_introspection_c.h
[2.314s] -- Up-to-date: /home/habibahassan/project/install/ur_dashboard_msgs/include/ur_dashboard_msgs/ur_dashboard_msgs/srv/detail/get_program_state__rosidl_typesupport_introspection_c.h
[2.315s] -- Installing: /home/habibahassan/project/install/ur_dashboard_msgs/include/ur_dashboard_msgs/ur_dashboard_msgs/srv/detail/popup__type_support.c
[2.315s] -- Up-to-date: /home/habibahassan/project/install/ur_dashboard_msgs/include/ur_dashboard_msgs/ur_dashboard_msgs/srv/detail/get_robot_mode__rosidl_typesupport_introspection_c.h
[2.316s] -- Installing: /home/habibahassan/project/install/ur_dashboard_msgs/include/ur_dashboard_msgs/ur_dashboard_msgs/srv/detail/get_program_state__type_support.c
[2.316s] -- Installing: /home/habibahassan/project/install/ur_dashboard_msgs/include/ur_dashboard_msgs/ur_dashboard_msgs/srv/detail/load__type_support.c
[2.316s] -- Up-to-date: /home/habibahassan/project/install/ur_dashboard_msgs/include/ur_dashboard_msgs/ur_dashboard_msgs/srv/detail/popup__rosidl_typesupport_introspection_c.h
[2.316s] -- Up-to-date: /home/habibahassan/project/install/ur_dashboard_msgs/include/ur_dashboard_msgs/ur_dashboard_msgs/srv/detail/add_to_log__rosidl_typesupport_introspection_c.h
[2.316s] -- Installing: /home/habibahassan/project/install/ur_dashboard_msgs/include/ur_dashboard_msgs/ur_dashboard_msgs/srv/detail/is_program_saved__type_support.c
[2.317s] -- Installing: /home/habibahassan/project/install/ur_dashboard_msgs/include/ur_dashboard_msgs/ur_dashboard_msgs/srv/detail/is_program_running__type_support.c
[2.317s] -- Installing: /home/habibahassan/project/install/ur_dashboard_msgs/include/ur_dashboard_msgs/ur_dashboard_msgs/srv/detail/get_loaded_program__type_support.c
[2.317s] -- Up-to-date: /home/habibahassan/project/install/ur_dashboard_msgs/include/ur_dashboard_msgs/ur_dashboard_msgs/srv/detail/get_safety_mode__rosidl_typesupport_introspection_c.h
[2.317s] -- Up-to-date: /home/habibahassan/project/install/ur_dashboard_msgs/include/ur_dashboard_msgs/ur_dashboard_msgs/srv/detail/raw_request__rosidl_typesupport_introspection_c.h
[2.317s] -- Installing: /home/habibahassan/project/install/ur_dashboard_msgs/include/ur_dashboard_msgs/ur_dashboard_msgs/srv/detail/get_robot_mode__type_support.c
[2.317s] -- Up-to-date: /home/habibahassan/project/install/ur_dashboard_msgs/include/ur_dashboard_msgs/ur_dashboard_msgs/srv/detail/is_program_running__rosidl_typesupport_introspection_c.h
[2.318s] -- Installing: /home/habibahassan/project/install/ur_dashboard_msgs/include/ur_dashboard_msgs/ur_dashboard_msgs/srv/detail/raw_request__type_support.c
[2.318s] -- Installing: /home/habibahassan/project/install/ur_dashboard_msgs/include/ur_dashboard_msgs/ur_dashboard_msgs/srv/detail/get_safety_mode__type_support.c
[2.318s] -- Up-to-date: /home/habibahassan/project/install/ur_dashboard_msgs/include/ur_dashboard_msgs/ur_dashboard_msgs/srv/detail/load__rosidl_typesupport_introspection_c.h
[2.349s] -- Installing: /home/habibahassan/project/install/ur_dashboard_msgs/include/ur_dashboard_msgs/ur_dashboard_msgs/srv/detail/add_to_log__type_support.c
[2.351s] -- Up-to-date: /home/habibahassan/project/install/ur_dashboard_msgs/include/ur_dashboard_msgs/ur_dashboard_msgs/srv/detail/is_program_saved__rosidl_typesupport_introspection_c.h
[2.353s] -- Up-to-date: /home/habibahassan/project/install/ur_dashboard_msgs/include/ur_dashboard_msgs/ur_dashboard_msgs/action
[2.353s] -- Up-to-date: /home/habibahassan/project/install/ur_dashboard_msgs/include/ur_dashboard_msgs/ur_dashboard_msgs/action/detail
[2.354s] -- Installing: /home/habibahassan/project/install/ur_dashboard_msgs/include/ur_dashboard_msgs/ur_dashboard_msgs/action/detail/set_mode__type_support.c
[2.354s] -- Up-to-date: /home/habibahassan/project/install/ur_dashboard_msgs/include/ur_dashboard_msgs/ur_dashboard_msgs/action/detail/set_mode__rosidl_typesupport_introspection_c.h
[2.354s] -- Up-to-date: /home/habibahassan/project/install/ur_dashboard_msgs/include/ur_dashboard_msgs/ur_dashboard_msgs/msg
[2.355s] -- Up-to-date: /home/habibahassan/project/install/ur_dashboard_msgs/include/ur_dashboard_msgs/ur_dashboard_msgs/msg/detail
[2.355s] -- Installing: /home/habibahassan/project/install/ur_dashboard_msgs/include/ur_dashboard_msgs/ur_dashboard_msgs/msg/detail/safety_mode__type_support.c
[2.355s] -- Installing: /home/habibahassan/project/install/ur_dashboard_msgs/include/ur_dashboard_msgs/ur_dashboard_msgs/msg/detail/robot_mode__type_support.c
[2.356s] -- Installing: /home/habibahassan/project/install/ur_dashboard_msgs/include/ur_dashboard_msgs/ur_dashboard_msgs/msg/detail/program_state__type_support.c
[2.358s] -- Up-to-date: /home/habibahassan/project/install/ur_dashboard_msgs/include/ur_dashboard_msgs/ur_dashboard_msgs/msg/detail/program_state__rosidl_typesupport_introspection_c.h
[2.358s] -- Up-to-date: /home/habibahassan/project/install/ur_dashboard_msgs/include/ur_dashboard_msgs/ur_dashboard_msgs/msg/detail/robot_mode__rosidl_typesupport_introspection_c.h
[2.359s] -- Up-to-date: /home/habibahassan/project/install/ur_dashboard_msgs/include/ur_dashboard_msgs/ur_dashboard_msgs/msg/detail/safety_mode__rosidl_typesupport_introspection_c.h
[2.359s] -- Up-to-date: /home/habibahassan/project/install/ur_dashboard_msgs/include/ur_dashboard_msgs/ur_dashboard_msgs/msg/rosidl_typesupport_introspection_c__visibility_control.h
[2.359s] -- Up-to-date: /home/habibahassan/project/install/ur_dashboard_msgs/lib/libur_dashboard_msgs__rosidl_typesupport_introspection_c.so
[2.359s] -- Up-to-date: /home/habibahassan/project/install/ur_dashboard_msgs/lib/libur_dashboard_msgs__rosidl_typesupport_c.so
[2.360s] -- Up-to-date: /home/habibahassan/project/install/ur_dashboard_msgs/include/ur_dashboard_msgs/ur_dashboard_msgs
[2.360s] -- Up-to-date: /home/habibahassan/project/install/ur_dashboard_msgs/include/ur_dashboard_msgs/ur_dashboard_msgs/srv
[2.360s] -- Up-to-date: /home/habibahassan/project/install/ur_dashboard_msgs/include/ur_dashboard_msgs/ur_dashboard_msgs/srv/is_program_running.hpp
[2.361s] -- Up-to-date: /home/habibahassan/project/install/ur_dashboard_msgs/include/ur_dashboard_msgs/ur_dashboard_msgs/srv/get_program_state.hpp
[2.361s] -- Up-to-date: /home/habibahassan/project/install/ur_dashboard_msgs/include/ur_dashboard_msgs/ur_dashboard_msgs/srv/raw_request.hpp
[2.361s] -- Up-to-date: /home/habibahassan/project/install/ur_dashboard_msgs/include/ur_dashboard_msgs/ur_dashboard_msgs/srv/is_program_saved.hpp
[2.361s] -- Up-to-date: /home/habibahassan/project/install/ur_dashboard_msgs/include/ur_dashboard_msgs/ur_dashboard_msgs/srv/popup.hpp
[2.362s] -- Up-to-date: /home/habibahassan/project/install/ur_dashboard_msgs/include/ur_dashboard_msgs/ur_dashboard_msgs/srv/get_loaded_program.hpp
[2.362s] -- Up-to-date: /home/habibahassan/project/install/ur_dashboard_msgs/include/ur_dashboard_msgs/ur_dashboard_msgs/srv/add_to_log.hpp
[2.362s] -- Up-to-date: /home/habibahassan/project/install/ur_dashboard_msgs/include/ur_dashboard_msgs/ur_dashboard_msgs/srv/detail
[2.363s] -- Up-to-date: /home/habibahassan/project/install/ur_dashboard_msgs/include/ur_dashboard_msgs/ur_dashboard_msgs/srv/detail/get_loaded_program__traits.hpp
[2.381s] -- Up-to-date: /home/habibahassan/project/install/ur_dashboard_msgs/include/ur_dashboard_msgs/ur_dashboard_msgs/srv/detail/get_safety_mode__builder.hpp
[2.381s] -- Up-to-date: /home/habibahassan/project/install/ur_dashboard_msgs/include/ur_dashboard_msgs/ur_dashboard_msgs/srv/detail/get_safety_mode__traits.hpp
[2.381s] -- Up-to-date: /home/habibahassan/project/install/ur_dashboard_msgs/include/ur_dashboard_msgs/ur_dashboard_msgs/srv/detail/get_loaded_program__type_support.hpp
[2.381s] -- Up-to-date: /home/habibahassan/project/install/ur_dashboard_msgs/include/ur_dashboard_msgs/ur_dashboard_msgs/srv/detail/add_to_log__type_support.hpp
[2.382s] -- Up-to-date: /home/habibahassan/project/install/ur_dashboard_msgs/include/ur_dashboard_msgs/ur_dashboard_msgs/srv/detail/get_robot_mode__struct.hpp
[2.382s] -- Up-to-date: /home/habibahassan/project/install/ur_dashboard_msgs/include/ur_dashboard_msgs/ur_dashboard_msgs/srv/detail/add_to_log__traits.hpp
[2.382s] -- Up-to-date: /home/habibahassan/project/install/ur_dashboard_msgs/include/ur_dashboard_msgs/ur_dashboard_msgs/srv/detail/popup__type_support.hpp
[2.382s] -- Up-to-date: /home/habibahassan/project/install/ur_dashboard_msgs/include/ur_dashboard_msgs/ur_dashboard_msgs/srv/detail/load__type_support.hpp
[2.382s] -- Up-to-date: /home/habibahassan/project/install/ur_dashboard_msgs/include/ur_dashboard_msgs/ur_dashboard_msgs/srv/detail/is_program_saved__builder.hpp
[2.382s] -- Up-to-date: /home/habibahassan/project/install/ur_dashboard_msgs/include/ur_dashboard_msgs/ur_dashboard_msgs/srv/detail/is_program_running__traits.hpp
[2.383s] -- Up-to-date: /home/habibahassan/project/install/ur_dashboard_msgs/include/ur_dashboard_msgs/ur_dashboard_msgs/srv/detail/popup__traits.hpp
[2.383s] -- Up-to-date: /home/habibahassan/project/install/ur_dashboard_msgs/include/ur_dashboard_msgs/ur_dashboard_msgs/srv/detail/get_safety_mode__struct.hpp
[2.383s] -- Up-to-date: /home/habibahassan/project/install/ur_dashboard_msgs/include/ur_dashboard_msgs/ur_dashboard_msgs/srv/detail/is_program_running__type_support.hpp
[2.385s] -- Up-to-date: /home/habibahassan/project/install/ur_dashboard_msgs/include/ur_dashboard_msgs/ur_dashboard_msgs/srv/detail/is_program_running__struct.hpp
[2.385s] -- Up-to-date: /home/habibahassan/project/install/ur_dashboard_msgs/include/ur_dashboard_msgs/ur_dashboard_msgs/srv/detail/get_program_state__builder.hpp
[2.385s] -- Up-to-date: /home/habibahassan/project/install/ur_dashboard_msgs/include/ur_dashboard_msgs/ur_dashboard_msgs/srv/detail/get_robot_mode__traits.hpp
[2.385s] -- Up-to-date: /home/habibahassan/project/install/ur_dashboard_msgs/include/ur_dashboard_msgs/ur_dashboard_msgs/srv/detail/is_program_running__builder.hpp
[2.386s] -- Up-to-date: /home/habibahassan/project/install/ur_dashboard_msgs/include/ur_dashboard_msgs/ur_dashboard_msgs/srv/detail/load__struct.hpp
[2.386s] -- Up-to-date: /home/habibahassan/project/install/ur_dashboard_msgs/include/ur_dashboard_msgs/ur_dashboard_msgs/srv/detail/raw_request__traits.hpp
[2.386s] -- Up-to-date: /home/habibahassan/project/install/ur_dashboard_msgs/include/ur_dashboard_msgs/ur_dashboard_msgs/srv/detail/get_safety_mode__type_support.hpp
[2.386s] -- Up-to-date: /home/habibahassan/project/install/ur_dashboard_msgs/include/ur_dashboard_msgs/ur_dashboard_msgs/srv/detail/load__builder.hpp
[2.387s] -- Up-to-date: /home/habibahassan/project/install/ur_dashboard_msgs/include/ur_dashboard_msgs/ur_dashboard_msgs/srv/detail/is_program_saved__struct.hpp
[2.387s] -- Up-to-date: /home/habibahassan/project/install/ur_dashboard_msgs/include/ur_dashboard_msgs/ur_dashboard_msgs/srv/detail/raw_request__type_support.hpp
[2.387s] -- Up-to-date: /home/habibahassan/project/install/ur_dashboard_msgs/include/ur_dashboard_msgs/ur_dashboard_msgs/srv/detail/is_program_saved__type_support.hpp
[2.387s] -- Up-to-date: /home/habibahassan/project/install/ur_dashboard_msgs/include/ur_dashboard_msgs/ur_dashboard_msgs/srv/detail/add_to_log__struct.hpp
[2.387s] -- Up-to-date: /home/habibahassan/project/install/ur_dashboard_msgs/include/ur_dashboard_msgs/ur_dashboard_msgs/srv/detail/get_loaded_program__struct.hpp
[2.388s] -- Up-to-date: /home/habibahassan/project/install/ur_dashboard_msgs/include/ur_dashboard_msgs/ur_dashboard_msgs/srv/detail/raw_request__builder.hpp
[2.388s] -- Up-to-date: /home/habibahassan/project/install/ur_dashboard_msgs/include/ur_dashboard_msgs/ur_dashboard_msgs/srv/detail/popup__struct.hpp
[2.388s] -- Up-to-date: /home/habibahassan/project/install/ur_dashboard_msgs/include/ur_dashboard_msgs/ur_dashboard_msgs/srv/detail/get_program_state__struct.hpp
[2.388s] -- Up-to-date: /home/habibahassan/project/install/ur_dashboard_msgs/include/ur_dashboard_msgs/ur_dashboard_msgs/srv/detail/raw_request__struct.hpp
[2.389s] -- Up-to-date: /home/habibahassan/project/install/ur_dashboard_msgs/include/ur_dashboard_msgs/ur_dashboard_msgs/srv/detail/is_program_saved__traits.hpp
[2.389s] -- Up-to-date: /home/habibahassan/project/install/ur_dashboard_msgs/include/ur_dashboard_msgs/ur_dashboard_msgs/srv/detail/add_to_log__builder.hpp
[2.389s] -- Up-to-date: /home/habibahassan/project/install/ur_dashboard_msgs/include/ur_dashboard_msgs/ur_dashboard_msgs/srv/detail/popup__builder.hpp
[2.390s] -- Up-to-date: /home/habibahassan/project/install/ur_dashboard_msgs/include/ur_dashboard_msgs/ur_dashboard_msgs/srv/detail/load__traits.hpp
[2.390s] -- Up-to-date: /home/habibahassan/project/install/ur_dashboard_msgs/include/ur_dashboard_msgs/ur_dashboard_msgs/srv/detail/get_program_state__type_support.hpp
[2.390s] -- Up-to-date: /home/habibahassan/project/install/ur_dashboard_msgs/include/ur_dashboard_msgs/ur_dashboard_msgs/srv/detail/get_loaded_program__builder.hpp
[2.390s] -- Up-to-date: /home/habibahassan/project/install/ur_dashboard_msgs/include/ur_dashboard_msgs/ur_dashboard_msgs/srv/detail/get_robot_mode__type_support.hpp
[2.392s] -- Up-to-date: /home/habibahassan/project/install/ur_dashboard_msgs/include/ur_dashboard_msgs/ur_dashboard_msgs/srv/detail/get_robot_mode__builder.hpp
[2.392s] -- Up-to-date: /home/habibahassan/project/install/ur_dashboard_msgs/include/ur_dashboard_msgs/ur_dashboard_msgs/srv/detail/get_program_state__traits.hpp
[2.392s] -- Up-to-date: /home/habibahassan/project/install/ur_dashboard_msgs/include/ur_dashboard_msgs/ur_dashboard_msgs/srv/get_robot_mode.hpp
[2.392s] -- Up-to-date: /home/habibahassan/project/install/ur_dashboard_msgs/include/ur_dashboard_msgs/ur_dashboard_msgs/srv/load.hpp
[2.393s] -- Up-to-date: /home/habibahassan/project/install/ur_dashboard_msgs/include/ur_dashboard_msgs/ur_dashboard_msgs/srv/get_safety_mode.hpp
[2.393s] -- Up-to-date: /home/habibahassan/project/install/ur_dashboard_msgs/include/ur_dashboard_msgs/ur_dashboard_msgs/action
[2.393s] -- Up-to-date: /home/habibahassan/project/install/ur_dashboard_msgs/include/ur_dashboard_msgs/ur_dashboard_msgs/action/set_mode.hpp
[2.393s] -- Up-to-date: /home/habibahassan/project/install/ur_dashboard_msgs/include/ur_dashboard_msgs/ur_dashboard_msgs/action/detail
[2.393s] -- Up-to-date: /home/habibahassan/project/install/ur_dashboard_msgs/include/ur_dashboard_msgs/ur_dashboard_msgs/action/detail/set_mode__type_support.hpp
[2.394s] -- Up-to-date: /home/habibahassan/project/install/ur_dashboard_msgs/include/ur_dashboard_msgs/ur_dashboard_msgs/action/detail/set_mode__builder.hpp
[2.394s] -- Up-to-date: /home/habibahassan/project/install/ur_dashboard_msgs/include/ur_dashboard_msgs/ur_dashboard_msgs/action/detail/set_mode__struct.hpp
[2.394s] -- Up-to-date: /home/habibahassan/project/install/ur_dashboard_msgs/include/ur_dashboard_msgs/ur_dashboard_msgs/action/detail/set_mode__traits.hpp
[2.394s] -- Up-to-date: /home/habibahassan/project/install/ur_dashboard_msgs/include/ur_dashboard_msgs/ur_dashboard_msgs/msg
[2.395s] -- Up-to-date: /home/habibahassan/project/install/ur_dashboard_msgs/include/ur_dashboard_msgs/ur_dashboard_msgs/msg/robot_mode.hpp
[2.395s] -- Up-to-date: /home/habibahassan/project/install/ur_dashboard_msgs/include/ur_dashboard_msgs/ur_dashboard_msgs/msg/program_state.hpp
[2.395s] -- Up-to-date: /home/habibahassan/project/install/ur_dashboard_msgs/include/ur_dashboard_msgs/ur_dashboard_msgs/msg/rosidl_generator_cpp__visibility_control.hpp
[2.395s] -- Up-to-date: /home/habibahassan/project/install/ur_dashboard_msgs/include/ur_dashboard_msgs/ur_dashboard_msgs/msg/detail
[2.396s] -- Up-to-date: /home/habibahassan/project/install/ur_dashboard_msgs/include/ur_dashboard_msgs/ur_dashboard_msgs/msg/detail/safety_mode__traits.hpp
[2.396s] -- Up-to-date: /home/habibahassan/project/install/ur_dashboard_msgs/include/ur_dashboard_msgs/ur_dashboard_msgs/msg/detail/program_state__type_support.hpp
[2.396s] -- Up-to-date: /home/habibahassan/project/install/ur_dashboard_msgs/include/ur_dashboard_msgs/ur_dashboard_msgs/msg/detail/safety_mode__builder.hpp
[2.396s] -- Up-to-date: /home/habibahassan/project/install/ur_dashboard_msgs/include/ur_dashboard_msgs/ur_dashboard_msgs/msg/detail/program_state__traits.hpp
[2.396s] -- Up-to-date: /home/habibahassan/project/install/ur_dashboard_msgs/include/ur_dashboard_msgs/ur_dashboard_msgs/msg/detail/robot_mode__traits.hpp
[2.397s] -- Up-to-date: /home/habibahassan/project/install/ur_dashboard_msgs/include/ur_dashboard_msgs/ur_dashboard_msgs/msg/detail/safety_mode__type_support.hpp
[2.397s] -- Up-to-date: /home/habibahassan/project/install/ur_dashboard_msgs/include/ur_dashboard_msgs/ur_dashboard_msgs/msg/detail/robot_mode__struct.hpp
[2.397s] -- Up-to-date: /home/habibahassan/project/install/ur_dashboard_msgs/include/ur_dashboard_msgs/ur_dashboard_msgs/msg/detail/robot_mode__builder.hpp
[2.397s] -- Up-to-date: /home/habibahassan/project/install/ur_dashboard_msgs/include/ur_dashboard_msgs/ur_dashboard_msgs/msg/detail/program_state__struct.hpp
[2.398s] -- Up-to-date: /home/habibahassan/project/install/ur_dashboard_msgs/include/ur_dashboard_msgs/ur_dashboard_msgs/msg/detail/program_state__builder.hpp
[2.398s] -- Up-to-date: /home/habibahassan/project/install/ur_dashboard_msgs/include/ur_dashboard_msgs/ur_dashboard_msgs/msg/detail/safety_mode__struct.hpp
[2.398s] -- Up-to-date: /home/habibahassan/project/install/ur_dashboard_msgs/include/ur_dashboard_msgs/ur_dashboard_msgs/msg/detail/robot_mode__type_support.hpp
[2.398s] -- Up-to-date: /home/habibahassan/project/install/ur_dashboard_msgs/include/ur_dashboard_msgs/ur_dashboard_msgs/msg/safety_mode.hpp
[2.398s] -- Up-to-date: /home/habibahassan/project/install/ur_dashboard_msgs/include/ur_dashboard_msgs/ur_dashboard_msgs
[2.399s] -- Up-to-date: /home/habibahassan/project/install/ur_dashboard_msgs/include/ur_dashboard_msgs/ur_dashboard_msgs/srv
[2.399s] -- Up-to-date: /home/habibahassan/project/install/ur_dashboard_msgs/include/ur_dashboard_msgs/ur_dashboard_msgs/srv/detail
[2.399s] -- Up-to-date: /home/habibahassan/project/install/ur_dashboard_msgs/include/ur_dashboard_msgs/ur_dashboard_msgs/srv/detail/load__rosidl_typesupport_fastrtps_cpp.hpp
[2.399s] -- Up-to-date: /home/habibahassan/project/install/ur_dashboard_msgs/include/ur_dashboard_msgs/ur_dashboard_msgs/srv/detail/get_safety_mode__rosidl_typesupport_fastrtps_cpp.hpp
[2.399s] -- Up-to-date: /home/habibahassan/project/install/ur_dashboard_msgs/include/ur_dashboard_msgs/ur_dashboard_msgs/srv/detail/get_loaded_program__rosidl_typesupport_fastrtps_cpp.hpp
[2.400s] -- Up-to-date: /home/habibahassan/project/install/ur_dashboard_msgs/include/ur_dashboard_msgs/ur_dashboard_msgs/srv/detail/get_program_state__rosidl_typesupport_fastrtps_cpp.hpp
[2.400s] -- Up-to-date: /home/habibahassan/project/install/ur_dashboard_msgs/include/ur_dashboard_msgs/ur_dashboard_msgs/srv/detail/is_program_saved__rosidl_typesupport_fastrtps_cpp.hpp
[2.400s] -- Up-to-date: /home/habibahassan/project/install/ur_dashboard_msgs/include/ur_dashboard_msgs/ur_dashboard_msgs/srv/detail/raw_request__rosidl_typesupport_fastrtps_cpp.hpp
[2.400s] -- Up-to-date: /home/habibahassan/project/install/ur_dashboard_msgs/include/ur_dashboard_msgs/ur_dashboard_msgs/srv/detail/get_robot_mode__rosidl_typesupport_fastrtps_cpp.hpp
[2.400s] -- Up-to-date: /home/habibahassan/project/install/ur_dashboard_msgs/include/ur_dashboard_msgs/ur_dashboard_msgs/srv/detail/popup__rosidl_typesupport_fastrtps_cpp.hpp
[2.401s] -- Up-to-date: /home/habibahassan/project/install/ur_dashboard_msgs/include/ur_dashboard_msgs/ur_dashboard_msgs/srv/detail/add_to_log__rosidl_typesupport_fastrtps_cpp.hpp
[2.401s] -- Up-to-date: /home/habibahassan/project/install/ur_dashboard_msgs/include/ur_dashboard_msgs/ur_dashboard_msgs/srv/detail/dds_fastrtps
[2.401s] -- Up-to-date: /home/habibahassan/project/install/ur_dashboard_msgs/include/ur_dashboard_msgs/ur_dashboard_msgs/srv/detail/is_program_running__rosidl_typesupport_fastrtps_cpp.hpp
[2.401s] -- Up-to-date: /home/habibahassan/project/install/ur_dashboard_msgs/include/ur_dashboard_msgs/ur_dashboard_msgs/action
[2.402s] -- Up-to-date: /home/habibahassan/project/install/ur_dashboard_msgs/include/ur_dashboard_msgs/ur_dashboard_msgs/action/detail
[2.402s] -- Up-to-date: /home/habibahassan/project/install/ur_dashboard_msgs/include/ur_dashboard_msgs/ur_dashboard_msgs/action/detail/set_mode__rosidl_typesupport_fastrtps_cpp.hpp
[2.402s] -- Up-to-date: /home/habibahassan/project/install/ur_dashboard_msgs/include/ur_dashboard_msgs/ur_dashboard_msgs/action/detail/dds_fastrtps
[2.402s] -- Up-to-date: /home/habibahassan/project/install/ur_dashboard_msgs/include/ur_dashboard_msgs/ur_dashboard_msgs/msg
[2.402s] -- Up-to-date: /home/habibahassan/project/install/ur_dashboard_msgs/include/ur_dashboard_msgs/ur_dashboard_msgs/msg/rosidl_typesupport_fastrtps_cpp__visibility_control.h
[2.403s] -- Up-to-date: /home/habibahassan/project/install/ur_dashboard_msgs/include/ur_dashboard_msgs/ur_dashboard_msgs/msg/detail
[2.403s] -- Up-to-date: /home/habibahassan/project/install/ur_dashboard_msgs/include/ur_dashboard_msgs/ur_dashboard_msgs/msg/detail/program_state__rosidl_typesupport_fastrtps_cpp.hpp
[2.403s] -- Up-to-date: /home/habibahassan/project/install/ur_dashboard_msgs/include/ur_dashboard_msgs/ur_dashboard_msgs/msg/detail/robot_mode__rosidl_typesupport_fastrtps_cpp.hpp
[2.403s] -- Up-to-date: /home/habibahassan/project/install/ur_dashboard_msgs/include/ur_dashboard_msgs/ur_dashboard_msgs/msg/detail/dds_fastrtps
[2.403s] -- Up-to-date: /home/habibahassan/project/install/ur_dashboard_msgs/include/ur_dashboard_msgs/ur_dashboard_msgs/msg/detail/safety_mode__rosidl_typesupport_fastrtps_cpp.hpp
[2.404s] -- Up-to-date: /home/habibahassan/project/install/ur_dashboard_msgs/lib/libur_dashboard_msgs__rosidl_typesupport_fastrtps_cpp.so
[2.404s] -- Up-to-date: /home/habibahassan/project/install/ur_dashboard_msgs/include/ur_dashboard_msgs/ur_dashboard_msgs
[2.404s] -- Up-to-date: /home/habibahassan/project/install/ur_dashboard_msgs/include/ur_dashboard_msgs/ur_dashboard_msgs/srv
[2.404s] -- Up-to-date: /home/habibahassan/project/install/ur_dashboard_msgs/include/ur_dashboard_msgs/ur_dashboard_msgs/srv/detail
[2.404s] -- Up-to-date: /home/habibahassan/project/install/ur_dashboard_msgs/include/ur_dashboard_msgs/ur_dashboard_msgs/srv/detail/raw_request__type_support.cpp
[2.405s] -- Up-to-date: /home/habibahassan/project/install/ur_dashboard_msgs/include/ur_dashboard_msgs/ur_dashboard_msgs/srv/detail/get_program_state__rosidl_typesupport_introspection_cpp.hpp
[2.405s] -- Up-to-date: /home/habibahassan/project/install/ur_dashboard_msgs/include/ur_dashboard_msgs/ur_dashboard_msgs/srv/detail/is_program_running__rosidl_typesupport_introspection_cpp.hpp
[2.405s] -- Up-to-date: /home/habibahassan/project/install/ur_dashboard_msgs/include/ur_dashboard_msgs/ur_dashboard_msgs/srv/detail/is_program_saved__type_support.cpp
[2.405s] -- Up-to-date: /home/habibahassan/project/install/ur_dashboard_msgs/include/ur_dashboard_msgs/ur_dashboard_msgs/srv/detail/is_program_saved__rosidl_typesupport_introspection_cpp.hpp
[2.405s] -- Up-to-date: /home/habibahassan/project/install/ur_dashboard_msgs/include/ur_dashboard_msgs/ur_dashboard_msgs/srv/detail/raw_request__rosidl_typesupport_introspection_cpp.hpp
[2.405s] -- Up-to-date: /home/habibahassan/project/install/ur_dashboard_msgs/include/ur_dashboard_msgs/ur_dashboard_msgs/srv/detail/load__rosidl_typesupport_introspection_cpp.hpp
[2.406s] -- Up-to-date: /home/habibahassan/project/install/ur_dashboard_msgs/include/ur_dashboard_msgs/ur_dashboard_msgs/srv/detail/add_to_log__rosidl_typesupport_introspection_cpp.hpp
[2.406s] -- Up-to-date: /home/habibahassan/project/install/ur_dashboard_msgs/include/ur_dashboard_msgs/ur_dashboard_msgs/srv/detail/add_to_log__type_support.cpp
[2.406s] -- Up-to-date: /home/habibahassan/project/install/ur_dashboard_msgs/include/ur_dashboard_msgs/ur_dashboard_msgs/srv/detail/get_robot_mode__type_support.cpp
[2.406s] -- Up-to-date: /home/habibahassan/project/install/ur_dashboard_msgs/include/ur_dashboard_msgs/ur_dashboard_msgs/srv/detail/load__type_support.cpp
[2.406s] -- Up-to-date: /home/habibahassan/project/install/ur_dashboard_msgs/include/ur_dashboard_msgs/ur_dashboard_msgs/srv/detail/get_loaded_program__rosidl_typesupport_introspection_cpp.hpp
[2.407s] -- Up-to-date: /home/habibahassan/project/install/ur_dashboard_msgs/include/ur_dashboard_msgs/ur_dashboard_msgs/srv/detail/is_program_running__type_support.cpp
[2.407s] -- Up-to-date: /home/habibahassan/project/install/ur_dashboard_msgs/include/ur_dashboard_msgs/ur_dashboard_msgs/srv/detail/get_robot_mode__rosidl_typesupport_introspection_cpp.hpp
[2.407s] -- Up-to-date: /home/habibahassan/project/install/ur_dashboard_msgs/include/ur_dashboard_msgs/ur_dashboard_msgs/srv/detail/popup__rosidl_typesupport_introspection_cpp.hpp
[2.407s] -- Up-to-date: /home/habibahassan/project/install/ur_dashboard_msgs/include/ur_dashboard_msgs/ur_dashboard_msgs/srv/detail/popup__type_support.cpp
[2.407s] -- Up-to-date: /home/habibahassan/project/install/ur_dashboard_msgs/include/ur_dashboard_msgs/ur_dashboard_msgs/srv/detail/get_safety_mode__type_support.cpp
[2.407s] -- Up-to-date: /home/habibahassan/project/install/ur_dashboard_msgs/include/ur_dashboard_msgs/ur_dashboard_msgs/srv/detail/get_program_state__type_support.cpp
[2.408s] -- Up-to-date: /home/habibahassan/project/install/ur_dashboard_msgs/include/ur_dashboard_msgs/ur_dashboard_msgs/srv/detail/get_safety_mode__rosidl_typesupport_introspection_cpp.hpp
[2.408s] -- Up-to-date: /home/habibahassan/project/install/ur_dashboard_msgs/include/ur_dashboard_msgs/ur_dashboard_msgs/srv/detail/get_loaded_program__type_support.cpp
[2.408s] -- Up-to-date: /home/habibahassan/project/install/ur_dashboard_msgs/include/ur_dashboard_msgs/ur_dashboard_msgs/action
[2.408s] -- Up-to-date: /home/habibahassan/project/install/ur_dashboard_msgs/include/ur_dashboard_msgs/ur_dashboard_msgs/action/detail
[2.408s] -- Up-to-date: /home/habibahassan/project/install/ur_dashboard_msgs/include/ur_dashboard_msgs/ur_dashboard_msgs/action/detail/set_mode__rosidl_typesupport_introspection_cpp.hpp
[2.408s] -- Up-to-date: /home/habibahassan/project/install/ur_dashboard_msgs/include/ur_dashboard_msgs/ur_dashboard_msgs/action/detail/set_mode__type_support.cpp
[2.409s] -- Up-to-date: /home/habibahassan/project/install/ur_dashboard_msgs/include/ur_dashboard_msgs/ur_dashboard_msgs/msg
[2.409s] -- Up-to-date: /home/habibahassan/project/install/ur_dashboard_msgs/include/ur_dashboard_msgs/ur_dashboard_msgs/msg/detail
[2.414s] -- Up-to-date: /home/habibahassan/project/install/ur_dashboard_msgs/include/ur_dashboard_msgs/ur_dashboard_msgs/msg/detail/program_state__type_support.cpp
[2.414s] -- Up-to-date: /home/habibahassan/project/install/ur_dashboard_msgs/include/ur_dashboard_msgs/ur_dashboard_msgs/msg/detail/safety_mode__type_support.cpp
[2.415s] -- Up-to-date: /home/habibahassan/project/install/ur_dashboard_msgs/include/ur_dashboard_msgs/ur_dashboard_msgs/msg/detail/program_state__rosidl_typesupport_introspection_cpp.hpp
[2.415s] -- Up-to-date: /home/habibahassan/project/install/ur_dashboard_msgs/include/ur_dashboard_msgs/ur_dashboard_msgs/msg/detail/robot_mode__type_support.cpp
[2.415s] -- Up-to-date: /home/habibahassan/project/install/ur_dashboard_msgs/include/ur_dashboard_msgs/ur_dashboard_msgs/msg/detail/robot_mode__rosidl_typesupport_introspection_cpp.hpp
[2.415s] -- Up-to-date: /home/habibahassan/project/install/ur_dashboard_msgs/include/ur_dashboard_msgs/ur_dashboard_msgs/msg/detail/safety_mode__rosidl_typesupport_introspection_cpp.hpp
[2.415s] -- Up-to-date: /home/habibahassan/project/install/ur_dashboard_msgs/lib/libur_dashboard_msgs__rosidl_typesupport_introspection_cpp.so
[2.416s] -- Up-to-date: /home/habibahassan/project/install/ur_dashboard_msgs/lib/libur_dashboard_msgs__rosidl_typesupport_cpp.so
[2.416s] -- Up-to-date: /home/habibahassan/project/install/ur_dashboard_msgs/share/ur_dashboard_msgs/environment/pythonpath.sh
[2.416s] -- Up-to-date: /home/habibahassan/project/install/ur_dashboard_msgs/share/ur_dashboard_msgs/environment/pythonpath.dsv
[2.416s] -- Up-to-date: /home/habibahassan/project/install/ur_dashboard_msgs/lib/python3.12/site-packages/ur_dashboard_msgs-3.1.1-py3.12.egg-info
[2.417s] -- Installing: /home/habibahassan/project/install/ur_dashboard_msgs/lib/python3.12/site-packages/ur_dashboard_msgs-3.1.1-py3.12.egg-info/SOURCES.txt
[2.417s] -- Installing: /home/habibahassan/project/install/ur_dashboard_msgs/lib/python3.12/site-packages/ur_dashboard_msgs-3.1.1-py3.12.egg-info/top_level.txt
[2.417s] -- Installing: /home/habibahassan/project/install/ur_dashboard_msgs/lib/python3.12/site-packages/ur_dashboard_msgs-3.1.1-py3.12.egg-info/dependency_links.txt
[2.417s] -- Installing: /home/habibahassan/project/install/ur_dashboard_msgs/lib/python3.12/site-packages/ur_dashboard_msgs-3.1.1-py3.12.egg-info/PKG-INFO
[2.417s] -- Up-to-date: /home/habibahassan/project/install/ur_dashboard_msgs/lib/python3.12/site-packages/ur_dashboard_msgs
[2.418s] -- Up-to-date: /home/habibahassan/project/install/ur_dashboard_msgs/lib/python3.12/site-packages/ur_dashboard_msgs/srv
[2.418s] -- Up-to-date: /home/habibahassan/project/install/ur_dashboard_msgs/lib/python3.12/site-packages/ur_dashboard_msgs/srv/_is_program_running.py
[2.418s] -- Up-to-date: /home/habibahassan/project/install/ur_dashboard_msgs/lib/python3.12/site-packages/ur_dashboard_msgs/srv/_get_robot_mode.py
[2.418s] -- Up-to-date: /home/habibahassan/project/install/ur_dashboard_msgs/lib/python3.12/site-packages/ur_dashboard_msgs/srv/_popup.py
[2.419s] -- Up-to-date: /home/habibahassan/project/install/ur_dashboard_msgs/lib/python3.12/site-packages/ur_dashboard_msgs/srv/__init__.py
[2.419s] -- Up-to-date: /home/habibahassan/project/install/ur_dashboard_msgs/lib/python3.12/site-packages/ur_dashboard_msgs/srv/_load.py
[2.419s] -- Up-to-date: /home/habibahassan/project/install/ur_dashboard_msgs/lib/python3.12/site-packages/ur_dashboard_msgs/srv/_get_program_state_s.c
[2.420s] -- Up-to-date: /home/habibahassan/project/install/ur_dashboard_msgs/lib/python3.12/site-packages/ur_dashboard_msgs/srv/_get_loaded_program.py
[2.420s] -- Up-to-date: /home/habibahassan/project/install/ur_dashboard_msgs/lib/python3.12/site-packages/ur_dashboard_msgs/srv/_get_robot_mode_s.c
[2.420s] -- Up-to-date: /home/habibahassan/project/install/ur_dashboard_msgs/lib/python3.12/site-packages/ur_dashboard_msgs/srv/_get_loaded_program_s.c
[2.420s] -- Up-to-date: /home/habibahassan/project/install/ur_dashboard_msgs/lib/python3.12/site-packages/ur_dashboard_msgs/srv/_is_program_running_s.c
[2.420s] -- Up-to-date: /home/habibahassan/project/install/ur_dashboard_msgs/lib/python3.12/site-packages/ur_dashboard_msgs/srv/_add_to_log.py
[2.421s] -- Up-to-date: /home/habibahassan/project/install/ur_dashboard_msgs/lib/python3.12/site-packages/ur_dashboard_msgs/srv/_get_program_state.py
[2.421s] -- Up-to-date: /home/habibahassan/project/install/ur_dashboard_msgs/lib/python3.12/site-packages/ur_dashboard_msgs/srv/_load_s.c
[2.421s] -- Up-to-date: /home/habibahassan/project/install/ur_dashboard_msgs/lib/python3.12/site-packages/ur_dashboard_msgs/srv/_popup_s.c
[2.421s] -- Up-to-date: /home/habibahassan/project/install/ur_dashboard_msgs/lib/python3.12/site-packages/ur_dashboard_msgs/srv/_get_safety_mode_s.c
[2.421s] -- Up-to-date: /home/habibahassan/project/install/ur_dashboard_msgs/lib/python3.12/site-packages/ur_dashboard_msgs/srv/_is_program_saved.py
[2.421s] -- Up-to-date: /home/habibahassan/project/install/ur_dashboard_msgs/lib/python3.12/site-packages/ur_dashboard_msgs/srv/_is_program_saved_s.c
[2.422s] -- Up-to-date: /home/habibahassan/project/install/ur_dashboard_msgs/lib/python3.12/site-packages/ur_dashboard_msgs/srv/_get_safety_mode.py
[2.422s] -- Up-to-date: /home/habibahassan/project/install/ur_dashboard_msgs/lib/python3.12/site-packages/ur_dashboard_msgs/srv/_raw_request_s.c
[2.422s] -- Up-to-date: /home/habibahassan/project/install/ur_dashboard_msgs/lib/python3.12/site-packages/ur_dashboard_msgs/srv/_add_to_log_s.c
[2.422s] -- Up-to-date: /home/habibahassan/project/install/ur_dashboard_msgs/lib/python3.12/site-packages/ur_dashboard_msgs/srv/_raw_request.py
[2.423s] -- Up-to-date: /home/habibahassan/project/install/ur_dashboard_msgs/lib/python3.12/site-packages/ur_dashboard_msgs/_ur_dashboard_msgs_s.ep.rosidl_typesupport_fastrtps_c.c
[2.423s] -- Up-to-date: /home/habibahassan/project/install/ur_dashboard_msgs/lib/python3.12/site-packages/ur_dashboard_msgs/action
[2.423s] -- Up-to-date: /home/habibahassan/project/install/ur_dashboard_msgs/lib/python3.12/site-packages/ur_dashboard_msgs/action/__init__.py
[2.423s] -- Up-to-date: /home/habibahassan/project/install/ur_dashboard_msgs/lib/python3.12/site-packages/ur_dashboard_msgs/action/_set_mode.py
[2.423s] -- Up-to-date: /home/habibahassan/project/install/ur_dashboard_msgs/lib/python3.12/site-packages/ur_dashboard_msgs/action/_set_mode_s.c
[2.424s] -- Up-to-date: /home/habibahassan/project/install/ur_dashboard_msgs/lib/python3.12/site-packages/ur_dashboard_msgs/__init__.py
[2.424s] -- Up-to-date: /home/habibahassan/project/install/ur_dashboard_msgs/lib/python3.12/site-packages/ur_dashboard_msgs/ur_dashboard_msgs_s__rosidl_typesupport_c.so
[2.424s] -- Up-to-date: /home/habibahassan/project/install/ur_dashboard_msgs/lib/python3.12/site-packages/ur_dashboard_msgs/_ur_dashboard_msgs_s.ep.rosidl_typesupport_introspection_c.c
[2.424s] -- Up-to-date: /home/habibahassan/project/install/ur_dashboard_msgs/lib/python3.12/site-packages/ur_dashboard_msgs/_ur_dashboard_msgs_s.ep.rosidl_typesupport_c.c
[2.432s] -- Up-to-date: /home/habibahassan/project/install/ur_dashboard_msgs/lib/python3.12/site-packages/ur_dashboard_msgs/msg
[2.432s] -- Up-to-date: /home/habibahassan/project/install/ur_dashboard_msgs/lib/python3.12/site-packages/ur_dashboard_msgs/msg/_robot_mode.py
[2.433s] -- Up-to-date: /home/habibahassan/project/install/ur_dashboard_msgs/lib/python3.12/site-packages/ur_dashboard_msgs/msg/__init__.py
[2.433s] -- Up-to-date: /home/habibahassan/project/install/ur_dashboard_msgs/lib/python3.12/site-packages/ur_dashboard_msgs/msg/_program_state.py
[2.433s] -- Up-to-date: /home/habibahassan/project/install/ur_dashboard_msgs/lib/python3.12/site-packages/ur_dashboard_msgs/msg/_safety_mode.py
[2.433s] -- Up-to-date: /home/habibahassan/project/install/ur_dashboard_msgs/lib/python3.12/site-packages/ur_dashboard_msgs/msg/_robot_mode_s.c
[2.433s] -- Up-to-date: /home/habibahassan/project/install/ur_dashboard_msgs/lib/python3.12/site-packages/ur_dashboard_msgs/msg/_safety_mode_s.c
[2.434s] -- Up-to-date: /home/habibahassan/project/install/ur_dashboard_msgs/lib/python3.12/site-packages/ur_dashboard_msgs/msg/_program_state_s.c
[2.434s] -- Up-to-date: /home/habibahassan/project/install/ur_dashboard_msgs/lib/python3.12/site-packages/ur_dashboard_msgs/ur_dashboard_msgs_s__rosidl_typesupport_fastrtps_c.so
[2.434s] -- Up-to-date: /home/habibahassan/project/install/ur_dashboard_msgs/lib/python3.12/site-packages/ur_dashboard_msgs/ur_dashboard_msgs_s__rosidl_typesupport_introspection_c.so
[2.442s] Listing '/home/habibahassan/project/install/ur_dashboard_msgs/lib/python3.12/site-packages/ur_dashboard_msgs'...
[2.442s] Listing '/home/habibahassan/project/install/ur_dashboard_msgs/lib/python3.12/site-packages/ur_dashboard_msgs/action'...
[2.442s] Listing '/home/habibahassan/project/install/ur_dashboard_msgs/lib/python3.12/site-packages/ur_dashboard_msgs/msg'...
[2.442s] Listing '/home/habibahassan/project/install/ur_dashboard_msgs/lib/python3.12/site-packages/ur_dashboard_msgs/srv'...
[2.471s] -- Up-to-date: /home/habibahassan/project/install/ur_dashboard_msgs/lib/python3.12/site-packages/ur_dashboard_msgs/ur_dashboard_msgs_s__rosidl_typesupport_fastrtps_c.so
[2.471s] -- Up-to-date: /home/habibahassan/project/install/ur_dashboard_msgs/lib/python3.12/site-packages/ur_dashboard_msgs/ur_dashboard_msgs_s__rosidl_typesupport_introspection_c.so
[2.471s] -- Up-to-date: /home/habibahassan/project/install/ur_dashboard_msgs/lib/python3.12/site-packages/ur_dashboard_msgs/ur_dashboard_msgs_s__rosidl_typesupport_c.so
[2.472s] -- Up-to-date: /home/habibahassan/project/install/ur_dashboard_msgs/lib/libur_dashboard_msgs__rosidl_generator_py.so
[2.472s] -- Up-to-date: /home/habibahassan/project/install/ur_dashboard_msgs/share/ur_dashboard_msgs/msg/ProgramState.idl
[2.472s] -- Up-to-date: /home/habibahassan/project/install/ur_dashboard_msgs/share/ur_dashboard_msgs/msg/RobotMode.idl
[2.472s] -- Up-to-date: /home/habibahassan/project/install/ur_dashboard_msgs/share/ur_dashboard_msgs/msg/SafetyMode.idl
[2.473s] -- Up-to-date: /home/habibahassan/project/install/ur_dashboard_msgs/share/ur_dashboard_msgs/srv/AddToLog.idl
[2.473s] -- Up-to-date: /home/habibahassan/project/install/ur_dashboard_msgs/share/ur_dashboard_msgs/srv/GetLoadedProgram.idl
[2.473s] -- Up-to-date: /home/habibahassan/project/install/ur_dashboard_msgs/share/ur_dashboard_msgs/srv/GetProgramState.idl
[2.473s] -- Up-to-date: /home/habibahassan/project/install/ur_dashboard_msgs/share/ur_dashboard_msgs/srv/GetRobotMode.idl
[2.474s] -- Up-to-date: /home/habibahassan/project/install/ur_dashboard_msgs/share/ur_dashboard_msgs/srv/GetSafetyMode.idl
[2.474s] -- Up-to-date: /home/habibahassan/project/install/ur_dashboard_msgs/share/ur_dashboard_msgs/srv/IsProgramRunning.idl
[2.474s] -- Up-to-date: /home/habibahassan/project/install/ur_dashboard_msgs/share/ur_dashboard_msgs/srv/IsProgramSaved.idl
[2.474s] -- Up-to-date: /home/habibahassan/project/install/ur_dashboard_msgs/share/ur_dashboard_msgs/srv/Load.idl
[2.474s] -- Up-to-date: /home/habibahassan/project/install/ur_dashboard_msgs/share/ur_dashboard_msgs/srv/Popup.idl
[2.475s] -- Up-to-date: /home/habibahassan/project/install/ur_dashboard_msgs/share/ur_dashboard_msgs/srv/RawRequest.idl
[2.475s] -- Up-to-date: /home/habibahassan/project/install/ur_dashboard_msgs/share/ur_dashboard_msgs/action/SetMode.idl
[2.475s] -- Up-to-date: /home/habibahassan/project/install/ur_dashboard_msgs/share/ur_dashboard_msgs/msg/ProgramState.msg
[2.476s] -- Up-to-date: /home/habibahassan/project/install/ur_dashboard_msgs/share/ur_dashboard_msgs/msg/RobotMode.msg
[2.476s] -- Up-to-date: /home/habibahassan/project/install/ur_dashboard_msgs/share/ur_dashboard_msgs/msg/SafetyMode.msg
[2.477s] -- Up-to-date: /home/habibahassan/project/install/ur_dashboard_msgs/share/ur_dashboard_msgs/srv/AddToLog.srv
[2.480s] -- Up-to-date: /home/habibahassan/project/install/ur_dashboard_msgs/share/ur_dashboard_msgs/srv/GetLoadedProgram.srv
[2.480s] -- Up-to-date: /home/habibahassan/project/install/ur_dashboard_msgs/share/ur_dashboard_msgs/srv/GetProgramState.srv
[2.490s] -- Up-to-date: /home/habibahassan/project/install/ur_dashboard_msgs/share/ur_dashboard_msgs/srv/GetRobotMode.srv
[2.490s] -- Up-to-date: /home/habibahassan/project/install/ur_dashboard_msgs/share/ur_dashboard_msgs/srv/GetSafetyMode.srv
[2.491s] -- Up-to-date: /home/habibahassan/project/install/ur_dashboard_msgs/share/ur_dashboard_msgs/srv/IsProgramRunning.srv
[2.491s] -- Up-to-date: /home/habibahassan/project/install/ur_dashboard_msgs/share/ur_dashboard_msgs/srv/IsProgramSaved.srv
[2.491s] -- Up-to-date: /home/habibahassan/project/install/ur_dashboard_msgs/share/ur_dashboard_msgs/srv/Load.srv
[2.491s] -- Up-to-date: /home/habibahassan/project/install/ur_dashboard_msgs/share/ur_dashboard_msgs/srv/Popup.srv
[2.491s] -- Up-to-date: /home/habibahassan/project/install/ur_dashboard_msgs/share/ur_dashboard_msgs/srv/RawRequest.srv
[2.492s] -- Up-to-date: /home/habibahassan/project/install/ur_dashboard_msgs/share/ur_dashboard_msgs/action/SetMode.action
[2.492s] -- Up-to-date: /home/habibahassan/project/install/ur_dashboard_msgs/share/ament_index/resource_index/package_run_dependencies/ur_dashboard_msgs
[2.492s] -- Up-to-date: /home/habibahassan/project/install/ur_dashboard_msgs/share/ament_index/resource_index/parent_prefix_path/ur_dashboard_msgs
[2.493s] -- Up-to-date: /home/habibahassan/project/install/ur_dashboard_msgs/share/ur_dashboard_msgs/environment/ament_prefix_path.sh
[2.493s] -- Up-to-date: /home/habibahassan/project/install/ur_dashboard_msgs/share/ur_dashboard_msgs/environment/ament_prefix_path.dsv
[2.493s] -- Up-to-date: /home/habibahassan/project/install/ur_dashboard_msgs/share/ur_dashboard_msgs/environment/path.sh
[2.493s] -- Up-to-date: /home/habibahassan/project/install/ur_dashboard_msgs/share/ur_dashboard_msgs/environment/path.dsv
[2.494s] -- Up-to-date: /home/habibahassan/project/install/ur_dashboard_msgs/share/ur_dashboard_msgs/local_setup.bash
[2.494s] -- Up-to-date: /home/habibahassan/project/install/ur_dashboard_msgs/share/ur_dashboard_msgs/local_setup.sh
[2.494s] -- Up-to-date: /home/habibahassan/project/install/ur_dashboard_msgs/share/ur_dashboard_msgs/local_setup.zsh
[2.494s] -- Up-to-date: /home/habibahassan/project/install/ur_dashboard_msgs/share/ur_dashboard_msgs/local_setup.dsv
[2.495s] -- Installing: /home/habibahassan/project/install/ur_dashboard_msgs/share/ur_dashboard_msgs/package.dsv
[2.495s] -- Up-to-date: /home/habibahassan/project/install/ur_dashboard_msgs/share/ament_index/resource_index/packages/ur_dashboard_msgs
[2.495s] -- Up-to-date: /home/habibahassan/project/install/ur_dashboard_msgs/share/ur_dashboard_msgs/cmake/export_ur_dashboard_msgs__rosidl_generator_cExport.cmake
[2.496s] -- Up-to-date: /home/habibahassan/project/install/ur_dashboard_msgs/share/ur_dashboard_msgs/cmake/export_ur_dashboard_msgs__rosidl_generator_cExport-noconfig.cmake
[2.496s] -- Up-to-date: /home/habibahassan/project/install/ur_dashboard_msgs/share/ur_dashboard_msgs/cmake/export_ur_dashboard_msgs__rosidl_typesupport_fastrtps_cExport.cmake
[2.496s] -- Up-to-date: /home/habibahassan/project/install/ur_dashboard_msgs/share/ur_dashboard_msgs/cmake/export_ur_dashboard_msgs__rosidl_typesupport_fastrtps_cExport-noconfig.cmake
[2.496s] -- Up-to-date: /home/habibahassan/project/install/ur_dashboard_msgs/share/ur_dashboard_msgs/cmake/ur_dashboard_msgs__rosidl_typesupport_introspection_cExport.cmake
[2.496s] -- Up-to-date: /home/habibahassan/project/install/ur_dashboard_msgs/share/ur_dashboard_msgs/cmake/ur_dashboard_msgs__rosidl_typesupport_introspection_cExport-noconfig.cmake
[2.497s] -- Up-to-date: /home/habibahassan/project/install/ur_dashboard_msgs/share/ur_dashboard_msgs/cmake/ur_dashboard_msgs__rosidl_typesupport_cExport.cmake
[2.498s] -- Up-to-date: /home/habibahassan/project/install/ur_dashboard_msgs/share/ur_dashboard_msgs/cmake/ur_dashboard_msgs__rosidl_typesupport_cExport-noconfig.cmake
[2.498s] -- Up-to-date: /home/habibahassan/project/install/ur_dashboard_msgs/share/ur_dashboard_msgs/cmake/export_ur_dashboard_msgs__rosidl_generator_cppExport.cmake
[2.498s] -- Up-to-date: /home/habibahassan/project/install/ur_dashboard_msgs/share/ur_dashboard_msgs/cmake/export_ur_dashboard_msgs__rosidl_typesupport_fastrtps_cppExport.cmake
[2.498s] -- Up-to-date: /home/habibahassan/project/install/ur_dashboard_msgs/share/ur_dashboard_msgs/cmake/export_ur_dashboard_msgs__rosidl_typesupport_fastrtps_cppExport-noconfig.cmake
[2.499s] -- Up-to-date: /home/habibahassan/project/install/ur_dashboard_msgs/share/ur_dashboard_msgs/cmake/ur_dashboard_msgs__rosidl_typesupport_introspection_cppExport.cmake
[2.499s] -- Up-to-date: /home/habibahassan/project/install/ur_dashboard_msgs/share/ur_dashboard_msgs/cmake/ur_dashboard_msgs__rosidl_typesupport_introspection_cppExport-noconfig.cmake
[2.499s] -- Up-to-date: /home/habibahassan/project/install/ur_dashboard_msgs/share/ur_dashboard_msgs/cmake/ur_dashboard_msgs__rosidl_typesupport_cppExport.cmake
[2.499s] -- Up-to-date: /home/habibahassan/project/install/ur_dashboard_msgs/share/ur_dashboard_msgs/cmake/ur_dashboard_msgs__rosidl_typesupport_cppExport-noconfig.cmake
[2.499s] -- Up-to-date: /home/habibahassan/project/install/ur_dashboard_msgs/share/ur_dashboard_msgs/cmake/export_ur_dashboard_msgs__rosidl_generator_pyExport.cmake
[2.500s] -- Up-to-date: /home/habibahassan/project/install/ur_dashboard_msgs/share/ur_dashboard_msgs/cmake/export_ur_dashboard_msgs__rosidl_generator_pyExport-noconfig.cmake
[2.500s] -- Up-to-date: /home/habibahassan/project/install/ur_dashboard_msgs/share/ur_dashboard_msgs/cmake/rosidl_cmake-extras.cmake
[2.500s] -- Up-to-date: /home/habibahassan/project/install/ur_dashboard_msgs/share/ur_dashboard_msgs/cmake/ament_cmake_export_dependencies-extras.cmake
[2.500s] -- Up-to-date: /home/habibahassan/project/install/ur_dashboard_msgs/share/ur_dashboard_msgs/cmake/ament_cmake_export_include_directories-extras.cmake
[2.501s] -- Up-to-date: /home/habibahassan/project/install/ur_dashboard_msgs/share/ur_dashboard_msgs/cmake/ament_cmake_export_libraries-extras.cmake
[2.501s] -- Up-to-date: /home/habibahassan/project/install/ur_dashboard_msgs/share/ur_dashboard_msgs/cmake/ament_cmake_export_targets-extras.cmake
[2.501s] -- Up-to-date: /home/habibahassan/project/install/ur_dashboard_msgs/share/ur_dashboard_msgs/cmake/rosidl_cmake_export_typesupport_targets-extras.cmake
[2.501s] -- Up-to-date: /home/habibahassan/project/install/ur_dashboard_msgs/share/ur_dashboard_msgs/cmake/rosidl_cmake_export_typesupport_libraries-extras.cmake
[2.501s] -- Up-to-date: /home/habibahassan/project/install/ur_dashboard_msgs/share/ur_dashboard_msgs/cmake/ur_dashboard_msgsConfig.cmake
[2.502s] -- Up-to-date: /home/habibahassan/project/install/ur_dashboard_msgs/share/ur_dashboard_msgs/cmake/ur_dashboard_msgsConfig-version.cmake
[2.502s] -- Up-to-date: /home/habibahassan/project/install/ur_dashboard_msgs/share/ur_dashboard_msgs/package.xml
[2.502s] Invoked command in '/home/habibahassan/project/build/ur_dashboard_msgs' returned '0': CMAKE_PREFIX_PATH=${CMAKE_PREFIX_PATH}:/home/habibahassan/project/install/moveit_configs_utils:/opt/ros/jazzy DEBUGINFOD_URLS=https://debuginfod.ubuntu.com /usr/bin/cmake --install /home/habibahassan/project/build/ur_dashboard_msgs
