[ 25%] [32m[1mLinking CXX shared library libgz_ros2_control-system.so[0m
[ 75%] Built target gz_hardware_plugins
[100%] Built target gz_ros2_control-system
-- Install configuration: ""
-- Installing: /home/habibahassan/project/install/gz_ros2_control/lib/libgz_hardware_plugins.so
-- Set non-toolchain portion of runtime path of "/home/habibahassan/project/install/gz_ros2_control/lib/libgz_hardware_plugins.so" to ""
-- Installing: /home/habibahassan/project/install/gz_ros2_control/include
-- Installing: /home/habibahassan/project/install/gz_ros2_control/include/gz_ros2_control
-- Installing: /home/habibahassan/project/install/gz_ros2_control/include/gz_ros2_control/gz_system.hpp
-- Installing: /home/habibahassan/project/install/gz_ros2_control/include/gz_ros2_control/gz_ros2_control_plugin.hpp
-- Installing: /home/habibahassan/project/install/gz_ros2_control/include/gz_ros2_control/gz_system_interface.hpp
-- Installing: /home/habibahassan/project/install/gz_ros2_control/share/gz_ros2_control/environment/library_path.sh
-- Installing: /home/habibahassan/project/install/gz_ros2_control/share/gz_ros2_control/environment/library_path.dsv
-- Installing: /home/habibahassan/project/install/gz_ros2_control/lib/libgz_ros2_control-system.so
-- Set non-toolchain portion of runtime path of "/home/habibahassan/project/install/gz_ros2_control/lib/libgz_ros2_control-system.so" to ""
-- Installing: /home/habibahassan/project/install/gz_ros2_control/share/gz_ros2_control/gz_hardware_plugins.xml
-- Installing: /home/habibahassan/project/install/gz_ros2_control/share/ament_index/resource_index/package_run_dependencies/gz_ros2_control
-- Installing: /home/habibahassan/project/install/gz_ros2_control/share/ament_index/resource_index/parent_prefix_path/gz_ros2_control
-- Installing: /home/habibahassan/project/install/gz_ros2_control/share/gz_ros2_control/environment/ament_prefix_path.sh
-- Installing: /home/habibahassan/project/install/gz_ros2_control/share/gz_ros2_control/environment/ament_prefix_path.dsv
-- Installing: /home/habibahassan/project/install/gz_ros2_control/share/gz_ros2_control/environment/path.sh
-- Installing: /home/habibahassan/project/install/gz_ros2_control/share/gz_ros2_control/environment/path.dsv
-- Installing: /home/habibahassan/project/install/gz_ros2_control/share/gz_ros2_control/local_setup.bash
-- Installing: /home/habibahassan/project/install/gz_ros2_control/share/gz_ros2_control/local_setup.sh
-- Installing: /home/habibahassan/project/install/gz_ros2_control/share/gz_ros2_control/local_setup.zsh
-- Installing: /home/habibahassan/project/install/gz_ros2_control/share/gz_ros2_control/local_setup.dsv
-- Installing: /home/habibahassan/project/install/gz_ros2_control/share/gz_ros2_control/package.dsv
-- Installing: /home/habibahassan/project/install/gz_ros2_control/share/ament_index/resource_index/packages/gz_ros2_control
-- Installing: /home/habibahassan/project/install/gz_ros2_control/share/ament_index/resource_index/gz_ros2_control__pluginlib__plugin/gz_ros2_control
-- Installing: /home/habibahassan/project/install/gz_ros2_control/share/gz_ros2_control/cmake/ament_cmake_export_include_directories-extras.cmake
-- Installing: /home/habibahassan/project/install/gz_ros2_control/share/gz_ros2_control/cmake/ament_cmake_export_libraries-extras.cmake
-- Installing: /home/habibahassan/project/install/gz_ros2_control/share/gz_ros2_control/cmake/gz_ros2_controlConfig.cmake
-- Installing: /home/habibahassan/project/install/gz_ros2_control/share/gz_ros2_control/cmake/gz_ros2_controlConfig-version.cmake
-- Installing: /home/habibahassan/project/install/gz_ros2_control/share/gz_ros2_control/package.xml
