[0.041s] Invoking command in '/home/habibahassan/project/build/ur_dashboard_msgs': CMAKE_PREFIX_PATH=${CMAKE_PREFIX_PATH}:/home/habibahassan/project/install/moveit_configs_utils:/opt/ros/jazzy DEBUGINFOD_URLS=https://debuginfod.ubuntu.com /usr/bin/cmake --build /home/habibahassan/project/build/ur_dashboard_msgs -- -j8 -l8
[0.187s] [  0%] Built target ur_dashboard_msgs__rosidl_generator_type_description
[0.217s] [  0%] Built target ament_cmake_python_copy_ur_dashboard_msgs
[0.265s] [  0%] Built target ur_dashboard_msgs__cpp
[0.437s] [ 27%] Built target ur_dashboard_msgs__rosidl_generator_c
[0.756s] [ 43%] Built target ur_dashboard_msgs__rosidl_typesupport_cpp
[0.756s] [ 47%] Built target ur_dashboard_msgs__rosidl_typesupport_c
[0.810s] [ 57%] Built target ur_dashboard_msgs__rosidl_typesupport_fastrtps_c
[0.810s] [ 66%] Built target ur_dashboard_msgs__rosidl_typesupport_fastrtps_cpp
[0.825s] [ 76%] Built target ur_dashboard_msgs__rosidl_typesupport_introspection_c
[0.883s] [ 86%] Built target ur_dashboard_msgs__rosidl_typesupport_introspection_cpp
[0.946s] [ 86%] Built target ur_dashboard_msgs
[0.949s] [ 87%] Built target ur_dashboard_msgs__py
[0.987s] [ 96%] Built target ur_dashboard_msgs__rosidl_generator_py
[0.990s] [ 98%] Built target ur_dashboard_msgs_s__rosidl_typesupport_introspection_c
[0.991s] [ 99%] Built target ur_dashboard_msgs_s__rosidl_typesupport_c
[0.991s] [100%] Built target ur_dashboard_msgs_s__rosidl_typesupport_fastrtps_c
[0.991s] running egg_info
[0.991s] writing ur_dashboard_msgs.egg-info/PKG-INFO
[0.992s] writing dependency_links to ur_dashboard_msgs.egg-info/dependency_links.txt
[0.992s] writing top-level names to ur_dashboard_msgs.egg-info/top_level.txt
[0.992s] reading manifest file 'ur_dashboard_msgs.egg-info/SOURCES.txt'
[0.993s] writing manifest file 'ur_dashboard_msgs.egg-info/SOURCES.txt'
[1.041s] [100%] Built target ament_cmake_python_build_ur_dashboard_msgs_egg
[1.207s] Invoked command in '/home/habibahassan/project/build/ur_dashboard_msgs' returned '0': CMAKE_PREFIX_PATH=${CMAKE_PREFIX_PATH}:/home/habibahassan/project/install/moveit_configs_utils:/opt/ros/jazzy DEBUGINFOD_URLS=https://debuginfod.ubuntu.com /usr/bin/cmake --build /home/habibahassan/project/build/ur_dashboard_msgs -- -j8 -l8
[1.210s] Invoking command in '/home/habibahassan/project/build/ur_dashboard_msgs': CMAKE_PREFIX_PATH=${CMAKE_PREFIX_PATH}:/home/habibahassan/project/install/moveit_configs_utils:/opt/ros/jazzy DEBUGINFOD_URLS=https://debuginfod.ubuntu.com /usr/bin/cmake --install /home/habibahassan/project/build/ur_dashboard_msgs
[1.234s] -- Install configuration: ""
[1.234s] -- Up-to-date: /home/habibahassan/project/install/ur_dashboard_msgs/share/ament_index/resource_index/rosidl_interfaces/ur_dashboard_msgs
[1.234s] -- Up-to-date: /home/habibahassan/project/install/ur_dashboard_msgs/share/ur_dashboard_msgs/msg/ProgramState.json
[1.235s] -- Up-to-date: /home/habibahassan/project/install/ur_dashboard_msgs/share/ur_dashboard_msgs/msg/RobotMode.json
[1.235s] -- Up-to-date: /home/habibahassan/project/install/ur_dashboard_msgs/share/ur_dashboard_msgs/msg/SafetyMode.json
[1.235s] -- Up-to-date: /home/habibahassan/project/install/ur_dashboard_msgs/share/ur_dashboard_msgs/srv/AddToLog.json
[1.236s] -- Up-to-date: /home/habibahassan/project/install/ur_dashboard_msgs/share/ur_dashboard_msgs/srv/GetLoadedProgram.json
[1.236s] -- Up-to-date: /home/habibahassan/project/install/ur_dashboard_msgs/share/ur_dashboard_msgs/srv/GetProgramState.json
[1.236s] -- Up-to-date: /home/habibahassan/project/install/ur_dashboard_msgs/share/ur_dashboard_msgs/srv/GetRobotMode.json
[1.236s] -- Up-to-date: /home/habibahassan/project/install/ur_dashboard_msgs/share/ur_dashboard_msgs/srv/GetSafetyMode.json
[1.237s] -- Up-to-date: /home/habibahassan/project/install/ur_dashboard_msgs/share/ur_dashboard_msgs/srv/IsProgramRunning.json
[1.237s] -- Up-to-date: /home/habibahassan/project/install/ur_dashboard_msgs/share/ur_dashboard_msgs/srv/IsProgramSaved.json
[1.237s] -- Up-to-date: /home/habibahassan/project/install/ur_dashboard_msgs/share/ur_dashboard_msgs/srv/Load.json
[1.238s] -- Up-to-date: /home/habibahassan/project/install/ur_dashboard_msgs/share/ur_dashboard_msgs/srv/Popup.json
[1.238s] -- Up-to-date: /home/habibahassan/project/install/ur_dashboard_msgs/share/ur_dashboard_msgs/srv/RawRequest.json
[1.239s] -- Up-to-date: /home/habibahassan/project/install/ur_dashboard_msgs/share/ur_dashboard_msgs/action/SetMode.json
[1.239s] -- Up-to-date: /home/habibahassan/project/install/ur_dashboard_msgs/include/ur_dashboard_msgs/ur_dashboard_msgs
[1.239s] -- Up-to-date: /home/habibahassan/project/install/ur_dashboard_msgs/include/ur_dashboard_msgs/ur_dashboard_msgs/srv
[1.240s] -- Up-to-date: /home/habibahassan/project/install/ur_dashboard_msgs/include/ur_dashboard_msgs/ur_dashboard_msgs/srv/get_safety_mode.h
[1.240s] -- Up-to-date: /home/habibahassan/project/install/ur_dashboard_msgs/include/ur_dashboard_msgs/ur_dashboard_msgs/srv/get_program_state.h
[1.241s] -- Up-to-date: /home/habibahassan/project/install/ur_dashboard_msgs/include/ur_dashboard_msgs/ur_dashboard_msgs/srv/is_program_running.h
[1.242s] -- Up-to-date: /home/habibahassan/project/install/ur_dashboard_msgs/include/ur_dashboard_msgs/ur_dashboard_msgs/srv/is_program_saved.h
[1.243s] -- Up-to-date: /home/habibahassan/project/install/ur_dashboard_msgs/include/ur_dashboard_msgs/ur_dashboard_msgs/srv/add_to_log.h
[1.243s] -- Up-to-date: /home/habibahassan/project/install/ur_dashboard_msgs/include/ur_dashboard_msgs/ur_dashboard_msgs/srv/get_loaded_program.h
[1.243s] -- Up-to-date: /home/habibahassan/project/install/ur_dashboard_msgs/include/ur_dashboard_msgs/ur_dashboard_msgs/srv/popup.h
[1.243s] -- Up-to-date: /home/habibahassan/project/install/ur_dashboard_msgs/include/ur_dashboard_msgs/ur_dashboard_msgs/srv/raw_request.h
[1.244s] -- Up-to-date: /home/habibahassan/project/install/ur_dashboard_msgs/include/ur_dashboard_msgs/ur_dashboard_msgs/srv/get_robot_mode.h
[1.244s] -- Up-to-date: /home/habibahassan/project/install/ur_dashboard_msgs/include/ur_dashboard_msgs/ur_dashboard_msgs/srv/load.h
[1.244s] -- Up-to-date: /home/habibahassan/project/install/ur_dashboard_msgs/include/ur_dashboard_msgs/ur_dashboard_msgs/srv/detail
[1.245s] -- Up-to-date: /home/habibahassan/project/install/ur_dashboard_msgs/include/ur_dashboard_msgs/ur_dashboard_msgs/srv/detail/is_program_running__description.c
[1.245s] -- Up-to-date: /home/habibahassan/project/install/ur_dashboard_msgs/include/ur_dashboard_msgs/ur_dashboard_msgs/srv/detail/get_safety_mode__type_support.h
[1.245s] -- Up-to-date: /home/habibahassan/project/install/ur_dashboard_msgs/include/ur_dashboard_msgs/ur_dashboard_msgs/srv/detail/get_loaded_program__functions.c
[1.245s] -- Up-to-date: /home/habibahassan/project/install/ur_dashboard_msgs/include/ur_dashboard_msgs/ur_dashboard_msgs/srv/detail/load__functions.c
[1.246s] -- Up-to-date: /home/habibahassan/project/install/ur_dashboard_msgs/include/ur_dashboard_msgs/ur_dashboard_msgs/srv/detail/add_to_log__functions.h
[1.246s] -- Up-to-date: /home/habibahassan/project/install/ur_dashboard_msgs/include/ur_dashboard_msgs/ur_dashboard_msgs/srv/detail/is_program_saved__functions.c
[1.246s] -- Up-to-date: /home/habibahassan/project/install/ur_dashboard_msgs/include/ur_dashboard_msgs/ur_dashboard_msgs/srv/detail/get_robot_mode__struct.h
[1.247s] -- Up-to-date: /home/habibahassan/project/install/ur_dashboard_msgs/include/ur_dashboard_msgs/ur_dashboard_msgs/srv/detail/is_program_saved__struct.h
[1.249s] -- Up-to-date: /home/habibahassan/project/install/ur_dashboard_msgs/include/ur_dashboard_msgs/ur_dashboard_msgs/srv/detail/raw_request__struct.h
[1.251s] -- Up-to-date: /home/habibahassan/project/install/ur_dashboard_msgs/include/ur_dashboard_msgs/ur_dashboard_msgs/srv/detail/get_safety_mode__functions.c
[1.251s] -- Up-to-date: /home/habibahassan/project/install/ur_dashboard_msgs/include/ur_dashboard_msgs/ur_dashboard_msgs/srv/detail/add_to_log__functions.c
[1.252s] -- Up-to-date: /home/habibahassan/project/install/ur_dashboard_msgs/include/ur_dashboard_msgs/ur_dashboard_msgs/srv/detail/popup__functions.c
[1.252s] -- Up-to-date: /home/habibahassan/project/install/ur_dashboard_msgs/include/ur_dashboard_msgs/ur_dashboard_msgs/srv/detail/is_program_running__struct.h
[1.252s] -- Installing: /home/habibahassan/project/install/ur_dashboard_msgs/include/ur_dashboard_msgs/ur_dashboard_msgs/srv/detail/popup__type_support.c
[1.253s] -- Up-to-date: /home/habibahassan/project/install/ur_dashboard_msgs/include/ur_dashboard_msgs/ur_dashboard_msgs/srv/detail/popup__description.c
[1.253s] -- Up-to-date: /home/habibahassan/project/install/ur_dashboard_msgs/include/ur_dashboard_msgs/ur_dashboard_msgs/srv/detail/is_program_saved__description.c
[1.253s] -- Installing: /home/habibahassan/project/install/ur_dashboard_msgs/include/ur_dashboard_msgs/ur_dashboard_msgs/srv/detail/get_program_state__type_support.c
[1.254s] -- Up-to-date: /home/habibahassan/project/install/ur_dashboard_msgs/include/ur_dashboard_msgs/ur_dashboard_msgs/srv/detail/raw_request__functions.h
[1.255s] -- Installing: /home/habibahassan/project/install/ur_dashboard_msgs/include/ur_dashboard_msgs/ur_dashboard_msgs/srv/detail/load__type_support.c
[1.256s] -- Installing: /home/habibahassan/project/install/ur_dashboard_msgs/include/ur_dashboard_msgs/ur_dashboard_msgs/srv/detail/is_program_saved__type_support.c
[1.256s] -- Up-to-date: /home/habibahassan/project/install/ur_dashboard_msgs/include/ur_dashboard_msgs/ur_dashboard_msgs/srv/detail/get_loaded_program__description.c
[1.257s] -- Up-to-date: /home/habibahassan/project/install/ur_dashboard_msgs/include/ur_dashboard_msgs/ur_dashboard_msgs/srv/detail/is_program_saved__functions.h
[1.258s] -- Up-to-date: /home/habibahassan/project/install/ur_dashboard_msgs/include/ur_dashboard_msgs/ur_dashboard_msgs/srv/detail/get_robot_mode__type_support.h
[1.258s] -- Up-to-date: /home/habibahassan/project/install/ur_dashboard_msgs/include/ur_dashboard_msgs/ur_dashboard_msgs/srv/detail/load__description.c
[1.258s] -- Up-to-date: /home/habibahassan/project/install/ur_dashboard_msgs/include/ur_dashboard_msgs/ur_dashboard_msgs/srv/detail/is_program_saved__type_support.h
[1.259s] -- Up-to-date: /home/habibahassan/project/install/ur_dashboard_msgs/include/ur_dashboard_msgs/ur_dashboard_msgs/srv/detail/add_to_log__description.c
[1.259s] -- Installing: /home/habibahassan/project/install/ur_dashboard_msgs/include/ur_dashboard_msgs/ur_dashboard_msgs/srv/detail/is_program_running__type_support.c
[1.259s] -- Installing: /home/habibahassan/project/install/ur_dashboard_msgs/include/ur_dashboard_msgs/ur_dashboard_msgs/srv/detail/get_loaded_program__type_support.c
[1.259s] -- Up-to-date: /home/habibahassan/project/install/ur_dashboard_msgs/include/ur_dashboard_msgs/ur_dashboard_msgs/srv/detail/is_program_running__functions.c
[1.260s] -- Up-to-date: /home/habibahassan/project/install/ur_dashboard_msgs/include/ur_dashboard_msgs/ur_dashboard_msgs/srv/detail/load__type_support.h
[1.260s] -- Up-to-date: /home/habibahassan/project/install/ur_dashboard_msgs/include/ur_dashboard_msgs/ur_dashboard_msgs/srv/detail/get_program_state__functions.h
[1.261s] -- Up-to-date: /home/habibahassan/project/install/ur_dashboard_msgs/include/ur_dashboard_msgs/ur_dashboard_msgs/srv/detail/get_loaded_program__type_support.h
[1.261s] -- Up-to-date: /home/habibahassan/project/install/ur_dashboard_msgs/include/ur_dashboard_msgs/ur_dashboard_msgs/srv/detail/get_safety_mode__struct.h
[1.262s] -- Installing: /home/habibahassan/project/install/ur_dashboard_msgs/include/ur_dashboard_msgs/ur_dashboard_msgs/srv/detail/get_robot_mode__type_support.c
[1.262s] -- Up-to-date: /home/habibahassan/project/install/ur_dashboard_msgs/include/ur_dashboard_msgs/ur_dashboard_msgs/srv/detail/load__struct.h
[1.263s] -- Up-to-date: /home/habibahassan/project/install/ur_dashboard_msgs/include/ur_dashboard_msgs/ur_dashboard_msgs/srv/detail/add_to_log__struct.h
[1.263s] -- Up-to-date: /home/habibahassan/project/install/ur_dashboard_msgs/include/ur_dashboard_msgs/ur_dashboard_msgs/srv/detail/get_robot_mode__description.c
[1.263s] -- Up-to-date: /home/habibahassan/project/install/ur_dashboard_msgs/include/ur_dashboard_msgs/ur_dashboard_msgs/srv/detail/get_safety_mode__description.c
[1.263s] -- Up-to-date: /home/habibahassan/project/install/ur_dashboard_msgs/include/ur_dashboard_msgs/ur_dashboard_msgs/srv/detail/get_safety_mode__functions.h
[1.264s] -- Up-to-date: /home/habibahassan/project/install/ur_dashboard_msgs/include/ur_dashboard_msgs/ur_dashboard_msgs/srv/detail/get_program_state__functions.c
[1.265s] -- Up-to-date: /home/habibahassan/project/install/ur_dashboard_msgs/include/ur_dashboard_msgs/ur_dashboard_msgs/srv/detail/raw_request__description.c
[1.266s] -- Up-to-date: /home/habibahassan/project/install/ur_dashboard_msgs/include/ur_dashboard_msgs/ur_dashboard_msgs/srv/detail/is_program_running__type_support.h
[1.266s] -- Up-to-date: /home/habibahassan/project/install/ur_dashboard_msgs/include/ur_dashboard_msgs/ur_dashboard_msgs/srv/detail/get_loaded_program__struct.h
[1.266s] -- Up-to-date: /home/habibahassan/project/install/ur_dashboard_msgs/include/ur_dashboard_msgs/ur_dashboard_msgs/srv/detail/popup__functions.h
[1.267s] -- Up-to-date: /home/habibahassan/project/install/ur_dashboard_msgs/include/ur_dashboard_msgs/ur_dashboard_msgs/srv/detail/get_program_state__description.c
[1.267s] -- Installing: /home/habibahassan/project/install/ur_dashboard_msgs/include/ur_dashboard_msgs/ur_dashboard_msgs/srv/detail/raw_request__type_support.c
[1.275s] -- Up-to-date: /home/habibahassan/project/install/ur_dashboard_msgs/include/ur_dashboard_msgs/ur_dashboard_msgs/srv/detail/raw_request__functions.c
[1.275s] -- Up-to-date: /home/habibahassan/project/install/ur_dashboard_msgs/include/ur_dashboard_msgs/ur_dashboard_msgs/srv/detail/get_robot_mode__functions.h
[1.275s] -- Up-to-date: /home/habibahassan/project/install/ur_dashboard_msgs/include/ur_dashboard_msgs/ur_dashboard_msgs/srv/detail/load__functions.h
[1.276s] -- Up-to-date: /home/habibahassan/project/install/ur_dashboard_msgs/include/ur_dashboard_msgs/ur_dashboard_msgs/srv/detail/is_program_running__functions.h
[1.277s] -- Up-to-date: /home/habibahassan/project/install/ur_dashboard_msgs/include/ur_dashboard_msgs/ur_dashboard_msgs/srv/detail/add_to_log__type_support.h
[1.277s] -- Up-to-date: /home/habibahassan/project/install/ur_dashboard_msgs/include/ur_dashboard_msgs/ur_dashboard_msgs/srv/detail/popup__struct.h
[1.277s] -- Up-to-date: /home/habibahassan/project/install/ur_dashboard_msgs/include/ur_dashboard_msgs/ur_dashboard_msgs/srv/detail/get_program_state__struct.h
[1.277s] -- Up-to-date: /home/habibahassan/project/install/ur_dashboard_msgs/include/ur_dashboard_msgs/ur_dashboard_msgs/srv/detail/popup__type_support.h
[1.278s] -- Installing: /home/habibahassan/project/install/ur_dashboard_msgs/include/ur_dashboard_msgs/ur_dashboard_msgs/srv/detail/get_safety_mode__type_support.c
[1.278s] -- Up-to-date: /home/habibahassan/project/install/ur_dashboard_msgs/include/ur_dashboard_msgs/ur_dashboard_msgs/srv/detail/get_robot_mode__functions.c
[1.278s] -- Up-to-date: /home/habibahassan/project/install/ur_dashboard_msgs/include/ur_dashboard_msgs/ur_dashboard_msgs/srv/detail/get_loaded_program__functions.h
[1.279s] -- Up-to-date: /home/habibahassan/project/install/ur_dashboard_msgs/include/ur_dashboard_msgs/ur_dashboard_msgs/srv/detail/raw_request__type_support.h
[1.279s] -- Up-to-date: /home/habibahassan/project/install/ur_dashboard_msgs/include/ur_dashboard_msgs/ur_dashboard_msgs/srv/detail/get_program_state__type_support.h
[1.279s] -- Installing: /home/habibahassan/project/install/ur_dashboard_msgs/include/ur_dashboard_msgs/ur_dashboard_msgs/srv/detail/add_to_log__type_support.c
[1.279s] -- Up-to-date: /home/habibahassan/project/install/ur_dashboard_msgs/include/ur_dashboard_msgs/ur_dashboard_msgs/action
[1.280s] -- Up-to-date: /home/habibahassan/project/install/ur_dashboard_msgs/include/ur_dashboard_msgs/ur_dashboard_msgs/action/set_mode.h
[1.280s] -- Up-to-date: /home/habibahassan/project/install/ur_dashboard_msgs/include/ur_dashboard_msgs/ur_dashboard_msgs/action/detail
[1.280s] -- Up-to-date: /home/habibahassan/project/install/ur_dashboard_msgs/include/ur_dashboard_msgs/ur_dashboard_msgs/action/detail/set_mode__description.c
[1.281s] -- Up-to-date: /home/habibahassan/project/install/ur_dashboard_msgs/include/ur_dashboard_msgs/ur_dashboard_msgs/action/detail/set_mode__functions.h
[1.281s] -- Installing: /home/habibahassan/project/install/ur_dashboard_msgs/include/ur_dashboard_msgs/ur_dashboard_msgs/action/detail/set_mode__type_support.c
[1.282s] -- Up-to-date: /home/habibahassan/project/install/ur_dashboard_msgs/include/ur_dashboard_msgs/ur_dashboard_msgs/action/detail/set_mode__type_support.h
[1.282s] -- Up-to-date: /home/habibahassan/project/install/ur_dashboard_msgs/include/ur_dashboard_msgs/ur_dashboard_msgs/action/detail/set_mode__functions.c
[1.282s] -- Up-to-date: /home/habibahassan/project/install/ur_dashboard_msgs/include/ur_dashboard_msgs/ur_dashboard_msgs/action/detail/set_mode__struct.h
[1.283s] -- Up-to-date: /home/habibahassan/project/install/ur_dashboard_msgs/include/ur_dashboard_msgs/ur_dashboard_msgs/msg
[1.283s] -- Up-to-date: /home/habibahassan/project/install/ur_dashboard_msgs/include/ur_dashboard_msgs/ur_dashboard_msgs/msg/safety_mode.h
[1.283s] -- Up-to-date: /home/habibahassan/project/install/ur_dashboard_msgs/include/ur_dashboard_msgs/ur_dashboard_msgs/msg/detail
[1.284s] -- Installing: /home/habibahassan/project/install/ur_dashboard_msgs/include/ur_dashboard_msgs/ur_dashboard_msgs/msg/detail/safety_mode__type_support.c
[1.284s] -- Installing: /home/habibahassan/project/install/ur_dashboard_msgs/include/ur_dashboard_msgs/ur_dashboard_msgs/msg/detail/robot_mode__type_support.c
[1.284s] -- Up-to-date: /home/habibahassan/project/install/ur_dashboard_msgs/include/ur_dashboard_msgs/ur_dashboard_msgs/msg/detail/program_state__struct.h
[1.284s] -- Up-to-date: /home/habibahassan/project/install/ur_dashboard_msgs/include/ur_dashboard_msgs/ur_dashboard_msgs/msg/detail/program_state__description.c
[1.285s] -- Installing: /home/habibahassan/project/install/ur_dashboard_msgs/include/ur_dashboard_msgs/ur_dashboard_msgs/msg/detail/program_state__type_support.c
[1.285s] -- Up-to-date: /home/habibahassan/project/install/ur_dashboard_msgs/include/ur_dashboard_msgs/ur_dashboard_msgs/msg/detail/program_state__type_support.h
[1.286s] -- Up-to-date: /home/habibahassan/project/install/ur_dashboard_msgs/include/ur_dashboard_msgs/ur_dashboard_msgs/msg/detail/robot_mode__struct.h
[1.286s] -- Up-to-date: /home/habibahassan/project/install/ur_dashboard_msgs/include/ur_dashboard_msgs/ur_dashboard_msgs/msg/detail/safety_mode__functions.c
[1.287s] -- Up-to-date: /home/habibahassan/project/install/ur_dashboard_msgs/include/ur_dashboard_msgs/ur_dashboard_msgs/msg/detail/robot_mode__description.c
[1.287s] -- Up-to-date: /home/habibahassan/project/install/ur_dashboard_msgs/include/ur_dashboard_msgs/ur_dashboard_msgs/msg/detail/safety_mode__type_support.h
[1.288s] -- Up-to-date: /home/habibahassan/project/install/ur_dashboard_msgs/include/ur_dashboard_msgs/ur_dashboard_msgs/msg/detail/program_state__functions.h
[1.288s] -- Up-to-date: /home/habibahassan/project/install/ur_dashboard_msgs/include/ur_dashboard_msgs/ur_dashboard_msgs/msg/detail/robot_mode__functions.c
[1.288s] -- Up-to-date: /home/habibahassan/project/install/ur_dashboard_msgs/include/ur_dashboard_msgs/ur_dashboard_msgs/msg/detail/robot_mode__functions.h
[1.289s] -- Up-to-date: /home/habibahassan/project/install/ur_dashboard_msgs/include/ur_dashboard_msgs/ur_dashboard_msgs/msg/detail/safety_mode__description.c
[1.289s] -- Up-to-date: /home/habibahassan/project/install/ur_dashboard_msgs/include/ur_dashboard_msgs/ur_dashboard_msgs/msg/detail/safety_mode__struct.h
[1.289s] -- Up-to-date: /home/habibahassan/project/install/ur_dashboard_msgs/include/ur_dashboard_msgs/ur_dashboard_msgs/msg/detail/program_state__functions.c
[1.290s] -- Up-to-date: /home/habibahassan/project/install/ur_dashboard_msgs/include/ur_dashboard_msgs/ur_dashboard_msgs/msg/detail/safety_mode__functions.h
[1.290s] -- Up-to-date: /home/habibahassan/project/install/ur_dashboard_msgs/include/ur_dashboard_msgs/ur_dashboard_msgs/msg/detail/robot_mode__type_support.h
[1.290s] -- Up-to-date: /home/habibahassan/project/install/ur_dashboard_msgs/include/ur_dashboard_msgs/ur_dashboard_msgs/msg/rosidl_generator_c__visibility_control.h
[1.291s] -- Up-to-date: /home/habibahassan/project/install/ur_dashboard_msgs/include/ur_dashboard_msgs/ur_dashboard_msgs/msg/robot_mode.h
[1.291s] -- Up-to-date: /home/habibahassan/project/install/ur_dashboard_msgs/include/ur_dashboard_msgs/ur_dashboard_msgs/msg/program_state.h
[1.291s] -- Up-to-date: /home/habibahassan/project/install/ur_dashboard_msgs/share/ur_dashboard_msgs/environment/library_path.sh
[1.292s] -- Up-to-date: /home/habibahassan/project/install/ur_dashboard_msgs/share/ur_dashboard_msgs/environment/library_path.dsv
[1.292s] -- Up-to-date: /home/habibahassan/project/install/ur_dashboard_msgs/lib/libur_dashboard_msgs__rosidl_generator_c.so
[1.292s] -- Up-to-date: /home/habibahassan/project/install/ur_dashboard_msgs/include/ur_dashboard_msgs/ur_dashboard_msgs
[1.293s] -- Up-to-date: /home/habibahassan/project/install/ur_dashboard_msgs/include/ur_dashboard_msgs/ur_dashboard_msgs/srv
[1.293s] -- Up-to-date: /home/habibahassan/project/install/ur_dashboard_msgs/include/ur_dashboard_msgs/ur_dashboard_msgs/srv/detail
[1.293s] -- Up-to-date: /home/habibahassan/project/install/ur_dashboard_msgs/include/ur_dashboard_msgs/ur_dashboard_msgs/srv/detail/load__rosidl_typesupport_fastrtps_c.h
[1.293s] -- Up-to-date: /home/habibahassan/project/install/ur_dashboard_msgs/include/ur_dashboard_msgs/ur_dashboard_msgs/srv/detail/raw_request__rosidl_typesupport_fastrtps_c.h
[1.294s] -- Up-to-date: /home/habibahassan/project/install/ur_dashboard_msgs/include/ur_dashboard_msgs/ur_dashboard_msgs/srv/detail/get_program_state__rosidl_typesupport_fastrtps_c.h
[1.294s] -- Up-to-date: /home/habibahassan/project/install/ur_dashboard_msgs/include/ur_dashboard_msgs/ur_dashboard_msgs/srv/detail/add_to_log__rosidl_typesupport_fastrtps_c.h
[1.294s] -- Up-to-date: /home/habibahassan/project/install/ur_dashboard_msgs/include/ur_dashboard_msgs/ur_dashboard_msgs/srv/detail/get_loaded_program__rosidl_typesupport_fastrtps_c.h
[1.294s] -- Up-to-date: /home/habibahassan/project/install/ur_dashboard_msgs/include/ur_dashboard_msgs/ur_dashboard_msgs/srv/detail/get_robot_mode__rosidl_typesupport_fastrtps_c.h
[1.296s] -- Up-to-date: /home/habibahassan/project/install/ur_dashboard_msgs/include/ur_dashboard_msgs/ur_dashboard_msgs/srv/detail/is_program_running__rosidl_typesupport_fastrtps_c.h
[1.296s] -- Up-to-date: /home/habibahassan/project/install/ur_dashboard_msgs/include/ur_dashboard_msgs/ur_dashboard_msgs/srv/detail/get_safety_mode__rosidl_typesupport_fastrtps_c.h
[1.296s] -- Up-to-date: /home/habibahassan/project/install/ur_dashboard_msgs/include/ur_dashboard_msgs/ur_dashboard_msgs/srv/detail/popup__rosidl_typesupport_fastrtps_c.h
[1.297s] -- Up-to-date: /home/habibahassan/project/install/ur_dashboard_msgs/include/ur_dashboard_msgs/ur_dashboard_msgs/srv/detail/is_program_saved__rosidl_typesupport_fastrtps_c.h
[1.297s] -- Up-to-date: /home/habibahassan/project/install/ur_dashboard_msgs/include/ur_dashboard_msgs/ur_dashboard_msgs/action
[1.297s] -- Up-to-date: /home/habibahassan/project/install/ur_dashboard_msgs/include/ur_dashboard_msgs/ur_dashboard_msgs/action/detail
[1.298s] -- Up-to-date: /home/habibahassan/project/install/ur_dashboard_msgs/include/ur_dashboard_msgs/ur_dashboard_msgs/action/detail/set_mode__rosidl_typesupport_fastrtps_c.h
[1.298s] -- Up-to-date: /home/habibahassan/project/install/ur_dashboard_msgs/include/ur_dashboard_msgs/ur_dashboard_msgs/msg
[1.298s] -- Up-to-date: /home/habibahassan/project/install/ur_dashboard_msgs/include/ur_dashboard_msgs/ur_dashboard_msgs/msg/detail
[1.299s] -- Up-to-date: /home/habibahassan/project/install/ur_dashboard_msgs/include/ur_dashboard_msgs/ur_dashboard_msgs/msg/detail/program_state__rosidl_typesupport_fastrtps_c.h
[1.299s] -- Up-to-date: /home/habibahassan/project/install/ur_dashboard_msgs/include/ur_dashboard_msgs/ur_dashboard_msgs/msg/detail/safety_mode__rosidl_typesupport_fastrtps_c.h
[1.299s] -- Up-to-date: /home/habibahassan/project/install/ur_dashboard_msgs/include/ur_dashboard_msgs/ur_dashboard_msgs/msg/detail/robot_mode__rosidl_typesupport_fastrtps_c.h
[1.300s] -- Up-to-date: /home/habibahassan/project/install/ur_dashboard_msgs/include/ur_dashboard_msgs/ur_dashboard_msgs/msg/rosidl_typesupport_fastrtps_c__visibility_control.h
[1.300s] -- Up-to-date: /home/habibahassan/project/install/ur_dashboard_msgs/lib/libur_dashboard_msgs__rosidl_typesupport_fastrtps_c.so
[1.301s] -- Up-to-date: /home/habibahassan/project/install/ur_dashboard_msgs/include/ur_dashboard_msgs/ur_dashboard_msgs
[1.302s] -- Up-to-date: /home/habibahassan/project/install/ur_dashboard_msgs/include/ur_dashboard_msgs/ur_dashboard_msgs/srv
[1.302s] -- Up-to-date: /home/habibahassan/project/install/ur_dashboard_msgs/include/ur_dashboard_msgs/ur_dashboard_msgs/srv/detail
[1.302s] -- Up-to-date: /home/habibahassan/project/install/ur_dashboard_msgs/include/ur_dashboard_msgs/ur_dashboard_msgs/srv/detail/get_loaded_program__rosidl_typesupport_introspection_c.h
[1.302s] -- Up-to-date: /home/habibahassan/project/install/ur_dashboard_msgs/include/ur_dashboard_msgs/ur_dashboard_msgs/srv/detail/get_program_state__rosidl_typesupport_introspection_c.h
[1.303s] -- Installing: /home/habibahassan/project/install/ur_dashboard_msgs/include/ur_dashboard_msgs/ur_dashboard_msgs/srv/detail/popup__type_support.c
[1.303s] -- Up-to-date: /home/habibahassan/project/install/ur_dashboard_msgs/include/ur_dashboard_msgs/ur_dashboard_msgs/srv/detail/get_robot_mode__rosidl_typesupport_introspection_c.h
[1.303s] -- Installing: /home/habibahassan/project/install/ur_dashboard_msgs/include/ur_dashboard_msgs/ur_dashboard_msgs/srv/detail/get_program_state__type_support.c
[1.304s] -- Installing: /home/habibahassan/project/install/ur_dashboard_msgs/include/ur_dashboard_msgs/ur_dashboard_msgs/srv/detail/load__type_support.c
[1.304s] -- Up-to-date: /home/habibahassan/project/install/ur_dashboard_msgs/include/ur_dashboard_msgs/ur_dashboard_msgs/srv/detail/popup__rosidl_typesupport_introspection_c.h
[1.305s] -- Up-to-date: /home/habibahassan/project/install/ur_dashboard_msgs/include/ur_dashboard_msgs/ur_dashboard_msgs/srv/detail/add_to_log__rosidl_typesupport_introspection_c.h
[1.305s] -- Installing: /home/habibahassan/project/install/ur_dashboard_msgs/include/ur_dashboard_msgs/ur_dashboard_msgs/srv/detail/is_program_saved__type_support.c
[1.305s] -- Installing: /home/habibahassan/project/install/ur_dashboard_msgs/include/ur_dashboard_msgs/ur_dashboard_msgs/srv/detail/is_program_running__type_support.c
[1.306s] -- Installing: /home/habibahassan/project/install/ur_dashboard_msgs/include/ur_dashboard_msgs/ur_dashboard_msgs/srv/detail/get_loaded_program__type_support.c
[1.306s] -- Up-to-date: /home/habibahassan/project/install/ur_dashboard_msgs/include/ur_dashboard_msgs/ur_dashboard_msgs/srv/detail/get_safety_mode__rosidl_typesupport_introspection_c.h
[1.306s] -- Up-to-date: /home/habibahassan/project/install/ur_dashboard_msgs/include/ur_dashboard_msgs/ur_dashboard_msgs/srv/detail/raw_request__rosidl_typesupport_introspection_c.h
[1.306s] -- Installing: /home/habibahassan/project/install/ur_dashboard_msgs/include/ur_dashboard_msgs/ur_dashboard_msgs/srv/detail/get_robot_mode__type_support.c
[1.306s] -- Up-to-date: /home/habibahassan/project/install/ur_dashboard_msgs/include/ur_dashboard_msgs/ur_dashboard_msgs/srv/detail/is_program_running__rosidl_typesupport_introspection_c.h
[1.306s] -- Installing: /home/habibahassan/project/install/ur_dashboard_msgs/include/ur_dashboard_msgs/ur_dashboard_msgs/srv/detail/raw_request__type_support.c
[1.307s] -- Installing: /home/habibahassan/project/install/ur_dashboard_msgs/include/ur_dashboard_msgs/ur_dashboard_msgs/srv/detail/get_safety_mode__type_support.c
[1.307s] -- Up-to-date: /home/habibahassan/project/install/ur_dashboard_msgs/include/ur_dashboard_msgs/ur_dashboard_msgs/srv/detail/load__rosidl_typesupport_introspection_c.h
[1.307s] -- Installing: /home/habibahassan/project/install/ur_dashboard_msgs/include/ur_dashboard_msgs/ur_dashboard_msgs/srv/detail/add_to_log__type_support.c
[1.307s] -- Up-to-date: /home/habibahassan/project/install/ur_dashboard_msgs/include/ur_dashboard_msgs/ur_dashboard_msgs/srv/detail/is_program_saved__rosidl_typesupport_introspection_c.h
[1.307s] -- Up-to-date: /home/habibahassan/project/install/ur_dashboard_msgs/include/ur_dashboard_msgs/ur_dashboard_msgs/action
[1.307s] -- Up-to-date: /home/habibahassan/project/install/ur_dashboard_msgs/include/ur_dashboard_msgs/ur_dashboard_msgs/action/detail
[1.307s] -- Installing: /home/habibahassan/project/install/ur_dashboard_msgs/include/ur_dashboard_msgs/ur_dashboard_msgs/action/detail/set_mode__type_support.c
[1.307s] -- Up-to-date: /home/habibahassan/project/install/ur_dashboard_msgs/include/ur_dashboard_msgs/ur_dashboard_msgs/action/detail/set_mode__rosidl_typesupport_introspection_c.h
[1.308s] -- Up-to-date: /home/habibahassan/project/install/ur_dashboard_msgs/include/ur_dashboard_msgs/ur_dashboard_msgs/msg
[1.308s] -- Up-to-date: /home/habibahassan/project/install/ur_dashboard_msgs/include/ur_dashboard_msgs/ur_dashboard_msgs/msg/detail
[1.308s] -- Installing: /home/habibahassan/project/install/ur_dashboard_msgs/include/ur_dashboard_msgs/ur_dashboard_msgs/msg/detail/safety_mode__type_support.c
[1.308s] -- Installing: /home/habibahassan/project/install/ur_dashboard_msgs/include/ur_dashboard_msgs/ur_dashboard_msgs/msg/detail/robot_mode__type_support.c
[1.308s] -- Installing: /home/habibahassan/project/install/ur_dashboard_msgs/include/ur_dashboard_msgs/ur_dashboard_msgs/msg/detail/program_state__type_support.c
[1.308s] -- Up-to-date: /home/habibahassan/project/install/ur_dashboard_msgs/include/ur_dashboard_msgs/ur_dashboard_msgs/msg/detail/program_state__rosidl_typesupport_introspection_c.h
[1.309s] -- Up-to-date: /home/habibahassan/project/install/ur_dashboard_msgs/include/ur_dashboard_msgs/ur_dashboard_msgs/msg/detail/robot_mode__rosidl_typesupport_introspection_c.h
[1.309s] -- Up-to-date: /home/habibahassan/project/install/ur_dashboard_msgs/include/ur_dashboard_msgs/ur_dashboard_msgs/msg/detail/safety_mode__rosidl_typesupport_introspection_c.h
[1.309s] -- Up-to-date: /home/habibahassan/project/install/ur_dashboard_msgs/include/ur_dashboard_msgs/ur_dashboard_msgs/msg/rosidl_typesupport_introspection_c__visibility_control.h
[1.309s] -- Up-to-date: /home/habibahassan/project/install/ur_dashboard_msgs/lib/libur_dashboard_msgs__rosidl_typesupport_introspection_c.so
[1.309s] -- Up-to-date: /home/habibahassan/project/install/ur_dashboard_msgs/lib/libur_dashboard_msgs__rosidl_typesupport_c.so
[1.309s] -- Up-to-date: /home/habibahassan/project/install/ur_dashboard_msgs/include/ur_dashboard_msgs/ur_dashboard_msgs
[1.310s] -- Up-to-date: /home/habibahassan/project/install/ur_dashboard_msgs/include/ur_dashboard_msgs/ur_dashboard_msgs/srv
[1.310s] -- Up-to-date: /home/habibahassan/project/install/ur_dashboard_msgs/include/ur_dashboard_msgs/ur_dashboard_msgs/srv/is_program_running.hpp
[1.310s] -- Up-to-date: /home/habibahassan/project/install/ur_dashboard_msgs/include/ur_dashboard_msgs/ur_dashboard_msgs/srv/get_program_state.hpp
[1.310s] -- Up-to-date: /home/habibahassan/project/install/ur_dashboard_msgs/include/ur_dashboard_msgs/ur_dashboard_msgs/srv/raw_request.hpp
[1.310s] -- Up-to-date: /home/habibahassan/project/install/ur_dashboard_msgs/include/ur_dashboard_msgs/ur_dashboard_msgs/srv/is_program_saved.hpp
[1.310s] -- Up-to-date: /home/habibahassan/project/install/ur_dashboard_msgs/include/ur_dashboard_msgs/ur_dashboard_msgs/srv/popup.hpp
[1.311s] -- Up-to-date: /home/habibahassan/project/install/ur_dashboard_msgs/include/ur_dashboard_msgs/ur_dashboard_msgs/srv/get_loaded_program.hpp
[1.311s] -- Up-to-date: /home/habibahassan/project/install/ur_dashboard_msgs/include/ur_dashboard_msgs/ur_dashboard_msgs/srv/add_to_log.hpp
[1.311s] -- Up-to-date: /home/habibahassan/project/install/ur_dashboard_msgs/include/ur_dashboard_msgs/ur_dashboard_msgs/srv/detail
[1.311s] -- Up-to-date: /home/habibahassan/project/install/ur_dashboard_msgs/include/ur_dashboard_msgs/ur_dashboard_msgs/srv/detail/get_loaded_program__traits.hpp
[1.312s] -- Up-to-date: /home/habibahassan/project/install/ur_dashboard_msgs/include/ur_dashboard_msgs/ur_dashboard_msgs/srv/detail/get_safety_mode__builder.hpp
[1.312s] -- Up-to-date: /home/habibahassan/project/install/ur_dashboard_msgs/include/ur_dashboard_msgs/ur_dashboard_msgs/srv/detail/get_safety_mode__traits.hpp
[1.312s] -- Up-to-date: /home/habibahassan/project/install/ur_dashboard_msgs/include/ur_dashboard_msgs/ur_dashboard_msgs/srv/detail/get_loaded_program__type_support.hpp
[1.312s] -- Up-to-date: /home/habibahassan/project/install/ur_dashboard_msgs/include/ur_dashboard_msgs/ur_dashboard_msgs/srv/detail/add_to_log__type_support.hpp
[1.312s] -- Up-to-date: /home/habibahassan/project/install/ur_dashboard_msgs/include/ur_dashboard_msgs/ur_dashboard_msgs/srv/detail/get_robot_mode__struct.hpp
[1.312s] -- Up-to-date: /home/habibahassan/project/install/ur_dashboard_msgs/include/ur_dashboard_msgs/ur_dashboard_msgs/srv/detail/add_to_log__traits.hpp
[1.312s] -- Up-to-date: /home/habibahassan/project/install/ur_dashboard_msgs/include/ur_dashboard_msgs/ur_dashboard_msgs/srv/detail/popup__type_support.hpp
[1.313s] -- Up-to-date: /home/habibahassan/project/install/ur_dashboard_msgs/include/ur_dashboard_msgs/ur_dashboard_msgs/srv/detail/load__type_support.hpp
[1.313s] -- Up-to-date: /home/habibahassan/project/install/ur_dashboard_msgs/include/ur_dashboard_msgs/ur_dashboard_msgs/srv/detail/is_program_saved__builder.hpp
[1.313s] -- Up-to-date: /home/habibahassan/project/install/ur_dashboard_msgs/include/ur_dashboard_msgs/ur_dashboard_msgs/srv/detail/is_program_running__traits.hpp
[1.313s] -- Up-to-date: /home/habibahassan/project/install/ur_dashboard_msgs/include/ur_dashboard_msgs/ur_dashboard_msgs/srv/detail/popup__traits.hpp
[1.313s] -- Up-to-date: /home/habibahassan/project/install/ur_dashboard_msgs/include/ur_dashboard_msgs/ur_dashboard_msgs/srv/detail/get_safety_mode__struct.hpp
[1.313s] -- Up-to-date: /home/habibahassan/project/install/ur_dashboard_msgs/include/ur_dashboard_msgs/ur_dashboard_msgs/srv/detail/is_program_running__type_support.hpp
[1.314s] -- Up-to-date: /home/habibahassan/project/install/ur_dashboard_msgs/include/ur_dashboard_msgs/ur_dashboard_msgs/srv/detail/is_program_running__struct.hpp
[1.314s] -- Up-to-date: /home/habibahassan/project/install/ur_dashboard_msgs/include/ur_dashboard_msgs/ur_dashboard_msgs/srv/detail/get_program_state__builder.hpp
[1.314s] -- Up-to-date: /home/habibahassan/project/install/ur_dashboard_msgs/include/ur_dashboard_msgs/ur_dashboard_msgs/srv/detail/get_robot_mode__traits.hpp
[1.314s] -- Up-to-date: /home/habibahassan/project/install/ur_dashboard_msgs/include/ur_dashboard_msgs/ur_dashboard_msgs/srv/detail/is_program_running__builder.hpp
[1.314s] -- Up-to-date: /home/habibahassan/project/install/ur_dashboard_msgs/include/ur_dashboard_msgs/ur_dashboard_msgs/srv/detail/load__struct.hpp
[1.315s] -- Up-to-date: /home/habibahassan/project/install/ur_dashboard_msgs/include/ur_dashboard_msgs/ur_dashboard_msgs/srv/detail/raw_request__traits.hpp
[1.315s] -- Up-to-date: /home/habibahassan/project/install/ur_dashboard_msgs/include/ur_dashboard_msgs/ur_dashboard_msgs/srv/detail/get_safety_mode__type_support.hpp
[1.315s] -- Up-to-date: /home/habibahassan/project/install/ur_dashboard_msgs/include/ur_dashboard_msgs/ur_dashboard_msgs/srv/detail/load__builder.hpp
[1.319s] -- Up-to-date: /home/habibahassan/project/install/ur_dashboard_msgs/include/ur_dashboard_msgs/ur_dashboard_msgs/srv/detail/is_program_saved__struct.hpp
[1.320s] -- Up-to-date: /home/habibahassan/project/install/ur_dashboard_msgs/include/ur_dashboard_msgs/ur_dashboard_msgs/srv/detail/raw_request__type_support.hpp
[1.320s] -- Up-to-date: /home/habibahassan/project/install/ur_dashboard_msgs/include/ur_dashboard_msgs/ur_dashboard_msgs/srv/detail/is_program_saved__type_support.hpp
[1.320s] -- Up-to-date: /home/habibahassan/project/install/ur_dashboard_msgs/include/ur_dashboard_msgs/ur_dashboard_msgs/srv/detail/add_to_log__struct.hpp
[1.321s] -- Up-to-date: /home/habibahassan/project/install/ur_dashboard_msgs/include/ur_dashboard_msgs/ur_dashboard_msgs/srv/detail/get_loaded_program__struct.hpp
[1.321s] -- Up-to-date: /home/habibahassan/project/install/ur_dashboard_msgs/include/ur_dashboard_msgs/ur_dashboard_msgs/srv/detail/raw_request__builder.hpp
[1.321s] -- Up-to-date: /home/habibahassan/project/install/ur_dashboard_msgs/include/ur_dashboard_msgs/ur_dashboard_msgs/srv/detail/popup__struct.hpp
[1.321s] -- Up-to-date: /home/habibahassan/project/install/ur_dashboard_msgs/include/ur_dashboard_msgs/ur_dashboard_msgs/srv/detail/get_program_state__struct.hpp
[1.321s] -- Up-to-date: /home/habibahassan/project/install/ur_dashboard_msgs/include/ur_dashboard_msgs/ur_dashboard_msgs/srv/detail/raw_request__struct.hpp
[1.321s] -- Up-to-date: /home/habibahassan/project/install/ur_dashboard_msgs/include/ur_dashboard_msgs/ur_dashboard_msgs/srv/detail/is_program_saved__traits.hpp
[1.322s] -- Up-to-date: /home/habibahassan/project/install/ur_dashboard_msgs/include/ur_dashboard_msgs/ur_dashboard_msgs/srv/detail/add_to_log__builder.hpp
[1.322s] -- Up-to-date: /home/habibahassan/project/install/ur_dashboard_msgs/include/ur_dashboard_msgs/ur_dashboard_msgs/srv/detail/popup__builder.hpp
[1.322s] -- Up-to-date: /home/habibahassan/project/install/ur_dashboard_msgs/include/ur_dashboard_msgs/ur_dashboard_msgs/srv/detail/load__traits.hpp
[1.322s] -- Up-to-date: /home/habibahassan/project/install/ur_dashboard_msgs/include/ur_dashboard_msgs/ur_dashboard_msgs/srv/detail/get_program_state__type_support.hpp
[1.322s] -- Up-to-date: /home/habibahassan/project/install/ur_dashboard_msgs/include/ur_dashboard_msgs/ur_dashboard_msgs/srv/detail/get_loaded_program__builder.hpp
[1.322s] -- Up-to-date: /home/habibahassan/project/install/ur_dashboard_msgs/include/ur_dashboard_msgs/ur_dashboard_msgs/srv/detail/get_robot_mode__type_support.hpp
[1.322s] -- Up-to-date: /home/habibahassan/project/install/ur_dashboard_msgs/include/ur_dashboard_msgs/ur_dashboard_msgs/srv/detail/get_robot_mode__builder.hpp
[1.322s] -- Up-to-date: /home/habibahassan/project/install/ur_dashboard_msgs/include/ur_dashboard_msgs/ur_dashboard_msgs/srv/detail/get_program_state__traits.hpp
[1.322s] -- Up-to-date: /home/habibahassan/project/install/ur_dashboard_msgs/include/ur_dashboard_msgs/ur_dashboard_msgs/srv/get_robot_mode.hpp
[1.323s] -- Up-to-date: /home/habibahassan/project/install/ur_dashboard_msgs/include/ur_dashboard_msgs/ur_dashboard_msgs/srv/load.hpp
[1.323s] -- Up-to-date: /home/habibahassan/project/install/ur_dashboard_msgs/include/ur_dashboard_msgs/ur_dashboard_msgs/srv/get_safety_mode.hpp
[1.323s] -- Up-to-date: /home/habibahassan/project/install/ur_dashboard_msgs/include/ur_dashboard_msgs/ur_dashboard_msgs/action
[1.323s] -- Up-to-date: /home/habibahassan/project/install/ur_dashboard_msgs/include/ur_dashboard_msgs/ur_dashboard_msgs/action/set_mode.hpp
[1.323s] -- Up-to-date: /home/habibahassan/project/install/ur_dashboard_msgs/include/ur_dashboard_msgs/ur_dashboard_msgs/action/detail
[1.323s] -- Up-to-date: /home/habibahassan/project/install/ur_dashboard_msgs/include/ur_dashboard_msgs/ur_dashboard_msgs/action/detail/set_mode__type_support.hpp
[1.324s] -- Up-to-date: /home/habibahassan/project/install/ur_dashboard_msgs/include/ur_dashboard_msgs/ur_dashboard_msgs/action/detail/set_mode__builder.hpp
[1.324s] -- Up-to-date: /home/habibahassan/project/install/ur_dashboard_msgs/include/ur_dashboard_msgs/ur_dashboard_msgs/action/detail/set_mode__struct.hpp
[1.324s] -- Up-to-date: /home/habibahassan/project/install/ur_dashboard_msgs/include/ur_dashboard_msgs/ur_dashboard_msgs/action/detail/set_mode__traits.hpp
[1.324s] -- Up-to-date: /home/habibahassan/project/install/ur_dashboard_msgs/include/ur_dashboard_msgs/ur_dashboard_msgs/msg
[1.324s] -- Up-to-date: /home/habibahassan/project/install/ur_dashboard_msgs/include/ur_dashboard_msgs/ur_dashboard_msgs/msg/robot_mode.hpp
[1.324s] -- Up-to-date: /home/habibahassan/project/install/ur_dashboard_msgs/include/ur_dashboard_msgs/ur_dashboard_msgs/msg/program_state.hpp
[1.324s] -- Up-to-date: /home/habibahassan/project/install/ur_dashboard_msgs/include/ur_dashboard_msgs/ur_dashboard_msgs/msg/rosidl_generator_cpp__visibility_control.hpp
[1.337s] -- Up-to-date: /home/habibahassan/project/install/ur_dashboard_msgs/include/ur_dashboard_msgs/ur_dashboard_msgs/msg/detail
[1.357s] -- Up-to-date: /home/habibahassan/project/install/ur_dashboard_msgs/include/ur_dashboard_msgs/ur_dashboard_msgs/msg/detail/safety_mode__traits.hpp
[1.357s] -- Up-to-date: /home/habibahassan/project/install/ur_dashboard_msgs/include/ur_dashboard_msgs/ur_dashboard_msgs/msg/detail/program_state__type_support.hpp
[1.357s] -- Up-to-date: /home/habibahassan/project/install/ur_dashboard_msgs/include/ur_dashboard_msgs/ur_dashboard_msgs/msg/detail/safety_mode__builder.hpp
[1.358s] -- Up-to-date: /home/habibahassan/project/install/ur_dashboard_msgs/include/ur_dashboard_msgs/ur_dashboard_msgs/msg/detail/program_state__traits.hpp
[1.358s] -- Up-to-date: /home/habibahassan/project/install/ur_dashboard_msgs/include/ur_dashboard_msgs/ur_dashboard_msgs/msg/detail/robot_mode__traits.hpp
[1.358s] -- Up-to-date: /home/habibahassan/project/install/ur_dashboard_msgs/include/ur_dashboard_msgs/ur_dashboard_msgs/msg/detail/safety_mode__type_support.hpp
[1.359s] -- Up-to-date: /home/habibahassan/project/install/ur_dashboard_msgs/include/ur_dashboard_msgs/ur_dashboard_msgs/msg/detail/robot_mode__struct.hpp
[1.359s] -- Up-to-date: /home/habibahassan/project/install/ur_dashboard_msgs/include/ur_dashboard_msgs/ur_dashboard_msgs/msg/detail/robot_mode__builder.hpp
[1.361s] -- Up-to-date: /home/habibahassan/project/install/ur_dashboard_msgs/include/ur_dashboard_msgs/ur_dashboard_msgs/msg/detail/program_state__struct.hpp
[1.361s] -- Up-to-date: /home/habibahassan/project/install/ur_dashboard_msgs/include/ur_dashboard_msgs/ur_dashboard_msgs/msg/detail/program_state__builder.hpp
[1.361s] -- Up-to-date: /home/habibahassan/project/install/ur_dashboard_msgs/include/ur_dashboard_msgs/ur_dashboard_msgs/msg/detail/safety_mode__struct.hpp
[1.361s] -- Up-to-date: /home/habibahassan/project/install/ur_dashboard_msgs/include/ur_dashboard_msgs/ur_dashboard_msgs/msg/detail/robot_mode__type_support.hpp
[1.362s] -- Up-to-date: /home/habibahassan/project/install/ur_dashboard_msgs/include/ur_dashboard_msgs/ur_dashboard_msgs/msg/safety_mode.hpp
[1.362s] -- Up-to-date: /home/habibahassan/project/install/ur_dashboard_msgs/include/ur_dashboard_msgs/ur_dashboard_msgs
[1.362s] -- Up-to-date: /home/habibahassan/project/install/ur_dashboard_msgs/include/ur_dashboard_msgs/ur_dashboard_msgs/srv
[1.362s] -- Up-to-date: /home/habibahassan/project/install/ur_dashboard_msgs/include/ur_dashboard_msgs/ur_dashboard_msgs/srv/detail
[1.363s] -- Up-to-date: /home/habibahassan/project/install/ur_dashboard_msgs/include/ur_dashboard_msgs/ur_dashboard_msgs/srv/detail/load__rosidl_typesupport_fastrtps_cpp.hpp
[1.363s] -- Up-to-date: /home/habibahassan/project/install/ur_dashboard_msgs/include/ur_dashboard_msgs/ur_dashboard_msgs/srv/detail/get_safety_mode__rosidl_typesupport_fastrtps_cpp.hpp
[1.363s] -- Up-to-date: /home/habibahassan/project/install/ur_dashboard_msgs/include/ur_dashboard_msgs/ur_dashboard_msgs/srv/detail/get_loaded_program__rosidl_typesupport_fastrtps_cpp.hpp
[1.363s] -- Up-to-date: /home/habibahassan/project/install/ur_dashboard_msgs/include/ur_dashboard_msgs/ur_dashboard_msgs/srv/detail/get_program_state__rosidl_typesupport_fastrtps_cpp.hpp
[1.363s] -- Up-to-date: /home/habibahassan/project/install/ur_dashboard_msgs/include/ur_dashboard_msgs/ur_dashboard_msgs/srv/detail/is_program_saved__rosidl_typesupport_fastrtps_cpp.hpp
[1.363s] -- Up-to-date: /home/habibahassan/project/install/ur_dashboard_msgs/include/ur_dashboard_msgs/ur_dashboard_msgs/srv/detail/raw_request__rosidl_typesupport_fastrtps_cpp.hpp
[1.364s] -- Up-to-date: /home/habibahassan/project/install/ur_dashboard_msgs/include/ur_dashboard_msgs/ur_dashboard_msgs/srv/detail/get_robot_mode__rosidl_typesupport_fastrtps_cpp.hpp
[1.364s] -- Up-to-date: /home/habibahassan/project/install/ur_dashboard_msgs/include/ur_dashboard_msgs/ur_dashboard_msgs/srv/detail/popup__rosidl_typesupport_fastrtps_cpp.hpp
[1.364s] -- Up-to-date: /home/habibahassan/project/install/ur_dashboard_msgs/include/ur_dashboard_msgs/ur_dashboard_msgs/srv/detail/add_to_log__rosidl_typesupport_fastrtps_cpp.hpp
[1.364s] -- Up-to-date: /home/habibahassan/project/install/ur_dashboard_msgs/include/ur_dashboard_msgs/ur_dashboard_msgs/srv/detail/dds_fastrtps
[1.364s] -- Up-to-date: /home/habibahassan/project/install/ur_dashboard_msgs/include/ur_dashboard_msgs/ur_dashboard_msgs/srv/detail/is_program_running__rosidl_typesupport_fastrtps_cpp.hpp
[1.364s] -- Up-to-date: /home/habibahassan/project/install/ur_dashboard_msgs/include/ur_dashboard_msgs/ur_dashboard_msgs/action
[1.364s] -- Up-to-date: /home/habibahassan/project/install/ur_dashboard_msgs/include/ur_dashboard_msgs/ur_dashboard_msgs/action/detail
[1.364s] -- Up-to-date: /home/habibahassan/project/install/ur_dashboard_msgs/include/ur_dashboard_msgs/ur_dashboard_msgs/action/detail/set_mode__rosidl_typesupport_fastrtps_cpp.hpp
[1.365s] -- Up-to-date: /home/habibahassan/project/install/ur_dashboard_msgs/include/ur_dashboard_msgs/ur_dashboard_msgs/action/detail/dds_fastrtps
[1.375s] -- Up-to-date: /home/habibahassan/project/install/ur_dashboard_msgs/include/ur_dashboard_msgs/ur_dashboard_msgs/msg
[1.375s] -- Up-to-date: /home/habibahassan/project/install/ur_dashboard_msgs/include/ur_dashboard_msgs/ur_dashboard_msgs/msg/rosidl_typesupport_fastrtps_cpp__visibility_control.h
[1.376s] -- Up-to-date: /home/habibahassan/project/install/ur_dashboard_msgs/include/ur_dashboard_msgs/ur_dashboard_msgs/msg/detail
[1.376s] -- Up-to-date: /home/habibahassan/project/install/ur_dashboard_msgs/include/ur_dashboard_msgs/ur_dashboard_msgs/msg/detail/program_state__rosidl_typesupport_fastrtps_cpp.hpp
[1.376s] -- Up-to-date: /home/habibahassan/project/install/ur_dashboard_msgs/include/ur_dashboard_msgs/ur_dashboard_msgs/msg/detail/robot_mode__rosidl_typesupport_fastrtps_cpp.hpp
[1.376s] -- Up-to-date: /home/habibahassan/project/install/ur_dashboard_msgs/include/ur_dashboard_msgs/ur_dashboard_msgs/msg/detail/dds_fastrtps
[1.376s] -- Up-to-date: /home/habibahassan/project/install/ur_dashboard_msgs/include/ur_dashboard_msgs/ur_dashboard_msgs/msg/detail/safety_mode__rosidl_typesupport_fastrtps_cpp.hpp
[1.377s] -- Up-to-date: /home/habibahassan/project/install/ur_dashboard_msgs/lib/libur_dashboard_msgs__rosidl_typesupport_fastrtps_cpp.so
[1.377s] -- Up-to-date: /home/habibahassan/project/install/ur_dashboard_msgs/include/ur_dashboard_msgs/ur_dashboard_msgs
[1.377s] -- Up-to-date: /home/habibahassan/project/install/ur_dashboard_msgs/include/ur_dashboard_msgs/ur_dashboard_msgs/srv
[1.377s] -- Up-to-date: /home/habibahassan/project/install/ur_dashboard_msgs/include/ur_dashboard_msgs/ur_dashboard_msgs/srv/detail
[1.378s] -- Up-to-date: /home/habibahassan/project/install/ur_dashboard_msgs/include/ur_dashboard_msgs/ur_dashboard_msgs/srv/detail/raw_request__type_support.cpp
[1.378s] -- Up-to-date: /home/habibahassan/project/install/ur_dashboard_msgs/include/ur_dashboard_msgs/ur_dashboard_msgs/srv/detail/get_program_state__rosidl_typesupport_introspection_cpp.hpp
[1.378s] -- Up-to-date: /home/habibahassan/project/install/ur_dashboard_msgs/include/ur_dashboard_msgs/ur_dashboard_msgs/srv/detail/is_program_running__rosidl_typesupport_introspection_cpp.hpp
[1.379s] -- Up-to-date: /home/habibahassan/project/install/ur_dashboard_msgs/include/ur_dashboard_msgs/ur_dashboard_msgs/srv/detail/is_program_saved__type_support.cpp
[1.379s] -- Up-to-date: /home/habibahassan/project/install/ur_dashboard_msgs/include/ur_dashboard_msgs/ur_dashboard_msgs/srv/detail/is_program_saved__rosidl_typesupport_introspection_cpp.hpp
[1.379s] -- Up-to-date: /home/habibahassan/project/install/ur_dashboard_msgs/include/ur_dashboard_msgs/ur_dashboard_msgs/srv/detail/raw_request__rosidl_typesupport_introspection_cpp.hpp
[1.380s] -- Up-to-date: /home/habibahassan/project/install/ur_dashboard_msgs/include/ur_dashboard_msgs/ur_dashboard_msgs/srv/detail/load__rosidl_typesupport_introspection_cpp.hpp
[1.392s] -- Up-to-date: /home/habibahassan/project/install/ur_dashboard_msgs/include/ur_dashboard_msgs/ur_dashboard_msgs/srv/detail/add_to_log__rosidl_typesupport_introspection_cpp.hpp
[1.392s] -- Up-to-date: /home/habibahassan/project/install/ur_dashboard_msgs/include/ur_dashboard_msgs/ur_dashboard_msgs/srv/detail/add_to_log__type_support.cpp
[1.393s] -- Up-to-date: /home/habibahassan/project/install/ur_dashboard_msgs/include/ur_dashboard_msgs/ur_dashboard_msgs/srv/detail/get_robot_mode__type_support.cpp
[1.393s] -- Up-to-date: /home/habibahassan/project/install/ur_dashboard_msgs/include/ur_dashboard_msgs/ur_dashboard_msgs/srv/detail/load__type_support.cpp
[1.393s] -- Up-to-date: /home/habibahassan/project/install/ur_dashboard_msgs/include/ur_dashboard_msgs/ur_dashboard_msgs/srv/detail/get_loaded_program__rosidl_typesupport_introspection_cpp.hpp
[1.393s] -- Up-to-date: /home/habibahassan/project/install/ur_dashboard_msgs/include/ur_dashboard_msgs/ur_dashboard_msgs/srv/detail/is_program_running__type_support.cpp
[1.393s] -- Up-to-date: /home/habibahassan/project/install/ur_dashboard_msgs/include/ur_dashboard_msgs/ur_dashboard_msgs/srv/detail/get_robot_mode__rosidl_typesupport_introspection_cpp.hpp
[1.393s] -- Up-to-date: /home/habibahassan/project/install/ur_dashboard_msgs/include/ur_dashboard_msgs/ur_dashboard_msgs/srv/detail/popup__rosidl_typesupport_introspection_cpp.hpp
[1.393s] -- Up-to-date: /home/habibahassan/project/install/ur_dashboard_msgs/include/ur_dashboard_msgs/ur_dashboard_msgs/srv/detail/popup__type_support.cpp
[1.394s] -- Up-to-date: /home/habibahassan/project/install/ur_dashboard_msgs/include/ur_dashboard_msgs/ur_dashboard_msgs/srv/detail/get_safety_mode__type_support.cpp
[1.394s] -- Up-to-date: /home/habibahassan/project/install/ur_dashboard_msgs/include/ur_dashboard_msgs/ur_dashboard_msgs/srv/detail/get_program_state__type_support.cpp
[1.394s] -- Up-to-date: /home/habibahassan/project/install/ur_dashboard_msgs/include/ur_dashboard_msgs/ur_dashboard_msgs/srv/detail/get_safety_mode__rosidl_typesupport_introspection_cpp.hpp
[1.394s] -- Up-to-date: /home/habibahassan/project/install/ur_dashboard_msgs/include/ur_dashboard_msgs/ur_dashboard_msgs/srv/detail/get_loaded_program__type_support.cpp
[1.394s] -- Up-to-date: /home/habibahassan/project/install/ur_dashboard_msgs/include/ur_dashboard_msgs/ur_dashboard_msgs/action
[1.394s] -- Up-to-date: /home/habibahassan/project/install/ur_dashboard_msgs/include/ur_dashboard_msgs/ur_dashboard_msgs/action/detail
[1.394s] -- Up-to-date: /home/habibahassan/project/install/ur_dashboard_msgs/include/ur_dashboard_msgs/ur_dashboard_msgs/action/detail/set_mode__rosidl_typesupport_introspection_cpp.hpp
[1.394s] -- Up-to-date: /home/habibahassan/project/install/ur_dashboard_msgs/include/ur_dashboard_msgs/ur_dashboard_msgs/action/detail/set_mode__type_support.cpp
[1.395s] -- Up-to-date: /home/habibahassan/project/install/ur_dashboard_msgs/include/ur_dashboard_msgs/ur_dashboard_msgs/msg
[1.395s] -- Up-to-date: /home/habibahassan/project/install/ur_dashboard_msgs/include/ur_dashboard_msgs/ur_dashboard_msgs/msg/detail
[1.395s] -- Up-to-date: /home/habibahassan/project/install/ur_dashboard_msgs/include/ur_dashboard_msgs/ur_dashboard_msgs/msg/detail/program_state__type_support.cpp
[1.395s] -- Up-to-date: /home/habibahassan/project/install/ur_dashboard_msgs/include/ur_dashboard_msgs/ur_dashboard_msgs/msg/detail/safety_mode__type_support.cpp
[1.395s] -- Up-to-date: /home/habibahassan/project/install/ur_dashboard_msgs/include/ur_dashboard_msgs/ur_dashboard_msgs/msg/detail/program_state__rosidl_typesupport_introspection_cpp.hpp
[1.395s] -- Up-to-date: /home/habibahassan/project/install/ur_dashboard_msgs/include/ur_dashboard_msgs/ur_dashboard_msgs/msg/detail/robot_mode__type_support.cpp
[1.395s] -- Up-to-date: /home/habibahassan/project/install/ur_dashboard_msgs/include/ur_dashboard_msgs/ur_dashboard_msgs/msg/detail/robot_mode__rosidl_typesupport_introspection_cpp.hpp
[1.396s] -- Up-to-date: /home/habibahassan/project/install/ur_dashboard_msgs/include/ur_dashboard_msgs/ur_dashboard_msgs/msg/detail/safety_mode__rosidl_typesupport_introspection_cpp.hpp
[1.396s] -- Up-to-date: /home/habibahassan/project/install/ur_dashboard_msgs/lib/libur_dashboard_msgs__rosidl_typesupport_introspection_cpp.so
[1.396s] -- Up-to-date: /home/habibahassan/project/install/ur_dashboard_msgs/lib/libur_dashboard_msgs__rosidl_typesupport_cpp.so
[1.396s] -- Up-to-date: /home/habibahassan/project/install/ur_dashboard_msgs/share/ur_dashboard_msgs/environment/pythonpath.sh
[1.396s] -- Up-to-date: /home/habibahassan/project/install/ur_dashboard_msgs/share/ur_dashboard_msgs/environment/pythonpath.dsv
[1.396s] -- Up-to-date: /home/habibahassan/project/install/ur_dashboard_msgs/lib/python3.12/site-packages/ur_dashboard_msgs-3.1.1-py3.12.egg-info
[1.396s] -- Installing: /home/habibahassan/project/install/ur_dashboard_msgs/lib/python3.12/site-packages/ur_dashboard_msgs-3.1.1-py3.12.egg-info/SOURCES.txt
[1.396s] -- Installing: /home/habibahassan/project/install/ur_dashboard_msgs/lib/python3.12/site-packages/ur_dashboard_msgs-3.1.1-py3.12.egg-info/top_level.txt
[1.396s] -- Installing: /home/habibahassan/project/install/ur_dashboard_msgs/lib/python3.12/site-packages/ur_dashboard_msgs-3.1.1-py3.12.egg-info/dependency_links.txt
[1.397s] -- Installing: /home/habibahassan/project/install/ur_dashboard_msgs/lib/python3.12/site-packages/ur_dashboard_msgs-3.1.1-py3.12.egg-info/PKG-INFO
[1.397s] -- Up-to-date: /home/habibahassan/project/install/ur_dashboard_msgs/lib/python3.12/site-packages/ur_dashboard_msgs
[1.397s] -- Up-to-date: /home/habibahassan/project/install/ur_dashboard_msgs/lib/python3.12/site-packages/ur_dashboard_msgs/srv
[1.397s] -- Up-to-date: /home/habibahassan/project/install/ur_dashboard_msgs/lib/python3.12/site-packages/ur_dashboard_msgs/srv/_is_program_running.py
[1.397s] -- Up-to-date: /home/habibahassan/project/install/ur_dashboard_msgs/lib/python3.12/site-packages/ur_dashboard_msgs/srv/_get_robot_mode.py
[1.408s] -- Up-to-date: /home/habibahassan/project/install/ur_dashboard_msgs/lib/python3.12/site-packages/ur_dashboard_msgs/srv/_popup.py
[1.424s] -- Up-to-date: /home/habibahassan/project/install/ur_dashboard_msgs/lib/python3.12/site-packages/ur_dashboard_msgs/srv/__init__.py
[1.424s] -- Up-to-date: /home/habibahassan/project/install/ur_dashboard_msgs/lib/python3.12/site-packages/ur_dashboard_msgs/srv/_load.py
[1.424s] -- Up-to-date: /home/habibahassan/project/install/ur_dashboard_msgs/lib/python3.12/site-packages/ur_dashboard_msgs/srv/_get_program_state_s.c
[1.425s] -- Up-to-date: /home/habibahassan/project/install/ur_dashboard_msgs/lib/python3.12/site-packages/ur_dashboard_msgs/srv/_get_loaded_program.py
[1.425s] -- Up-to-date: /home/habibahassan/project/install/ur_dashboard_msgs/lib/python3.12/site-packages/ur_dashboard_msgs/srv/_get_robot_mode_s.c
[1.425s] -- Up-to-date: /home/habibahassan/project/install/ur_dashboard_msgs/lib/python3.12/site-packages/ur_dashboard_msgs/srv/_get_loaded_program_s.c
[1.425s] -- Up-to-date: /home/habibahassan/project/install/ur_dashboard_msgs/lib/python3.12/site-packages/ur_dashboard_msgs/srv/_is_program_running_s.c
[1.425s] -- Up-to-date: /home/habibahassan/project/install/ur_dashboard_msgs/lib/python3.12/site-packages/ur_dashboard_msgs/srv/_add_to_log.py
[1.425s] -- Up-to-date: /home/habibahassan/project/install/ur_dashboard_msgs/lib/python3.12/site-packages/ur_dashboard_msgs/srv/_get_program_state.py
[1.425s] -- Up-to-date: /home/habibahassan/project/install/ur_dashboard_msgs/lib/python3.12/site-packages/ur_dashboard_msgs/srv/_load_s.c
[1.425s] -- Up-to-date: /home/habibahassan/project/install/ur_dashboard_msgs/lib/python3.12/site-packages/ur_dashboard_msgs/srv/_popup_s.c
[1.425s] -- Up-to-date: /home/habibahassan/project/install/ur_dashboard_msgs/lib/python3.12/site-packages/ur_dashboard_msgs/srv/_get_safety_mode_s.c
[1.426s] -- Up-to-date: /home/habibahassan/project/install/ur_dashboard_msgs/lib/python3.12/site-packages/ur_dashboard_msgs/srv/_is_program_saved.py
[1.426s] -- Up-to-date: /home/habibahassan/project/install/ur_dashboard_msgs/lib/python3.12/site-packages/ur_dashboard_msgs/srv/_is_program_saved_s.c
[1.426s] -- Up-to-date: /home/habibahassan/project/install/ur_dashboard_msgs/lib/python3.12/site-packages/ur_dashboard_msgs/srv/_get_safety_mode.py
[1.426s] -- Up-to-date: /home/habibahassan/project/install/ur_dashboard_msgs/lib/python3.12/site-packages/ur_dashboard_msgs/srv/_raw_request_s.c
[1.426s] -- Up-to-date: /home/habibahassan/project/install/ur_dashboard_msgs/lib/python3.12/site-packages/ur_dashboard_msgs/srv/_add_to_log_s.c
[1.426s] -- Up-to-date: /home/habibahassan/project/install/ur_dashboard_msgs/lib/python3.12/site-packages/ur_dashboard_msgs/srv/_raw_request.py
[1.426s] -- Up-to-date: /home/habibahassan/project/install/ur_dashboard_msgs/lib/python3.12/site-packages/ur_dashboard_msgs/_ur_dashboard_msgs_s.ep.rosidl_typesupport_fastrtps_c.c
[1.426s] -- Up-to-date: /home/habibahassan/project/install/ur_dashboard_msgs/lib/python3.12/site-packages/ur_dashboard_msgs/action
[1.427s] -- Up-to-date: /home/habibahassan/project/install/ur_dashboard_msgs/lib/python3.12/site-packages/ur_dashboard_msgs/action/__init__.py
[1.427s] -- Up-to-date: /home/habibahassan/project/install/ur_dashboard_msgs/lib/python3.12/site-packages/ur_dashboard_msgs/action/_set_mode.py
[1.427s] -- Up-to-date: /home/habibahassan/project/install/ur_dashboard_msgs/lib/python3.12/site-packages/ur_dashboard_msgs/action/_set_mode_s.c
[1.427s] -- Up-to-date: /home/habibahassan/project/install/ur_dashboard_msgs/lib/python3.12/site-packages/ur_dashboard_msgs/__init__.py
[1.427s] -- Up-to-date: /home/habibahassan/project/install/ur_dashboard_msgs/lib/python3.12/site-packages/ur_dashboard_msgs/ur_dashboard_msgs_s__rosidl_typesupport_c.so
[1.427s] -- Up-to-date: /home/habibahassan/project/install/ur_dashboard_msgs/lib/python3.12/site-packages/ur_dashboard_msgs/_ur_dashboard_msgs_s.ep.rosidl_typesupport_introspection_c.c
[1.427s] -- Up-to-date: /home/habibahassan/project/install/ur_dashboard_msgs/lib/python3.12/site-packages/ur_dashboard_msgs/_ur_dashboard_msgs_s.ep.rosidl_typesupport_c.c
[1.428s] -- Up-to-date: /home/habibahassan/project/install/ur_dashboard_msgs/lib/python3.12/site-packages/ur_dashboard_msgs/msg
[1.428s] -- Up-to-date: /home/habibahassan/project/install/ur_dashboard_msgs/lib/python3.12/site-packages/ur_dashboard_msgs/msg/_robot_mode.py
[1.428s] -- Up-to-date: /home/habibahassan/project/install/ur_dashboard_msgs/lib/python3.12/site-packages/ur_dashboard_msgs/msg/__init__.py
[1.428s] -- Up-to-date: /home/habibahassan/project/install/ur_dashboard_msgs/lib/python3.12/site-packages/ur_dashboard_msgs/msg/_program_state.py
[1.428s] -- Up-to-date: /home/habibahassan/project/install/ur_dashboard_msgs/lib/python3.12/site-packages/ur_dashboard_msgs/msg/_safety_mode.py
[1.428s] -- Up-to-date: /home/habibahassan/project/install/ur_dashboard_msgs/lib/python3.12/site-packages/ur_dashboard_msgs/msg/_robot_mode_s.c
[1.428s] -- Up-to-date: /home/habibahassan/project/install/ur_dashboard_msgs/lib/python3.12/site-packages/ur_dashboard_msgs/msg/_safety_mode_s.c
[1.428s] -- Up-to-date: /home/habibahassan/project/install/ur_dashboard_msgs/lib/python3.12/site-packages/ur_dashboard_msgs/msg/_program_state_s.c
[1.429s] -- Up-to-date: /home/habibahassan/project/install/ur_dashboard_msgs/lib/python3.12/site-packages/ur_dashboard_msgs/ur_dashboard_msgs_s__rosidl_typesupport_fastrtps_c.so
[1.429s] -- Up-to-date: /home/habibahassan/project/install/ur_dashboard_msgs/lib/python3.12/site-packages/ur_dashboard_msgs/ur_dashboard_msgs_s__rosidl_typesupport_introspection_c.so
[1.429s] Listing '/home/habibahassan/project/install/ur_dashboard_msgs/lib/python3.12/site-packages/ur_dashboard_msgs'...
[1.429s] Listing '/home/habibahassan/project/install/ur_dashboard_msgs/lib/python3.12/site-packages/ur_dashboard_msgs/action'...
[1.429s] Listing '/home/habibahassan/project/install/ur_dashboard_msgs/lib/python3.12/site-packages/ur_dashboard_msgs/msg'...
[1.429s] Listing '/home/habibahassan/project/install/ur_dashboard_msgs/lib/python3.12/site-packages/ur_dashboard_msgs/srv'...
[1.430s] -- Up-to-date: /home/habibahassan/project/install/ur_dashboard_msgs/lib/python3.12/site-packages/ur_dashboard_msgs/ur_dashboard_msgs_s__rosidl_typesupport_fastrtps_c.so
[1.430s] -- Up-to-date: /home/habibahassan/project/install/ur_dashboard_msgs/lib/python3.12/site-packages/ur_dashboard_msgs/ur_dashboard_msgs_s__rosidl_typesupport_introspection_c.so
[1.430s] -- Up-to-date: /home/habibahassan/project/install/ur_dashboard_msgs/lib/python3.12/site-packages/ur_dashboard_msgs/ur_dashboard_msgs_s__rosidl_typesupport_c.so
[1.430s] -- Up-to-date: /home/habibahassan/project/install/ur_dashboard_msgs/lib/libur_dashboard_msgs__rosidl_generator_py.so
[1.431s] -- Up-to-date: /home/habibahassan/project/install/ur_dashboard_msgs/share/ur_dashboard_msgs/msg/ProgramState.idl
[1.437s] -- Up-to-date: /home/habibahassan/project/install/ur_dashboard_msgs/share/ur_dashboard_msgs/msg/RobotMode.idl
[1.442s] -- Up-to-date: /home/habibahassan/project/install/ur_dashboard_msgs/share/ur_dashboard_msgs/msg/SafetyMode.idl
[1.443s] -- Up-to-date: /home/habibahassan/project/install/ur_dashboard_msgs/share/ur_dashboard_msgs/srv/AddToLog.idl
[1.443s] -- Up-to-date: /home/habibahassan/project/install/ur_dashboard_msgs/share/ur_dashboard_msgs/srv/GetLoadedProgram.idl
[1.443s] -- Up-to-date: /home/habibahassan/project/install/ur_dashboard_msgs/share/ur_dashboard_msgs/srv/GetProgramState.idl
[1.443s] -- Up-to-date: /home/habibahassan/project/install/ur_dashboard_msgs/share/ur_dashboard_msgs/srv/GetRobotMode.idl
[1.443s] -- Up-to-date: /home/habibahassan/project/install/ur_dashboard_msgs/share/ur_dashboard_msgs/srv/GetSafetyMode.idl
[1.443s] -- Up-to-date: /home/habibahassan/project/install/ur_dashboard_msgs/share/ur_dashboard_msgs/srv/IsProgramRunning.idl
[1.443s] -- Up-to-date: /home/habibahassan/project/install/ur_dashboard_msgs/share/ur_dashboard_msgs/srv/IsProgramSaved.idl
[1.443s] -- Up-to-date: /home/habibahassan/project/install/ur_dashboard_msgs/share/ur_dashboard_msgs/srv/Load.idl
[1.444s] -- Up-to-date: /home/habibahassan/project/install/ur_dashboard_msgs/share/ur_dashboard_msgs/srv/Popup.idl
[1.444s] -- Up-to-date: /home/habibahassan/project/install/ur_dashboard_msgs/share/ur_dashboard_msgs/srv/RawRequest.idl
[1.444s] -- Up-to-date: /home/habibahassan/project/install/ur_dashboard_msgs/share/ur_dashboard_msgs/action/SetMode.idl
[1.444s] -- Up-to-date: /home/habibahassan/project/install/ur_dashboard_msgs/share/ur_dashboard_msgs/msg/ProgramState.msg
[1.444s] -- Up-to-date: /home/habibahassan/project/install/ur_dashboard_msgs/share/ur_dashboard_msgs/msg/RobotMode.msg
[1.444s] -- Up-to-date: /home/habibahassan/project/install/ur_dashboard_msgs/share/ur_dashboard_msgs/msg/SafetyMode.msg
[1.444s] -- Up-to-date: /home/habibahassan/project/install/ur_dashboard_msgs/share/ur_dashboard_msgs/srv/AddToLog.srv
[1.445s] -- Up-to-date: /home/habibahassan/project/install/ur_dashboard_msgs/share/ur_dashboard_msgs/srv/GetLoadedProgram.srv
[1.445s] -- Up-to-date: /home/habibahassan/project/install/ur_dashboard_msgs/share/ur_dashboard_msgs/srv/GetProgramState.srv
[1.445s] -- Up-to-date: /home/habibahassan/project/install/ur_dashboard_msgs/share/ur_dashboard_msgs/srv/GetRobotMode.srv
[1.445s] -- Up-to-date: /home/habibahassan/project/install/ur_dashboard_msgs/share/ur_dashboard_msgs/srv/GetSafetyMode.srv
[1.445s] -- Up-to-date: /home/habibahassan/project/install/ur_dashboard_msgs/share/ur_dashboard_msgs/srv/IsProgramRunning.srv
[1.445s] -- Up-to-date: /home/habibahassan/project/install/ur_dashboard_msgs/share/ur_dashboard_msgs/srv/IsProgramSaved.srv
[1.445s] -- Up-to-date: /home/habibahassan/project/install/ur_dashboard_msgs/share/ur_dashboard_msgs/srv/Load.srv
[1.446s] -- Up-to-date: /home/habibahassan/project/install/ur_dashboard_msgs/share/ur_dashboard_msgs/srv/Popup.srv
[1.446s] -- Up-to-date: /home/habibahassan/project/install/ur_dashboard_msgs/share/ur_dashboard_msgs/srv/RawRequest.srv
[1.446s] -- Up-to-date: /home/habibahassan/project/install/ur_dashboard_msgs/share/ur_dashboard_msgs/action/SetMode.action
[1.446s] -- Up-to-date: /home/habibahassan/project/install/ur_dashboard_msgs/share/ament_index/resource_index/package_run_dependencies/ur_dashboard_msgs
[1.446s] -- Up-to-date: /home/habibahassan/project/install/ur_dashboard_msgs/share/ament_index/resource_index/parent_prefix_path/ur_dashboard_msgs
[1.446s] -- Up-to-date: /home/habibahassan/project/install/ur_dashboard_msgs/share/ur_dashboard_msgs/environment/ament_prefix_path.sh
[1.446s] -- Up-to-date: /home/habibahassan/project/install/ur_dashboard_msgs/share/ur_dashboard_msgs/environment/ament_prefix_path.dsv
[1.447s] -- Up-to-date: /home/habibahassan/project/install/ur_dashboard_msgs/share/ur_dashboard_msgs/environment/path.sh
[1.447s] -- Up-to-date: /home/habibahassan/project/install/ur_dashboard_msgs/share/ur_dashboard_msgs/environment/path.dsv
[1.447s] -- Up-to-date: /home/habibahassan/project/install/ur_dashboard_msgs/share/ur_dashboard_msgs/local_setup.bash
[1.447s] -- Up-to-date: /home/habibahassan/project/install/ur_dashboard_msgs/share/ur_dashboard_msgs/local_setup.sh
[1.447s] -- Up-to-date: /home/habibahassan/project/install/ur_dashboard_msgs/share/ur_dashboard_msgs/local_setup.zsh
[1.447s] -- Up-to-date: /home/habibahassan/project/install/ur_dashboard_msgs/share/ur_dashboard_msgs/local_setup.dsv
[1.447s] -- Installing: /home/habibahassan/project/install/ur_dashboard_msgs/share/ur_dashboard_msgs/package.dsv
[1.448s] -- Up-to-date: /home/habibahassan/project/install/ur_dashboard_msgs/share/ament_index/resource_index/packages/ur_dashboard_msgs
[1.448s] -- Up-to-date: /home/habibahassan/project/install/ur_dashboard_msgs/share/ur_dashboard_msgs/cmake/export_ur_dashboard_msgs__rosidl_generator_cExport.cmake
[1.448s] -- Up-to-date: /home/habibahassan/project/install/ur_dashboard_msgs/share/ur_dashboard_msgs/cmake/export_ur_dashboard_msgs__rosidl_generator_cExport-noconfig.cmake
[1.449s] -- Up-to-date: /home/habibahassan/project/install/ur_dashboard_msgs/share/ur_dashboard_msgs/cmake/export_ur_dashboard_msgs__rosidl_typesupport_fastrtps_cExport.cmake
[1.450s] -- Up-to-date: /home/habibahassan/project/install/ur_dashboard_msgs/share/ur_dashboard_msgs/cmake/export_ur_dashboard_msgs__rosidl_typesupport_fastrtps_cExport-noconfig.cmake
[1.450s] -- Up-to-date: /home/habibahassan/project/install/ur_dashboard_msgs/share/ur_dashboard_msgs/cmake/ur_dashboard_msgs__rosidl_typesupport_introspection_cExport.cmake
[1.450s] -- Up-to-date: /home/habibahassan/project/install/ur_dashboard_msgs/share/ur_dashboard_msgs/cmake/ur_dashboard_msgs__rosidl_typesupport_introspection_cExport-noconfig.cmake
[1.450s] -- Up-to-date: /home/habibahassan/project/install/ur_dashboard_msgs/share/ur_dashboard_msgs/cmake/ur_dashboard_msgs__rosidl_typesupport_cExport.cmake
[1.451s] -- Up-to-date: /home/habibahassan/project/install/ur_dashboard_msgs/share/ur_dashboard_msgs/cmake/ur_dashboard_msgs__rosidl_typesupport_cExport-noconfig.cmake
[1.451s] -- Up-to-date: /home/habibahassan/project/install/ur_dashboard_msgs/share/ur_dashboard_msgs/cmake/export_ur_dashboard_msgs__rosidl_generator_cppExport.cmake
[1.451s] -- Up-to-date: /home/habibahassan/project/install/ur_dashboard_msgs/share/ur_dashboard_msgs/cmake/export_ur_dashboard_msgs__rosidl_typesupport_fastrtps_cppExport.cmake
[1.451s] -- Up-to-date: /home/habibahassan/project/install/ur_dashboard_msgs/share/ur_dashboard_msgs/cmake/export_ur_dashboard_msgs__rosidl_typesupport_fastrtps_cppExport-noconfig.cmake
[1.451s] -- Up-to-date: /home/habibahassan/project/install/ur_dashboard_msgs/share/ur_dashboard_msgs/cmake/ur_dashboard_msgs__rosidl_typesupport_introspection_cppExport.cmake
[1.451s] -- Up-to-date: /home/habibahassan/project/install/ur_dashboard_msgs/share/ur_dashboard_msgs/cmake/ur_dashboard_msgs__rosidl_typesupport_introspection_cppExport-noconfig.cmake
[1.452s] -- Up-to-date: /home/habibahassan/project/install/ur_dashboard_msgs/share/ur_dashboard_msgs/cmake/ur_dashboard_msgs__rosidl_typesupport_cppExport.cmake
[1.452s] -- Up-to-date: /home/habibahassan/project/install/ur_dashboard_msgs/share/ur_dashboard_msgs/cmake/ur_dashboard_msgs__rosidl_typesupport_cppExport-noconfig.cmake
[1.452s] -- Up-to-date: /home/habibahassan/project/install/ur_dashboard_msgs/share/ur_dashboard_msgs/cmake/export_ur_dashboard_msgs__rosidl_generator_pyExport.cmake
[1.452s] -- Up-to-date: /home/habibahassan/project/install/ur_dashboard_msgs/share/ur_dashboard_msgs/cmake/export_ur_dashboard_msgs__rosidl_generator_pyExport-noconfig.cmake
[1.452s] -- Up-to-date: /home/habibahassan/project/install/ur_dashboard_msgs/share/ur_dashboard_msgs/cmake/rosidl_cmake-extras.cmake
[1.452s] -- Up-to-date: /home/habibahassan/project/install/ur_dashboard_msgs/share/ur_dashboard_msgs/cmake/ament_cmake_export_dependencies-extras.cmake
[1.453s] -- Up-to-date: /home/habibahassan/project/install/ur_dashboard_msgs/share/ur_dashboard_msgs/cmake/ament_cmake_export_include_directories-extras.cmake
[1.453s] -- Up-to-date: /home/habibahassan/project/install/ur_dashboard_msgs/share/ur_dashboard_msgs/cmake/ament_cmake_export_libraries-extras.cmake
[1.460s] -- Up-to-date: /home/habibahassan/project/install/ur_dashboard_msgs/share/ur_dashboard_msgs/cmake/ament_cmake_export_targets-extras.cmake
[1.463s] -- Up-to-date: /home/habibahassan/project/install/ur_dashboard_msgs/share/ur_dashboard_msgs/cmake/rosidl_cmake_export_typesupport_targets-extras.cmake
[1.483s] -- Up-to-date: /home/habibahassan/project/install/ur_dashboard_msgs/share/ur_dashboard_msgs/cmake/rosidl_cmake_export_typesupport_libraries-extras.cmake
[1.484s] -- Up-to-date: /home/habibahassan/project/install/ur_dashboard_msgs/share/ur_dashboard_msgs/cmake/ur_dashboard_msgsConfig.cmake
[1.484s] -- Up-to-date: /home/habibahassan/project/install/ur_dashboard_msgs/share/ur_dashboard_msgs/cmake/ur_dashboard_msgsConfig-version.cmake
[1.485s] -- Up-to-date: /home/habibahassan/project/install/ur_dashboard_msgs/share/ur_dashboard_msgs/package.xml
[1.524s] Invoked command in '/home/habibahassan/project/build/ur_dashboard_msgs' returned '0': CMAKE_PREFIX_PATH=${CMAKE_PREFIX_PATH}:/home/habibahassan/project/install/moveit_configs_utils:/opt/ros/jazzy DEBUGINFOD_URLS=https://debuginfod.ubuntu.com /usr/bin/cmake --install /home/habibahassan/project/build/ur_dashboard_msgs
