[0.105s] Invoking command in '/home/habibahassan/project/build/ur_dashboard_msgs': CMAKE_PREFIX_PATH=${CMAKE_PREFIX_PATH}:/home/habibahassan/project/install/moveit_configs_utils:/opt/ros/jazzy DEBUGINFOD_URLS=https://debuginfod.ubuntu.com /usr/bin/cmake --build /home/habibahassan/project/build/ur_dashboard_msgs -- -j8 -l8
[0.393s] [  0%] Built target ur_dashboard_msgs__rosidl_generator_type_description
[0.503s] [  0%] Built target ur_dashboard_msgs__cpp
[0.524s] [  0%] Built target ament_cmake_python_copy_ur_dashboard_msgs
[0.568s] [ 27%] Built target ur_dashboard_msgs__rosidl_generator_c
[0.766s] [ 37%] Built target ur_dashboard_msgs__rosidl_typesupport_fastrtps_c
[0.782s] [ 47%] Built target ur_dashboard_msgs__rosidl_typesupport_cpp
[0.783s] [ 57%] Built target ur_dashboard_msgs__rosidl_typesupport_c
[0.812s] [ 67%] Built target ur_dashboard_msgs__rosidl_typesupport_introspection_c
[0.901s] [ 77%] Built target ur_dashboard_msgs__rosidl_typesupport_introspection_cpp
[0.902s] [ 86%] Built target ur_dashboard_msgs__rosidl_typesupport_fastrtps_cpp
[1.325s] [ 86%] Built target ur_dashboard_msgs
[1.929s] [ 87%] Built target ur_dashboard_msgs__py
[2.096s] [ 96%] Built target ur_dashboard_msgs__rosidl_generator_py
[2.214s] [ 97%] Built target ur_dashboard_msgs_s__rosidl_typesupport_fastrtps_c
[2.222s] [ 98%] Built target ur_dashboard_msgs_s__rosidl_typesupport_c
[2.234s] [100%] Built target ur_dashboard_msgs_s__rosidl_typesupport_introspection_c
[2.248s] running egg_info
[2.262s] writing ur_dashboard_msgs.egg-info/PKG-INFO
[2.262s] writing dependency_links to ur_dashboard_msgs.egg-info/dependency_links.txt
[2.262s] writing top-level names to ur_dashboard_msgs.egg-info/top_level.txt
[2.474s] reading manifest file 'ur_dashboard_msgs.egg-info/SOURCES.txt'
[2.475s] writing manifest file 'ur_dashboard_msgs.egg-info/SOURCES.txt'
[2.561s] [100%] Built target ament_cmake_python_build_ur_dashboard_msgs_egg
[2.622s] Invoked command in '/home/habibahassan/project/build/ur_dashboard_msgs' returned '0': CMAKE_PREFIX_PATH=${CMAKE_PREFIX_PATH}:/home/habibahassan/project/install/moveit_configs_utils:/opt/ros/jazzy DEBUGINFOD_URLS=https://debuginfod.ubuntu.com /usr/bin/cmake --build /home/habibahassan/project/build/ur_dashboard_msgs -- -j8 -l8
[2.625s] Invoking command in '/home/habibahassan/project/build/ur_dashboard_msgs': CMAKE_PREFIX_PATH=${CMAKE_PREFIX_PATH}:/home/habibahassan/project/install/moveit_configs_utils:/opt/ros/jazzy DEBUGINFOD_URLS=https://debuginfod.ubuntu.com /usr/bin/cmake --install /home/habibahassan/project/build/ur_dashboard_msgs
[2.678s] -- Install configuration: ""
[2.678s] -- Up-to-date: /home/habibahassan/project/install/ur_dashboard_msgs/share/ament_index/resource_index/rosidl_interfaces/ur_dashboard_msgs
[2.678s] -- Up-to-date: /home/habibahassan/project/install/ur_dashboard_msgs/share/ur_dashboard_msgs/msg/ProgramState.json
[2.679s] -- Up-to-date: /home/habibahassan/project/install/ur_dashboard_msgs/share/ur_dashboard_msgs/msg/RobotMode.json
[2.679s] -- Up-to-date: /home/habibahassan/project/install/ur_dashboard_msgs/share/ur_dashboard_msgs/msg/SafetyMode.json
[2.679s] -- Up-to-date: /home/habibahassan/project/install/ur_dashboard_msgs/share/ur_dashboard_msgs/srv/AddToLog.json
[2.680s] -- Up-to-date: /home/habibahassan/project/install/ur_dashboard_msgs/share/ur_dashboard_msgs/srv/GetLoadedProgram.json
[2.680s] -- Up-to-date: /home/habibahassan/project/install/ur_dashboard_msgs/share/ur_dashboard_msgs/srv/GetProgramState.json
[2.681s] -- Up-to-date: /home/habibahassan/project/install/ur_dashboard_msgs/share/ur_dashboard_msgs/srv/GetRobotMode.json
[2.681s] -- Up-to-date: /home/habibahassan/project/install/ur_dashboard_msgs/share/ur_dashboard_msgs/srv/GetSafetyMode.json
[2.681s] -- Up-to-date: /home/habibahassan/project/install/ur_dashboard_msgs/share/ur_dashboard_msgs/srv/IsProgramRunning.json
[2.682s] -- Up-to-date: /home/habibahassan/project/install/ur_dashboard_msgs/share/ur_dashboard_msgs/srv/IsProgramSaved.json
[2.682s] -- Up-to-date: /home/habibahassan/project/install/ur_dashboard_msgs/share/ur_dashboard_msgs/srv/Load.json
[2.682s] -- Up-to-date: /home/habibahassan/project/install/ur_dashboard_msgs/share/ur_dashboard_msgs/srv/Popup.json
[2.684s] -- Up-to-date: /home/habibahassan/project/install/ur_dashboard_msgs/share/ur_dashboard_msgs/srv/RawRequest.json
[2.685s] -- Up-to-date: /home/habibahassan/project/install/ur_dashboard_msgs/share/ur_dashboard_msgs/action/SetMode.json
[2.685s] -- Up-to-date: /home/habibahassan/project/install/ur_dashboard_msgs/include/ur_dashboard_msgs/ur_dashboard_msgs
[2.685s] -- Up-to-date: /home/habibahassan/project/install/ur_dashboard_msgs/include/ur_dashboard_msgs/ur_dashboard_msgs/srv
[2.685s] -- Up-to-date: /home/habibahassan/project/install/ur_dashboard_msgs/include/ur_dashboard_msgs/ur_dashboard_msgs/srv/get_safety_mode.h
[2.686s] -- Up-to-date: /home/habibahassan/project/install/ur_dashboard_msgs/include/ur_dashboard_msgs/ur_dashboard_msgs/srv/get_program_state.h
[2.686s] -- Up-to-date: /home/habibahassan/project/install/ur_dashboard_msgs/include/ur_dashboard_msgs/ur_dashboard_msgs/srv/is_program_running.h
[2.686s] -- Up-to-date: /home/habibahassan/project/install/ur_dashboard_msgs/include/ur_dashboard_msgs/ur_dashboard_msgs/srv/is_program_saved.h
[2.686s] -- Up-to-date: /home/habibahassan/project/install/ur_dashboard_msgs/include/ur_dashboard_msgs/ur_dashboard_msgs/srv/add_to_log.h
[2.687s] -- Up-to-date: /home/habibahassan/project/install/ur_dashboard_msgs/include/ur_dashboard_msgs/ur_dashboard_msgs/srv/get_loaded_program.h
[2.687s] -- Up-to-date: /home/habibahassan/project/install/ur_dashboard_msgs/include/ur_dashboard_msgs/ur_dashboard_msgs/srv/popup.h
[2.687s] -- Up-to-date: /home/habibahassan/project/install/ur_dashboard_msgs/include/ur_dashboard_msgs/ur_dashboard_msgs/srv/raw_request.h
[2.705s] -- Up-to-date: /home/habibahassan/project/install/ur_dashboard_msgs/include/ur_dashboard_msgs/ur_dashboard_msgs/srv/get_robot_mode.h
[2.705s] -- Up-to-date: /home/habibahassan/project/install/ur_dashboard_msgs/include/ur_dashboard_msgs/ur_dashboard_msgs/srv/load.h
[2.706s] -- Up-to-date: /home/habibahassan/project/install/ur_dashboard_msgs/include/ur_dashboard_msgs/ur_dashboard_msgs/srv/detail
[2.706s] -- Up-to-date: /home/habibahassan/project/install/ur_dashboard_msgs/include/ur_dashboard_msgs/ur_dashboard_msgs/srv/detail/is_program_running__description.c
[2.711s] -- Up-to-date: /home/habibahassan/project/install/ur_dashboard_msgs/include/ur_dashboard_msgs/ur_dashboard_msgs/srv/detail/get_safety_mode__type_support.h
[2.721s] -- Up-to-date: /home/habibahassan/project/install/ur_dashboard_msgs/include/ur_dashboard_msgs/ur_dashboard_msgs/srv/detail/get_loaded_program__functions.c
[2.721s] -- Up-to-date: /home/habibahassan/project/install/ur_dashboard_msgs/include/ur_dashboard_msgs/ur_dashboard_msgs/srv/detail/load__functions.c
[2.721s] -- Up-to-date: /home/habibahassan/project/install/ur_dashboard_msgs/include/ur_dashboard_msgs/ur_dashboard_msgs/srv/detail/add_to_log__functions.h
[2.721s] -- Up-to-date: /home/habibahassan/project/install/ur_dashboard_msgs/include/ur_dashboard_msgs/ur_dashboard_msgs/srv/detail/is_program_saved__functions.c
[2.721s] -- Up-to-date: /home/habibahassan/project/install/ur_dashboard_msgs/include/ur_dashboard_msgs/ur_dashboard_msgs/srv/detail/get_robot_mode__struct.h
[2.722s] -- Up-to-date: /home/habibahassan/project/install/ur_dashboard_msgs/include/ur_dashboard_msgs/ur_dashboard_msgs/srv/detail/is_program_saved__struct.h
[2.722s] -- Up-to-date: /home/habibahassan/project/install/ur_dashboard_msgs/include/ur_dashboard_msgs/ur_dashboard_msgs/srv/detail/raw_request__struct.h
[2.722s] -- Up-to-date: /home/habibahassan/project/install/ur_dashboard_msgs/include/ur_dashboard_msgs/ur_dashboard_msgs/srv/detail/get_safety_mode__functions.c
[2.722s] -- Up-to-date: /home/habibahassan/project/install/ur_dashboard_msgs/include/ur_dashboard_msgs/ur_dashboard_msgs/srv/detail/add_to_log__functions.c
[2.723s] -- Up-to-date: /home/habibahassan/project/install/ur_dashboard_msgs/include/ur_dashboard_msgs/ur_dashboard_msgs/srv/detail/popup__functions.c
[2.724s] -- Up-to-date: /home/habibahassan/project/install/ur_dashboard_msgs/include/ur_dashboard_msgs/ur_dashboard_msgs/srv/detail/is_program_running__struct.h
[2.724s] -- Installing: /home/habibahassan/project/install/ur_dashboard_msgs/include/ur_dashboard_msgs/ur_dashboard_msgs/srv/detail/popup__type_support.c
[2.724s] -- Up-to-date: /home/habibahassan/project/install/ur_dashboard_msgs/include/ur_dashboard_msgs/ur_dashboard_msgs/srv/detail/popup__description.c
[2.724s] -- Up-to-date: /home/habibahassan/project/install/ur_dashboard_msgs/include/ur_dashboard_msgs/ur_dashboard_msgs/srv/detail/is_program_saved__description.c
[2.724s] -- Installing: /home/habibahassan/project/install/ur_dashboard_msgs/include/ur_dashboard_msgs/ur_dashboard_msgs/srv/detail/get_program_state__type_support.c
[2.725s] -- Up-to-date: /home/habibahassan/project/install/ur_dashboard_msgs/include/ur_dashboard_msgs/ur_dashboard_msgs/srv/detail/raw_request__functions.h
[2.725s] -- Installing: /home/habibahassan/project/install/ur_dashboard_msgs/include/ur_dashboard_msgs/ur_dashboard_msgs/srv/detail/load__type_support.c
[2.725s] -- Installing: /home/habibahassan/project/install/ur_dashboard_msgs/include/ur_dashboard_msgs/ur_dashboard_msgs/srv/detail/is_program_saved__type_support.c
[2.725s] -- Up-to-date: /home/habibahassan/project/install/ur_dashboard_msgs/include/ur_dashboard_msgs/ur_dashboard_msgs/srv/detail/get_loaded_program__description.c
[2.725s] -- Up-to-date: /home/habibahassan/project/install/ur_dashboard_msgs/include/ur_dashboard_msgs/ur_dashboard_msgs/srv/detail/is_program_saved__functions.h
[2.726s] -- Up-to-date: /home/habibahassan/project/install/ur_dashboard_msgs/include/ur_dashboard_msgs/ur_dashboard_msgs/srv/detail/get_robot_mode__type_support.h
[2.726s] -- Up-to-date: /home/habibahassan/project/install/ur_dashboard_msgs/include/ur_dashboard_msgs/ur_dashboard_msgs/srv/detail/load__description.c
[2.775s] -- Up-to-date: /home/habibahassan/project/install/ur_dashboard_msgs/include/ur_dashboard_msgs/ur_dashboard_msgs/srv/detail/is_program_saved__type_support.h
[2.775s] -- Up-to-date: /home/habibahassan/project/install/ur_dashboard_msgs/include/ur_dashboard_msgs/ur_dashboard_msgs/srv/detail/add_to_log__description.c
[2.775s] -- Installing: /home/habibahassan/project/install/ur_dashboard_msgs/include/ur_dashboard_msgs/ur_dashboard_msgs/srv/detail/is_program_running__type_support.c
[2.776s] -- Installing: /home/habibahassan/project/install/ur_dashboard_msgs/include/ur_dashboard_msgs/ur_dashboard_msgs/srv/detail/get_loaded_program__type_support.c
[2.776s] -- Up-to-date: /home/habibahassan/project/install/ur_dashboard_msgs/include/ur_dashboard_msgs/ur_dashboard_msgs/srv/detail/is_program_running__functions.c
[2.776s] -- Up-to-date: /home/habibahassan/project/install/ur_dashboard_msgs/include/ur_dashboard_msgs/ur_dashboard_msgs/srv/detail/load__type_support.h
[2.776s] -- Up-to-date: /home/habibahassan/project/install/ur_dashboard_msgs/include/ur_dashboard_msgs/ur_dashboard_msgs/srv/detail/get_program_state__functions.h
[2.776s] -- Up-to-date: /home/habibahassan/project/install/ur_dashboard_msgs/include/ur_dashboard_msgs/ur_dashboard_msgs/srv/detail/get_loaded_program__type_support.h
[2.776s] -- Up-to-date: /home/habibahassan/project/install/ur_dashboard_msgs/include/ur_dashboard_msgs/ur_dashboard_msgs/srv/detail/get_safety_mode__struct.h
[2.777s] -- Installing: /home/habibahassan/project/install/ur_dashboard_msgs/include/ur_dashboard_msgs/ur_dashboard_msgs/srv/detail/get_robot_mode__type_support.c
[2.777s] -- Up-to-date: /home/habibahassan/project/install/ur_dashboard_msgs/include/ur_dashboard_msgs/ur_dashboard_msgs/srv/detail/load__struct.h
[2.777s] -- Up-to-date: /home/habibahassan/project/install/ur_dashboard_msgs/include/ur_dashboard_msgs/ur_dashboard_msgs/srv/detail/add_to_log__struct.h
[2.777s] -- Up-to-date: /home/habibahassan/project/install/ur_dashboard_msgs/include/ur_dashboard_msgs/ur_dashboard_msgs/srv/detail/get_robot_mode__description.c
[2.777s] -- Up-to-date: /home/habibahassan/project/install/ur_dashboard_msgs/include/ur_dashboard_msgs/ur_dashboard_msgs/srv/detail/get_safety_mode__description.c
[2.777s] -- Up-to-date: /home/habibahassan/project/install/ur_dashboard_msgs/include/ur_dashboard_msgs/ur_dashboard_msgs/srv/detail/get_safety_mode__functions.h
[2.778s] -- Up-to-date: /home/habibahassan/project/install/ur_dashboard_msgs/include/ur_dashboard_msgs/ur_dashboard_msgs/srv/detail/get_program_state__functions.c
[2.778s] -- Up-to-date: /home/habibahassan/project/install/ur_dashboard_msgs/include/ur_dashboard_msgs/ur_dashboard_msgs/srv/detail/raw_request__description.c
[2.778s] -- Up-to-date: /home/habibahassan/project/install/ur_dashboard_msgs/include/ur_dashboard_msgs/ur_dashboard_msgs/srv/detail/is_program_running__type_support.h
[2.778s] -- Up-to-date: /home/habibahassan/project/install/ur_dashboard_msgs/include/ur_dashboard_msgs/ur_dashboard_msgs/srv/detail/get_loaded_program__struct.h
[2.778s] -- Up-to-date: /home/habibahassan/project/install/ur_dashboard_msgs/include/ur_dashboard_msgs/ur_dashboard_msgs/srv/detail/popup__functions.h
[2.778s] -- Up-to-date: /home/habibahassan/project/install/ur_dashboard_msgs/include/ur_dashboard_msgs/ur_dashboard_msgs/srv/detail/get_program_state__description.c
[2.779s] -- Installing: /home/habibahassan/project/install/ur_dashboard_msgs/include/ur_dashboard_msgs/ur_dashboard_msgs/srv/detail/raw_request__type_support.c
[2.779s] -- Up-to-date: /home/habibahassan/project/install/ur_dashboard_msgs/include/ur_dashboard_msgs/ur_dashboard_msgs/srv/detail/raw_request__functions.c
[2.779s] -- Up-to-date: /home/habibahassan/project/install/ur_dashboard_msgs/include/ur_dashboard_msgs/ur_dashboard_msgs/srv/detail/get_robot_mode__functions.h
[2.779s] -- Up-to-date: /home/habibahassan/project/install/ur_dashboard_msgs/include/ur_dashboard_msgs/ur_dashboard_msgs/srv/detail/load__functions.h
[2.779s] -- Up-to-date: /home/habibahassan/project/install/ur_dashboard_msgs/include/ur_dashboard_msgs/ur_dashboard_msgs/srv/detail/is_program_running__functions.h
[2.780s] -- Up-to-date: /home/habibahassan/project/install/ur_dashboard_msgs/include/ur_dashboard_msgs/ur_dashboard_msgs/srv/detail/add_to_log__type_support.h
[2.780s] -- Up-to-date: /home/habibahassan/project/install/ur_dashboard_msgs/include/ur_dashboard_msgs/ur_dashboard_msgs/srv/detail/popup__struct.h
[2.780s] -- Up-to-date: /home/habibahassan/project/install/ur_dashboard_msgs/include/ur_dashboard_msgs/ur_dashboard_msgs/srv/detail/get_program_state__struct.h
[2.780s] -- Up-to-date: /home/habibahassan/project/install/ur_dashboard_msgs/include/ur_dashboard_msgs/ur_dashboard_msgs/srv/detail/popup__type_support.h
[2.780s] -- Installing: /home/habibahassan/project/install/ur_dashboard_msgs/include/ur_dashboard_msgs/ur_dashboard_msgs/srv/detail/get_safety_mode__type_support.c
[2.781s] -- Up-to-date: /home/habibahassan/project/install/ur_dashboard_msgs/include/ur_dashboard_msgs/ur_dashboard_msgs/srv/detail/get_robot_mode__functions.c
[2.781s] -- Up-to-date: /home/habibahassan/project/install/ur_dashboard_msgs/include/ur_dashboard_msgs/ur_dashboard_msgs/srv/detail/get_loaded_program__functions.h
[2.781s] -- Up-to-date: /home/habibahassan/project/install/ur_dashboard_msgs/include/ur_dashboard_msgs/ur_dashboard_msgs/srv/detail/raw_request__type_support.h
[2.781s] -- Up-to-date: /home/habibahassan/project/install/ur_dashboard_msgs/include/ur_dashboard_msgs/ur_dashboard_msgs/srv/detail/get_program_state__type_support.h
[2.782s] -- Installing: /home/habibahassan/project/install/ur_dashboard_msgs/include/ur_dashboard_msgs/ur_dashboard_msgs/srv/detail/add_to_log__type_support.c
[2.782s] -- Up-to-date: /home/habibahassan/project/install/ur_dashboard_msgs/include/ur_dashboard_msgs/ur_dashboard_msgs/action
[2.783s] -- Up-to-date: /home/habibahassan/project/install/ur_dashboard_msgs/include/ur_dashboard_msgs/ur_dashboard_msgs/action/set_mode.h
[2.784s] -- Up-to-date: /home/habibahassan/project/install/ur_dashboard_msgs/include/ur_dashboard_msgs/ur_dashboard_msgs/action/detail
[2.795s] -- Up-to-date: /home/habibahassan/project/install/ur_dashboard_msgs/include/ur_dashboard_msgs/ur_dashboard_msgs/action/detail/set_mode__description.c
[2.795s] -- Up-to-date: /home/habibahassan/project/install/ur_dashboard_msgs/include/ur_dashboard_msgs/ur_dashboard_msgs/action/detail/set_mode__functions.h
[2.795s] -- Installing: /home/habibahassan/project/install/ur_dashboard_msgs/include/ur_dashboard_msgs/ur_dashboard_msgs/action/detail/set_mode__type_support.c
[2.795s] -- Up-to-date: /home/habibahassan/project/install/ur_dashboard_msgs/include/ur_dashboard_msgs/ur_dashboard_msgs/action/detail/set_mode__type_support.h
[2.795s] -- Up-to-date: /home/habibahassan/project/install/ur_dashboard_msgs/include/ur_dashboard_msgs/ur_dashboard_msgs/action/detail/set_mode__functions.c
[2.796s] -- Up-to-date: /home/habibahassan/project/install/ur_dashboard_msgs/include/ur_dashboard_msgs/ur_dashboard_msgs/action/detail/set_mode__struct.h
[2.796s] -- Up-to-date: /home/habibahassan/project/install/ur_dashboard_msgs/include/ur_dashboard_msgs/ur_dashboard_msgs/msg
[2.796s] -- Up-to-date: /home/habibahassan/project/install/ur_dashboard_msgs/include/ur_dashboard_msgs/ur_dashboard_msgs/msg/safety_mode.h
[2.796s] -- Up-to-date: /home/habibahassan/project/install/ur_dashboard_msgs/include/ur_dashboard_msgs/ur_dashboard_msgs/msg/detail
[2.796s] -- Installing: /home/habibahassan/project/install/ur_dashboard_msgs/include/ur_dashboard_msgs/ur_dashboard_msgs/msg/detail/safety_mode__type_support.c
[2.797s] -- Installing: /home/habibahassan/project/install/ur_dashboard_msgs/include/ur_dashboard_msgs/ur_dashboard_msgs/msg/detail/robot_mode__type_support.c
[2.797s] -- Up-to-date: /home/habibahassan/project/install/ur_dashboard_msgs/include/ur_dashboard_msgs/ur_dashboard_msgs/msg/detail/program_state__struct.h
[2.797s] -- Up-to-date: /home/habibahassan/project/install/ur_dashboard_msgs/include/ur_dashboard_msgs/ur_dashboard_msgs/msg/detail/program_state__description.c
[2.798s] -- Installing: /home/habibahassan/project/install/ur_dashboard_msgs/include/ur_dashboard_msgs/ur_dashboard_msgs/msg/detail/program_state__type_support.c
[2.798s] -- Up-to-date: /home/habibahassan/project/install/ur_dashboard_msgs/include/ur_dashboard_msgs/ur_dashboard_msgs/msg/detail/program_state__type_support.h
[2.798s] -- Up-to-date: /home/habibahassan/project/install/ur_dashboard_msgs/include/ur_dashboard_msgs/ur_dashboard_msgs/msg/detail/robot_mode__struct.h
[2.798s] -- Up-to-date: /home/habibahassan/project/install/ur_dashboard_msgs/include/ur_dashboard_msgs/ur_dashboard_msgs/msg/detail/safety_mode__functions.c
[2.798s] -- Up-to-date: /home/habibahassan/project/install/ur_dashboard_msgs/include/ur_dashboard_msgs/ur_dashboard_msgs/msg/detail/robot_mode__description.c
[2.799s] -- Up-to-date: /home/habibahassan/project/install/ur_dashboard_msgs/include/ur_dashboard_msgs/ur_dashboard_msgs/msg/detail/safety_mode__type_support.h
[2.799s] -- Up-to-date: /home/habibahassan/project/install/ur_dashboard_msgs/include/ur_dashboard_msgs/ur_dashboard_msgs/msg/detail/program_state__functions.h
[2.799s] -- Up-to-date: /home/habibahassan/project/install/ur_dashboard_msgs/include/ur_dashboard_msgs/ur_dashboard_msgs/msg/detail/robot_mode__functions.c
[2.799s] -- Up-to-date: /home/habibahassan/project/install/ur_dashboard_msgs/include/ur_dashboard_msgs/ur_dashboard_msgs/msg/detail/robot_mode__functions.h
[2.799s] -- Up-to-date: /home/habibahassan/project/install/ur_dashboard_msgs/include/ur_dashboard_msgs/ur_dashboard_msgs/msg/detail/safety_mode__description.c
[2.800s] -- Up-to-date: /home/habibahassan/project/install/ur_dashboard_msgs/include/ur_dashboard_msgs/ur_dashboard_msgs/msg/detail/safety_mode__struct.h
[2.800s] -- Up-to-date: /home/habibahassan/project/install/ur_dashboard_msgs/include/ur_dashboard_msgs/ur_dashboard_msgs/msg/detail/program_state__functions.c
[2.800s] -- Up-to-date: /home/habibahassan/project/install/ur_dashboard_msgs/include/ur_dashboard_msgs/ur_dashboard_msgs/msg/detail/safety_mode__functions.h
[2.800s] -- Up-to-date: /home/habibahassan/project/install/ur_dashboard_msgs/include/ur_dashboard_msgs/ur_dashboard_msgs/msg/detail/robot_mode__type_support.h
[2.800s] -- Up-to-date: /home/habibahassan/project/install/ur_dashboard_msgs/include/ur_dashboard_msgs/ur_dashboard_msgs/msg/rosidl_generator_c__visibility_control.h
[2.800s] -- Up-to-date: /home/habibahassan/project/install/ur_dashboard_msgs/include/ur_dashboard_msgs/ur_dashboard_msgs/msg/robot_mode.h
[2.801s] -- Up-to-date: /home/habibahassan/project/install/ur_dashboard_msgs/include/ur_dashboard_msgs/ur_dashboard_msgs/msg/program_state.h
[2.801s] -- Up-to-date: /home/habibahassan/project/install/ur_dashboard_msgs/share/ur_dashboard_msgs/environment/library_path.sh
[2.801s] -- Up-to-date: /home/habibahassan/project/install/ur_dashboard_msgs/share/ur_dashboard_msgs/environment/library_path.dsv
[2.801s] -- Up-to-date: /home/habibahassan/project/install/ur_dashboard_msgs/lib/libur_dashboard_msgs__rosidl_generator_c.so
[2.801s] -- Up-to-date: /home/habibahassan/project/install/ur_dashboard_msgs/include/ur_dashboard_msgs/ur_dashboard_msgs
[2.802s] -- Up-to-date: /home/habibahassan/project/install/ur_dashboard_msgs/include/ur_dashboard_msgs/ur_dashboard_msgs/srv
[2.802s] -- Up-to-date: /home/habibahassan/project/install/ur_dashboard_msgs/include/ur_dashboard_msgs/ur_dashboard_msgs/srv/detail
[2.802s] -- Up-to-date: /home/habibahassan/project/install/ur_dashboard_msgs/include/ur_dashboard_msgs/ur_dashboard_msgs/srv/detail/load__rosidl_typesupport_fastrtps_c.h
[2.802s] -- Up-to-date: /home/habibahassan/project/install/ur_dashboard_msgs/include/ur_dashboard_msgs/ur_dashboard_msgs/srv/detail/raw_request__rosidl_typesupport_fastrtps_c.h
[2.802s] -- Up-to-date: /home/habibahassan/project/install/ur_dashboard_msgs/include/ur_dashboard_msgs/ur_dashboard_msgs/srv/detail/get_program_state__rosidl_typesupport_fastrtps_c.h
[2.802s] -- Up-to-date: /home/habibahassan/project/install/ur_dashboard_msgs/include/ur_dashboard_msgs/ur_dashboard_msgs/srv/detail/add_to_log__rosidl_typesupport_fastrtps_c.h
[2.803s] -- Up-to-date: /home/habibahassan/project/install/ur_dashboard_msgs/include/ur_dashboard_msgs/ur_dashboard_msgs/srv/detail/get_loaded_program__rosidl_typesupport_fastrtps_c.h
[2.823s] -- Up-to-date: /home/habibahassan/project/install/ur_dashboard_msgs/include/ur_dashboard_msgs/ur_dashboard_msgs/srv/detail/get_robot_mode__rosidl_typesupport_fastrtps_c.h
[2.824s] -- Up-to-date: /home/habibahassan/project/install/ur_dashboard_msgs/include/ur_dashboard_msgs/ur_dashboard_msgs/srv/detail/is_program_running__rosidl_typesupport_fastrtps_c.h
[2.825s] -- Up-to-date: /home/habibahassan/project/install/ur_dashboard_msgs/include/ur_dashboard_msgs/ur_dashboard_msgs/srv/detail/get_safety_mode__rosidl_typesupport_fastrtps_c.h
[2.825s] -- Up-to-date: /home/habibahassan/project/install/ur_dashboard_msgs/include/ur_dashboard_msgs/ur_dashboard_msgs/srv/detail/popup__rosidl_typesupport_fastrtps_c.h
[2.825s] -- Up-to-date: /home/habibahassan/project/install/ur_dashboard_msgs/include/ur_dashboard_msgs/ur_dashboard_msgs/srv/detail/is_program_saved__rosidl_typesupport_fastrtps_c.h
[2.825s] -- Up-to-date: /home/habibahassan/project/install/ur_dashboard_msgs/include/ur_dashboard_msgs/ur_dashboard_msgs/action
[2.825s] -- Up-to-date: /home/habibahassan/project/install/ur_dashboard_msgs/include/ur_dashboard_msgs/ur_dashboard_msgs/action/detail
[2.826s] -- Up-to-date: /home/habibahassan/project/install/ur_dashboard_msgs/include/ur_dashboard_msgs/ur_dashboard_msgs/action/detail/set_mode__rosidl_typesupport_fastrtps_c.h
[2.826s] -- Up-to-date: /home/habibahassan/project/install/ur_dashboard_msgs/include/ur_dashboard_msgs/ur_dashboard_msgs/msg
[2.826s] -- Up-to-date: /home/habibahassan/project/install/ur_dashboard_msgs/include/ur_dashboard_msgs/ur_dashboard_msgs/msg/detail
[2.826s] -- Up-to-date: /home/habibahassan/project/install/ur_dashboard_msgs/include/ur_dashboard_msgs/ur_dashboard_msgs/msg/detail/program_state__rosidl_typesupport_fastrtps_c.h
[2.826s] -- Up-to-date: /home/habibahassan/project/install/ur_dashboard_msgs/include/ur_dashboard_msgs/ur_dashboard_msgs/msg/detail/safety_mode__rosidl_typesupport_fastrtps_c.h
[2.826s] -- Up-to-date: /home/habibahassan/project/install/ur_dashboard_msgs/include/ur_dashboard_msgs/ur_dashboard_msgs/msg/detail/robot_mode__rosidl_typesupport_fastrtps_c.h
[2.827s] -- Up-to-date: /home/habibahassan/project/install/ur_dashboard_msgs/include/ur_dashboard_msgs/ur_dashboard_msgs/msg/rosidl_typesupport_fastrtps_c__visibility_control.h
[2.827s] -- Up-to-date: /home/habibahassan/project/install/ur_dashboard_msgs/lib/libur_dashboard_msgs__rosidl_typesupport_fastrtps_c.so
[2.827s] -- Up-to-date: /home/habibahassan/project/install/ur_dashboard_msgs/include/ur_dashboard_msgs/ur_dashboard_msgs
[2.827s] -- Up-to-date: /home/habibahassan/project/install/ur_dashboard_msgs/include/ur_dashboard_msgs/ur_dashboard_msgs/srv
[2.828s] -- Up-to-date: /home/habibahassan/project/install/ur_dashboard_msgs/include/ur_dashboard_msgs/ur_dashboard_msgs/srv/detail
[2.828s] -- Up-to-date: /home/habibahassan/project/install/ur_dashboard_msgs/include/ur_dashboard_msgs/ur_dashboard_msgs/srv/detail/get_loaded_program__rosidl_typesupport_introspection_c.h
[2.828s] -- Up-to-date: /home/habibahassan/project/install/ur_dashboard_msgs/include/ur_dashboard_msgs/ur_dashboard_msgs/srv/detail/get_program_state__rosidl_typesupport_introspection_c.h
[2.828s] -- Installing: /home/habibahassan/project/install/ur_dashboard_msgs/include/ur_dashboard_msgs/ur_dashboard_msgs/srv/detail/popup__type_support.c
[2.828s] -- Up-to-date: /home/habibahassan/project/install/ur_dashboard_msgs/include/ur_dashboard_msgs/ur_dashboard_msgs/srv/detail/get_robot_mode__rosidl_typesupport_introspection_c.h
[2.829s] -- Installing: /home/habibahassan/project/install/ur_dashboard_msgs/include/ur_dashboard_msgs/ur_dashboard_msgs/srv/detail/get_program_state__type_support.c
[2.829s] -- Installing: /home/habibahassan/project/install/ur_dashboard_msgs/include/ur_dashboard_msgs/ur_dashboard_msgs/srv/detail/load__type_support.c
[2.829s] -- Up-to-date: /home/habibahassan/project/install/ur_dashboard_msgs/include/ur_dashboard_msgs/ur_dashboard_msgs/srv/detail/popup__rosidl_typesupport_introspection_c.h
[2.829s] -- Up-to-date: /home/habibahassan/project/install/ur_dashboard_msgs/include/ur_dashboard_msgs/ur_dashboard_msgs/srv/detail/add_to_log__rosidl_typesupport_introspection_c.h
[2.829s] -- Installing: /home/habibahassan/project/install/ur_dashboard_msgs/include/ur_dashboard_msgs/ur_dashboard_msgs/srv/detail/is_program_saved__type_support.c
[2.830s] -- Installing: /home/habibahassan/project/install/ur_dashboard_msgs/include/ur_dashboard_msgs/ur_dashboard_msgs/srv/detail/is_program_running__type_support.c
[2.830s] -- Installing: /home/habibahassan/project/install/ur_dashboard_msgs/include/ur_dashboard_msgs/ur_dashboard_msgs/srv/detail/get_loaded_program__type_support.c
[2.830s] -- Up-to-date: /home/habibahassan/project/install/ur_dashboard_msgs/include/ur_dashboard_msgs/ur_dashboard_msgs/srv/detail/get_safety_mode__rosidl_typesupport_introspection_c.h
[2.830s] -- Up-to-date: /home/habibahassan/project/install/ur_dashboard_msgs/include/ur_dashboard_msgs/ur_dashboard_msgs/srv/detail/raw_request__rosidl_typesupport_introspection_c.h
[2.830s] -- Installing: /home/habibahassan/project/install/ur_dashboard_msgs/include/ur_dashboard_msgs/ur_dashboard_msgs/srv/detail/get_robot_mode__type_support.c
[2.830s] -- Up-to-date: /home/habibahassan/project/install/ur_dashboard_msgs/include/ur_dashboard_msgs/ur_dashboard_msgs/srv/detail/is_program_running__rosidl_typesupport_introspection_c.h
[2.831s] -- Installing: /home/habibahassan/project/install/ur_dashboard_msgs/include/ur_dashboard_msgs/ur_dashboard_msgs/srv/detail/raw_request__type_support.c
[2.831s] -- Installing: /home/habibahassan/project/install/ur_dashboard_msgs/include/ur_dashboard_msgs/ur_dashboard_msgs/srv/detail/get_safety_mode__type_support.c
[2.831s] -- Up-to-date: /home/habibahassan/project/install/ur_dashboard_msgs/include/ur_dashboard_msgs/ur_dashboard_msgs/srv/detail/load__rosidl_typesupport_introspection_c.h
[2.831s] -- Installing: /home/habibahassan/project/install/ur_dashboard_msgs/include/ur_dashboard_msgs/ur_dashboard_msgs/srv/detail/add_to_log__type_support.c
[2.831s] -- Up-to-date: /home/habibahassan/project/install/ur_dashboard_msgs/include/ur_dashboard_msgs/ur_dashboard_msgs/srv/detail/is_program_saved__rosidl_typesupport_introspection_c.h
[2.832s] -- Up-to-date: /home/habibahassan/project/install/ur_dashboard_msgs/include/ur_dashboard_msgs/ur_dashboard_msgs/action
[2.832s] -- Up-to-date: /home/habibahassan/project/install/ur_dashboard_msgs/include/ur_dashboard_msgs/ur_dashboard_msgs/action/detail
[2.833s] -- Installing: /home/habibahassan/project/install/ur_dashboard_msgs/include/ur_dashboard_msgs/ur_dashboard_msgs/action/detail/set_mode__type_support.c
[2.833s] -- Up-to-date: /home/habibahassan/project/install/ur_dashboard_msgs/include/ur_dashboard_msgs/ur_dashboard_msgs/action/detail/set_mode__rosidl_typesupport_introspection_c.h
[2.833s] -- Up-to-date: /home/habibahassan/project/install/ur_dashboard_msgs/include/ur_dashboard_msgs/ur_dashboard_msgs/msg
[2.833s] -- Up-to-date: /home/habibahassan/project/install/ur_dashboard_msgs/include/ur_dashboard_msgs/ur_dashboard_msgs/msg/detail
[2.833s] -- Installing: /home/habibahassan/project/install/ur_dashboard_msgs/include/ur_dashboard_msgs/ur_dashboard_msgs/msg/detail/safety_mode__type_support.c
[2.834s] -- Installing: /home/habibahassan/project/install/ur_dashboard_msgs/include/ur_dashboard_msgs/ur_dashboard_msgs/msg/detail/robot_mode__type_support.c
[2.834s] -- Installing: /home/habibahassan/project/install/ur_dashboard_msgs/include/ur_dashboard_msgs/ur_dashboard_msgs/msg/detail/program_state__type_support.c
[2.834s] -- Up-to-date: /home/habibahassan/project/install/ur_dashboard_msgs/include/ur_dashboard_msgs/ur_dashboard_msgs/msg/detail/program_state__rosidl_typesupport_introspection_c.h
[2.835s] -- Up-to-date: /home/habibahassan/project/install/ur_dashboard_msgs/include/ur_dashboard_msgs/ur_dashboard_msgs/msg/detail/robot_mode__rosidl_typesupport_introspection_c.h
[2.835s] -- Up-to-date: /home/habibahassan/project/install/ur_dashboard_msgs/include/ur_dashboard_msgs/ur_dashboard_msgs/msg/detail/safety_mode__rosidl_typesupport_introspection_c.h
[2.835s] -- Up-to-date: /home/habibahassan/project/install/ur_dashboard_msgs/include/ur_dashboard_msgs/ur_dashboard_msgs/msg/rosidl_typesupport_introspection_c__visibility_control.h
[2.835s] -- Up-to-date: /home/habibahassan/project/install/ur_dashboard_msgs/lib/libur_dashboard_msgs__rosidl_typesupport_introspection_c.so
[2.835s] -- Up-to-date: /home/habibahassan/project/install/ur_dashboard_msgs/lib/libur_dashboard_msgs__rosidl_typesupport_c.so
[2.836s] -- Up-to-date: /home/habibahassan/project/install/ur_dashboard_msgs/include/ur_dashboard_msgs/ur_dashboard_msgs
[2.837s] -- Up-to-date: /home/habibahassan/project/install/ur_dashboard_msgs/include/ur_dashboard_msgs/ur_dashboard_msgs/srv
[2.837s] -- Up-to-date: /home/habibahassan/project/install/ur_dashboard_msgs/include/ur_dashboard_msgs/ur_dashboard_msgs/srv/is_program_running.hpp
[2.837s] -- Up-to-date: /home/habibahassan/project/install/ur_dashboard_msgs/include/ur_dashboard_msgs/ur_dashboard_msgs/srv/get_program_state.hpp
[2.837s] -- Up-to-date: /home/habibahassan/project/install/ur_dashboard_msgs/include/ur_dashboard_msgs/ur_dashboard_msgs/srv/raw_request.hpp
[2.837s] -- Up-to-date: /home/habibahassan/project/install/ur_dashboard_msgs/include/ur_dashboard_msgs/ur_dashboard_msgs/srv/is_program_saved.hpp
[2.838s] -- Up-to-date: /home/habibahassan/project/install/ur_dashboard_msgs/include/ur_dashboard_msgs/ur_dashboard_msgs/srv/popup.hpp
[2.838s] -- Up-to-date: /home/habibahassan/project/install/ur_dashboard_msgs/include/ur_dashboard_msgs/ur_dashboard_msgs/srv/get_loaded_program.hpp
[2.838s] -- Up-to-date: /home/habibahassan/project/install/ur_dashboard_msgs/include/ur_dashboard_msgs/ur_dashboard_msgs/srv/add_to_log.hpp
[2.838s] -- Up-to-date: /home/habibahassan/project/install/ur_dashboard_msgs/include/ur_dashboard_msgs/ur_dashboard_msgs/srv/detail
[2.838s] -- Up-to-date: /home/habibahassan/project/install/ur_dashboard_msgs/include/ur_dashboard_msgs/ur_dashboard_msgs/srv/detail/get_loaded_program__traits.hpp
[2.838s] -- Up-to-date: /home/habibahassan/project/install/ur_dashboard_msgs/include/ur_dashboard_msgs/ur_dashboard_msgs/srv/detail/get_safety_mode__builder.hpp
[2.838s] -- Up-to-date: /home/habibahassan/project/install/ur_dashboard_msgs/include/ur_dashboard_msgs/ur_dashboard_msgs/srv/detail/get_safety_mode__traits.hpp
[2.839s] -- Up-to-date: /home/habibahassan/project/install/ur_dashboard_msgs/include/ur_dashboard_msgs/ur_dashboard_msgs/srv/detail/get_loaded_program__type_support.hpp
[2.839s] -- Up-to-date: /home/habibahassan/project/install/ur_dashboard_msgs/include/ur_dashboard_msgs/ur_dashboard_msgs/srv/detail/add_to_log__type_support.hpp
[2.839s] -- Up-to-date: /home/habibahassan/project/install/ur_dashboard_msgs/include/ur_dashboard_msgs/ur_dashboard_msgs/srv/detail/get_robot_mode__struct.hpp
[2.839s] -- Up-to-date: /home/habibahassan/project/install/ur_dashboard_msgs/include/ur_dashboard_msgs/ur_dashboard_msgs/srv/detail/add_to_log__traits.hpp
[2.839s] -- Up-to-date: /home/habibahassan/project/install/ur_dashboard_msgs/include/ur_dashboard_msgs/ur_dashboard_msgs/srv/detail/popup__type_support.hpp
[2.840s] -- Up-to-date: /home/habibahassan/project/install/ur_dashboard_msgs/include/ur_dashboard_msgs/ur_dashboard_msgs/srv/detail/load__type_support.hpp
[2.840s] -- Up-to-date: /home/habibahassan/project/install/ur_dashboard_msgs/include/ur_dashboard_msgs/ur_dashboard_msgs/srv/detail/is_program_saved__builder.hpp
[2.840s] -- Up-to-date: /home/habibahassan/project/install/ur_dashboard_msgs/include/ur_dashboard_msgs/ur_dashboard_msgs/srv/detail/is_program_running__traits.hpp
[2.840s] -- Up-to-date: /home/habibahassan/project/install/ur_dashboard_msgs/include/ur_dashboard_msgs/ur_dashboard_msgs/srv/detail/popup__traits.hpp
[2.843s] -- Up-to-date: /home/habibahassan/project/install/ur_dashboard_msgs/include/ur_dashboard_msgs/ur_dashboard_msgs/srv/detail/get_safety_mode__struct.hpp
[2.843s] -- Up-to-date: /home/habibahassan/project/install/ur_dashboard_msgs/include/ur_dashboard_msgs/ur_dashboard_msgs/srv/detail/is_program_running__type_support.hpp
[2.844s] -- Up-to-date: /home/habibahassan/project/install/ur_dashboard_msgs/include/ur_dashboard_msgs/ur_dashboard_msgs/srv/detail/is_program_running__struct.hpp
[2.844s] -- Up-to-date: /home/habibahassan/project/install/ur_dashboard_msgs/include/ur_dashboard_msgs/ur_dashboard_msgs/srv/detail/get_program_state__builder.hpp
[2.844s] -- Up-to-date: /home/habibahassan/project/install/ur_dashboard_msgs/include/ur_dashboard_msgs/ur_dashboard_msgs/srv/detail/get_robot_mode__traits.hpp
[2.844s] -- Up-to-date: /home/habibahassan/project/install/ur_dashboard_msgs/include/ur_dashboard_msgs/ur_dashboard_msgs/srv/detail/is_program_running__builder.hpp
[2.844s] -- Up-to-date: /home/habibahassan/project/install/ur_dashboard_msgs/include/ur_dashboard_msgs/ur_dashboard_msgs/srv/detail/load__struct.hpp
[2.844s] -- Up-to-date: /home/habibahassan/project/install/ur_dashboard_msgs/include/ur_dashboard_msgs/ur_dashboard_msgs/srv/detail/raw_request__traits.hpp
[2.845s] -- Up-to-date: /home/habibahassan/project/install/ur_dashboard_msgs/include/ur_dashboard_msgs/ur_dashboard_msgs/srv/detail/get_safety_mode__type_support.hpp
[2.845s] -- Up-to-date: /home/habibahassan/project/install/ur_dashboard_msgs/include/ur_dashboard_msgs/ur_dashboard_msgs/srv/detail/load__builder.hpp
[2.845s] -- Up-to-date: /home/habibahassan/project/install/ur_dashboard_msgs/include/ur_dashboard_msgs/ur_dashboard_msgs/srv/detail/is_program_saved__struct.hpp
[2.845s] -- Up-to-date: /home/habibahassan/project/install/ur_dashboard_msgs/include/ur_dashboard_msgs/ur_dashboard_msgs/srv/detail/raw_request__type_support.hpp
[2.845s] -- Up-to-date: /home/habibahassan/project/install/ur_dashboard_msgs/include/ur_dashboard_msgs/ur_dashboard_msgs/srv/detail/is_program_saved__type_support.hpp
[2.846s] -- Up-to-date: /home/habibahassan/project/install/ur_dashboard_msgs/include/ur_dashboard_msgs/ur_dashboard_msgs/srv/detail/add_to_log__struct.hpp
[2.846s] -- Up-to-date: /home/habibahassan/project/install/ur_dashboard_msgs/include/ur_dashboard_msgs/ur_dashboard_msgs/srv/detail/get_loaded_program__struct.hpp
[2.846s] -- Up-to-date: /home/habibahassan/project/install/ur_dashboard_msgs/include/ur_dashboard_msgs/ur_dashboard_msgs/srv/detail/raw_request__builder.hpp
[2.846s] -- Up-to-date: /home/habibahassan/project/install/ur_dashboard_msgs/include/ur_dashboard_msgs/ur_dashboard_msgs/srv/detail/popup__struct.hpp
[2.846s] -- Up-to-date: /home/habibahassan/project/install/ur_dashboard_msgs/include/ur_dashboard_msgs/ur_dashboard_msgs/srv/detail/get_program_state__struct.hpp
[2.846s] -- Up-to-date: /home/habibahassan/project/install/ur_dashboard_msgs/include/ur_dashboard_msgs/ur_dashboard_msgs/srv/detail/raw_request__struct.hpp
[2.847s] -- Up-to-date: /home/habibahassan/project/install/ur_dashboard_msgs/include/ur_dashboard_msgs/ur_dashboard_msgs/srv/detail/is_program_saved__traits.hpp
[2.847s] -- Up-to-date: /home/habibahassan/project/install/ur_dashboard_msgs/include/ur_dashboard_msgs/ur_dashboard_msgs/srv/detail/add_to_log__builder.hpp
[2.847s] -- Up-to-date: /home/habibahassan/project/install/ur_dashboard_msgs/include/ur_dashboard_msgs/ur_dashboard_msgs/srv/detail/popup__builder.hpp
[2.847s] -- Up-to-date: /home/habibahassan/project/install/ur_dashboard_msgs/include/ur_dashboard_msgs/ur_dashboard_msgs/srv/detail/load__traits.hpp
[2.847s] -- Up-to-date: /home/habibahassan/project/install/ur_dashboard_msgs/include/ur_dashboard_msgs/ur_dashboard_msgs/srv/detail/get_program_state__type_support.hpp
[2.847s] -- Up-to-date: /home/habibahassan/project/install/ur_dashboard_msgs/include/ur_dashboard_msgs/ur_dashboard_msgs/srv/detail/get_loaded_program__builder.hpp
[2.848s] -- Up-to-date: /home/habibahassan/project/install/ur_dashboard_msgs/include/ur_dashboard_msgs/ur_dashboard_msgs/srv/detail/get_robot_mode__type_support.hpp
[2.848s] -- Up-to-date: /home/habibahassan/project/install/ur_dashboard_msgs/include/ur_dashboard_msgs/ur_dashboard_msgs/srv/detail/get_robot_mode__builder.hpp
[2.848s] -- Up-to-date: /home/habibahassan/project/install/ur_dashboard_msgs/include/ur_dashboard_msgs/ur_dashboard_msgs/srv/detail/get_program_state__traits.hpp
[2.848s] -- Up-to-date: /home/habibahassan/project/install/ur_dashboard_msgs/include/ur_dashboard_msgs/ur_dashboard_msgs/srv/get_robot_mode.hpp
[2.889s] -- Up-to-date: /home/habibahassan/project/install/ur_dashboard_msgs/include/ur_dashboard_msgs/ur_dashboard_msgs/srv/load.hpp
[2.889s] -- Up-to-date: /home/habibahassan/project/install/ur_dashboard_msgs/include/ur_dashboard_msgs/ur_dashboard_msgs/srv/get_safety_mode.hpp
[2.890s] -- Up-to-date: /home/habibahassan/project/install/ur_dashboard_msgs/include/ur_dashboard_msgs/ur_dashboard_msgs/action
[2.890s] -- Up-to-date: /home/habibahassan/project/install/ur_dashboard_msgs/include/ur_dashboard_msgs/ur_dashboard_msgs/action/set_mode.hpp
[2.890s] -- Up-to-date: /home/habibahassan/project/install/ur_dashboard_msgs/include/ur_dashboard_msgs/ur_dashboard_msgs/action/detail
[2.890s] -- Up-to-date: /home/habibahassan/project/install/ur_dashboard_msgs/include/ur_dashboard_msgs/ur_dashboard_msgs/action/detail/set_mode__type_support.hpp
[2.890s] -- Up-to-date: /home/habibahassan/project/install/ur_dashboard_msgs/include/ur_dashboard_msgs/ur_dashboard_msgs/action/detail/set_mode__builder.hpp
[2.890s] -- Up-to-date: /home/habibahassan/project/install/ur_dashboard_msgs/include/ur_dashboard_msgs/ur_dashboard_msgs/action/detail/set_mode__struct.hpp
[2.891s] -- Up-to-date: /home/habibahassan/project/install/ur_dashboard_msgs/include/ur_dashboard_msgs/ur_dashboard_msgs/action/detail/set_mode__traits.hpp
[2.891s] -- Up-to-date: /home/habibahassan/project/install/ur_dashboard_msgs/include/ur_dashboard_msgs/ur_dashboard_msgs/msg
[2.891s] -- Up-to-date: /home/habibahassan/project/install/ur_dashboard_msgs/include/ur_dashboard_msgs/ur_dashboard_msgs/msg/robot_mode.hpp
[2.891s] -- Up-to-date: /home/habibahassan/project/install/ur_dashboard_msgs/include/ur_dashboard_msgs/ur_dashboard_msgs/msg/program_state.hpp
[2.891s] -- Up-to-date: /home/habibahassan/project/install/ur_dashboard_msgs/include/ur_dashboard_msgs/ur_dashboard_msgs/msg/rosidl_generator_cpp__visibility_control.hpp
[2.892s] -- Up-to-date: /home/habibahassan/project/install/ur_dashboard_msgs/include/ur_dashboard_msgs/ur_dashboard_msgs/msg/detail
[2.892s] -- Up-to-date: /home/habibahassan/project/install/ur_dashboard_msgs/include/ur_dashboard_msgs/ur_dashboard_msgs/msg/detail/safety_mode__traits.hpp
[2.892s] -- Up-to-date: /home/habibahassan/project/install/ur_dashboard_msgs/include/ur_dashboard_msgs/ur_dashboard_msgs/msg/detail/program_state__type_support.hpp
[2.892s] -- Up-to-date: /home/habibahassan/project/install/ur_dashboard_msgs/include/ur_dashboard_msgs/ur_dashboard_msgs/msg/detail/safety_mode__builder.hpp
[2.892s] -- Up-to-date: /home/habibahassan/project/install/ur_dashboard_msgs/include/ur_dashboard_msgs/ur_dashboard_msgs/msg/detail/program_state__traits.hpp
[2.892s] -- Up-to-date: /home/habibahassan/project/install/ur_dashboard_msgs/include/ur_dashboard_msgs/ur_dashboard_msgs/msg/detail/robot_mode__traits.hpp
[2.893s] -- Up-to-date: /home/habibahassan/project/install/ur_dashboard_msgs/include/ur_dashboard_msgs/ur_dashboard_msgs/msg/detail/safety_mode__type_support.hpp
[2.894s] -- Up-to-date: /home/habibahassan/project/install/ur_dashboard_msgs/include/ur_dashboard_msgs/ur_dashboard_msgs/msg/detail/robot_mode__struct.hpp
[2.895s] -- Up-to-date: /home/habibahassan/project/install/ur_dashboard_msgs/include/ur_dashboard_msgs/ur_dashboard_msgs/msg/detail/robot_mode__builder.hpp
[2.895s] -- Up-to-date: /home/habibahassan/project/install/ur_dashboard_msgs/include/ur_dashboard_msgs/ur_dashboard_msgs/msg/detail/program_state__struct.hpp
[2.895s] -- Up-to-date: /home/habibahassan/project/install/ur_dashboard_msgs/include/ur_dashboard_msgs/ur_dashboard_msgs/msg/detail/program_state__builder.hpp
[2.896s] -- Up-to-date: /home/habibahassan/project/install/ur_dashboard_msgs/include/ur_dashboard_msgs/ur_dashboard_msgs/msg/detail/safety_mode__struct.hpp
[2.896s] -- Up-to-date: /home/habibahassan/project/install/ur_dashboard_msgs/include/ur_dashboard_msgs/ur_dashboard_msgs/msg/detail/robot_mode__type_support.hpp
[2.898s] -- Up-to-date: /home/habibahassan/project/install/ur_dashboard_msgs/include/ur_dashboard_msgs/ur_dashboard_msgs/msg/safety_mode.hpp
[2.899s] -- Up-to-date: /home/habibahassan/project/install/ur_dashboard_msgs/include/ur_dashboard_msgs/ur_dashboard_msgs
[2.899s] -- Up-to-date: /home/habibahassan/project/install/ur_dashboard_msgs/include/ur_dashboard_msgs/ur_dashboard_msgs/srv
[2.900s] -- Up-to-date: /home/habibahassan/project/install/ur_dashboard_msgs/include/ur_dashboard_msgs/ur_dashboard_msgs/srv/detail
[2.900s] -- Up-to-date: /home/habibahassan/project/install/ur_dashboard_msgs/include/ur_dashboard_msgs/ur_dashboard_msgs/srv/detail/load__rosidl_typesupport_fastrtps_cpp.hpp
[2.900s] -- Up-to-date: /home/habibahassan/project/install/ur_dashboard_msgs/include/ur_dashboard_msgs/ur_dashboard_msgs/srv/detail/get_safety_mode__rosidl_typesupport_fastrtps_cpp.hpp
[2.900s] -- Up-to-date: /home/habibahassan/project/install/ur_dashboard_msgs/include/ur_dashboard_msgs/ur_dashboard_msgs/srv/detail/get_loaded_program__rosidl_typesupport_fastrtps_cpp.hpp
[2.900s] -- Up-to-date: /home/habibahassan/project/install/ur_dashboard_msgs/include/ur_dashboard_msgs/ur_dashboard_msgs/srv/detail/get_program_state__rosidl_typesupport_fastrtps_cpp.hpp
[2.900s] -- Up-to-date: /home/habibahassan/project/install/ur_dashboard_msgs/include/ur_dashboard_msgs/ur_dashboard_msgs/srv/detail/is_program_saved__rosidl_typesupport_fastrtps_cpp.hpp
[2.900s] -- Up-to-date: /home/habibahassan/project/install/ur_dashboard_msgs/include/ur_dashboard_msgs/ur_dashboard_msgs/srv/detail/raw_request__rosidl_typesupport_fastrtps_cpp.hpp
[2.901s] -- Up-to-date: /home/habibahassan/project/install/ur_dashboard_msgs/include/ur_dashboard_msgs/ur_dashboard_msgs/srv/detail/get_robot_mode__rosidl_typesupport_fastrtps_cpp.hpp
[2.901s] -- Up-to-date: /home/habibahassan/project/install/ur_dashboard_msgs/include/ur_dashboard_msgs/ur_dashboard_msgs/srv/detail/popup__rosidl_typesupport_fastrtps_cpp.hpp
[2.901s] -- Up-to-date: /home/habibahassan/project/install/ur_dashboard_msgs/include/ur_dashboard_msgs/ur_dashboard_msgs/srv/detail/add_to_log__rosidl_typesupport_fastrtps_cpp.hpp
[2.901s] -- Up-to-date: /home/habibahassan/project/install/ur_dashboard_msgs/include/ur_dashboard_msgs/ur_dashboard_msgs/srv/detail/dds_fastrtps
[2.901s] -- Up-to-date: /home/habibahassan/project/install/ur_dashboard_msgs/include/ur_dashboard_msgs/ur_dashboard_msgs/srv/detail/is_program_running__rosidl_typesupport_fastrtps_cpp.hpp
[2.901s] -- Up-to-date: /home/habibahassan/project/install/ur_dashboard_msgs/include/ur_dashboard_msgs/ur_dashboard_msgs/action
[2.901s] -- Up-to-date: /home/habibahassan/project/install/ur_dashboard_msgs/include/ur_dashboard_msgs/ur_dashboard_msgs/action/detail
[2.902s] -- Up-to-date: /home/habibahassan/project/install/ur_dashboard_msgs/include/ur_dashboard_msgs/ur_dashboard_msgs/action/detail/set_mode__rosidl_typesupport_fastrtps_cpp.hpp
[2.902s] -- Up-to-date: /home/habibahassan/project/install/ur_dashboard_msgs/include/ur_dashboard_msgs/ur_dashboard_msgs/action/detail/dds_fastrtps
[2.902s] -- Up-to-date: /home/habibahassan/project/install/ur_dashboard_msgs/include/ur_dashboard_msgs/ur_dashboard_msgs/msg
[2.902s] -- Up-to-date: /home/habibahassan/project/install/ur_dashboard_msgs/include/ur_dashboard_msgs/ur_dashboard_msgs/msg/rosidl_typesupport_fastrtps_cpp__visibility_control.h
[2.918s] -- Up-to-date: /home/habibahassan/project/install/ur_dashboard_msgs/include/ur_dashboard_msgs/ur_dashboard_msgs/msg/detail
[2.918s] -- Up-to-date: /home/habibahassan/project/install/ur_dashboard_msgs/include/ur_dashboard_msgs/ur_dashboard_msgs/msg/detail/program_state__rosidl_typesupport_fastrtps_cpp.hpp
[2.918s] -- Up-to-date: /home/habibahassan/project/install/ur_dashboard_msgs/include/ur_dashboard_msgs/ur_dashboard_msgs/msg/detail/robot_mode__rosidl_typesupport_fastrtps_cpp.hpp
[2.918s] -- Up-to-date: /home/habibahassan/project/install/ur_dashboard_msgs/include/ur_dashboard_msgs/ur_dashboard_msgs/msg/detail/dds_fastrtps
[2.919s] -- Up-to-date: /home/habibahassan/project/install/ur_dashboard_msgs/include/ur_dashboard_msgs/ur_dashboard_msgs/msg/detail/safety_mode__rosidl_typesupport_fastrtps_cpp.hpp
[2.919s] -- Up-to-date: /home/habibahassan/project/install/ur_dashboard_msgs/lib/libur_dashboard_msgs__rosidl_typesupport_fastrtps_cpp.so
[2.919s] -- Up-to-date: /home/habibahassan/project/install/ur_dashboard_msgs/include/ur_dashboard_msgs/ur_dashboard_msgs
[2.919s] -- Up-to-date: /home/habibahassan/project/install/ur_dashboard_msgs/include/ur_dashboard_msgs/ur_dashboard_msgs/srv
[2.919s] -- Up-to-date: /home/habibahassan/project/install/ur_dashboard_msgs/include/ur_dashboard_msgs/ur_dashboard_msgs/srv/detail
[2.919s] -- Up-to-date: /home/habibahassan/project/install/ur_dashboard_msgs/include/ur_dashboard_msgs/ur_dashboard_msgs/srv/detail/raw_request__type_support.cpp
[2.919s] -- Up-to-date: /home/habibahassan/project/install/ur_dashboard_msgs/include/ur_dashboard_msgs/ur_dashboard_msgs/srv/detail/get_program_state__rosidl_typesupport_introspection_cpp.hpp
[2.920s] -- Up-to-date: /home/habibahassan/project/install/ur_dashboard_msgs/include/ur_dashboard_msgs/ur_dashboard_msgs/srv/detail/is_program_running__rosidl_typesupport_introspection_cpp.hpp
[2.920s] -- Up-to-date: /home/habibahassan/project/install/ur_dashboard_msgs/include/ur_dashboard_msgs/ur_dashboard_msgs/srv/detail/is_program_saved__type_support.cpp
[2.920s] -- Up-to-date: /home/habibahassan/project/install/ur_dashboard_msgs/include/ur_dashboard_msgs/ur_dashboard_msgs/srv/detail/is_program_saved__rosidl_typesupport_introspection_cpp.hpp
[2.920s] -- Up-to-date: /home/habibahassan/project/install/ur_dashboard_msgs/include/ur_dashboard_msgs/ur_dashboard_msgs/srv/detail/raw_request__rosidl_typesupport_introspection_cpp.hpp
[2.920s] -- Up-to-date: /home/habibahassan/project/install/ur_dashboard_msgs/include/ur_dashboard_msgs/ur_dashboard_msgs/srv/detail/load__rosidl_typesupport_introspection_cpp.hpp
[2.920s] -- Up-to-date: /home/habibahassan/project/install/ur_dashboard_msgs/include/ur_dashboard_msgs/ur_dashboard_msgs/srv/detail/add_to_log__rosidl_typesupport_introspection_cpp.hpp
[2.921s] -- Up-to-date: /home/habibahassan/project/install/ur_dashboard_msgs/include/ur_dashboard_msgs/ur_dashboard_msgs/srv/detail/add_to_log__type_support.cpp
[2.921s] -- Up-to-date: /home/habibahassan/project/install/ur_dashboard_msgs/include/ur_dashboard_msgs/ur_dashboard_msgs/srv/detail/get_robot_mode__type_support.cpp
[2.921s] -- Up-to-date: /home/habibahassan/project/install/ur_dashboard_msgs/include/ur_dashboard_msgs/ur_dashboard_msgs/srv/detail/load__type_support.cpp
[2.921s] -- Up-to-date: /home/habibahassan/project/install/ur_dashboard_msgs/include/ur_dashboard_msgs/ur_dashboard_msgs/srv/detail/get_loaded_program__rosidl_typesupport_introspection_cpp.hpp
[2.921s] -- Up-to-date: /home/habibahassan/project/install/ur_dashboard_msgs/include/ur_dashboard_msgs/ur_dashboard_msgs/srv/detail/is_program_running__type_support.cpp
[2.921s] -- Up-to-date: /home/habibahassan/project/install/ur_dashboard_msgs/include/ur_dashboard_msgs/ur_dashboard_msgs/srv/detail/get_robot_mode__rosidl_typesupport_introspection_cpp.hpp
[2.922s] -- Up-to-date: /home/habibahassan/project/install/ur_dashboard_msgs/include/ur_dashboard_msgs/ur_dashboard_msgs/srv/detail/popup__rosidl_typesupport_introspection_cpp.hpp
[2.922s] -- Up-to-date: /home/habibahassan/project/install/ur_dashboard_msgs/include/ur_dashboard_msgs/ur_dashboard_msgs/srv/detail/popup__type_support.cpp
[2.922s] -- Up-to-date: /home/habibahassan/project/install/ur_dashboard_msgs/include/ur_dashboard_msgs/ur_dashboard_msgs/srv/detail/get_safety_mode__type_support.cpp
[2.922s] -- Up-to-date: /home/habibahassan/project/install/ur_dashboard_msgs/include/ur_dashboard_msgs/ur_dashboard_msgs/srv/detail/get_program_state__type_support.cpp
[2.934s] -- Up-to-date: /home/habibahassan/project/install/ur_dashboard_msgs/include/ur_dashboard_msgs/ur_dashboard_msgs/srv/detail/get_safety_mode__rosidl_typesupport_introspection_cpp.hpp
[2.938s] -- Up-to-date: /home/habibahassan/project/install/ur_dashboard_msgs/include/ur_dashboard_msgs/ur_dashboard_msgs/srv/detail/get_loaded_program__type_support.cpp
[2.938s] -- Up-to-date: /home/habibahassan/project/install/ur_dashboard_msgs/include/ur_dashboard_msgs/ur_dashboard_msgs/action
[2.938s] -- Up-to-date: /home/habibahassan/project/install/ur_dashboard_msgs/include/ur_dashboard_msgs/ur_dashboard_msgs/action/detail
[2.938s] -- Up-to-date: /home/habibahassan/project/install/ur_dashboard_msgs/include/ur_dashboard_msgs/ur_dashboard_msgs/action/detail/set_mode__rosidl_typesupport_introspection_cpp.hpp
[2.938s] -- Up-to-date: /home/habibahassan/project/install/ur_dashboard_msgs/include/ur_dashboard_msgs/ur_dashboard_msgs/action/detail/set_mode__type_support.cpp
[2.939s] -- Up-to-date: /home/habibahassan/project/install/ur_dashboard_msgs/include/ur_dashboard_msgs/ur_dashboard_msgs/msg
[2.939s] -- Up-to-date: /home/habibahassan/project/install/ur_dashboard_msgs/include/ur_dashboard_msgs/ur_dashboard_msgs/msg/detail
[2.939s] -- Up-to-date: /home/habibahassan/project/install/ur_dashboard_msgs/include/ur_dashboard_msgs/ur_dashboard_msgs/msg/detail/program_state__type_support.cpp
[2.939s] -- Up-to-date: /home/habibahassan/project/install/ur_dashboard_msgs/include/ur_dashboard_msgs/ur_dashboard_msgs/msg/detail/safety_mode__type_support.cpp
[2.939s] -- Up-to-date: /home/habibahassan/project/install/ur_dashboard_msgs/include/ur_dashboard_msgs/ur_dashboard_msgs/msg/detail/program_state__rosidl_typesupport_introspection_cpp.hpp
[2.940s] -- Up-to-date: /home/habibahassan/project/install/ur_dashboard_msgs/include/ur_dashboard_msgs/ur_dashboard_msgs/msg/detail/robot_mode__type_support.cpp
[2.940s] -- Up-to-date: /home/habibahassan/project/install/ur_dashboard_msgs/include/ur_dashboard_msgs/ur_dashboard_msgs/msg/detail/robot_mode__rosidl_typesupport_introspection_cpp.hpp
[2.940s] -- Up-to-date: /home/habibahassan/project/install/ur_dashboard_msgs/include/ur_dashboard_msgs/ur_dashboard_msgs/msg/detail/safety_mode__rosidl_typesupport_introspection_cpp.hpp
[2.940s] -- Up-to-date: /home/habibahassan/project/install/ur_dashboard_msgs/lib/libur_dashboard_msgs__rosidl_typesupport_introspection_cpp.so
[2.940s] -- Up-to-date: /home/habibahassan/project/install/ur_dashboard_msgs/lib/libur_dashboard_msgs__rosidl_typesupport_cpp.so
[2.941s] -- Up-to-date: /home/habibahassan/project/install/ur_dashboard_msgs/share/ur_dashboard_msgs/environment/pythonpath.sh
[2.941s] -- Up-to-date: /home/habibahassan/project/install/ur_dashboard_msgs/share/ur_dashboard_msgs/environment/pythonpath.dsv
[2.941s] -- Up-to-date: /home/habibahassan/project/install/ur_dashboard_msgs/lib/python3.12/site-packages/ur_dashboard_msgs-3.1.1-py3.12.egg-info
[2.941s] -- Installing: /home/habibahassan/project/install/ur_dashboard_msgs/lib/python3.12/site-packages/ur_dashboard_msgs-3.1.1-py3.12.egg-info/SOURCES.txt
[2.941s] -- Installing: /home/habibahassan/project/install/ur_dashboard_msgs/lib/python3.12/site-packages/ur_dashboard_msgs-3.1.1-py3.12.egg-info/top_level.txt
[2.941s] -- Installing: /home/habibahassan/project/install/ur_dashboard_msgs/lib/python3.12/site-packages/ur_dashboard_msgs-3.1.1-py3.12.egg-info/dependency_links.txt
[2.941s] -- Installing: /home/habibahassan/project/install/ur_dashboard_msgs/lib/python3.12/site-packages/ur_dashboard_msgs-3.1.1-py3.12.egg-info/PKG-INFO
[2.942s] -- Up-to-date: /home/habibahassan/project/install/ur_dashboard_msgs/lib/python3.12/site-packages/ur_dashboard_msgs
[2.942s] -- Up-to-date: /home/habibahassan/project/install/ur_dashboard_msgs/lib/python3.12/site-packages/ur_dashboard_msgs/srv
[2.942s] -- Up-to-date: /home/habibahassan/project/install/ur_dashboard_msgs/lib/python3.12/site-packages/ur_dashboard_msgs/srv/_is_program_running.py
[2.942s] -- Up-to-date: /home/habibahassan/project/install/ur_dashboard_msgs/lib/python3.12/site-packages/ur_dashboard_msgs/srv/_get_robot_mode.py
[2.958s] -- Up-to-date: /home/habibahassan/project/install/ur_dashboard_msgs/lib/python3.12/site-packages/ur_dashboard_msgs/srv/_popup.py
[2.958s] -- Up-to-date: /home/habibahassan/project/install/ur_dashboard_msgs/lib/python3.12/site-packages/ur_dashboard_msgs/srv/__init__.py
[2.959s] -- Up-to-date: /home/habibahassan/project/install/ur_dashboard_msgs/lib/python3.12/site-packages/ur_dashboard_msgs/srv/_load.py
[2.959s] -- Up-to-date: /home/habibahassan/project/install/ur_dashboard_msgs/lib/python3.12/site-packages/ur_dashboard_msgs/srv/_get_program_state_s.c
[2.959s] -- Up-to-date: /home/habibahassan/project/install/ur_dashboard_msgs/lib/python3.12/site-packages/ur_dashboard_msgs/srv/_get_loaded_program.py
[2.959s] -- Up-to-date: /home/habibahassan/project/install/ur_dashboard_msgs/lib/python3.12/site-packages/ur_dashboard_msgs/srv/_get_robot_mode_s.c
[2.959s] -- Up-to-date: /home/habibahassan/project/install/ur_dashboard_msgs/lib/python3.12/site-packages/ur_dashboard_msgs/srv/_get_loaded_program_s.c
[2.959s] -- Up-to-date: /home/habibahassan/project/install/ur_dashboard_msgs/lib/python3.12/site-packages/ur_dashboard_msgs/srv/_is_program_running_s.c
[2.959s] -- Up-to-date: /home/habibahassan/project/install/ur_dashboard_msgs/lib/python3.12/site-packages/ur_dashboard_msgs/srv/_add_to_log.py
[2.960s] -- Up-to-date: /home/habibahassan/project/install/ur_dashboard_msgs/lib/python3.12/site-packages/ur_dashboard_msgs/srv/_get_program_state.py
[2.960s] -- Up-to-date: /home/habibahassan/project/install/ur_dashboard_msgs/lib/python3.12/site-packages/ur_dashboard_msgs/srv/_load_s.c
[2.960s] -- Up-to-date: /home/habibahassan/project/install/ur_dashboard_msgs/lib/python3.12/site-packages/ur_dashboard_msgs/srv/_popup_s.c
[2.960s] -- Up-to-date: /home/habibahassan/project/install/ur_dashboard_msgs/lib/python3.12/site-packages/ur_dashboard_msgs/srv/_get_safety_mode_s.c
[2.960s] -- Up-to-date: /home/habibahassan/project/install/ur_dashboard_msgs/lib/python3.12/site-packages/ur_dashboard_msgs/srv/_is_program_saved.py
[2.960s] -- Up-to-date: /home/habibahassan/project/install/ur_dashboard_msgs/lib/python3.12/site-packages/ur_dashboard_msgs/srv/_is_program_saved_s.c
[2.961s] -- Up-to-date: /home/habibahassan/project/install/ur_dashboard_msgs/lib/python3.12/site-packages/ur_dashboard_msgs/srv/_get_safety_mode.py
[2.961s] -- Up-to-date: /home/habibahassan/project/install/ur_dashboard_msgs/lib/python3.12/site-packages/ur_dashboard_msgs/srv/_raw_request_s.c
[2.961s] -- Up-to-date: /home/habibahassan/project/install/ur_dashboard_msgs/lib/python3.12/site-packages/ur_dashboard_msgs/srv/_add_to_log_s.c
[2.961s] -- Up-to-date: /home/habibahassan/project/install/ur_dashboard_msgs/lib/python3.12/site-packages/ur_dashboard_msgs/srv/_raw_request.py
[2.961s] -- Up-to-date: /home/habibahassan/project/install/ur_dashboard_msgs/lib/python3.12/site-packages/ur_dashboard_msgs/_ur_dashboard_msgs_s.ep.rosidl_typesupport_fastrtps_c.c
[2.961s] -- Up-to-date: /home/habibahassan/project/install/ur_dashboard_msgs/lib/python3.12/site-packages/ur_dashboard_msgs/action
[2.962s] -- Up-to-date: /home/habibahassan/project/install/ur_dashboard_msgs/lib/python3.12/site-packages/ur_dashboard_msgs/action/__init__.py
[2.962s] -- Up-to-date: /home/habibahassan/project/install/ur_dashboard_msgs/lib/python3.12/site-packages/ur_dashboard_msgs/action/_set_mode.py
[2.962s] -- Up-to-date: /home/habibahassan/project/install/ur_dashboard_msgs/lib/python3.12/site-packages/ur_dashboard_msgs/action/_set_mode_s.c
[2.962s] -- Up-to-date: /home/habibahassan/project/install/ur_dashboard_msgs/lib/python3.12/site-packages/ur_dashboard_msgs/__init__.py
[2.973s] -- Up-to-date: /home/habibahassan/project/install/ur_dashboard_msgs/lib/python3.12/site-packages/ur_dashboard_msgs/ur_dashboard_msgs_s__rosidl_typesupport_c.so
[2.973s] -- Up-to-date: /home/habibahassan/project/install/ur_dashboard_msgs/lib/python3.12/site-packages/ur_dashboard_msgs/_ur_dashboard_msgs_s.ep.rosidl_typesupport_introspection_c.c
[2.973s] -- Up-to-date: /home/habibahassan/project/install/ur_dashboard_msgs/lib/python3.12/site-packages/ur_dashboard_msgs/_ur_dashboard_msgs_s.ep.rosidl_typesupport_c.c
[2.973s] -- Up-to-date: /home/habibahassan/project/install/ur_dashboard_msgs/lib/python3.12/site-packages/ur_dashboard_msgs/msg
[2.973s] -- Up-to-date: /home/habibahassan/project/install/ur_dashboard_msgs/lib/python3.12/site-packages/ur_dashboard_msgs/msg/_robot_mode.py
[2.974s] -- Up-to-date: /home/habibahassan/project/install/ur_dashboard_msgs/lib/python3.12/site-packages/ur_dashboard_msgs/msg/__init__.py
[2.974s] -- Up-to-date: /home/habibahassan/project/install/ur_dashboard_msgs/lib/python3.12/site-packages/ur_dashboard_msgs/msg/_program_state.py
[2.974s] -- Up-to-date: /home/habibahassan/project/install/ur_dashboard_msgs/lib/python3.12/site-packages/ur_dashboard_msgs/msg/_safety_mode.py
[2.974s] -- Up-to-date: /home/habibahassan/project/install/ur_dashboard_msgs/lib/python3.12/site-packages/ur_dashboard_msgs/msg/_robot_mode_s.c
[2.974s] -- Up-to-date: /home/habibahassan/project/install/ur_dashboard_msgs/lib/python3.12/site-packages/ur_dashboard_msgs/msg/_safety_mode_s.c
[2.974s] -- Up-to-date: /home/habibahassan/project/install/ur_dashboard_msgs/lib/python3.12/site-packages/ur_dashboard_msgs/msg/_program_state_s.c
[2.974s] -- Up-to-date: /home/habibahassan/project/install/ur_dashboard_msgs/lib/python3.12/site-packages/ur_dashboard_msgs/ur_dashboard_msgs_s__rosidl_typesupport_fastrtps_c.so
[2.975s] -- Up-to-date: /home/habibahassan/project/install/ur_dashboard_msgs/lib/python3.12/site-packages/ur_dashboard_msgs/ur_dashboard_msgs_s__rosidl_typesupport_introspection_c.so
[3.001s] Listing '/home/habibahassan/project/install/ur_dashboard_msgs/lib/python3.12/site-packages/ur_dashboard_msgs'...
[3.011s] Listing '/home/habibahassan/project/install/ur_dashboard_msgs/lib/python3.12/site-packages/ur_dashboard_msgs/action'...
[3.011s] Listing '/home/habibahassan/project/install/ur_dashboard_msgs/lib/python3.12/site-packages/ur_dashboard_msgs/msg'...
[3.012s] Listing '/home/habibahassan/project/install/ur_dashboard_msgs/lib/python3.12/site-packages/ur_dashboard_msgs/srv'...
[3.012s] -- Up-to-date: /home/habibahassan/project/install/ur_dashboard_msgs/lib/python3.12/site-packages/ur_dashboard_msgs/ur_dashboard_msgs_s__rosidl_typesupport_fastrtps_c.so
[3.012s] -- Up-to-date: /home/habibahassan/project/install/ur_dashboard_msgs/lib/python3.12/site-packages/ur_dashboard_msgs/ur_dashboard_msgs_s__rosidl_typesupport_introspection_c.so
[3.012s] -- Up-to-date: /home/habibahassan/project/install/ur_dashboard_msgs/lib/python3.12/site-packages/ur_dashboard_msgs/ur_dashboard_msgs_s__rosidl_typesupport_c.so
[3.012s] -- Up-to-date: /home/habibahassan/project/install/ur_dashboard_msgs/lib/libur_dashboard_msgs__rosidl_generator_py.so
[3.013s] -- Up-to-date: /home/habibahassan/project/install/ur_dashboard_msgs/share/ur_dashboard_msgs/msg/ProgramState.idl
[3.013s] -- Up-to-date: /home/habibahassan/project/install/ur_dashboard_msgs/share/ur_dashboard_msgs/msg/RobotMode.idl
[3.013s] -- Up-to-date: /home/habibahassan/project/install/ur_dashboard_msgs/share/ur_dashboard_msgs/msg/SafetyMode.idl
[3.013s] -- Up-to-date: /home/habibahassan/project/install/ur_dashboard_msgs/share/ur_dashboard_msgs/srv/AddToLog.idl
[3.013s] -- Up-to-date: /home/habibahassan/project/install/ur_dashboard_msgs/share/ur_dashboard_msgs/srv/GetLoadedProgram.idl
[3.013s] -- Up-to-date: /home/habibahassan/project/install/ur_dashboard_msgs/share/ur_dashboard_msgs/srv/GetProgramState.idl
[3.014s] -- Up-to-date: /home/habibahassan/project/install/ur_dashboard_msgs/share/ur_dashboard_msgs/srv/GetRobotMode.idl
[3.014s] -- Up-to-date: /home/habibahassan/project/install/ur_dashboard_msgs/share/ur_dashboard_msgs/srv/GetSafetyMode.idl
[3.014s] -- Up-to-date: /home/habibahassan/project/install/ur_dashboard_msgs/share/ur_dashboard_msgs/srv/IsProgramRunning.idl
[3.014s] -- Up-to-date: /home/habibahassan/project/install/ur_dashboard_msgs/share/ur_dashboard_msgs/srv/IsProgramSaved.idl
[3.014s] -- Up-to-date: /home/habibahassan/project/install/ur_dashboard_msgs/share/ur_dashboard_msgs/srv/Load.idl
[3.015s] -- Up-to-date: /home/habibahassan/project/install/ur_dashboard_msgs/share/ur_dashboard_msgs/srv/Popup.idl
[3.015s] -- Up-to-date: /home/habibahassan/project/install/ur_dashboard_msgs/share/ur_dashboard_msgs/srv/RawRequest.idl
[3.015s] -- Up-to-date: /home/habibahassan/project/install/ur_dashboard_msgs/share/ur_dashboard_msgs/action/SetMode.idl
[3.019s] -- Up-to-date: /home/habibahassan/project/install/ur_dashboard_msgs/share/ur_dashboard_msgs/msg/ProgramState.msg
[3.045s] -- Up-to-date: /home/habibahassan/project/install/ur_dashboard_msgs/share/ur_dashboard_msgs/msg/RobotMode.msg
[3.045s] -- Up-to-date: /home/habibahassan/project/install/ur_dashboard_msgs/share/ur_dashboard_msgs/msg/SafetyMode.msg
[3.045s] -- Up-to-date: /home/habibahassan/project/install/ur_dashboard_msgs/share/ur_dashboard_msgs/srv/AddToLog.srv
[3.045s] -- Up-to-date: /home/habibahassan/project/install/ur_dashboard_msgs/share/ur_dashboard_msgs/srv/GetLoadedProgram.srv
[3.046s] -- Up-to-date: /home/habibahassan/project/install/ur_dashboard_msgs/share/ur_dashboard_msgs/srv/GetProgramState.srv
[3.046s] -- Up-to-date: /home/habibahassan/project/install/ur_dashboard_msgs/share/ur_dashboard_msgs/srv/GetRobotMode.srv
[3.046s] -- Up-to-date: /home/habibahassan/project/install/ur_dashboard_msgs/share/ur_dashboard_msgs/srv/GetSafetyMode.srv
[3.046s] -- Up-to-date: /home/habibahassan/project/install/ur_dashboard_msgs/share/ur_dashboard_msgs/srv/IsProgramRunning.srv
[3.046s] -- Up-to-date: /home/habibahassan/project/install/ur_dashboard_msgs/share/ur_dashboard_msgs/srv/IsProgramSaved.srv
[3.046s] -- Up-to-date: /home/habibahassan/project/install/ur_dashboard_msgs/share/ur_dashboard_msgs/srv/Load.srv
[3.047s] -- Up-to-date: /home/habibahassan/project/install/ur_dashboard_msgs/share/ur_dashboard_msgs/srv/Popup.srv
[3.047s] -- Up-to-date: /home/habibahassan/project/install/ur_dashboard_msgs/share/ur_dashboard_msgs/srv/RawRequest.srv
[3.047s] -- Up-to-date: /home/habibahassan/project/install/ur_dashboard_msgs/share/ur_dashboard_msgs/action/SetMode.action
[3.047s] -- Up-to-date: /home/habibahassan/project/install/ur_dashboard_msgs/share/ament_index/resource_index/package_run_dependencies/ur_dashboard_msgs
[3.047s] -- Up-to-date: /home/habibahassan/project/install/ur_dashboard_msgs/share/ament_index/resource_index/parent_prefix_path/ur_dashboard_msgs
[3.047s] -- Up-to-date: /home/habibahassan/project/install/ur_dashboard_msgs/share/ur_dashboard_msgs/environment/ament_prefix_path.sh
[3.048s] -- Up-to-date: /home/habibahassan/project/install/ur_dashboard_msgs/share/ur_dashboard_msgs/environment/ament_prefix_path.dsv
[3.048s] -- Up-to-date: /home/habibahassan/project/install/ur_dashboard_msgs/share/ur_dashboard_msgs/environment/path.sh
[3.048s] -- Up-to-date: /home/habibahassan/project/install/ur_dashboard_msgs/share/ur_dashboard_msgs/environment/path.dsv
[3.048s] -- Up-to-date: /home/habibahassan/project/install/ur_dashboard_msgs/share/ur_dashboard_msgs/local_setup.bash
[3.048s] -- Up-to-date: /home/habibahassan/project/install/ur_dashboard_msgs/share/ur_dashboard_msgs/local_setup.sh
[3.049s] -- Up-to-date: /home/habibahassan/project/install/ur_dashboard_msgs/share/ur_dashboard_msgs/local_setup.zsh
[3.049s] -- Up-to-date: /home/habibahassan/project/install/ur_dashboard_msgs/share/ur_dashboard_msgs/local_setup.dsv
[3.049s] -- Installing: /home/habibahassan/project/install/ur_dashboard_msgs/share/ur_dashboard_msgs/package.dsv
[3.049s] -- Up-to-date: /home/habibahassan/project/install/ur_dashboard_msgs/share/ament_index/resource_index/packages/ur_dashboard_msgs
[3.049s] -- Up-to-date: /home/habibahassan/project/install/ur_dashboard_msgs/share/ur_dashboard_msgs/cmake/export_ur_dashboard_msgs__rosidl_generator_cExport.cmake
[3.049s] -- Up-to-date: /home/habibahassan/project/install/ur_dashboard_msgs/share/ur_dashboard_msgs/cmake/export_ur_dashboard_msgs__rosidl_generator_cExport-noconfig.cmake
[3.050s] -- Up-to-date: /home/habibahassan/project/install/ur_dashboard_msgs/share/ur_dashboard_msgs/cmake/export_ur_dashboard_msgs__rosidl_typesupport_fastrtps_cExport.cmake
[3.050s] -- Up-to-date: /home/habibahassan/project/install/ur_dashboard_msgs/share/ur_dashboard_msgs/cmake/export_ur_dashboard_msgs__rosidl_typesupport_fastrtps_cExport-noconfig.cmake
[3.050s] -- Up-to-date: /home/habibahassan/project/install/ur_dashboard_msgs/share/ur_dashboard_msgs/cmake/ur_dashboard_msgs__rosidl_typesupport_introspection_cExport.cmake
[3.050s] -- Up-to-date: /home/habibahassan/project/install/ur_dashboard_msgs/share/ur_dashboard_msgs/cmake/ur_dashboard_msgs__rosidl_typesupport_introspection_cExport-noconfig.cmake
[3.050s] -- Up-to-date: /home/habibahassan/project/install/ur_dashboard_msgs/share/ur_dashboard_msgs/cmake/ur_dashboard_msgs__rosidl_typesupport_cExport.cmake
[3.050s] -- Up-to-date: /home/habibahassan/project/install/ur_dashboard_msgs/share/ur_dashboard_msgs/cmake/ur_dashboard_msgs__rosidl_typesupport_cExport-noconfig.cmake
[3.054s] -- Up-to-date: /home/habibahassan/project/install/ur_dashboard_msgs/share/ur_dashboard_msgs/cmake/export_ur_dashboard_msgs__rosidl_generator_cppExport.cmake
[3.078s] -- Up-to-date: /home/habibahassan/project/install/ur_dashboard_msgs/share/ur_dashboard_msgs/cmake/export_ur_dashboard_msgs__rosidl_typesupport_fastrtps_cppExport.cmake
[3.078s] -- Up-to-date: /home/habibahassan/project/install/ur_dashboard_msgs/share/ur_dashboard_msgs/cmake/export_ur_dashboard_msgs__rosidl_typesupport_fastrtps_cppExport-noconfig.cmake
[3.078s] -- Up-to-date: /home/habibahassan/project/install/ur_dashboard_msgs/share/ur_dashboard_msgs/cmake/ur_dashboard_msgs__rosidl_typesupport_introspection_cppExport.cmake
[3.079s] -- Up-to-date: /home/habibahassan/project/install/ur_dashboard_msgs/share/ur_dashboard_msgs/cmake/ur_dashboard_msgs__rosidl_typesupport_introspection_cppExport-noconfig.cmake
[3.079s] -- Up-to-date: /home/habibahassan/project/install/ur_dashboard_msgs/share/ur_dashboard_msgs/cmake/ur_dashboard_msgs__rosidl_typesupport_cppExport.cmake
[3.079s] -- Up-to-date: /home/habibahassan/project/install/ur_dashboard_msgs/share/ur_dashboard_msgs/cmake/ur_dashboard_msgs__rosidl_typesupport_cppExport-noconfig.cmake
[3.079s] -- Up-to-date: /home/habibahassan/project/install/ur_dashboard_msgs/share/ur_dashboard_msgs/cmake/export_ur_dashboard_msgs__rosidl_generator_pyExport.cmake
[3.080s] -- Up-to-date: /home/habibahassan/project/install/ur_dashboard_msgs/share/ur_dashboard_msgs/cmake/export_ur_dashboard_msgs__rosidl_generator_pyExport-noconfig.cmake
[3.080s] -- Up-to-date: /home/habibahassan/project/install/ur_dashboard_msgs/share/ur_dashboard_msgs/cmake/rosidl_cmake-extras.cmake
[3.080s] -- Up-to-date: /home/habibahassan/project/install/ur_dashboard_msgs/share/ur_dashboard_msgs/cmake/ament_cmake_export_dependencies-extras.cmake
[3.080s] -- Up-to-date: /home/habibahassan/project/install/ur_dashboard_msgs/share/ur_dashboard_msgs/cmake/ament_cmake_export_include_directories-extras.cmake
[3.080s] -- Up-to-date: /home/habibahassan/project/install/ur_dashboard_msgs/share/ur_dashboard_msgs/cmake/ament_cmake_export_libraries-extras.cmake
[3.080s] -- Up-to-date: /home/habibahassan/project/install/ur_dashboard_msgs/share/ur_dashboard_msgs/cmake/ament_cmake_export_targets-extras.cmake
[3.080s] -- Up-to-date: /home/habibahassan/project/install/ur_dashboard_msgs/share/ur_dashboard_msgs/cmake/rosidl_cmake_export_typesupport_targets-extras.cmake
[3.081s] -- Up-to-date: /home/habibahassan/project/install/ur_dashboard_msgs/share/ur_dashboard_msgs/cmake/rosidl_cmake_export_typesupport_libraries-extras.cmake
[3.081s] -- Up-to-date: /home/habibahassan/project/install/ur_dashboard_msgs/share/ur_dashboard_msgs/cmake/ur_dashboard_msgsConfig.cmake
[3.081s] -- Up-to-date: /home/habibahassan/project/install/ur_dashboard_msgs/share/ur_dashboard_msgs/cmake/ur_dashboard_msgsConfig-version.cmake
[3.095s] -- Up-to-date: /home/habibahassan/project/install/ur_dashboard_msgs/share/ur_dashboard_msgs/package.xml
[3.154s] Invoked command in '/home/habibahassan/project/build/ur_dashboard_msgs' returned '0': CMAKE_PREFIX_PATH=${CMAKE_PREFIX_PATH}:/home/habibahassan/project/install/moveit_configs_utils:/opt/ros/jazzy DEBUGINFOD_URLS=https://debuginfod.ubuntu.com /usr/bin/cmake --install /home/habibahassan/project/build/ur_dashboard_msgs
