[0.019s] Invoking command in '/home/habibahassan/project/build/gz_ros2_control': CMAKE_PREFIX_PATH=${CMAKE_PREFIX_PATH}:/home/habibahassan/project/install/moveit_configs_utils:/opt/ros/jazzy DEBUGINFOD_URLS=https://debuginfod.ubuntu.com /usr/bin/cmake /home/habibahassan/project/src/gz_ros2_control/gz_ros2_control -DCMAKE_INSTALL_PREFIX=/home/habibahassan/project/install/gz_ros2_control
[0.416s] -- The C compiler identification is GNU 13.3.0
[1.465s] -- The CXX compiler identification is GNU 13.3.0
[2.318s] -- Detecting C compiler ABI info
[2.548s] -- Detecting C compiler ABI info - done
[2.554s] -- Check for working C compiler: /usr/bin/cc - skipped
[2.570s] -- Detecting C compile features
[2.570s] -- Detecting C compile features - done
[2.776s] -- Detecting CXX compiler ABI info
[3.039s] -- Detecting CXX compiler ABI info - done
[3.046s] -- Check for working CXX compiler: /usr/bin/c++ - skipped
[3.046s] -- Detecting CXX compile features
[3.047s] -- Detecting CXX compile features - done
[3.092s] -- Found ament_cmake: 2.5.3 (/opt/ros/jazzy/share/ament_cmake/cmake)
[3.254s] -- Found Python3: /usr/bin/python3 (found version "3.12.3") found components: Interpreter 
[3.396s] -- Found ament_index_cpp: 1.8.1 (/opt/ros/jazzy/share/ament_index_cpp/cmake)
[3.402s] -- Found controller_manager: 4.27.0 (/opt/ros/jazzy/share/controller_manager/cmake)
[3.638s] -- Found rosidl_generator_c: 4.6.5 (/opt/ros/jazzy/share/rosidl_generator_c/cmake)
[3.657s] -- Found rosidl_generator_cpp: 4.6.5 (/opt/ros/jazzy/share/rosidl_generator_cpp/cmake)
[3.689s] -- Using all available rosidl_typesupport_c: rosidl_typesupport_fastrtps_c;rosidl_typesupport_introspection_c
[3.719s] -- Using all available rosidl_typesupport_cpp: rosidl_typesupport_fastrtps_cpp;rosidl_typesupport_introspection_cpp
[3.827s] -- Found rmw_implementation_cmake: 7.3.1 (/opt/ros/jazzy/share/rmw_implementation_cmake/cmake)
[3.835s] -- Found rmw_fastrtps_cpp: 8.4.1 (/opt/ros/jazzy/share/rmw_fastrtps_cpp/cmake)
[3.936s] -- Found OpenSSL: /usr/lib/x86_64-linux-gnu/libcrypto.so (found version "3.0.13")  
[4.109s] -- Found FastRTPS: /opt/ros/jazzy/include (Required is at least version "2.13") 
[4.267s] -- Using RMW implementation 'rmw_fastrtps_cpp' as default
[5.360s] -- Found yaml_cpp_vendor: 9.0.1 (/opt/ros/jazzy/share/yaml_cpp_vendor/cmake)
[5.360s] -- Setting yaml-cpp_DIR to: '/opt/ros/jazzy/share/yaml_cpp_vendor/cmake/../../../opt/yaml_cpp_vendor/share/cmake/yaml-cpp'
[5.364s] -- Found gz_sim_vendor: 0.0.8 (/opt/ros/jazzy/share/gz_sim_vendor/cmake)
[5.477s] -- Looking for gz-sim8 -- found version 8.9.0
[5.492s] -- Searching for dependencies of gz-sim8
[5.495s] -- Looking for sdformat14 -- found version 14.7.0
[5.495s] -- Searching for dependencies of sdformat14
[5.500s] -- Checking for module 'tinyxml2'
[5.519s] --   Found tinyxml2, version 10.0.0
[5.550s] -- Looking for gz-math7 -- found version 7.5.2
[5.550s] -- Searching for dependencies of gz-math7
[5.554s] -- Looking for gz-utils2 -- found version 2.2.1
[5.554s] -- Searching for dependencies of gz-utils2
[5.557s] -- Looking for gz-utils2 -- found version 2.2.1
[5.558s] -- Searching for dependencies of gz-utils2
[5.558s] -- Searching for <gz-utils2> component [cli]
[5.561s] -- Looking for gz-utils2-cli -- found version 2.2.1
[5.561s] -- Searching for dependencies of gz-utils2-cli
[5.566s] -- Looking for gz-plugin2 -- found version 2.0.4
[5.567s] -- Searching for dependencies of gz-plugin2
[5.567s] -- Looking for gz-utils2 -- found version 2.2.1
[5.568s] -- Searching for <gz-plugin2> component [loader]
[5.570s] -- Looking for gz-plugin2-loader -- found version 2.0.4
[5.571s] -- Searching for dependencies of gz-plugin2-loader
[5.572s] -- Searching for <gz-plugin2> component [register]
[5.575s] -- Looking for gz-plugin2-register -- found version 2.0.4
[5.575s] -- Searching for dependencies of gz-plugin2-register
[5.578s] -- Looking for gz-transport13 -- found version 13.4.1
[5.578s] -- Searching for dependencies of gz-transport13
[8.632s] -- Found Protobuf: /usr/lib/x86_64-linux-gnu/libprotobuf.so (found version "3.21.12") 
[10.186s] -- Config-file not installed for ZeroMQ -- checking for pkg-config
[10.190s] -- Checking for module 'libzmq >= 4'
[10.218s] --   Found libzmq, version 4.3.5
[10.251s] -- Found ZeroMQ: TRUE (Required is at least version "4") 
[10.300s] -- Checking for module 'uuid'
[10.313s] --   Found uuid, version 2.39.3
[10.339s] -- Found UUID: TRUE  
[10.340s] -- Looking for gz-utils2 -- found version 2.2.1
[10.343s] -- Looking for gz-msgs10 -- found version 10.3.2
[10.344s] -- Searching for dependencies of gz-msgs10
[11.742s] -- Looking for gz-utils2 -- found version 2.2.1
[11.743s] -- Looking for gz-math7 -- found version 7.5.2
[11.767s] -- Searching for <gz-transport13> component [log]
[11.769s] -- Looking for gz-transport13-log -- found version 13.4.1
[11.769s] -- Searching for dependencies of gz-transport13-log
[11.771s] -- Searching for <gz-transport13> component [parameters]
[11.773s] -- Looking for gz-transport13-parameters -- found version 13.4.1
[11.773s] -- Searching for dependencies of gz-transport13-parameters
[11.775s] -- Looking for gz-msgs10 -- found version 10.3.2
[11.779s] -- Looking for gz-common5 -- found version 5.7.1
[11.779s] -- Searching for dependencies of gz-common5
[11.780s] -- Looking for gz-utils2 -- found version 2.2.1
[11.818s] -- Looking for dlfcn.h - found
[11.856s] -- Looking for libdl - found
[11.857s] -- Found DL: TRUE  
[11.864s] -- Searching for <gz-common5> component [av]
[11.867s] -- Looking for gz-common5-av -- found version 5.7.1
[11.867s] -- Searching for dependencies of gz-common5-av
[11.871s] -- Checking for module 'libswscale'
[11.886s] --   Found libswscale, version 7.5.100
[11.913s] -- Found SWSCALE: TRUE  
[11.917s] -- Checking for module 'libavdevice >= 56.4.100'
[11.934s] --   Found libavdevice, version 60.3.100
[11.973s] -- Found AVDEVICE: TRUE (Required is at least version "56.4.100") 
[11.977s] -- Checking for module 'libavformat'
[11.993s] --   Found libavformat, version 60.16.100
[12.020s] -- Found AVFORMAT: TRUE  
[12.026s] -- Checking for module 'libavcodec'
[12.041s] --   Found libavcodec, version 60.31.102
[12.066s] -- Found AVCODEC: TRUE  
[12.070s] -- Checking for module 'libavutil'
[12.084s] --   Found libavutil, version 58.29.100
[12.107s] -- Found AVUTIL: TRUE  
[12.109s] -- Searching for <gz-common5> component [events]
[12.111s] -- Looking for gz-common5-events -- found version 5.7.1
[12.111s] -- Searching for dependencies of gz-common5-events
[12.112s] -- Looking for gz-math7 -- found version 7.5.2
[12.113s] -- Searching for <gz-common5> component [graphics]
[12.116s] -- Looking for gz-common5-graphics -- found version 5.7.1
[12.116s] -- Searching for dependencies of gz-common5-graphics
[12.116s] -- Looking for gz-math7 -- found version 7.5.2
[12.123s] -- Found GzAssimp: TRUE (found version "5.3.0") 
[12.124s] -- Searching for <gz-common5> component [io]
[12.126s] -- Looking for gz-common5-io -- found version 5.7.1
[12.126s] -- Searching for dependencies of gz-common5-io
[12.127s] -- Searching for <gz-common5> component [profiler]
[12.130s] -- Looking for gz-common5-profiler -- found version 5.7.1
[12.130s] -- Searching for dependencies of gz-common5-profiler
[12.134s] -- Looking for gz-fuel_tools9 -- found version 9.1.1
[12.134s] -- Searching for dependencies of gz-fuel_tools9
[14.423s] -- Found CURL: /usr/lib/x86_64-linux-gnu/libcurl.so (found version "8.5.0")  
[14.443s] -- Checking for module 'jsoncpp'
[14.462s] --   Found jsoncpp, version 1.9.5
[14.487s] -- Found JSONCPP: TRUE  
[16.420s] -- Checking for module 'yaml-0.1'
[16.456s] --   Found yaml-0.1, version 0.2.5
[16.480s] -- Found YAML: TRUE  
[16.485s] -- Checking for module 'libzip'
[16.502s] --   Found libzip, version 1.7.3
[16.524s] -- Found ZIP: TRUE  
[16.525s] -- Looking for gz-utils2 -- found version 2.2.1
[16.525s] -- Looking for gz-common5 -- found version 5.7.1
[16.525s] -- Searching for dependencies of gz-common5
[16.526s] -- Looking for gz-utils2 -- found version 2.2.1
[16.526s] -- Looking for dlfcn.h - found
[16.526s] -- Looking for libdl - found
[16.532s] -- Searching for <gz-common5> component [testing]
[16.536s] -- Looking for gz-common5-testing -- found version 5.7.1
[16.536s] -- Searching for dependencies of gz-common5-testing
[16.537s] -- Looking for gz-math7 -- found version 7.5.2
[16.538s] -- Looking for gz-msgs10 -- found version 10.3.2
[16.544s] -- Looking for gz-gui8 -- found version 8.4.0
[16.544s] -- Searching for dependencies of gz-gui8
[17.897s] -- Looking for gz-utils2 -- found version 2.2.1
[17.898s] -- Looking for gz-math7 -- found version 7.5.2
[17.898s] -- Looking for gz-common5 -- found version 5.7.1
[17.898s] -- Looking for gz-plugin2 -- found version 2.0.4
[17.899s] -- Looking for gz-transport13 -- found version 13.4.1
[17.903s] -- Looking for gz-rendering8 -- found version 8.2.2
[17.903s] -- Searching for dependencies of gz-rendering8
[17.904s] -- Looking for gz-math7 -- found version 7.5.2
[17.904s] -- Searching for dependencies of gz-math7
[17.904s] -- Looking for gz-utils2 -- found version 2.2.1
[17.905s] -- Searching for <gz-math7> component [eigen3]
[17.907s] -- Looking for gz-math7-eigen3 -- found version 7.5.2
[17.908s] -- Searching for dependencies of gz-math7-eigen3
[17.910s] -- Looking for gz-common5 -- found version 5.7.1
[17.910s] -- Searching for dependencies of gz-common5
[17.910s] -- Looking for gz-utils2 -- found version 2.2.1
[17.911s] -- Looking for dlfcn.h - found
[17.911s] -- Looking for libdl - found
[17.917s] -- Searching for <gz-common5> component [graphics]
[17.917s] -- Searching for <gz-common5> component [events]
[17.917s] -- Searching for <gz-common5> component [geospatial]
[17.920s] -- Looking for gz-common5-geospatial -- found version 5.7.1
[17.921s] -- Searching for dependencies of gz-common5-geospatial
[17.921s] -- Looking for gz-math7 -- found version 7.5.2
[17.921s] -- Looking for gz-common5 -- found version 5.7.1
[17.923s] -- Looking for gz-plugin2 -- found version 2.0.4
[17.923s] -- Searching for dependencies of gz-plugin2
[17.923s] -- Looking for gz-utils2 -- found version 2.2.1
[17.923s] -- Searching for <gz-plugin2> component [all]
[17.926s] -- Looking for all libraries of gz-plugin2 -- found version 2.0.4
[17.926s] -- Looking for gz-plugin2 -- found version 2.0.4
[17.928s] -- Looking for gz-utils2 -- found version 2.2.1
[18.729s] -- Found OpenGL: /usr/lib/x86_64-linux-gnu/libOpenGL.so  found components: OpenGL 
[18.781s] -- Looking for gz-msgs10 -- found version 10.3.2
[18.960s] -- Looking for gz-physics7 -- found version 7.5.0
[18.960s] -- Searching for dependencies of gz-physics7
[18.960s] -- Looking for gz-common5 -- found version 5.7.1
[18.961s] -- Looking for gz-math7 -- found version 7.5.2
[18.961s] -- Looking for gz-plugin2 -- found version 2.0.4
[18.962s] -- Looking for gz-utils2 -- found version 2.2.1
[18.964s] -- Searching for <gz-physics7> component [heightmap]
[18.967s] -- Looking for gz-physics7-heightmap -- found version 7.5.0
[18.968s] -- Searching for dependencies of gz-physics7-heightmap
[18.968s] -- Looking for gz-common5 -- found version 5.7.1
[18.969s] -- Searching for <gz-physics7> component [mesh]
[18.971s] -- Looking for gz-physics7-mesh -- found version 7.5.0
[18.971s] -- Searching for dependencies of gz-physics7-mesh
[18.971s] -- Looking for gz-common5 -- found version 5.7.1
[18.972s] -- Searching for <gz-physics7> component [sdf]
[18.974s] -- Looking for gz-physics7-sdf -- found version 7.5.0
[18.975s] -- Searching for dependencies of gz-physics7-sdf
[18.975s] -- Looking for sdformat14 -- found version 14.7.0
[18.984s] -- Looking for gz-sensors8 -- found version 8.2.2
[18.984s] -- Searching for dependencies of gz-sensors8
[20.665s] -- Looking for gz-math7 -- found version 7.5.2
[20.665s] -- Looking for gz-common5 -- found version 5.7.1
[20.666s] -- Looking for gz-transport13 -- found version 13.4.1
[20.666s] -- Looking for gz-rendering8 -- found version 8.2.2
[20.667s] -- Looking for gz-msgs10 -- found version 10.3.2
[20.667s] -- Looking for sdformat14 -- found version 14.7.0
[20.670s] -- Searching for <gz-sensors8> component [air_pressure]
[20.673s] -- Looking for gz-sensors8-air_pressure -- found version 8.2.2
[20.674s] -- Searching for dependencies of gz-sensors8-air_pressure
[20.675s] -- Searching for <gz-sensors8> component [air_speed]
[20.677s] -- Looking for gz-sensors8-air_speed -- found version 8.2.2
[20.678s] -- Searching for dependencies of gz-sensors8-air_speed
[20.679s] -- Searching for <gz-sensors8> component [altimeter]
[20.681s] -- Looking for gz-sensors8-altimeter -- found version 8.2.2
[20.681s] -- Searching for dependencies of gz-sensors8-altimeter
[20.683s] -- Searching for <gz-sensors8> component [imu]
[20.685s] -- Looking for gz-sensors8-imu -- found version 8.2.2
[20.685s] -- Searching for dependencies of gz-sensors8-imu
[20.687s] -- Searching for <gz-sensors8> component [force_torque]
[20.689s] -- Looking for gz-sensors8-force_torque -- found version 8.2.2
[20.690s] -- Searching for dependencies of gz-sensors8-force_torque
[20.691s] -- Searching for <gz-sensors8> component [logical_camera]
[20.693s] -- Looking for gz-sensors8-logical_camera -- found version 8.2.2
[20.694s] -- Searching for dependencies of gz-sensors8-logical_camera
[20.695s] -- Searching for <gz-sensors8> component [magnetometer]
[20.698s] -- Looking for gz-sensors8-magnetometer -- found version 8.2.2
[20.698s] -- Searching for dependencies of gz-sensors8-magnetometer
[20.700s] -- Searching for <gz-sensors8> component [navsat]
[20.702s] -- Looking for gz-sensors8-navsat -- found version 8.2.2
[20.702s] -- Searching for dependencies of gz-sensors8-navsat
[20.704s] -- Searching for <gz-sensors8> component [dvl]
[20.706s] -- Looking for gz-sensors8-dvl -- found version 8.2.2
[20.706s] -- Searching for dependencies of gz-sensors8-dvl
[20.707s] -- Looking for gz-sensors8 -- found version 8.2.2
[20.707s] -- Searching for dependencies of gz-sensors8
[22.914s] -- Looking for gz-math7 -- found version 7.5.2
[22.915s] -- Looking for gz-common5 -- found version 5.7.1
[22.916s] -- Looking for gz-transport13 -- found version 13.4.1
[22.916s] -- Looking for gz-rendering8 -- found version 8.2.2
[22.917s] -- Looking for gz-msgs10 -- found version 10.3.2
[22.918s] -- Looking for sdformat14 -- found version 14.7.0
[22.918s] -- Searching for <gz-sensors8> component [rendering]
[22.936s] -- Looking for gz-sensors8-rendering -- found version 8.2.2
[22.936s] -- Searching for dependencies of gz-sensors8-rendering
[22.939s] -- Searching for <gz-sensors8> component [rendering]
[22.939s] -- Searching for <gz-sensors8> component [lidar]
[22.942s] -- Looking for gz-sensors8-lidar -- found version 8.2.2
[22.942s] -- Searching for dependencies of gz-sensors8-lidar
[22.943s] -- Looking for gz-sensors8 -- found version 8.2.2
[22.944s] -- Searching for <gz-sensors8> component [gpu_lidar]
[22.947s] -- Looking for gz-sensors8-gpu_lidar -- found version 8.2.2
[22.947s] -- Searching for dependencies of gz-sensors8-gpu_lidar
[22.948s] -- Looking for gz-sensors8 -- found version 8.2.2
[22.950s] -- Searching for <gz-sensors8> component [camera]
[22.952s] -- Looking for gz-sensors8-camera -- found version 8.2.2
[22.953s] -- Searching for dependencies of gz-sensors8-camera
[22.953s] -- Looking for gz-sensors8 -- found version 8.2.2
[22.955s] -- Searching for <gz-sensors8> component [boundingbox_camera]
[22.957s] -- Looking for gz-sensors8-boundingbox_camera -- found version 8.2.2
[22.958s] -- Searching for dependencies of gz-sensors8-boundingbox_camera
[22.959s] -- Searching for <gz-sensors8> component [segmentation_camera]
[22.961s] -- Looking for gz-sensors8-segmentation_camera -- found version 8.2.2
[22.962s] -- Searching for dependencies of gz-sensors8-segmentation_camera
[22.963s] -- Searching for <gz-sensors8> component [depth_camera]
[22.966s] -- Looking for gz-sensors8-depth_camera -- found version 8.2.2
[22.966s] -- Searching for dependencies of gz-sensors8-depth_camera
[22.966s] -- Looking for gz-sensors8 -- found version 8.2.2
[22.968s] -- Searching for <gz-sensors8> component [rgbd_camera]
[22.970s] -- Looking for gz-sensors8-rgbd_camera -- found version 8.2.2
[22.971s] -- Searching for dependencies of gz-sensors8-rgbd_camera
[22.971s] -- Looking for gz-sensors8 -- found version 8.2.2
[22.973s] -- Searching for <gz-sensors8> component [thermal_camera]
[22.975s] -- Looking for gz-sensors8-thermal_camera -- found version 8.2.2
[22.975s] -- Searching for dependencies of gz-sensors8-thermal_camera
[22.976s] -- Looking for gz-sensors8 -- found version 8.2.2
[22.977s] -- Searching for <gz-sensors8> component [wide_angle_camera]
[22.980s] -- Looking for gz-sensors8-wide_angle_camera -- found version 8.2.2
[22.980s] -- Searching for dependencies of gz-sensors8-wide_angle_camera
[22.983s] -- Looking for gz-rendering8 -- found version 8.2.2
[22.983s] -- Looking for gz-math7 -- found version 7.5.2
[22.985s] -- Looking for gz-utils2 -- found version 2.2.1
[25.347s] -- Looking for gz-plugin2 -- found version 2.0.4
[25.394s] -- Found ament_lint_auto: 0.17.1 (/opt/ros/jazzy/share/ament_lint_auto/cmake)
[25.672s] -- Added test 'copyright' to check source files copyright and LICENSE
[25.679s] -- Added test 'cppcheck' to perform static code analysis on C / C++ code
[25.680s] -- Configured cppcheck include dirs: /home/habibahassan/project/src/gz_ros2_control/gz_ros2_control/include
[25.680s] -- Configured cppcheck exclude dirs and/or files: 
[25.686s] -- Added test 'cpplint' to check C / C++ code against the Google style
[25.686s] -- Configured cpplint exclude dirs and/or files: 
[25.691s] -- Added test 'lint_cmake' to check CMake code style
[25.696s] -- Added test 'uncrustify' to check C / C++ code style
[25.696s] -- Configured uncrustify additional arguments: 
[25.700s] -- Added test 'xmllint' to check XML markup files
[25.711s] -- Configuring done (25.6s)
[25.832s] -- Generating done (0.1s)
[25.847s] -- Build files have been written to: /home/habibahassan/project/build/gz_ros2_control
[25.879s] Invoked command in '/home/habibahassan/project/build/gz_ros2_control' returned '0': CMAKE_PREFIX_PATH=${CMAKE_PREFIX_PATH}:/home/habibahassan/project/install/moveit_configs_utils:/opt/ros/jazzy DEBUGINFOD_URLS=https://debuginfod.ubuntu.com /usr/bin/cmake /home/habibahassan/project/src/gz_ros2_control/gz_ros2_control -DCMAKE_INSTALL_PREFIX=/home/habibahassan/project/install/gz_ros2_control
[25.882s] Invoking command in '/home/habibahassan/project/build/gz_ros2_control': CMAKE_PREFIX_PATH=${CMAKE_PREFIX_PATH}:/home/habibahassan/project/install/moveit_configs_utils:/opt/ros/jazzy DEBUGINFOD_URLS=https://debuginfod.ubuntu.com /usr/bin/cmake --build /home/habibahassan/project/build/gz_ros2_control -- -j8 -l8
[25.962s] [ 50%] [32mBuilding CXX object CMakeFiles/gz_hardware_plugins.dir/src/gz_system.cpp.o[0m
[25.963s] [ 50%] [32mBuilding CXX object CMakeFiles/gz_ros2_control-system.dir/src/gz_ros2_control_plugin.cpp.o[0m
[46.994s] [ 75%] [32m[1mLinking CXX shared library libgz_hardware_plugins.so[0m
[48.276s] [100%] [32m[1mLinking CXX shared library libgz_ros2_control-system.so[0m
[48.503s] [100%] Built target gz_hardware_plugins
[49.151s] gmake[2]: *** Deleting file 'libgz_ros2_control-system.so'
[49.152s] gmake[2]: *** [CMakeFiles/gz_ros2_control-system.dir/build.make:336: libgz_ros2_control-system.so] Interrupt
[49.152s] gmake[1]: *** [CMakeFiles/Makefile2:139: CMakeFiles/gz_ros2_control-system.dir/all] Interrupt
[49.153s] gmake: *** [Makefile:146: all] Interrupt
[49.159s] Invoked command in '/home/habibahassan/project/build/gz_ros2_control' returned '-2': CMAKE_PREFIX_PATH=${CMAKE_PREFIX_PATH}:/home/habibahassan/project/install/moveit_configs_utils:/opt/ros/jazzy DEBUGINFOD_URLS=https://debuginfod.ubuntu.com /usr/bin/cmake --build /home/habibahassan/project/build/gz_ros2_control -- -j8 -l8
