[0.047s] Invoking command in '/home/habibahassan/project/build/robotiq_description': CMAKE_PREFIX_PATH=${CMAKE_PREFIX_PATH}:/home/habibahassan/project/install/moveit_configs_utils:/opt/ros/jazzy DEBUGINFOD_URLS=https://debuginfod.ubuntu.com /usr/bin/cmake /home/habibahassan/project/src/ros2_robotiq_gripper/robotiq_description -DCMAKE_INSTALL_PREFIX=/home/habibahassan/project/install/robotiq_description
[0.240s] -- The C compiler identification is GNU 13.3.0
[1.186s] -- The CXX compiler identification is GNU 13.3.0
[1.795s] -- Detecting C compiler ABI info
[2.050s] -- Detecting C compiler ABI info - done
[2.067s] -- Check for working C compiler: /usr/bin/cc - skipped
[2.067s] -- Detecting C compile features
[2.068s] -- Detecting C compile features - done
[2.212s] -- Detecting CXX compiler ABI info
[2.569s] -- Detecting CXX compiler ABI info - done
[2.585s] -- Check for working CXX compiler: /usr/bin/c++ - skipped
[2.585s] -- Detecting CXX compile features
[2.586s] -- Detecting CXX compile features - done
[2.593s] -- Found ament_cmake: 2.5.3 (/opt/ros/jazzy/share/ament_cmake/cmake)
[2.949s] -- Found Python3: /usr/bin/python3 (found version "3.12.3") found components: Interpreter 
[3.305s] -- Configuring done (3.2s)
[3.308s] -- Generating done (0.0s)
[3.310s] -- Build files have been written to: /home/habibahassan/project/build/robotiq_description
[3.316s] Invoked command in '/home/habibahassan/project/build/robotiq_description' returned '0': CMAKE_PREFIX_PATH=${CMAKE_PREFIX_PATH}:/home/habibahassan/project/install/moveit_configs_utils:/opt/ros/jazzy DEBUGINFOD_URLS=https://debuginfod.ubuntu.com /usr/bin/cmake /home/habibahassan/project/src/ros2_robotiq_gripper/robotiq_description -DCMAKE_INSTALL_PREFIX=/home/habibahassan/project/install/robotiq_description
[3.319s] Invoking command in '/home/habibahassan/project/build/robotiq_description': CMAKE_PREFIX_PATH=${CMAKE_PREFIX_PATH}:/home/habibahassan/project/install/moveit_configs_utils:/opt/ros/jazzy DEBUGINFOD_URLS=https://debuginfod.ubuntu.com /usr/bin/cmake --build /home/habibahassan/project/build/robotiq_description -- -j8 -l8
[4.909s] Invoked command in '/home/habibahassan/project/build/robotiq_description' returned '0': CMAKE_PREFIX_PATH=${CMAKE_PREFIX_PATH}:/home/habibahassan/project/install/moveit_configs_utils:/opt/ros/jazzy DEBUGINFOD_URLS=https://debuginfod.ubuntu.com /usr/bin/cmake --build /home/habibahassan/project/build/robotiq_description -- -j8 -l8
[4.909s] Invoking command in '/home/habibahassan/project/build/robotiq_description': CMAKE_PREFIX_PATH=${CMAKE_PREFIX_PATH}:/home/habibahassan/project/install/moveit_configs_utils:/opt/ros/jazzy DEBUGINFOD_URLS=https://debuginfod.ubuntu.com /usr/bin/cmake --install /home/habibahassan/project/build/robotiq_description
[5.107s] -- Install configuration: ""
[5.108s] -- Installing: /home/habibahassan/project/install/robotiq_description/share/robotiq_description/config
[5.109s] -- Installing: /home/habibahassan/project/install/robotiq_description/share/robotiq_description/config/robotiq_controllers.yaml
[5.109s] -- Installing: /home/habibahassan/project/install/robotiq_description/share/robotiq_description/launch
[5.109s] -- Installing: /home/habibahassan/project/install/robotiq_description/share/robotiq_description/launch/view_gripper.launch.py
[5.109s] -- Installing: /home/habibahassan/project/install/robotiq_description/share/robotiq_description/launch/robotiq_control.launch.py
[5.110s] -- Installing: /home/habibahassan/project/install/robotiq_description/share/robotiq_description/meshes
[5.110s] -- Installing: /home/habibahassan/project/install/robotiq_description/share/robotiq_description/meshes/collision
[5.110s] -- Installing: /home/habibahassan/project/install/robotiq_description/share/robotiq_description/meshes/collision/2f_140
[5.110s] -- Installing: /home/habibahassan/project/install/robotiq_description/share/robotiq_description/meshes/collision/2f_140/robotiq_2f_140_coupling.stl
[5.110s] -- Installing: /home/habibahassan/project/install/robotiq_description/share/robotiq_description/meshes/collision/2f_140/robotiq_2f_140_inner_finger.stl
[5.110s] -- Installing: /home/habibahassan/project/install/robotiq_description/share/robotiq_description/meshes/collision/2f_140/robotiq_2f_140_inner_knuckle.stl
[5.110s] -- Installing: /home/habibahassan/project/install/robotiq_description/share/robotiq_description/meshes/collision/2f_140/robotiq_2f_140_outer_knuckle.stl
[5.110s] -- Installing: /home/habibahassan/project/install/robotiq_description/share/robotiq_description/meshes/collision/2f_140/robotiq_2f_140_base_link.stl
[5.110s] -- Installing: /home/habibahassan/project/install/robotiq_description/share/robotiq_description/meshes/collision/2f_140/robotiq_2f_140_outer_finger.stl
[5.111s] -- Installing: /home/habibahassan/project/install/robotiq_description/share/robotiq_description/meshes/collision/2f_85
[5.111s] -- Installing: /home/habibahassan/project/install/robotiq_description/share/robotiq_description/meshes/collision/2f_85/right_finger.stl
[5.111s] -- Installing: /home/habibahassan/project/install/robotiq_description/share/robotiq_description/meshes/collision/2f_85/left_finger_tip.stl
[5.111s] -- Installing: /home/habibahassan/project/install/robotiq_description/share/robotiq_description/meshes/collision/2f_85/left_knuckle.stl
[5.111s] -- Installing: /home/habibahassan/project/install/robotiq_description/share/robotiq_description/meshes/collision/2f_85/robotiq_base.stl
[5.111s] -- Installing: /home/habibahassan/project/install/robotiq_description/share/robotiq_description/meshes/collision/2f_85/left_finger.stl
[5.111s] -- Installing: /home/habibahassan/project/install/robotiq_description/share/robotiq_description/meshes/collision/2f_85/right_finger_tip.stl
[5.111s] -- Installing: /home/habibahassan/project/install/robotiq_description/share/robotiq_description/meshes/collision/2f_85/right_knuckle.stl
[5.112s] -- Installing: /home/habibahassan/project/install/robotiq_description/share/robotiq_description/meshes/collision/2f_85/left_inner_knuckle.stl
[5.112s] -- Installing: /home/habibahassan/project/install/robotiq_description/share/robotiq_description/meshes/collision/2f_85/right_inner_knuckle.stl
[5.112s] -- Installing: /home/habibahassan/project/install/robotiq_description/share/robotiq_description/meshes/collision/2f_85/ur_to_robotiq_adapter.stl
[5.112s] -- Installing: /home/habibahassan/project/install/robotiq_description/share/robotiq_description/meshes/visual
[5.112s] -- Installing: /home/habibahassan/project/install/robotiq_description/share/robotiq_description/meshes/visual/2f_140
[5.112s] -- Installing: /home/habibahassan/project/install/robotiq_description/share/robotiq_description/meshes/visual/2f_140/robotiq_2f_140_coupling.stl
[5.112s] -- Installing: /home/habibahassan/project/install/robotiq_description/share/robotiq_description/meshes/visual/2f_140/robotiq_2f_140_inner_finger.stl
[5.112s] -- Installing: /home/habibahassan/project/install/robotiq_description/share/robotiq_description/meshes/visual/2f_140/robotiq_2f_140_inner_knuckle.stl
[5.112s] -- Installing: /home/habibahassan/project/install/robotiq_description/share/robotiq_description/meshes/visual/2f_140/robotiq_2f_140_outer_knuckle.stl
[5.113s] -- Installing: /home/habibahassan/project/install/robotiq_description/share/robotiq_description/meshes/visual/2f_140/robotiq_2f_140_base_link.stl
[5.113s] -- Installing: /home/habibahassan/project/install/robotiq_description/share/robotiq_description/meshes/visual/2f_140/robotiq_2f_140_outer_finger.stl
[5.113s] -- Installing: /home/habibahassan/project/install/robotiq_description/share/robotiq_description/meshes/visual/2f_85
[5.113s] -- Installing: /home/habibahassan/project/install/robotiq_description/share/robotiq_description/meshes/visual/2f_85/right_inner_knuckle.dae
[5.113s] -- Installing: /home/habibahassan/project/install/robotiq_description/share/robotiq_description/meshes/visual/2f_85/left_inner_knuckle.dae
[5.113s] -- Installing: /home/habibahassan/project/install/robotiq_description/share/robotiq_description/meshes/visual/2f_85/left_finger_tip.dae
[5.113s] -- Installing: /home/habibahassan/project/install/robotiq_description/share/robotiq_description/meshes/visual/2f_85/robotiq_base.dae
[5.113s] -- Installing: /home/habibahassan/project/install/robotiq_description/share/robotiq_description/meshes/visual/2f_85/left_finger.dae
[5.113s] -- Installing: /home/habibahassan/project/install/robotiq_description/share/robotiq_description/meshes/visual/2f_85/right_finger.dae
[5.114s] -- Installing: /home/habibahassan/project/install/robotiq_description/share/robotiq_description/meshes/visual/2f_85/right_knuckle.dae
[5.114s] -- Installing: /home/habibahassan/project/install/robotiq_description/share/robotiq_description/meshes/visual/2f_85/ur_to_robotiq_adapter.dae
[5.114s] -- Installing: /home/habibahassan/project/install/robotiq_description/share/robotiq_description/meshes/visual/2f_85/left_knuckle.dae
[5.114s] -- Installing: /home/habibahassan/project/install/robotiq_description/share/robotiq_description/meshes/visual/2f_85/right_finger_tip.dae
[5.114s] -- Installing: /home/habibahassan/project/install/robotiq_description/share/robotiq_description/rviz
[5.114s] -- Installing: /home/habibahassan/project/install/robotiq_description/share/robotiq_description/rviz/view_urdf.rviz
[5.114s] -- Installing: /home/habibahassan/project/install/robotiq_description/share/robotiq_description/urdf
[5.115s] -- Installing: /home/habibahassan/project/install/robotiq_description/share/robotiq_description/urdf/2f_85.ros2_control.xacro
[5.115s] -- Installing: /home/habibahassan/project/install/robotiq_description/share/robotiq_description/urdf/robotiq_2f_140.xacro
[5.115s] -- Installing: /home/habibahassan/project/install/robotiq_description/share/robotiq_description/urdf/ur_to_robotiq_adapter.urdf.xacro
[5.115s] -- Installing: /home/habibahassan/project/install/robotiq_description/share/robotiq_description/urdf/robotiq_2f_140_macro.urdf.xacro
[5.115s] -- Installing: /home/habibahassan/project/install/robotiq_description/share/robotiq_description/urdf/robotiq_2f_85_macro.urdf.xacro
[5.115s] -- Installing: /home/habibahassan/project/install/robotiq_description/share/robotiq_description/urdf/robotiq_2f_85_gripper.urdf.xacro
[5.115s] -- Installing: /home/habibahassan/project/install/robotiq_description/share/robotiq_description/urdf/robotiq_2f_140_gripper.urdf.xacro
[5.116s] -- Installing: /home/habibahassan/project/install/robotiq_description/share/robotiq_description/urdf/2f_140.ros2_control.xacro
[5.116s] -- Installing: /home/habibahassan/project/install/robotiq_description/share/ament_index/resource_index/package_run_dependencies/robotiq_description
[5.116s] -- Installing: /home/habibahassan/project/install/robotiq_description/share/ament_index/resource_index/parent_prefix_path/robotiq_description
[5.116s] -- Installing: /home/habibahassan/project/install/robotiq_description/share/robotiq_description/environment/ament_prefix_path.sh
[5.116s] -- Installing: /home/habibahassan/project/install/robotiq_description/share/robotiq_description/environment/ament_prefix_path.dsv
[5.116s] -- Installing: /home/habibahassan/project/install/robotiq_description/share/robotiq_description/environment/path.sh
[5.117s] -- Installing: /home/habibahassan/project/install/robotiq_description/share/robotiq_description/environment/path.dsv
[5.117s] -- Installing: /home/habibahassan/project/install/robotiq_description/share/robotiq_description/local_setup.bash
[5.117s] -- Installing: /home/habibahassan/project/install/robotiq_description/share/robotiq_description/local_setup.sh
[5.117s] -- Installing: /home/habibahassan/project/install/robotiq_description/share/robotiq_description/local_setup.zsh
[5.117s] -- Installing: /home/habibahassan/project/install/robotiq_description/share/robotiq_description/local_setup.dsv
[5.117s] -- Installing: /home/habibahassan/project/install/robotiq_description/share/robotiq_description/package.dsv
[5.117s] -- Installing: /home/habibahassan/project/install/robotiq_description/share/ament_index/resource_index/packages/robotiq_description
[5.118s] -- Installing: /home/habibahassan/project/install/robotiq_description/share/robotiq_description/cmake/robotiq_descriptionConfig.cmake
[5.118s] -- Installing: /home/habibahassan/project/install/robotiq_description/share/robotiq_description/cmake/robotiq_descriptionConfig-version.cmake
[5.118s] -- Installing: /home/habibahassan/project/install/robotiq_description/share/robotiq_description/package.xml
[5.120s] Invoked command in '/home/habibahassan/project/build/robotiq_description' returned '0': CMAKE_PREFIX_PATH=${CMAKE_PREFIX_PATH}:/home/habibahassan/project/install/moveit_configs_utils:/opt/ros/jazzy DEBUGINFOD_URLS=https://debuginfod.ubuntu.com /usr/bin/cmake --install /home/habibahassan/project/build/robotiq_description
