[0.079s] Invoking command in '/home/habibahassan/project/build/moveit_common': CMAKE_PREFIX_PATH=${CMAKE_PREFIX_PATH}:/home/habibahassan/project/install/moveit_configs_utils:/opt/ros/jazzy DEBUGINFOD_URLS=https://debuginfod.ubuntu.com /usr/bin/cmake --build /home/habibahassan/project/build/moveit_common -- -j8 -l8
[0.476s] Invoked command in '/home/habibahassan/project/build/moveit_common' returned '0': CMAKE_PREFIX_PATH=${CMAKE_PREFIX_PATH}:/home/habibahassan/project/install/moveit_configs_utils:/opt/ros/jazzy DEBUGINFOD_URLS=https://debuginfod.ubuntu.com /usr/bin/cmake --build /home/habibahassan/project/build/moveit_common -- -j8 -l8
[0.501s] Invoking command in '/home/habibahassan/project/build/moveit_common': CMAKE_PREFIX_PATH=${CMAKE_PREFIX_PATH}:/home/habibahassan/project/install/moveit_configs_utils:/opt/ros/jazzy DEBUGINFOD_URLS=https://debuginfod.ubuntu.com /usr/bin/cmake --install /home/habibahassan/project/build/moveit_common
[0.528s] -- Install configuration: ""
[0.529s] -- Up-to-date: /home/habibahassan/project/install/moveit_common/share/ament_index/resource_index/package_run_dependencies/moveit_common
[0.529s] -- Up-to-date: /home/habibahassan/project/install/moveit_common/share/ament_index/resource_index/parent_prefix_path/moveit_common
[0.529s] -- Up-to-date: /home/habibahassan/project/install/moveit_common/share/moveit_common/environment/ament_prefix_path.sh
[0.529s] -- Up-to-date: /home/habibahassan/project/install/moveit_common/share/moveit_common/environment/ament_prefix_path.dsv
[0.529s] -- Up-to-date: /home/habibahassan/project/install/moveit_common/share/moveit_common/environment/path.sh
[0.530s] -- Up-to-date: /home/habibahassan/project/install/moveit_common/share/moveit_common/environment/path.dsv
[0.532s] -- Up-to-date: /home/habibahassan/project/install/moveit_common/share/moveit_common/local_setup.bash
[0.533s] -- Up-to-date: /home/habibahassan/project/install/moveit_common/share/moveit_common/local_setup.sh
[0.533s] -- Up-to-date: /home/habibahassan/project/install/moveit_common/share/moveit_common/local_setup.zsh
[0.533s] -- Up-to-date: /home/habibahassan/project/install/moveit_common/share/moveit_common/local_setup.dsv
[0.533s] -- Installing: /home/habibahassan/project/install/moveit_common/share/moveit_common/package.dsv
[0.533s] -- Up-to-date: /home/habibahassan/project/install/moveit_common/share/ament_index/resource_index/packages/moveit_common
[0.534s] -- Up-to-date: /home/habibahassan/project/install/moveit_common/share/moveit_common/cmake/moveit_common-extras.cmake
[0.534s] -- Up-to-date: /home/habibahassan/project/install/moveit_common/share/moveit_common/cmake/moveit_commonConfig.cmake
[0.534s] -- Up-to-date: /home/habibahassan/project/install/moveit_common/share/moveit_common/cmake/moveit_commonConfig-version.cmake
[0.534s] -- Up-to-date: /home/habibahassan/project/install/moveit_common/share/moveit_common/package.xml
[0.535s] -- Up-to-date: /home/habibahassan/project/install/moveit_common/share/moveit_common/cmake
[0.535s] -- Up-to-date: /home/habibahassan/project/install/moveit_common/share/moveit_common/cmake/moveit_package.cmake
[0.628s] Invoked command in '/home/habibahassan/project/build/moveit_common' returned '0': CMAKE_PREFIX_PATH=${CMAKE_PREFIX_PATH}:/home/habibahassan/project/install/moveit_configs_utils:/opt/ros/jazzy DEBUGINFOD_URLS=https://debuginfod.ubuntu.com /usr/bin/cmake --install /home/habibahassan/project/build/moveit_common
