[0.343s] Invoking command in '/home/habibahassan/project/build/picknik_twist_controller': CMAKE_PREFIX_PATH=${CMAKE_PREFIX_PATH}:/home/habibahassan/project/install/moveit_configs_utils:/opt/ros/jazzy DEBUGINFOD_URLS=https://debuginfod.ubuntu.com /usr/bin/cmake --build /home/habibahassan/project/build/picknik_twist_controller -- -j8 -l8
[0.896s] [100%] Built target picknik_twist_controller
[1.184s] Invoked command in '/home/habibahassan/project/build/picknik_twist_controller' returned '0': CMAKE_PREFIX_PATH=${CMAKE_PREFIX_PATH}:/home/habibahassan/project/install/moveit_configs_utils:/opt/ros/jazzy DEBUGINFOD_URLS=https://debuginfod.ubuntu.com /usr/bin/cmake --build /home/habibahassan/project/build/picknik_twist_controller -- -j8 -l8
[1.193s] Invoking command in '/home/habibahassan/project/build/picknik_twist_controller': CMAKE_PREFIX_PATH=${CMAKE_PREFIX_PATH}:/home/habibahassan/project/install/moveit_configs_utils:/opt/ros/jazzy DEBUGINFOD_URLS=https://debuginfod.ubuntu.com /usr/bin/cmake --install /home/habibahassan/project/build/picknik_twist_controller
[1.331s] -- Install configuration: ""
[1.333s] -- Up-to-date: /home/habibahassan/project/install/picknik_twist_controller/share/picknik_twist_controller/controller_plugins.xml
[1.334s] -- Up-to-date: /home/habibahassan/project/install/picknik_twist_controller/lib/libpicknik_twist_controller.so
[1.335s] -- Up-to-date: /home/habibahassan/project/install/picknik_twist_controller/include
[1.336s] -- Up-to-date: /home/habibahassan/project/install/picknik_twist_controller/include/picknik_twist_controller
[1.337s] -- Up-to-date: /home/habibahassan/project/install/picknik_twist_controller/include/picknik_twist_controller/picknik_twist_controller.hpp
[1.340s] -- Up-to-date: /home/habibahassan/project/install/picknik_twist_controller/include/picknik_twist_controller/visibility_control.h
[1.341s] -- Up-to-date: /home/habibahassan/project/install/picknik_twist_controller/share/picknik_twist_controller/controller_plugins.xml
[1.343s] -- Up-to-date: /home/habibahassan/project/install/picknik_twist_controller/share/picknik_twist_controller/environment/library_path.sh
[1.345s] -- Up-to-date: /home/habibahassan/project/install/picknik_twist_controller/share/picknik_twist_controller/environment/library_path.dsv
[1.345s] -- Up-to-date: /home/habibahassan/project/install/picknik_twist_controller/share/ament_index/resource_index/package_run_dependencies/picknik_twist_controller
[1.346s] -- Up-to-date: /home/habibahassan/project/install/picknik_twist_controller/share/ament_index/resource_index/parent_prefix_path/picknik_twist_controller
[1.347s] -- Up-to-date: /home/habibahassan/project/install/picknik_twist_controller/share/picknik_twist_controller/environment/ament_prefix_path.sh
[1.349s] -- Up-to-date: /home/habibahassan/project/install/picknik_twist_controller/share/picknik_twist_controller/environment/ament_prefix_path.dsv
[1.350s] -- Up-to-date: /home/habibahassan/project/install/picknik_twist_controller/share/picknik_twist_controller/environment/path.sh
[1.351s] -- Up-to-date: /home/habibahassan/project/install/picknik_twist_controller/share/picknik_twist_controller/environment/path.dsv
[1.352s] -- Up-to-date: /home/habibahassan/project/install/picknik_twist_controller/share/picknik_twist_controller/local_setup.bash
[1.353s] -- Up-to-date: /home/habibahassan/project/install/picknik_twist_controller/share/picknik_twist_controller/local_setup.sh
[1.354s] -- Up-to-date: /home/habibahassan/project/install/picknik_twist_controller/share/picknik_twist_controller/local_setup.zsh
[1.358s] -- Up-to-date: /home/habibahassan/project/install/picknik_twist_controller/share/picknik_twist_controller/local_setup.dsv
[1.359s] -- Installing: /home/habibahassan/project/install/picknik_twist_controller/share/picknik_twist_controller/package.dsv
[1.360s] -- Up-to-date: /home/habibahassan/project/install/picknik_twist_controller/share/ament_index/resource_index/packages/picknik_twist_controller
[1.361s] -- Up-to-date: /home/habibahassan/project/install/picknik_twist_controller/share/ament_index/resource_index/controller_interface__pluginlib__plugin/picknik_twist_controller
[1.363s] -- Up-to-date: /home/habibahassan/project/install/picknik_twist_controller/share/picknik_twist_controller/cmake/ament_cmake_export_dependencies-extras.cmake
[1.365s] -- Up-to-date: /home/habibahassan/project/install/picknik_twist_controller/share/picknik_twist_controller/cmake/ament_cmake_export_include_directories-extras.cmake
[1.366s] -- Up-to-date: /home/habibahassan/project/install/picknik_twist_controller/share/picknik_twist_controller/cmake/ament_cmake_export_libraries-extras.cmake
[1.367s] -- Up-to-date: /home/habibahassan/project/install/picknik_twist_controller/share/picknik_twist_controller/cmake/picknik_twist_controllerConfig.cmake
[1.368s] -- Up-to-date: /home/habibahassan/project/install/picknik_twist_controller/share/picknik_twist_controller/cmake/picknik_twist_controllerConfig-version.cmake
[1.370s] -- Up-to-date: /home/habibahassan/project/install/picknik_twist_controller/share/picknik_twist_controller/package.xml
[1.400s] Invoked command in '/home/habibahassan/project/build/picknik_twist_controller' returned '0': CMAKE_PREFIX_PATH=${CMAKE_PREFIX_PATH}:/home/habibahassan/project/install/moveit_configs_utils:/opt/ros/jazzy DEBUGINFOD_URLS=https://debuginfod.ubuntu.com /usr/bin/cmake --install /home/habibahassan/project/build/picknik_twist_controller
