[0.174s] Invoking command in '/home/habibahassan/project/build/robotiq_description': CMAKE_PREFIX_PATH=${CMAKE_PREFIX_PATH}:/home/habibahassan/project/install/moveit_configs_utils:/opt/ros/jazzy DEBUGINFOD_URLS=https://debuginfod.ubuntu.com /usr/bin/cmake --build /home/habibahassan/project/build/robotiq_description -- -j8 -l8
[0.961s] Invoked command in '/home/habibahassan/project/build/robotiq_description' returned '0': CMAKE_PREFIX_PATH=${CMAKE_PREFIX_PATH}:/home/habibahassan/project/install/moveit_configs_utils:/opt/ros/jazzy DEBUGINFOD_URLS=https://debuginfod.ubuntu.com /usr/bin/cmake --build /home/habibahassan/project/build/robotiq_description -- -j8 -l8
[0.962s] Invoking command in '/home/habibahassan/project/build/robotiq_description': CMAKE_PREFIX_PATH=${CMAKE_PREFIX_PATH}:/home/habibahassan/project/install/moveit_configs_utils:/opt/ros/jazzy DEBUGINFOD_URLS=https://debuginfod.ubuntu.com /usr/bin/cmake --install /home/habibahassan/project/build/robotiq_description
[1.143s] -- Install configuration: ""
[1.164s] -- Up-to-date: /home/habibahassan/project/install/robotiq_description/share/robotiq_description/config
[1.177s] -- Up-to-date: /home/habibahassan/project/install/robotiq_description/share/robotiq_description/config/robotiq_controllers.yaml
[1.178s] -- Up-to-date: /home/habibahassan/project/install/robotiq_description/share/robotiq_description/launch
[1.179s] -- Up-to-date: /home/habibahassan/project/install/robotiq_description/share/robotiq_description/launch/view_gripper.launch.py
[1.179s] -- Up-to-date: /home/habibahassan/project/install/robotiq_description/share/robotiq_description/launch/robotiq_control.launch.py
[1.180s] -- Up-to-date: /home/habibahassan/project/install/robotiq_description/share/robotiq_description/meshes
[1.180s] -- Up-to-date: /home/habibahassan/project/install/robotiq_description/share/robotiq_description/meshes/collision
[1.187s] -- Up-to-date: /home/habibahassan/project/install/robotiq_description/share/robotiq_description/meshes/collision/2f_140
[1.188s] -- Up-to-date: /home/habibahassan/project/install/robotiq_description/share/robotiq_description/meshes/collision/2f_140/robotiq_2f_140_coupling.stl
[1.189s] -- Up-to-date: /home/habibahassan/project/install/robotiq_description/share/robotiq_description/meshes/collision/2f_140/robotiq_2f_140_inner_finger.stl
[1.194s] -- Up-to-date: /home/habibahassan/project/install/robotiq_description/share/robotiq_description/meshes/collision/2f_140/robotiq_2f_140_inner_knuckle.stl
[1.195s] -- Up-to-date: /home/habibahassan/project/install/robotiq_description/share/robotiq_description/meshes/collision/2f_140/robotiq_2f_140_outer_knuckle.stl
[1.195s] -- Up-to-date: /home/habibahassan/project/install/robotiq_description/share/robotiq_description/meshes/collision/2f_140/robotiq_2f_140_base_link.stl
[1.196s] -- Up-to-date: /home/habibahassan/project/install/robotiq_description/share/robotiq_description/meshes/collision/2f_140/robotiq_2f_140_outer_finger.stl
[1.197s] -- Up-to-date: /home/habibahassan/project/install/robotiq_description/share/robotiq_description/meshes/collision/2f_85
[1.197s] -- Up-to-date: /home/habibahassan/project/install/robotiq_description/share/robotiq_description/meshes/collision/2f_85/right_finger.stl
[1.199s] -- Up-to-date: /home/habibahassan/project/install/robotiq_description/share/robotiq_description/meshes/collision/2f_85/left_finger_tip.stl
[1.200s] -- Up-to-date: /home/habibahassan/project/install/robotiq_description/share/robotiq_description/meshes/collision/2f_85/left_knuckle.stl
[1.201s] -- Up-to-date: /home/habibahassan/project/install/robotiq_description/share/robotiq_description/meshes/collision/2f_85/robotiq_base.stl
[1.201s] -- Up-to-date: /home/habibahassan/project/install/robotiq_description/share/robotiq_description/meshes/collision/2f_85/left_finger.stl
[1.202s] -- Up-to-date: /home/habibahassan/project/install/robotiq_description/share/robotiq_description/meshes/collision/2f_85/right_finger_tip.stl
[1.203s] -- Up-to-date: /home/habibahassan/project/install/robotiq_description/share/robotiq_description/meshes/collision/2f_85/right_knuckle.stl
[1.214s] -- Up-to-date: /home/habibahassan/project/install/robotiq_description/share/robotiq_description/meshes/collision/2f_85/left_inner_knuckle.stl
[1.214s] -- Up-to-date: /home/habibahassan/project/install/robotiq_description/share/robotiq_description/meshes/collision/2f_85/right_inner_knuckle.stl
[1.214s] -- Up-to-date: /home/habibahassan/project/install/robotiq_description/share/robotiq_description/meshes/collision/2f_85/ur_to_robotiq_adapter.stl
[1.215s] -- Up-to-date: /home/habibahassan/project/install/robotiq_description/share/robotiq_description/meshes/visual
[1.215s] -- Up-to-date: /home/habibahassan/project/install/robotiq_description/share/robotiq_description/meshes/visual/2f_140
[1.216s] -- Up-to-date: /home/habibahassan/project/install/robotiq_description/share/robotiq_description/meshes/visual/2f_140/robotiq_2f_140_coupling.stl
[1.216s] -- Up-to-date: /home/habibahassan/project/install/robotiq_description/share/robotiq_description/meshes/visual/2f_140/robotiq_2f_140_inner_finger.stl
[1.216s] -- Up-to-date: /home/habibahassan/project/install/robotiq_description/share/robotiq_description/meshes/visual/2f_140/robotiq_2f_140_inner_knuckle.stl
[1.216s] -- Up-to-date: /home/habibahassan/project/install/robotiq_description/share/robotiq_description/meshes/visual/2f_140/robotiq_2f_140_outer_knuckle.stl
[1.216s] -- Up-to-date: /home/habibahassan/project/install/robotiq_description/share/robotiq_description/meshes/visual/2f_140/robotiq_2f_140_base_link.stl
[1.217s] -- Up-to-date: /home/habibahassan/project/install/robotiq_description/share/robotiq_description/meshes/visual/2f_140/robotiq_2f_140_outer_finger.stl
[1.217s] -- Up-to-date: /home/habibahassan/project/install/robotiq_description/share/robotiq_description/meshes/visual/2f_85
[1.217s] -- Up-to-date: /home/habibahassan/project/install/robotiq_description/share/robotiq_description/meshes/visual/2f_85/right_inner_knuckle.dae
[1.217s] -- Up-to-date: /home/habibahassan/project/install/robotiq_description/share/robotiq_description/meshes/visual/2f_85/left_inner_knuckle.dae
[1.217s] -- Up-to-date: /home/habibahassan/project/install/robotiq_description/share/robotiq_description/meshes/visual/2f_85/left_finger_tip.dae
[1.217s] -- Up-to-date: /home/habibahassan/project/install/robotiq_description/share/robotiq_description/meshes/visual/2f_85/robotiq_base.dae
[1.218s] -- Up-to-date: /home/habibahassan/project/install/robotiq_description/share/robotiq_description/meshes/visual/2f_85/left_finger.dae
[1.218s] -- Up-to-date: /home/habibahassan/project/install/robotiq_description/share/robotiq_description/meshes/visual/2f_85/right_finger.dae
[1.218s] -- Up-to-date: /home/habibahassan/project/install/robotiq_description/share/robotiq_description/meshes/visual/2f_85/right_knuckle.dae
[1.218s] -- Up-to-date: /home/habibahassan/project/install/robotiq_description/share/robotiq_description/meshes/visual/2f_85/ur_to_robotiq_adapter.dae
[1.218s] -- Up-to-date: /home/habibahassan/project/install/robotiq_description/share/robotiq_description/meshes/visual/2f_85/left_knuckle.dae
[1.218s] -- Up-to-date: /home/habibahassan/project/install/robotiq_description/share/robotiq_description/meshes/visual/2f_85/right_finger_tip.dae
[1.219s] -- Up-to-date: /home/habibahassan/project/install/robotiq_description/share/robotiq_description/rviz
[1.219s] -- Up-to-date: /home/habibahassan/project/install/robotiq_description/share/robotiq_description/rviz/view_urdf.rviz
[1.219s] -- Up-to-date: /home/habibahassan/project/install/robotiq_description/share/robotiq_description/urdf
[1.219s] -- Up-to-date: /home/habibahassan/project/install/robotiq_description/share/robotiq_description/urdf/2f_85.ros2_control.xacro
[1.220s] -- Up-to-date: /home/habibahassan/project/install/robotiq_description/share/robotiq_description/urdf/robotiq_2f_140.xacro
[1.220s] -- Up-to-date: /home/habibahassan/project/install/robotiq_description/share/robotiq_description/urdf/ur_to_robotiq_adapter.urdf.xacro
[1.220s] -- Up-to-date: /home/habibahassan/project/install/robotiq_description/share/robotiq_description/urdf/robotiq_2f_140_macro.urdf.xacro
[1.220s] -- Up-to-date: /home/habibahassan/project/install/robotiq_description/share/robotiq_description/urdf/robotiq_2f_85_macro.urdf.xacro
[1.220s] -- Up-to-date: /home/habibahassan/project/install/robotiq_description/share/robotiq_description/urdf/robotiq_2f_85_gripper.urdf.xacro
[1.221s] -- Up-to-date: /home/habibahassan/project/install/robotiq_description/share/robotiq_description/urdf/robotiq_2f_140_gripper.urdf.xacro
[1.221s] -- Up-to-date: /home/habibahassan/project/install/robotiq_description/share/robotiq_description/urdf/2f_140.ros2_control.xacro
[1.222s] -- Up-to-date: /home/habibahassan/project/install/robotiq_description/share/ament_index/resource_index/package_run_dependencies/robotiq_description
[1.223s] -- Up-to-date: /home/habibahassan/project/install/robotiq_description/share/ament_index/resource_index/parent_prefix_path/robotiq_description
[1.224s] -- Up-to-date: /home/habibahassan/project/install/robotiq_description/share/robotiq_description/environment/ament_prefix_path.sh
[1.225s] -- Up-to-date: /home/habibahassan/project/install/robotiq_description/share/robotiq_description/environment/ament_prefix_path.dsv
[1.226s] -- Up-to-date: /home/habibahassan/project/install/robotiq_description/share/robotiq_description/environment/path.sh
[1.226s] -- Up-to-date: /home/habibahassan/project/install/robotiq_description/share/robotiq_description/environment/path.dsv
[1.227s] -- Up-to-date: /home/habibahassan/project/install/robotiq_description/share/robotiq_description/local_setup.bash
[1.227s] -- Up-to-date: /home/habibahassan/project/install/robotiq_description/share/robotiq_description/local_setup.sh
[1.228s] -- Up-to-date: /home/habibahassan/project/install/robotiq_description/share/robotiq_description/local_setup.zsh
[1.228s] -- Up-to-date: /home/habibahassan/project/install/robotiq_description/share/robotiq_description/local_setup.dsv
[1.229s] -- Installing: /home/habibahassan/project/install/robotiq_description/share/robotiq_description/package.dsv
[1.233s] -- Up-to-date: /home/habibahassan/project/install/robotiq_description/share/ament_index/resource_index/packages/robotiq_description
[1.237s] -- Up-to-date: /home/habibahassan/project/install/robotiq_description/share/robotiq_description/cmake/robotiq_descriptionConfig.cmake
[1.240s] -- Up-to-date: /home/habibahassan/project/install/robotiq_description/share/robotiq_description/cmake/robotiq_descriptionConfig-version.cmake
[1.240s] -- Up-to-date: /home/habibahassan/project/install/robotiq_description/share/robotiq_description/package.xml
[1.415s] Invoked command in '/home/habibahassan/project/build/robotiq_description' returned '0': CMAKE_PREFIX_PATH=${CMAKE_PREFIX_PATH}:/home/habibahassan/project/install/moveit_configs_utils:/opt/ros/jazzy DEBUGINFOD_URLS=https://debuginfod.ubuntu.com /usr/bin/cmake --install /home/habibahassan/project/build/robotiq_description
