[0.238s] Invoking command in '/home/habibahassan/project/build/picknik_twist_controller': CMAKE_PREFIX_PATH=${CMAKE_PREFIX_PATH}:/home/habibahassan/project/install/moveit_configs_utils:/opt/ros/jazzy DEBUGINFOD_URLS=https://debuginfod.ubuntu.com /usr/bin/cmake --build /home/habibahassan/project/build/picknik_twist_controller -- -j8 -l8
[0.546s] [100%] Built target picknik_twist_controller
[0.586s] Invoked command in '/home/habibahassan/project/build/picknik_twist_controller' returned '0': CMAKE_PREFIX_PATH=${CMAKE_PREFIX_PATH}:/home/habibahassan/project/install/moveit_configs_utils:/opt/ros/jazzy DEBUGINFOD_URLS=https://debuginfod.ubuntu.com /usr/bin/cmake --build /home/habibahassan/project/build/picknik_twist_controller -- -j8 -l8
[0.589s] Invoking command in '/home/habibahassan/project/build/picknik_twist_controller': CMAKE_PREFIX_PATH=${CMAKE_PREFIX_PATH}:/home/habibahassan/project/install/moveit_configs_utils:/opt/ros/jazzy DEBUGINFOD_URLS=https://debuginfod.ubuntu.com /usr/bin/cmake --install /home/habibahassan/project/build/picknik_twist_controller
[0.620s] -- Install configuration: ""
[0.621s] -- Up-to-date: /home/habibahassan/project/install/picknik_twist_controller/share/picknik_twist_controller/controller_plugins.xml
[0.621s] -- Up-to-date: /home/habibahassan/project/install/picknik_twist_controller/lib/libpicknik_twist_controller.so
[0.623s] -- Up-to-date: /home/habibahassan/project/install/picknik_twist_controller/include
[0.623s] -- Up-to-date: /home/habibahassan/project/install/picknik_twist_controller/include/picknik_twist_controller
[0.623s] -- Up-to-date: /home/habibahassan/project/install/picknik_twist_controller/include/picknik_twist_controller/picknik_twist_controller.hpp
[0.624s] -- Up-to-date: /home/habibahassan/project/install/picknik_twist_controller/include/picknik_twist_controller/visibility_control.h
[0.624s] -- Up-to-date: /home/habibahassan/project/install/picknik_twist_controller/share/picknik_twist_controller/controller_plugins.xml
[0.624s] -- Up-to-date: /home/habibahassan/project/install/picknik_twist_controller/share/picknik_twist_controller/environment/library_path.sh
[0.626s] -- Up-to-date: /home/habibahassan/project/install/picknik_twist_controller/share/picknik_twist_controller/environment/library_path.dsv
[0.626s] -- Up-to-date: /home/habibahassan/project/install/picknik_twist_controller/share/ament_index/resource_index/package_run_dependencies/picknik_twist_controller
[0.627s] -- Up-to-date: /home/habibahassan/project/install/picknik_twist_controller/share/ament_index/resource_index/parent_prefix_path/picknik_twist_controller
[0.627s] -- Up-to-date: /home/habibahassan/project/install/picknik_twist_controller/share/picknik_twist_controller/environment/ament_prefix_path.sh
[0.627s] -- Up-to-date: /home/habibahassan/project/install/picknik_twist_controller/share/picknik_twist_controller/environment/ament_prefix_path.dsv
[0.627s] -- Up-to-date: /home/habibahassan/project/install/picknik_twist_controller/share/picknik_twist_controller/environment/path.sh
[0.627s] -- Up-to-date: /home/habibahassan/project/install/picknik_twist_controller/share/picknik_twist_controller/environment/path.dsv
[0.628s] -- Up-to-date: /home/habibahassan/project/install/picknik_twist_controller/share/picknik_twist_controller/local_setup.bash
[0.647s] -- Up-to-date: /home/habibahassan/project/install/picknik_twist_controller/share/picknik_twist_controller/local_setup.sh
[0.648s] -- Up-to-date: /home/habibahassan/project/install/picknik_twist_controller/share/picknik_twist_controller/local_setup.zsh
[0.648s] -- Up-to-date: /home/habibahassan/project/install/picknik_twist_controller/share/picknik_twist_controller/local_setup.dsv
[0.648s] -- Installing: /home/habibahassan/project/install/picknik_twist_controller/share/picknik_twist_controller/package.dsv
[0.651s] -- Up-to-date: /home/habibahassan/project/install/picknik_twist_controller/share/ament_index/resource_index/packages/picknik_twist_controller
[0.651s] -- Up-to-date: /home/habibahassan/project/install/picknik_twist_controller/share/ament_index/resource_index/controller_interface__pluginlib__plugin/picknik_twist_controller
[0.652s] -- Up-to-date: /home/habibahassan/project/install/picknik_twist_controller/share/picknik_twist_controller/cmake/ament_cmake_export_dependencies-extras.cmake
[0.652s] -- Up-to-date: /home/habibahassan/project/install/picknik_twist_controller/share/picknik_twist_controller/cmake/ament_cmake_export_include_directories-extras.cmake
[0.652s] -- Up-to-date: /home/habibahassan/project/install/picknik_twist_controller/share/picknik_twist_controller/cmake/ament_cmake_export_libraries-extras.cmake
[0.652s] -- Up-to-date: /home/habibahassan/project/install/picknik_twist_controller/share/picknik_twist_controller/cmake/picknik_twist_controllerConfig.cmake
[0.652s] -- Up-to-date: /home/habibahassan/project/install/picknik_twist_controller/share/picknik_twist_controller/cmake/picknik_twist_controllerConfig-version.cmake
[0.653s] -- Up-to-date: /home/habibahassan/project/install/picknik_twist_controller/share/picknik_twist_controller/package.xml
[0.654s] Invoked command in '/home/habibahassan/project/build/picknik_twist_controller' returned '0': CMAKE_PREFIX_PATH=${CMAKE_PREFIX_PATH}:/home/habibahassan/project/install/moveit_configs_utils:/opt/ros/jazzy DEBUGINFOD_URLS=https://debuginfod.ubuntu.com /usr/bin/cmake --install /home/habibahassan/project/build/picknik_twist_controller
