[  2%] Built target cartesian_limits_parameters
[  6%] Built target gmock
[ 11%] Built target trajectory_generation_common
[ 17%] Built target joint_limits_common
[ 19%] Built target planning_context_loader_base
[ 22%] Built target pilz_industrial_motion_planner_test_utils
[ 27%] Built target planning_context_loader_lin
[ 32%] Built target planning_context_loader_circ
[ 37%] Built target planning_context_loader_ptp
[ 39%] Built target pilz_industrial_motion_planner
[ 43%] Built target command_list_manager
[ 45%] Built target gmock_main
[ 49%] Built target sequence_capability
[ 51%] Built target unittest_get_solver_tip_frame
[ 54%] Built target gtest
[ 56%] Built target gtest_main
[ 59%] Built target unittest_pilz_industrial_motion_planner_direct
[ 61%] Built target unittest_trajectory_generator_lin
[ 64%] Built target unittest_trajectory_generator_ptp
[ 66%] Built target unittest_pilz_industrial_motion_planner
[ 69%] Built target unittest_joint_limit
[ 71%] Built target unittest_joint_limits_aggregator
[ 74%] Built target unittest_joint_limits_container
[ 76%] Built target unittest_joint_limits_validator
[ 79%] Built target unittest_planning_context_loaders
[ 81%] Built target unittest_planning_context
gmake[2]: *** [test/unit_tests/CMakeFiles/unittest_trajectory_generator_circ.dir/build.make:381: test/unit_tests/CMakeFiles/unittest_trajectory_generator_circ.dir/depend] Interrupt
gmake[1]: *** [CMakeFiles/Makefile2:780: test/unit_tests/CMakeFiles/unittest_trajectory_generator_circ.dir/all] Interrupt
gmake: *** [Makefile:146: all] Interrupt
