[0.404s] Invoking command in '/home/habibahassan/project/build/moveit_resources_fanuc_description': CMAKE_PREFIX_PATH=${CMAKE_PREFIX_PATH}:/home/habibahassan/project/install/moveit_configs_utils:/opt/ros/jazzy DEBUGINFOD_URLS=https://debuginfod.ubuntu.com /usr/bin/cmake --build /home/habibahassan/project/build/moveit_resources_fanuc_description -- -j8 -l8
[0.716s] Invoked command in '/home/habibahassan/project/build/moveit_resources_fanuc_description' returned '0': CMAKE_PREFIX_PATH=${CMAKE_PREFIX_PATH}:/home/habibahassan/project/install/moveit_configs_utils:/opt/ros/jazzy DEBUGINFOD_URLS=https://debuginfod.ubuntu.com /usr/bin/cmake --build /home/habibahassan/project/build/moveit_resources_fanuc_description -- -j8 -l8
[0.717s] Invoking command in '/home/habibahassan/project/build/moveit_resources_fanuc_description': CMAKE_PREFIX_PATH=${CMAKE_PREFIX_PATH}:/home/habibahassan/project/install/moveit_configs_utils:/opt/ros/jazzy DEBUGINFOD_URLS=https://debuginfod.ubuntu.com /usr/bin/cmake --install /home/habibahassan/project/build/moveit_resources_fanuc_description
[0.779s] -- Install configuration: ""
[0.779s] -- Up-to-date: /home/habibahassan/project/install/moveit_resources_fanuc_description/share/ament_index/resource_index/package_run_dependencies/moveit_resources_fanuc_description
[0.779s] -- Up-to-date: /home/habibahassan/project/install/moveit_resources_fanuc_description/share/ament_index/resource_index/parent_prefix_path/moveit_resources_fanuc_description
[0.779s] -- Up-to-date: /home/habibahassan/project/install/moveit_resources_fanuc_description/share/moveit_resources_fanuc_description/environment/ament_prefix_path.sh
[0.779s] -- Up-to-date: /home/habibahassan/project/install/moveit_resources_fanuc_description/share/moveit_resources_fanuc_description/environment/ament_prefix_path.dsv
[0.779s] -- Up-to-date: /home/habibahassan/project/install/moveit_resources_fanuc_description/share/moveit_resources_fanuc_description/environment/path.sh
[0.780s] -- Up-to-date: /home/habibahassan/project/install/moveit_resources_fanuc_description/share/moveit_resources_fanuc_description/environment/path.dsv
[0.780s] -- Up-to-date: /home/habibahassan/project/install/moveit_resources_fanuc_description/share/moveit_resources_fanuc_description/local_setup.bash
[0.780s] -- Up-to-date: /home/habibahassan/project/install/moveit_resources_fanuc_description/share/moveit_resources_fanuc_description/local_setup.sh
[0.781s] -- Up-to-date: /home/habibahassan/project/install/moveit_resources_fanuc_description/share/moveit_resources_fanuc_description/local_setup.zsh
[0.781s] -- Up-to-date: /home/habibahassan/project/install/moveit_resources_fanuc_description/share/moveit_resources_fanuc_description/local_setup.dsv
[0.781s] -- Installing: /home/habibahassan/project/install/moveit_resources_fanuc_description/share/moveit_resources_fanuc_description/package.dsv
[0.781s] -- Up-to-date: /home/habibahassan/project/install/moveit_resources_fanuc_description/share/ament_index/resource_index/packages/moveit_resources_fanuc_description
[0.782s] -- Up-to-date: /home/habibahassan/project/install/moveit_resources_fanuc_description/share/moveit_resources_fanuc_description/cmake/moveit_resources_fanuc_descriptionConfig.cmake
[0.782s] -- Up-to-date: /home/habibahassan/project/install/moveit_resources_fanuc_description/share/moveit_resources_fanuc_description/cmake/moveit_resources_fanuc_descriptionConfig-version.cmake
[0.782s] -- Up-to-date: /home/habibahassan/project/install/moveit_resources_fanuc_description/share/moveit_resources_fanuc_description/package.xml
[0.783s] -- Up-to-date: /home/habibahassan/project/install/moveit_resources_fanuc_description/share/moveit_resources_fanuc_description/meshes
[0.783s] -- Up-to-date: /home/habibahassan/project/install/moveit_resources_fanuc_description/share/moveit_resources_fanuc_description/meshes/collision
[0.783s] -- Up-to-date: /home/habibahassan/project/install/moveit_resources_fanuc_description/share/moveit_resources_fanuc_description/meshes/collision/link_6.stl
[0.786s] -- Up-to-date: /home/habibahassan/project/install/moveit_resources_fanuc_description/share/moveit_resources_fanuc_description/meshes/collision/base_link.stl
[0.787s] -- Up-to-date: /home/habibahassan/project/install/moveit_resources_fanuc_description/share/moveit_resources_fanuc_description/meshes/collision/link_1.stl
[0.787s] -- Up-to-date: /home/habibahassan/project/install/moveit_resources_fanuc_description/share/moveit_resources_fanuc_description/meshes/collision/link_3.stl
[0.787s] -- Up-to-date: /home/habibahassan/project/install/moveit_resources_fanuc_description/share/moveit_resources_fanuc_description/meshes/collision/link_5.stl
[0.788s] -- Up-to-date: /home/habibahassan/project/install/moveit_resources_fanuc_description/share/moveit_resources_fanuc_description/meshes/collision/link_4.stl
[0.788s] -- Up-to-date: /home/habibahassan/project/install/moveit_resources_fanuc_description/share/moveit_resources_fanuc_description/meshes/collision/link_2.stl
[0.788s] -- Up-to-date: /home/habibahassan/project/install/moveit_resources_fanuc_description/share/moveit_resources_fanuc_description/meshes/visual
[0.788s] -- Up-to-date: /home/habibahassan/project/install/moveit_resources_fanuc_description/share/moveit_resources_fanuc_description/meshes/visual/link_6.stl
[0.789s] -- Up-to-date: /home/habibahassan/project/install/moveit_resources_fanuc_description/share/moveit_resources_fanuc_description/meshes/visual/base_link.stl
[0.789s] -- Up-to-date: /home/habibahassan/project/install/moveit_resources_fanuc_description/share/moveit_resources_fanuc_description/meshes/visual/link_1.stl
[0.789s] -- Up-to-date: /home/habibahassan/project/install/moveit_resources_fanuc_description/share/moveit_resources_fanuc_description/meshes/visual/link_3.stl
[0.789s] -- Up-to-date: /home/habibahassan/project/install/moveit_resources_fanuc_description/share/moveit_resources_fanuc_description/meshes/visual/link_5.stl
[0.789s] -- Up-to-date: /home/habibahassan/project/install/moveit_resources_fanuc_description/share/moveit_resources_fanuc_description/meshes/visual/link_4.stl
[0.790s] -- Up-to-date: /home/habibahassan/project/install/moveit_resources_fanuc_description/share/moveit_resources_fanuc_description/meshes/visual/link_2.stl
[0.790s] -- Up-to-date: /home/habibahassan/project/install/moveit_resources_fanuc_description/share/moveit_resources_fanuc_description/urdf
[0.790s] -- Up-to-date: /home/habibahassan/project/install/moveit_resources_fanuc_description/share/moveit_resources_fanuc_description/urdf/fanuc.urdf
[0.824s] Invoked command in '/home/habibahassan/project/build/moveit_resources_fanuc_description' returned '0': CMAKE_PREFIX_PATH=${CMAKE_PREFIX_PATH}:/home/habibahassan/project/install/moveit_configs_utils:/opt/ros/jazzy DEBUGINFOD_URLS=https://debuginfod.ubuntu.com /usr/bin/cmake --install /home/habibahassan/project/build/moveit_resources_fanuc_description
