[0.033s] Invoking command in '/home/habibahassan/project/build/moveit_resources_pr2_description': CMAKE_PREFIX_PATH=${CMAKE_PREFIX_PATH}:/home/habibahassan/project/install/moveit_configs_utils:/opt/ros/jazzy DEBUGINFOD_URLS=https://debuginfod.ubuntu.com /usr/bin/cmake /home/habibahassan/project/src/moveit_resources/pr2_description -DCMAKE_INSTALL_PREFIX=/home/habibahassan/project/install/moveit_resources_pr2_description
[0.414s] -- The C compiler identification is GNU 13.3.0
[1.042s] -- The CXX compiler identification is GNU 13.3.0
[1.739s] -- Detecting C compiler ABI info
[2.139s] -- Detecting C compiler ABI info - done
[2.157s] -- Check for working C compiler: /usr/bin/cc - skipped
[2.158s] -- Detecting C compile features
[2.158s] -- Detecting C compile features - done
[2.253s] -- Detecting CXX compiler ABI info
[2.546s] -- Detecting CXX compiler ABI info - done
[2.559s] -- Check for working CXX compiler: /usr/bin/c++ - skipped
[2.560s] -- Detecting CXX compile features
[2.560s] -- Detecting CXX compile features - done
[2.566s] -- Found ament_cmake: 2.5.3 (/opt/ros/jazzy/share/ament_cmake/cmake)
[2.898s] -- Found Python3: /usr/bin/python3 (found version "3.12.3") found components: Interpreter 
[3.227s] -- Configuring done (3.2s)
[3.229s] -- Generating done (0.0s)
[3.232s] -- Build files have been written to: /home/habibahassan/project/build/moveit_resources_pr2_description
[3.270s] Invoked command in '/home/habibahassan/project/build/moveit_resources_pr2_description' returned '0': CMAKE_PREFIX_PATH=${CMAKE_PREFIX_PATH}:/home/habibahassan/project/install/moveit_configs_utils:/opt/ros/jazzy DEBUGINFOD_URLS=https://debuginfod.ubuntu.com /usr/bin/cmake /home/habibahassan/project/src/moveit_resources/pr2_description -DCMAKE_INSTALL_PREFIX=/home/habibahassan/project/install/moveit_resources_pr2_description
[3.271s] Invoking command in '/home/habibahassan/project/build/moveit_resources_pr2_description': CMAKE_PREFIX_PATH=${CMAKE_PREFIX_PATH}:/home/habibahassan/project/install/moveit_configs_utils:/opt/ros/jazzy DEBUGINFOD_URLS=https://debuginfod.ubuntu.com /usr/bin/cmake --build /home/habibahassan/project/build/moveit_resources_pr2_description -- -j8 -l8
[3.341s] Invoked command in '/home/habibahassan/project/build/moveit_resources_pr2_description' returned '0': CMAKE_PREFIX_PATH=${CMAKE_PREFIX_PATH}:/home/habibahassan/project/install/moveit_configs_utils:/opt/ros/jazzy DEBUGINFOD_URLS=https://debuginfod.ubuntu.com /usr/bin/cmake --build /home/habibahassan/project/build/moveit_resources_pr2_description -- -j8 -l8
[3.343s] Invoking command in '/home/habibahassan/project/build/moveit_resources_pr2_description': CMAKE_PREFIX_PATH=${CMAKE_PREFIX_PATH}:/home/habibahassan/project/install/moveit_configs_utils:/opt/ros/jazzy DEBUGINFOD_URLS=https://debuginfod.ubuntu.com /usr/bin/cmake --install /home/habibahassan/project/build/moveit_resources_pr2_description
[3.427s] -- Install configuration: ""
[3.428s] -- Installing: /home/habibahassan/project/install/moveit_resources_pr2_description/share/ament_index/resource_index/package_run_dependencies/moveit_resources_pr2_description
[3.429s] -- Installing: /home/habibahassan/project/install/moveit_resources_pr2_description/share/ament_index/resource_index/parent_prefix_path/moveit_resources_pr2_description
[3.429s] -- Installing: /home/habibahassan/project/install/moveit_resources_pr2_description/share/moveit_resources_pr2_description/environment/ament_prefix_path.sh
[3.429s] -- Installing: /home/habibahassan/project/install/moveit_resources_pr2_description/share/moveit_resources_pr2_description/environment/ament_prefix_path.dsv
[3.429s] -- Installing: /home/habibahassan/project/install/moveit_resources_pr2_description/share/moveit_resources_pr2_description/environment/path.sh
[3.430s] -- Installing: /home/habibahassan/project/install/moveit_resources_pr2_description/share/moveit_resources_pr2_description/environment/path.dsv
[3.430s] -- Installing: /home/habibahassan/project/install/moveit_resources_pr2_description/share/moveit_resources_pr2_description/local_setup.bash
[3.430s] -- Installing: /home/habibahassan/project/install/moveit_resources_pr2_description/share/moveit_resources_pr2_description/local_setup.sh
[3.431s] -- Installing: /home/habibahassan/project/install/moveit_resources_pr2_description/share/moveit_resources_pr2_description/local_setup.zsh
[3.431s] -- Installing: /home/habibahassan/project/install/moveit_resources_pr2_description/share/moveit_resources_pr2_description/local_setup.dsv
[3.431s] -- Installing: /home/habibahassan/project/install/moveit_resources_pr2_description/share/moveit_resources_pr2_description/package.dsv
[3.431s] -- Installing: /home/habibahassan/project/install/moveit_resources_pr2_description/share/ament_index/resource_index/packages/moveit_resources_pr2_description
[3.432s] -- Installing: /home/habibahassan/project/install/moveit_resources_pr2_description/share/moveit_resources_pr2_description/cmake/moveit_resources_pr2_descriptionConfig.cmake
[3.432s] -- Installing: /home/habibahassan/project/install/moveit_resources_pr2_description/share/moveit_resources_pr2_description/cmake/moveit_resources_pr2_descriptionConfig-version.cmake
[3.432s] -- Installing: /home/habibahassan/project/install/moveit_resources_pr2_description/share/moveit_resources_pr2_description/package.xml
[3.432s] -- Installing: /home/habibahassan/project/install/moveit_resources_pr2_description/share/moveit_resources_pr2_description/srdf
[3.433s] -- Installing: /home/habibahassan/project/install/moveit_resources_pr2_description/share/moveit_resources_pr2_description/srdf/robot.xml
[3.433s] -- Installing: /home/habibahassan/project/install/moveit_resources_pr2_description/share/moveit_resources_pr2_description/urdf
[3.433s] -- Installing: /home/habibahassan/project/install/moveit_resources_pr2_description/share/moveit_resources_pr2_description/urdf/materials
[3.434s] -- Installing: /home/habibahassan/project/install/moveit_resources_pr2_description/share/moveit_resources_pr2_description/urdf/materials/textures
[3.434s] -- Installing: /home/habibahassan/project/install/moveit_resources_pr2_description/share/moveit_resources_pr2_description/urdf/materials/textures/pr2_wheel_right.png
[3.434s] -- Installing: /home/habibahassan/project/install/moveit_resources_pr2_description/share/moveit_resources_pr2_description/urdf/materials/textures/pr2_wheel_left.png
[3.435s] -- Installing: /home/habibahassan/project/install/moveit_resources_pr2_description/share/moveit_resources_pr2_description/urdf/materials/textures/pr2_caster_texture.png
[3.435s] -- Installing: /home/habibahassan/project/install/moveit_resources_pr2_description/share/moveit_resources_pr2_description/urdf/robot.xml
[3.449s] -- Installing: /home/habibahassan/project/install/moveit_resources_pr2_description/share/moveit_resources_pr2_description/urdf/meshes
[3.449s] -- Installing: /home/habibahassan/project/install/moveit_resources_pr2_description/share/moveit_resources_pr2_description/urdf/meshes/head_v0
[3.450s] -- Installing: /home/habibahassan/project/install/moveit_resources_pr2_description/share/moveit_resources_pr2_description/urdf/meshes/head_v0/head_pan.dae
[3.450s] -- Installing: /home/habibahassan/project/install/moveit_resources_pr2_description/share/moveit_resources_pr2_description/urdf/meshes/head_v0/head_pan_color.tif
[3.451s] -- Installing: /home/habibahassan/project/install/moveit_resources_pr2_description/share/moveit_resources_pr2_description/urdf/meshes/head_v0/head_tilt.stl
[3.451s] -- Installing: /home/habibahassan/project/install/moveit_resources_pr2_description/share/moveit_resources_pr2_description/urdf/meshes/head_v0/head_tilt_color_yellow.tif
[3.451s] -- Installing: /home/habibahassan/project/install/moveit_resources_pr2_description/share/moveit_resources_pr2_description/urdf/meshes/head_v0/head_pan.stl
[3.451s] -- Installing: /home/habibahassan/project/install/moveit_resources_pr2_description/share/moveit_resources_pr2_description/urdf/meshes/head_v0/head_tilt_green.tif
[3.452s] -- Installing: /home/habibahassan/project/install/moveit_resources_pr2_description/share/moveit_resources_pr2_description/urdf/meshes/head_v0/head_pan_L.stl
[3.452s] -- Installing: /home/habibahassan/project/install/moveit_resources_pr2_description/share/moveit_resources_pr2_description/urdf/meshes/head_v0/head_pan_normals.tif
[3.452s] -- Installing: /home/habibahassan/project/install/moveit_resources_pr2_description/share/moveit_resources_pr2_description/urdf/meshes/head_v0/head_tilt.dae
[3.452s] -- Installing: /home/habibahassan/project/install/moveit_resources_pr2_description/share/moveit_resources_pr2_description/urdf/meshes/head_v0/convex
[3.453s] -- Installing: /home/habibahassan/project/install/moveit_resources_pr2_description/share/moveit_resources_pr2_description/urdf/meshes/head_v0/convex/head_pan.dae
[3.453s] -- Installing: /home/habibahassan/project/install/moveit_resources_pr2_description/share/moveit_resources_pr2_description/urdf/meshes/head_v0/convex/head_pan.xml
[3.453s] -- Installing: /home/habibahassan/project/install/moveit_resources_pr2_description/share/moveit_resources_pr2_description/urdf/meshes/head_v0/convex/head_tilt_L.dae
[3.454s] -- Installing: /home/habibahassan/project/install/moveit_resources_pr2_description/share/moveit_resources_pr2_description/urdf/meshes/head_v0/convex/head_tilt.xml
[3.454s] -- Installing: /home/habibahassan/project/install/moveit_resources_pr2_description/share/moveit_resources_pr2_description/urdf/meshes/head_v0/convex/head_pan_L.dae
[3.455s] -- Installing: /home/habibahassan/project/install/moveit_resources_pr2_description/share/moveit_resources_pr2_description/urdf/meshes/head_v0/convex/head_pan_convex.stlb
[3.455s] -- Installing: /home/habibahassan/project/install/moveit_resources_pr2_description/share/moveit_resources_pr2_description/urdf/meshes/head_v0/convex/head_pan_convex.stla
[3.455s] -- Installing: /home/habibahassan/project/install/moveit_resources_pr2_description/share/moveit_resources_pr2_description/urdf/meshes/head_v0/convex/head_tilt.dae
[3.456s] -- Installing: /home/habibahassan/project/install/moveit_resources_pr2_description/share/moveit_resources_pr2_description/urdf/meshes/head_v0/convex/head_tilt_convex.stlb
[3.457s] -- Installing: /home/habibahassan/project/install/moveit_resources_pr2_description/share/moveit_resources_pr2_description/urdf/meshes/head_v0/convex/head_tilt_convex.stla
[3.457s] -- Installing: /home/habibahassan/project/install/moveit_resources_pr2_description/share/moveit_resources_pr2_description/urdf/meshes/head_v0/convex/head_tilt_L_convex.stla
[3.457s] -- Installing: /home/habibahassan/project/install/moveit_resources_pr2_description/share/moveit_resources_pr2_description/urdf/meshes/head_v0/convex/head_pan_L_convex.stla
[3.458s] -- Installing: /home/habibahassan/project/install/moveit_resources_pr2_description/share/moveit_resources_pr2_description/urdf/meshes/head_v0/convex/head_pan_L_convex.stlb
[3.458s] -- Installing: /home/habibahassan/project/install/moveit_resources_pr2_description/share/moveit_resources_pr2_description/urdf/meshes/head_v0/convex/head_pan_L.xml
[3.458s] -- Installing: /home/habibahassan/project/install/moveit_resources_pr2_description/share/moveit_resources_pr2_description/urdf/meshes/head_v0/convex/head_tilt_L.xml
[3.459s] -- Installing: /home/habibahassan/project/install/moveit_resources_pr2_description/share/moveit_resources_pr2_description/urdf/meshes/head_v0/convex/head_tilt_L_convex.stlb
[3.459s] -- Installing: /home/habibahassan/project/install/moveit_resources_pr2_description/share/moveit_resources_pr2_description/urdf/meshes/head_v0/head_tilt_color_red.tif
[3.459s] -- Installing: /home/habibahassan/project/install/moveit_resources_pr2_description/share/moveit_resources_pr2_description/urdf/meshes/head_v0/head_tilt_normals.tif
[3.459s] -- Installing: /home/habibahassan/project/install/moveit_resources_pr2_description/share/moveit_resources_pr2_description/urdf/meshes/head_v0/head_tilt_color.tif
[3.460s] -- Installing: /home/habibahassan/project/install/moveit_resources_pr2_description/share/moveit_resources_pr2_description/urdf/meshes/head_v0/head_tilt_L.stl
[3.460s] -- Installing: /home/habibahassan/project/install/moveit_resources_pr2_description/share/moveit_resources_pr2_description/urdf/meshes/torso_v0
[3.461s] -- Installing: /home/habibahassan/project/install/moveit_resources_pr2_description/share/moveit_resources_pr2_description/urdf/meshes/torso_v0/torso.stl
[3.461s] -- Installing: /home/habibahassan/project/install/moveit_resources_pr2_description/share/moveit_resources_pr2_description/urdf/meshes/torso_v0/torso_lift_normals.tif
[3.461s] -- Installing: /home/habibahassan/project/install/moveit_resources_pr2_description/share/moveit_resources_pr2_description/urdf/meshes/torso_v0/convex
[3.461s] -- Installing: /home/habibahassan/project/install/moveit_resources_pr2_description/share/moveit_resources_pr2_description/urdf/meshes/torso_v0/convex/torso_convex.stla
[3.462s] -- Installing: /home/habibahassan/project/install/moveit_resources_pr2_description/share/moveit_resources_pr2_description/urdf/meshes/torso_v0/convex/torso_lift_L.xml
[3.462s] -- Installing: /home/habibahassan/project/install/moveit_resources_pr2_description/share/moveit_resources_pr2_description/urdf/meshes/torso_v0/convex/torso.dae
[3.462s] -- Installing: /home/habibahassan/project/install/moveit_resources_pr2_description/share/moveit_resources_pr2_description/urdf/meshes/torso_v0/convex/torso_lift_convex.stla
[3.462s] -- Installing: /home/habibahassan/project/install/moveit_resources_pr2_description/share/moveit_resources_pr2_description/urdf/meshes/torso_v0/convex/torso_lift_L_convex.stla
[3.463s] -- Installing: /home/habibahassan/project/install/moveit_resources_pr2_description/share/moveit_resources_pr2_description/urdf/meshes/torso_v0/convex/torso_lift_convex.stlb
[3.463s] -- Installing: /home/habibahassan/project/install/moveit_resources_pr2_description/share/moveit_resources_pr2_description/urdf/meshes/torso_v0/convex/torso_lift.xml
[3.463s] -- Installing: /home/habibahassan/project/install/moveit_resources_pr2_description/share/moveit_resources_pr2_description/urdf/meshes/torso_v0/convex/torso_lift_L_convex.stlb
[3.463s] -- Installing: /home/habibahassan/project/install/moveit_resources_pr2_description/share/moveit_resources_pr2_description/urdf/meshes/torso_v0/convex/torso_lift.dae
[3.464s] -- Installing: /home/habibahassan/project/install/moveit_resources_pr2_description/share/moveit_resources_pr2_description/urdf/meshes/torso_v0/convex/torso.xml
[3.464s] -- Installing: /home/habibahassan/project/install/moveit_resources_pr2_description/share/moveit_resources_pr2_description/urdf/meshes/torso_v0/convex/torso_lift_L.dae
[3.464s] -- Installing: /home/habibahassan/project/install/moveit_resources_pr2_description/share/moveit_resources_pr2_description/urdf/meshes/torso_v0/convex/torso_convex.stlb
[3.465s] -- Installing: /home/habibahassan/project/install/moveit_resources_pr2_description/share/moveit_resources_pr2_description/urdf/meshes/torso_v0/torso_lift_L.stl
[3.465s] -- Installing: /home/habibahassan/project/install/moveit_resources_pr2_description/share/moveit_resources_pr2_description/urdf/meshes/torso_v0/torso_lift.dae
[3.465s] -- Installing: /home/habibahassan/project/install/moveit_resources_pr2_description/share/moveit_resources_pr2_description/urdf/meshes/torso_v0/torso_lift_color.tif
[3.465s] -- Installing: /home/habibahassan/project/install/moveit_resources_pr2_description/share/moveit_resources_pr2_description/urdf/meshes/torso_v0/torso_lift.stl
[3.466s] -- Installing: /home/habibahassan/project/install/moveit_resources_pr2_description/share/moveit_resources_pr2_description/urdf/meshes/shoulder_v0
[3.466s] -- Installing: /home/habibahassan/project/install/moveit_resources_pr2_description/share/moveit_resources_pr2_description/urdf/meshes/shoulder_v0/shoulder_yaw.stl
[3.466s] -- Installing: /home/habibahassan/project/install/moveit_resources_pr2_description/share/moveit_resources_pr2_description/urdf/meshes/shoulder_v0/upper_arm_roll_L.stl
[3.466s] -- Installing: /home/habibahassan/project/install/moveit_resources_pr2_description/share/moveit_resources_pr2_description/urdf/meshes/shoulder_v0/shoulder_pan_color.tif
[3.466s] -- Installing: /home/habibahassan/project/install/moveit_resources_pr2_description/share/moveit_resources_pr2_description/urdf/meshes/shoulder_v0/shoulder_pan_normals.tif
[3.467s] -- Installing: /home/habibahassan/project/install/moveit_resources_pr2_description/share/moveit_resources_pr2_description/urdf/meshes/shoulder_v0/upper_arm_roll.dae
[3.467s] -- Installing: /home/habibahassan/project/install/moveit_resources_pr2_description/share/moveit_resources_pr2_description/urdf/meshes/shoulder_v0/upper_arm_roll_normals.tif
[3.468s] -- Installing: /home/habibahassan/project/install/moveit_resources_pr2_description/share/moveit_resources_pr2_description/urdf/meshes/shoulder_v0/shoulder_lift_color.tif
[3.469s] -- Installing: /home/habibahassan/project/install/moveit_resources_pr2_description/share/moveit_resources_pr2_description/urdf/meshes/shoulder_v0/upper_arm_roll_color.tif
[3.469s] -- Installing: /home/habibahassan/project/install/moveit_resources_pr2_description/share/moveit_resources_pr2_description/urdf/meshes/shoulder_v0/shoulder_lift.dae
[3.469s] -- Installing: /home/habibahassan/project/install/moveit_resources_pr2_description/share/moveit_resources_pr2_description/urdf/meshes/shoulder_v0/shoulder_pan.stl
[3.469s] -- Installing: /home/habibahassan/project/install/moveit_resources_pr2_description/share/moveit_resources_pr2_description/urdf/meshes/shoulder_v0/shoulder_lift_normals.tif
[3.475s] -- Installing: /home/habibahassan/project/install/moveit_resources_pr2_description/share/moveit_resources_pr2_description/urdf/meshes/shoulder_v0/upper_arm_roll.stl
[3.476s] -- Installing: /home/habibahassan/project/install/moveit_resources_pr2_description/share/moveit_resources_pr2_description/urdf/meshes/shoulder_v0/convex
[3.476s] -- Installing: /home/habibahassan/project/install/moveit_resources_pr2_description/share/moveit_resources_pr2_description/urdf/meshes/shoulder_v0/convex/shoulder_yaw_convex.stla
[3.476s] -- Installing: /home/habibahassan/project/install/moveit_resources_pr2_description/share/moveit_resources_pr2_description/urdf/meshes/shoulder_v0/convex/upper_arm_roll_L.dae
[3.477s] -- Installing: /home/habibahassan/project/install/moveit_resources_pr2_description/share/moveit_resources_pr2_description/urdf/meshes/shoulder_v0/convex/shoulder_lift_convex.stla
[3.477s] -- Installing: /home/habibahassan/project/install/moveit_resources_pr2_description/share/moveit_resources_pr2_description/urdf/meshes/shoulder_v0/convex/upper_arm_roll.dae
[3.478s] -- Installing: /home/habibahassan/project/install/moveit_resources_pr2_description/share/moveit_resources_pr2_description/urdf/meshes/shoulder_v0/convex/shoulder_lift.xml
[3.478s] -- Installing: /home/habibahassan/project/install/moveit_resources_pr2_description/share/moveit_resources_pr2_description/urdf/meshes/shoulder_v0/convex/shoulder_yaw_convex.stlb
[3.479s] -- Installing: /home/habibahassan/project/install/moveit_resources_pr2_description/share/moveit_resources_pr2_description/urdf/meshes/shoulder_v0/convex/shoulder_lift.dae
[3.479s] -- Installing: /home/habibahassan/project/install/moveit_resources_pr2_description/share/moveit_resources_pr2_description/urdf/meshes/shoulder_v0/convex/shoulder_yaw.xml
[3.480s] -- Installing: /home/habibahassan/project/install/moveit_resources_pr2_description/share/moveit_resources_pr2_description/urdf/meshes/shoulder_v0/convex/upper_arm_roll_L.xml
[3.480s] -- Installing: /home/habibahassan/project/install/moveit_resources_pr2_description/share/moveit_resources_pr2_description/urdf/meshes/shoulder_v0/convex/shoulder_pan_convex.stla
[3.480s] -- Installing: /home/habibahassan/project/install/moveit_resources_pr2_description/share/moveit_resources_pr2_description/urdf/meshes/shoulder_v0/convex/shoulder_pan.xml
[3.481s] -- Installing: /home/habibahassan/project/install/moveit_resources_pr2_description/share/moveit_resources_pr2_description/urdf/meshes/shoulder_v0/convex/shoulder_lift_convex.stlb
[3.481s] -- Installing: /home/habibahassan/project/install/moveit_resources_pr2_description/share/moveit_resources_pr2_description/urdf/meshes/shoulder_v0/convex/upper_arm_roll_convex.stla
[3.482s] -- Installing: /home/habibahassan/project/install/moveit_resources_pr2_description/share/moveit_resources_pr2_description/urdf/meshes/shoulder_v0/convex/upper_arm_roll_L_convex.stlb
[3.482s] -- Installing: /home/habibahassan/project/install/moveit_resources_pr2_description/share/moveit_resources_pr2_description/urdf/meshes/shoulder_v0/convex/upper_arm_roll.xml
[3.483s] -- Installing: /home/habibahassan/project/install/moveit_resources_pr2_description/share/moveit_resources_pr2_description/urdf/meshes/shoulder_v0/convex/shoulder_pan.dae
[3.483s] -- Installing: /home/habibahassan/project/install/moveit_resources_pr2_description/share/moveit_resources_pr2_description/urdf/meshes/shoulder_v0/convex/upper_arm_roll_L_convex.stla
[3.483s] -- Installing: /home/habibahassan/project/install/moveit_resources_pr2_description/share/moveit_resources_pr2_description/urdf/meshes/shoulder_v0/convex/shoulder_pan_convex.stlb
[3.484s] -- Installing: /home/habibahassan/project/install/moveit_resources_pr2_description/share/moveit_resources_pr2_description/urdf/meshes/shoulder_v0/convex/upper_arm_roll_convex.stlb
[3.484s] -- Installing: /home/habibahassan/project/install/moveit_resources_pr2_description/share/moveit_resources_pr2_description/urdf/meshes/shoulder_v0/convex/shoulder_yaw.dae
[3.484s] -- Installing: /home/habibahassan/project/install/moveit_resources_pr2_description/share/moveit_resources_pr2_description/urdf/meshes/shoulder_v0/shoulder_pan.dae
[3.485s] -- Installing: /home/habibahassan/project/install/moveit_resources_pr2_description/share/moveit_resources_pr2_description/urdf/meshes/shoulder_v0/shoulder_lift.stl
[3.485s] -- Installing: /home/habibahassan/project/install/moveit_resources_pr2_description/share/moveit_resources_pr2_description/urdf/meshes/gripper_v0
[3.485s] -- Installing: /home/habibahassan/project/install/moveit_resources_pr2_description/share/moveit_resources_pr2_description/urdf/meshes/gripper_v0/upper_finger_l.stl
[3.486s] -- Installing: /home/habibahassan/project/install/moveit_resources_pr2_description/share/moveit_resources_pr2_description/urdf/meshes/gripper_v0/l_finger_color.tif
[3.486s] -- Installing: /home/habibahassan/project/install/moveit_resources_pr2_description/share/moveit_resources_pr2_description/urdf/meshes/gripper_v0/l_finger_tip_color.tif
[3.486s] -- Installing: /home/habibahassan/project/install/moveit_resources_pr2_description/share/moveit_resources_pr2_description/urdf/meshes/gripper_v0/l_float_color.tif
[3.488s] -- Installing: /home/habibahassan/project/install/moveit_resources_pr2_description/share/moveit_resources_pr2_description/urdf/meshes/gripper_v0/l_finger_tip_normals.tif
[3.497s] -- Installing: /home/habibahassan/project/install/moveit_resources_pr2_description/share/moveit_resources_pr2_description/urdf/meshes/gripper_v0/upper_finger_r.stl
[3.498s] -- Installing: /home/habibahassan/project/install/moveit_resources_pr2_description/share/moveit_resources_pr2_description/urdf/meshes/gripper_v0/float_H_Color_100430.tif
[3.498s] -- Installing: /home/habibahassan/project/install/moveit_resources_pr2_description/share/moveit_resources_pr2_description/urdf/meshes/gripper_v0/l_finger_tip.stl
[3.498s] -- Installing: /home/habibahassan/project/install/moveit_resources_pr2_description/share/moveit_resources_pr2_description/urdf/meshes/gripper_v0/gripper_palm_normals.tif
[3.507s] -- Installing: /home/habibahassan/project/install/moveit_resources_pr2_description/share/moveit_resources_pr2_description/urdf/meshes/gripper_v0/float_H_UV_100430.dae
[3.520s] -- Installing: /home/habibahassan/project/install/moveit_resources_pr2_description/share/moveit_resources_pr2_description/urdf/meshes/gripper_v0/l_float_normals.tif
[3.531s] -- Installing: /home/habibahassan/project/install/moveit_resources_pr2_description/share/moveit_resources_pr2_description/urdf/meshes/gripper_v0/finger_tip_pad2_l.stl
[3.531s] -- Installing: /home/habibahassan/project/install/moveit_resources_pr2_description/share/moveit_resources_pr2_description/urdf/meshes/gripper_v0/l_finger.dae
[3.532s] -- Installing: /home/habibahassan/project/install/moveit_resources_pr2_description/share/moveit_resources_pr2_description/urdf/meshes/gripper_v0/palm_H_Color_100430.tif
[3.533s] -- Installing: /home/habibahassan/project/install/moveit_resources_pr2_description/share/moveit_resources_pr2_description/urdf/meshes/gripper_v0/convex
[3.533s] -- Installing: /home/habibahassan/project/install/moveit_resources_pr2_description/share/moveit_resources_pr2_description/urdf/meshes/gripper_v0/convex/upper_finger_r_convex.stlb
[3.533s] -- Installing: /home/habibahassan/project/install/moveit_resources_pr2_description/share/moveit_resources_pr2_description/urdf/meshes/gripper_v0/convex/l_floating.xml
[3.534s] -- Installing: /home/habibahassan/project/install/moveit_resources_pr2_description/share/moveit_resources_pr2_description/urdf/meshes/gripper_v0/convex/finger_tip_l.xml
[3.534s] -- Installing: /home/habibahassan/project/install/moveit_resources_pr2_description/share/moveit_resources_pr2_description/urdf/meshes/gripper_v0/convex/l_floating_convex.stlb
[3.534s] -- Installing: /home/habibahassan/project/install/moveit_resources_pr2_description/share/moveit_resources_pr2_description/urdf/meshes/gripper_v0/convex/finger_tip_pad2_r.xml
[3.534s] -- Installing: /home/habibahassan/project/install/moveit_resources_pr2_description/share/moveit_resources_pr2_description/urdf/meshes/gripper_v0/convex/finger_tip_r.xml
[3.534s] -- Installing: /home/habibahassan/project/install/moveit_resources_pr2_description/share/moveit_resources_pr2_description/urdf/meshes/gripper_v0/convex/finger_tip_r.dae
[3.535s] -- Installing: /home/habibahassan/project/install/moveit_resources_pr2_description/share/moveit_resources_pr2_description/urdf/meshes/gripper_v0/convex/gripper_palm.xml
[3.535s] -- Installing: /home/habibahassan/project/install/moveit_resources_pr2_description/share/moveit_resources_pr2_description/urdf/meshes/gripper_v0/convex/l_finger_convex.stla
[3.535s] -- Installing: /home/habibahassan/project/install/moveit_resources_pr2_description/share/moveit_resources_pr2_description/urdf/meshes/gripper_v0/convex/finger_tip_pad2_r_convex.stla
[3.536s] -- Installing: /home/habibahassan/project/install/moveit_resources_pr2_description/share/moveit_resources_pr2_description/urdf/meshes/gripper_v0/convex/finger_tip_l_convex.stlb
[3.536s] -- Installing: /home/habibahassan/project/install/moveit_resources_pr2_description/share/moveit_resources_pr2_description/urdf/meshes/gripper_v0/convex/finger_tip_r_convex.stla
[3.537s] -- Installing: /home/habibahassan/project/install/moveit_resources_pr2_description/share/moveit_resources_pr2_description/urdf/meshes/gripper_v0/convex/gripper_palm_convex.stlb
[3.537s] -- Installing: /home/habibahassan/project/install/moveit_resources_pr2_description/share/moveit_resources_pr2_description/urdf/meshes/gripper_v0/convex/gripper_palm_convex.stla
[3.538s] -- Installing: /home/habibahassan/project/install/moveit_resources_pr2_description/share/moveit_resources_pr2_description/urdf/meshes/gripper_v0/convex/l_finger_tip.xml
[3.538s] -- Installing: /home/habibahassan/project/install/moveit_resources_pr2_description/share/moveit_resources_pr2_description/urdf/meshes/gripper_v0/convex/finger_tip_pad2_l.xml
[3.538s] -- Installing: /home/habibahassan/project/install/moveit_resources_pr2_description/share/moveit_resources_pr2_description/urdf/meshes/gripper_v0/convex/finger_tip_pad2_l.dae
[3.539s] -- Installing: /home/habibahassan/project/install/moveit_resources_pr2_description/share/moveit_resources_pr2_description/urdf/meshes/gripper_v0/convex/l_finger_convex.stlb
[3.539s] -- Installing: /home/habibahassan/project/install/moveit_resources_pr2_description/share/moveit_resources_pr2_description/urdf/meshes/gripper_v0/convex/upper_finger_r_convex.stla
[3.539s] -- Installing: /home/habibahassan/project/install/moveit_resources_pr2_description/share/moveit_resources_pr2_description/urdf/meshes/gripper_v0/convex/l_finger.dae
[3.539s] -- Installing: /home/habibahassan/project/install/moveit_resources_pr2_description/share/moveit_resources_pr2_description/urdf/meshes/gripper_v0/convex/finger_tip_pad2_r_convex.stlb
[3.539s] -- Installing: /home/habibahassan/project/install/moveit_resources_pr2_description/share/moveit_resources_pr2_description/urdf/meshes/gripper_v0/convex/upper_finger_r.xml
[3.540s] -- Installing: /home/habibahassan/project/install/moveit_resources_pr2_description/share/moveit_resources_pr2_description/urdf/meshes/gripper_v0/convex/upper_finger_l.dae
[3.540s] -- Installing: /home/habibahassan/project/install/moveit_resources_pr2_description/share/moveit_resources_pr2_description/urdf/meshes/gripper_v0/convex/finger_tip_pad2_l_convex.stlb
[3.540s] -- Installing: /home/habibahassan/project/install/moveit_resources_pr2_description/share/moveit_resources_pr2_description/urdf/meshes/gripper_v0/convex/upper_finger_l.xml
[3.540s] -- Installing: /home/habibahassan/project/install/moveit_resources_pr2_description/share/moveit_resources_pr2_description/urdf/meshes/gripper_v0/convex/l_finger.xml
[3.540s] -- Installing: /home/habibahassan/project/install/moveit_resources_pr2_description/share/moveit_resources_pr2_description/urdf/meshes/gripper_v0/convex/gripper_palm.dae
[3.541s] -- Installing: /home/habibahassan/project/install/moveit_resources_pr2_description/share/moveit_resources_pr2_description/urdf/meshes/gripper_v0/convex/l_finger_tip.dae
[3.541s] -- Installing: /home/habibahassan/project/install/moveit_resources_pr2_description/share/moveit_resources_pr2_description/urdf/meshes/gripper_v0/convex/upper_finger_l_convex.stla
[3.541s] -- Installing: /home/habibahassan/project/install/moveit_resources_pr2_description/share/moveit_resources_pr2_description/urdf/meshes/gripper_v0/convex/finger_tip_l.dae
[3.542s] -- Installing: /home/habibahassan/project/install/moveit_resources_pr2_description/share/moveit_resources_pr2_description/urdf/meshes/gripper_v0/convex/l_floating_convex.stla
[3.542s] -- Installing: /home/habibahassan/project/install/moveit_resources_pr2_description/share/moveit_resources_pr2_description/urdf/meshes/gripper_v0/convex/l_floating.dae
[3.542s] -- Installing: /home/habibahassan/project/install/moveit_resources_pr2_description/share/moveit_resources_pr2_description/urdf/meshes/gripper_v0/convex/finger_tip_pad2_r.dae
[3.542s] -- Installing: /home/habibahassan/project/install/moveit_resources_pr2_description/share/moveit_resources_pr2_description/urdf/meshes/gripper_v0/convex/l_finger_tip_convex.stlb
[3.542s] -- Installing: /home/habibahassan/project/install/moveit_resources_pr2_description/share/moveit_resources_pr2_description/urdf/meshes/gripper_v0/convex/finger_tip_l_convex.stla
[3.543s] -- Installing: /home/habibahassan/project/install/moveit_resources_pr2_description/share/moveit_resources_pr2_description/urdf/meshes/gripper_v0/convex/finger_tip_r_convex.stlb
[3.543s] -- Installing: /home/habibahassan/project/install/moveit_resources_pr2_description/share/moveit_resources_pr2_description/urdf/meshes/gripper_v0/convex/l_finger_tip_convex.stla
[3.543s] -- Installing: /home/habibahassan/project/install/moveit_resources_pr2_description/share/moveit_resources_pr2_description/urdf/meshes/gripper_v0/convex/upper_finger_l_convex.stlb
[3.543s] -- Installing: /home/habibahassan/project/install/moveit_resources_pr2_description/share/moveit_resources_pr2_description/urdf/meshes/gripper_v0/convex/upper_finger_r.dae
[3.543s] -- Installing: /home/habibahassan/project/install/moveit_resources_pr2_description/share/moveit_resources_pr2_description/urdf/meshes/gripper_v0/convex/finger_tip_pad2_l_convex.stla
[3.543s] -- Installing: /home/habibahassan/project/install/moveit_resources_pr2_description/share/moveit_resources_pr2_description/urdf/meshes/gripper_v0/finger_tip_pad2_r.stl
[3.543s] -- Installing: /home/habibahassan/project/install/moveit_resources_pr2_description/share/moveit_resources_pr2_description/urdf/meshes/gripper_v0/finger_tip_H_UV_100430.dae
[3.556s] -- Installing: /home/habibahassan/project/install/moveit_resources_pr2_description/share/moveit_resources_pr2_description/urdf/meshes/gripper_v0/finger_tip_r.stl
[3.556s] -- Installing: /home/habibahassan/project/install/moveit_resources_pr2_description/share/moveit_resources_pr2_description/urdf/meshes/gripper_v0/gripper_palm.stl
[3.557s] -- Installing: /home/habibahassan/project/install/moveit_resources_pr2_description/share/moveit_resources_pr2_description/urdf/meshes/gripper_v0/finger_tip_l.stl
[3.557s] -- Installing: /home/habibahassan/project/install/moveit_resources_pr2_description/share/moveit_resources_pr2_description/urdf/meshes/gripper_v0/l_float.dae
[3.558s] -- Installing: /home/habibahassan/project/install/moveit_resources_pr2_description/share/moveit_resources_pr2_description/urdf/meshes/gripper_v0/gripper_palm.dae
[3.559s] -- Installing: /home/habibahassan/project/install/moveit_resources_pr2_description/share/moveit_resources_pr2_description/urdf/meshes/gripper_v0/finger_H_UV_100430.dae
[3.575s] -- Installing: /home/habibahassan/project/install/moveit_resources_pr2_description/share/moveit_resources_pr2_description/urdf/meshes/gripper_v0/l_finger_tip.dae
[3.576s] -- Installing: /home/habibahassan/project/install/moveit_resources_pr2_description/share/moveit_resources_pr2_description/urdf/meshes/gripper_v0/l_finger.stl
[3.577s] -- Installing: /home/habibahassan/project/install/moveit_resources_pr2_description/share/moveit_resources_pr2_description/urdf/meshes/gripper_v0/l_floating.stl
[3.578s] -- Installing: /home/habibahassan/project/install/moveit_resources_pr2_description/share/moveit_resources_pr2_description/urdf/meshes/gripper_v0/fingertip_H_Color_100430.tif
[3.578s] -- Installing: /home/habibahassan/project/install/moveit_resources_pr2_description/share/moveit_resources_pr2_description/urdf/meshes/gripper_v0/l_finger_normals.tif
[3.585s] -- Installing: /home/habibahassan/project/install/moveit_resources_pr2_description/share/moveit_resources_pr2_description/urdf/meshes/gripper_v0/palm_H_UV_100430.dae
[3.593s] -- Installing: /home/habibahassan/project/install/moveit_resources_pr2_description/share/moveit_resources_pr2_description/urdf/meshes/gripper_v0/gripper_palm_color.tif
[3.594s] -- Installing: /home/habibahassan/project/install/moveit_resources_pr2_description/share/moveit_resources_pr2_description/urdf/meshes/gripper_v0/finger_H_Color_100430.tif
[3.594s] -- Installing: /home/habibahassan/project/install/moveit_resources_pr2_description/share/moveit_resources_pr2_description/urdf/meshes/upper_arm_v0
[3.594s] -- Installing: /home/habibahassan/project/install/moveit_resources_pr2_description/share/moveit_resources_pr2_description/urdf/meshes/upper_arm_v0/upper_arm.jpg
[3.596s] -- Installing: /home/habibahassan/project/install/moveit_resources_pr2_description/share/moveit_resources_pr2_description/urdf/meshes/upper_arm_v0/elbow_flex.dae
[3.596s] -- Installing: /home/habibahassan/project/install/moveit_resources_pr2_description/share/moveit_resources_pr2_description/urdf/meshes/upper_arm_v0/upper_arm_normals.tif
[3.607s] -- Installing: /home/habibahassan/project/install/moveit_resources_pr2_description/share/moveit_resources_pr2_description/urdf/meshes/upper_arm_v0/elbow_flex_color.tif
[3.608s] -- Installing: /home/habibahassan/project/install/moveit_resources_pr2_description/share/moveit_resources_pr2_description/urdf/meshes/upper_arm_v0/upper_arm.dae
[3.609s] -- Installing: /home/habibahassan/project/install/moveit_resources_pr2_description/share/moveit_resources_pr2_description/urdf/meshes/upper_arm_v0/elbow_flex.stl
[3.610s] -- Installing: /home/habibahassan/project/install/moveit_resources_pr2_description/share/moveit_resources_pr2_description/urdf/meshes/upper_arm_v0/upper_arm_color.tif
[3.611s] -- Installing: /home/habibahassan/project/install/moveit_resources_pr2_description/share/moveit_resources_pr2_description/urdf/meshes/upper_arm_v0/convex
[3.611s] -- Installing: /home/habibahassan/project/install/moveit_resources_pr2_description/share/moveit_resources_pr2_description/urdf/meshes/upper_arm_v0/convex/forearm_roll_L.xml
[3.612s] -- Installing: /home/habibahassan/project/install/moveit_resources_pr2_description/share/moveit_resources_pr2_description/urdf/meshes/upper_arm_v0/convex/upper_arm_convex.stla
[3.612s] -- Installing: /home/habibahassan/project/install/moveit_resources_pr2_description/share/moveit_resources_pr2_description/urdf/meshes/upper_arm_v0/convex/elbow_flex.dae
[3.613s] -- Installing: /home/habibahassan/project/install/moveit_resources_pr2_description/share/moveit_resources_pr2_description/urdf/meshes/upper_arm_v0/convex/forearm_roll.dae
[3.613s] -- Installing: /home/habibahassan/project/install/moveit_resources_pr2_description/share/moveit_resources_pr2_description/urdf/meshes/upper_arm_v0/convex/upper_arm.dae
[3.613s] -- Installing: /home/habibahassan/project/install/moveit_resources_pr2_description/share/moveit_resources_pr2_description/urdf/meshes/upper_arm_v0/convex/forearm_roll_convex.stla
[3.614s] -- Installing: /home/habibahassan/project/install/moveit_resources_pr2_description/share/moveit_resources_pr2_description/urdf/meshes/upper_arm_v0/convex/elbow_flex_convex.stlb
[3.614s] -- Installing: /home/habibahassan/project/install/moveit_resources_pr2_description/share/moveit_resources_pr2_description/urdf/meshes/upper_arm_v0/convex/forearm_roll.xml
[3.614s] -- Installing: /home/habibahassan/project/install/moveit_resources_pr2_description/share/moveit_resources_pr2_description/urdf/meshes/upper_arm_v0/convex/forearm_roll_L_convex.stla
[3.615s] -- Installing: /home/habibahassan/project/install/moveit_resources_pr2_description/share/moveit_resources_pr2_description/urdf/meshes/upper_arm_v0/convex/elbow_flex.xml
[3.615s] -- Installing: /home/habibahassan/project/install/moveit_resources_pr2_description/share/moveit_resources_pr2_description/urdf/meshes/upper_arm_v0/convex/elbow_flex_convex.stla
[3.615s] -- Installing: /home/habibahassan/project/install/moveit_resources_pr2_description/share/moveit_resources_pr2_description/urdf/meshes/upper_arm_v0/convex/forearm_roll_L_convex.stlb
[3.616s] -- Installing: /home/habibahassan/project/install/moveit_resources_pr2_description/share/moveit_resources_pr2_description/urdf/meshes/upper_arm_v0/convex/upper_arm.xml
[3.616s] -- Installing: /home/habibahassan/project/install/moveit_resources_pr2_description/share/moveit_resources_pr2_description/urdf/meshes/upper_arm_v0/convex/forearm_roll_L.dae
[3.616s] -- Installing: /home/habibahassan/project/install/moveit_resources_pr2_description/share/moveit_resources_pr2_description/urdf/meshes/upper_arm_v0/convex/forearm_roll_convex.stlb
[3.617s] -- Installing: /home/habibahassan/project/install/moveit_resources_pr2_description/share/moveit_resources_pr2_description/urdf/meshes/upper_arm_v0/convex/upper_arm_convex.stlb
[3.617s] -- Installing: /home/habibahassan/project/install/moveit_resources_pr2_description/share/moveit_resources_pr2_description/urdf/meshes/upper_arm_v0/elbow_flex_normals.tif
[3.625s] -- Installing: /home/habibahassan/project/install/moveit_resources_pr2_description/share/moveit_resources_pr2_description/urdf/meshes/upper_arm_v0/upper_arm.stl
[3.626s] -- Installing: /home/habibahassan/project/install/moveit_resources_pr2_description/share/moveit_resources_pr2_description/urdf/meshes/upper_arm_v0/forearm_roll.stl
[3.626s] -- Installing: /home/habibahassan/project/install/moveit_resources_pr2_description/share/moveit_resources_pr2_description/urdf/meshes/upper_arm_v0/forearm_roll_L.stl
[3.627s] -- Installing: /home/habibahassan/project/install/moveit_resources_pr2_description/share/moveit_resources_pr2_description/urdf/meshes/sensors
[3.627s] -- Installing: /home/habibahassan/project/install/moveit_resources_pr2_description/share/moveit_resources_pr2_description/urdf/meshes/sensors/kinect_v0
[3.627s] -- Installing: /home/habibahassan/project/install/moveit_resources_pr2_description/share/moveit_resources_pr2_description/urdf/meshes/sensors/kinect_v0/kinect_mount.stl
[3.629s] -- Installing: /home/habibahassan/project/install/moveit_resources_pr2_description/share/moveit_resources_pr2_description/urdf/meshes/sensors/kinect_v0/kinect_color.tga
[3.630s] -- Installing: /home/habibahassan/project/install/moveit_resources_pr2_description/share/moveit_resources_pr2_description/urdf/meshes/sensors/kinect_v0/kinect.dae
[3.633s] -- Installing: /home/habibahassan/project/install/moveit_resources_pr2_description/share/moveit_resources_pr2_description/urdf/meshes/sensors/kinect_v0/kinect.tga
[3.634s] -- Installing: /home/habibahassan/project/install/moveit_resources_pr2_description/share/moveit_resources_pr2_description/urdf/meshes/sensors/kinect_prosilica_v0
[3.634s] -- Installing: /home/habibahassan/project/install/moveit_resources_pr2_description/share/moveit_resources_pr2_description/urdf/meshes/sensors/kinect_prosilica_v0/115x100_swept_fwd_no_sensors--coarse.STL
[3.642s] -- Installing: /home/habibahassan/project/install/moveit_resources_pr2_description/share/moveit_resources_pr2_description/urdf/meshes/sensors/kinect_prosilica_v0/Prosilica_w_Lens--coarse.STL
[3.657s] -- Installing: /home/habibahassan/project/install/moveit_resources_pr2_description/share/moveit_resources_pr2_description/urdf/meshes/sensors/kinect_prosilica_v0/115x100_swept_back--coarse.STL
[3.669s] -- Installing: /home/habibahassan/project/install/moveit_resources_pr2_description/share/moveit_resources_pr2_description/urdf/meshes/sensors/kinect_prosilica_v0/115x100_swept_back_no_sensors--coarse.STL
[3.676s] -- Installing: /home/habibahassan/project/install/moveit_resources_pr2_description/share/moveit_resources_pr2_description/urdf/meshes/sensors/kinect_prosilica_v0/115x100_swept_fwd--coarse.STL
[3.687s] -- Installing: /home/habibahassan/project/install/moveit_resources_pr2_description/share/moveit_resources_pr2_description/urdf/meshes/sensors/kinect_prosilica_v0/68-04546_Kinect_Sensor--coarse.STL
[3.689s] -- Installing: /home/habibahassan/project/install/moveit_resources_pr2_description/share/moveit_resources_pr2_description/urdf/meshes/base_v0
[3.689s] -- Installing: /home/habibahassan/project/install/moveit_resources_pr2_description/share/moveit_resources_pr2_description/urdf/meshes/base_v0/base.stl
[3.690s] -- Installing: /home/habibahassan/project/install/moveit_resources_pr2_description/share/moveit_resources_pr2_description/urdf/meshes/base_v0/wheel.dae
[3.692s] -- Installing: /home/habibahassan/project/install/moveit_resources_pr2_description/share/moveit_resources_pr2_description/urdf/meshes/base_v0/pr2_wheel.stl
[3.693s] -- Installing: /home/habibahassan/project/install/moveit_resources_pr2_description/share/moveit_resources_pr2_description/urdf/meshes/base_v0/caster.stl
[3.694s] -- Installing: /home/habibahassan/project/install/moveit_resources_pr2_description/share/moveit_resources_pr2_description/urdf/meshes/base_v0/base_L.stl
[3.694s] -- Installing: /home/habibahassan/project/install/moveit_resources_pr2_description/share/moveit_resources_pr2_description/urdf/meshes/base_v0/wheel_h_color.tif
[3.695s] -- Installing: /home/habibahassan/project/install/moveit_resources_pr2_description/share/moveit_resources_pr2_description/urdf/meshes/base_v0/wheel.stl
[3.696s] -- Installing: /home/habibahassan/project/install/moveit_resources_pr2_description/share/moveit_resources_pr2_description/urdf/meshes/base_v0/caster_L.stl
[3.696s] -- Installing: /home/habibahassan/project/install/moveit_resources_pr2_description/share/moveit_resources_pr2_description/urdf/meshes/base_v0/base_normals.tif
[3.706s] -- Installing: /home/habibahassan/project/install/moveit_resources_pr2_description/share/moveit_resources_pr2_description/urdf/meshes/base_v0/convex
[3.706s] -- Installing: /home/habibahassan/project/install/moveit_resources_pr2_description/share/moveit_resources_pr2_description/urdf/meshes/base_v0/convex/wheel.dae
[3.707s] -- Installing: /home/habibahassan/project/install/moveit_resources_pr2_description/share/moveit_resources_pr2_description/urdf/meshes/base_v0/convex/base_L_convex.stla
[3.707s] -- Installing: /home/habibahassan/project/install/moveit_resources_pr2_description/share/moveit_resources_pr2_description/urdf/meshes/base_v0/convex/pr2_wheel.xml
[3.707s] -- Installing: /home/habibahassan/project/install/moveit_resources_pr2_description/share/moveit_resources_pr2_description/urdf/meshes/base_v0/convex/pr2_wheel_convex.stla
[3.708s] -- Installing: /home/habibahassan/project/install/moveit_resources_pr2_description/share/moveit_resources_pr2_description/urdf/meshes/base_v0/convex/base_convex.stla
[3.709s] -- Installing: /home/habibahassan/project/install/moveit_resources_pr2_description/share/moveit_resources_pr2_description/urdf/meshes/base_v0/convex/base_convex.stlb
[3.709s] -- Installing: /home/habibahassan/project/install/moveit_resources_pr2_description/share/moveit_resources_pr2_description/urdf/meshes/base_v0/convex/caster.dae
[3.710s] -- Installing: /home/habibahassan/project/install/moveit_resources_pr2_description/share/moveit_resources_pr2_description/urdf/meshes/base_v0/convex/caster_L_convex.stla
[3.710s] -- Installing: /home/habibahassan/project/install/moveit_resources_pr2_description/share/moveit_resources_pr2_description/urdf/meshes/base_v0/convex/base_L_convex.stlb
[3.710s] -- Installing: /home/habibahassan/project/install/moveit_resources_pr2_description/share/moveit_resources_pr2_description/urdf/meshes/base_v0/convex/base.xml
[3.711s] -- Installing: /home/habibahassan/project/install/moveit_resources_pr2_description/share/moveit_resources_pr2_description/urdf/meshes/base_v0/convex/caster.xml
[3.711s] -- Installing: /home/habibahassan/project/install/moveit_resources_pr2_description/share/moveit_resources_pr2_description/urdf/meshes/base_v0/convex/pr2_wheel.dae
[3.712s] -- Installing: /home/habibahassan/project/install/moveit_resources_pr2_description/share/moveit_resources_pr2_description/urdf/meshes/base_v0/convex/caster_convex.stlb
[3.712s] -- Installing: /home/habibahassan/project/install/moveit_resources_pr2_description/share/moveit_resources_pr2_description/urdf/meshes/base_v0/convex/caster_L_convex.stlb
[3.713s] -- Installing: /home/habibahassan/project/install/moveit_resources_pr2_description/share/moveit_resources_pr2_description/urdf/meshes/base_v0/convex/pr2_wheel_convex.stlb
[3.713s] -- Installing: /home/habibahassan/project/install/moveit_resources_pr2_description/share/moveit_resources_pr2_description/urdf/meshes/base_v0/convex/caster_L.xml
[3.713s] -- Installing: /home/habibahassan/project/install/moveit_resources_pr2_description/share/moveit_resources_pr2_description/urdf/meshes/base_v0/convex/base_L.xml
[3.714s] -- Installing: /home/habibahassan/project/install/moveit_resources_pr2_description/share/moveit_resources_pr2_description/urdf/meshes/base_v0/convex/caster_L.dae
[3.714s] -- Installing: /home/habibahassan/project/install/moveit_resources_pr2_description/share/moveit_resources_pr2_description/urdf/meshes/base_v0/convex/base_L.dae
[3.715s] -- Installing: /home/habibahassan/project/install/moveit_resources_pr2_description/share/moveit_resources_pr2_description/urdf/meshes/base_v0/convex/caster_convex.stla
[3.716s] -- Installing: /home/habibahassan/project/install/moveit_resources_pr2_description/share/moveit_resources_pr2_description/urdf/meshes/base_v0/convex/wheel.xml
[3.716s] -- Installing: /home/habibahassan/project/install/moveit_resources_pr2_description/share/moveit_resources_pr2_description/urdf/meshes/base_v0/convex/base.dae
[3.717s] -- Installing: /home/habibahassan/project/install/moveit_resources_pr2_description/share/moveit_resources_pr2_description/urdf/meshes/base_v0/convex/wheel_convex.stlb
[3.717s] -- Installing: /home/habibahassan/project/install/moveit_resources_pr2_description/share/moveit_resources_pr2_description/urdf/meshes/base_v0/convex/wheel_convex.stla
[3.717s] -- Installing: /home/habibahassan/project/install/moveit_resources_pr2_description/share/moveit_resources_pr2_description/urdf/meshes/base_v0/base.dae
[3.718s] -- Installing: /home/habibahassan/project/install/moveit_resources_pr2_description/share/moveit_resources_pr2_description/urdf/meshes/base_v0/wheel_h.dae
[3.737s] -- Installing: /home/habibahassan/project/install/moveit_resources_pr2_description/share/moveit_resources_pr2_description/urdf/meshes/base_v0/wheel_normals.tif
[3.754s] -- Installing: /home/habibahassan/project/install/moveit_resources_pr2_description/share/moveit_resources_pr2_description/urdf/meshes/base_v0/wheel_color.tif
[3.756s] -- Installing: /home/habibahassan/project/install/moveit_resources_pr2_description/share/moveit_resources_pr2_description/urdf/meshes/base_v0/base_color.tif
[3.759s] -- Installing: /home/habibahassan/project/install/moveit_resources_pr2_description/share/moveit_resources_pr2_description/urdf/meshes/forearm_v0
[3.759s] -- Installing: /home/habibahassan/project/install/moveit_resources_pr2_description/share/moveit_resources_pr2_description/urdf/meshes/forearm_v0/wrist_roll_L.stl
[3.759s] -- Installing: /home/habibahassan/project/install/moveit_resources_pr2_description/share/moveit_resources_pr2_description/urdf/meshes/forearm_v0/wrist_flex.dae
[3.760s] -- Installing: /home/habibahassan/project/install/moveit_resources_pr2_description/share/moveit_resources_pr2_description/urdf/meshes/forearm_v0/forearm_normals.tif
[3.769s] -- Installing: /home/habibahassan/project/install/moveit_resources_pr2_description/share/moveit_resources_pr2_description/urdf/meshes/forearm_v0/wrist_color.tif
[3.770s] -- Installing: /home/habibahassan/project/install/moveit_resources_pr2_description/share/moveit_resources_pr2_description/urdf/meshes/forearm_v0/forearm_color.tif
[3.786s] -- Installing: /home/habibahassan/project/install/moveit_resources_pr2_description/share/moveit_resources_pr2_description/urdf/meshes/forearm_v0/convex
[3.786s] -- Installing: /home/habibahassan/project/install/moveit_resources_pr2_description/share/moveit_resources_pr2_description/urdf/meshes/forearm_v0/convex/forearm_convex.stla
[3.786s] -- Installing: /home/habibahassan/project/install/moveit_resources_pr2_description/share/moveit_resources_pr2_description/urdf/meshes/forearm_v0/convex/wrist_flex.dae
[3.787s] -- Installing: /home/habibahassan/project/install/moveit_resources_pr2_description/share/moveit_resources_pr2_description/urdf/meshes/forearm_v0/convex/wrist_roll_L.xml
[3.787s] -- Installing: /home/habibahassan/project/install/moveit_resources_pr2_description/share/moveit_resources_pr2_description/urdf/meshes/forearm_v0/convex/wrist_roll.xml
[3.788s] -- Installing: /home/habibahassan/project/install/moveit_resources_pr2_description/share/moveit_resources_pr2_description/urdf/meshes/forearm_v0/convex/wrist_roll_L.dae
[3.788s] -- Installing: /home/habibahassan/project/install/moveit_resources_pr2_description/share/moveit_resources_pr2_description/urdf/meshes/forearm_v0/convex/wrist_flex_convex.stla
[3.789s] -- Installing: /home/habibahassan/project/install/moveit_resources_pr2_description/share/moveit_resources_pr2_description/urdf/meshes/forearm_v0/convex/wrist_roll_convex.stla
[3.790s] -- Installing: /home/habibahassan/project/install/moveit_resources_pr2_description/share/moveit_resources_pr2_description/urdf/meshes/forearm_v0/convex/wrist_roll.dae
[3.790s] -- Installing: /home/habibahassan/project/install/moveit_resources_pr2_description/share/moveit_resources_pr2_description/urdf/meshes/forearm_v0/convex/wrist_roll_convex.stlb
[3.791s] -- Installing: /home/habibahassan/project/install/moveit_resources_pr2_description/share/moveit_resources_pr2_description/urdf/meshes/forearm_v0/convex/forearm.xml
[3.791s] -- Installing: /home/habibahassan/project/install/moveit_resources_pr2_description/share/moveit_resources_pr2_description/urdf/meshes/forearm_v0/convex/wrist_roll_L_convex.stla
[3.792s] -- Installing: /home/habibahassan/project/install/moveit_resources_pr2_description/share/moveit_resources_pr2_description/urdf/meshes/forearm_v0/convex/forearm_convex.stlb
[3.792s] -- Installing: /home/habibahassan/project/install/moveit_resources_pr2_description/share/moveit_resources_pr2_description/urdf/meshes/forearm_v0/convex/wrist_flex.xml
[3.793s] -- Installing: /home/habibahassan/project/install/moveit_resources_pr2_description/share/moveit_resources_pr2_description/urdf/meshes/forearm_v0/convex/wrist_flex_convex.stlb
[3.793s] -- Installing: /home/habibahassan/project/install/moveit_resources_pr2_description/share/moveit_resources_pr2_description/urdf/meshes/forearm_v0/convex/forearm.dae
[3.794s] -- Installing: /home/habibahassan/project/install/moveit_resources_pr2_description/share/moveit_resources_pr2_description/urdf/meshes/forearm_v0/convex/wrist_roll_L_convex.stlb
[3.794s] -- Installing: /home/habibahassan/project/install/moveit_resources_pr2_description/share/moveit_resources_pr2_description/urdf/meshes/forearm_v0/forearm.jpg
[3.794s] -- Installing: /home/habibahassan/project/install/moveit_resources_pr2_description/share/moveit_resources_pr2_description/urdf/meshes/forearm_v0/forearm.stl
[3.795s] -- Installing: /home/habibahassan/project/install/moveit_resources_pr2_description/share/moveit_resources_pr2_description/urdf/meshes/forearm_v0/wrist_roll.stl
[3.796s] -- Installing: /home/habibahassan/project/install/moveit_resources_pr2_description/share/moveit_resources_pr2_description/urdf/meshes/forearm_v0/forearm.dae
[3.798s] -- Installing: /home/habibahassan/project/install/moveit_resources_pr2_description/share/moveit_resources_pr2_description/urdf/meshes/forearm_v0/wrist_normals.tif
[3.807s] -- Installing: /home/habibahassan/project/install/moveit_resources_pr2_description/share/moveit_resources_pr2_description/urdf/meshes/forearm_v0/wrist_flex.stl
[3.807s] -- Installing: /home/habibahassan/project/install/moveit_resources_pr2_description/share/moveit_resources_pr2_description/urdf/meshes/tilting_laser_v0
[3.807s] -- Installing: /home/habibahassan/project/install/moveit_resources_pr2_description/share/moveit_resources_pr2_description/urdf/meshes/tilting_laser_v0/tilting_hokuyo.dae
[3.808s] -- Installing: /home/habibahassan/project/install/moveit_resources_pr2_description/share/moveit_resources_pr2_description/urdf/meshes/tilting_laser_v0/tilting_hokuyo_L.stl
[3.808s] -- Installing: /home/habibahassan/project/install/moveit_resources_pr2_description/share/moveit_resources_pr2_description/urdf/meshes/tilting_laser_v0/tilting_hokuyo_normals.tif
[3.813s] -- Installing: /home/habibahassan/project/install/moveit_resources_pr2_description/share/moveit_resources_pr2_description/urdf/meshes/tilting_laser_v0/tilting_hokuyo_color.tif
[3.814s] -- Installing: /home/habibahassan/project/install/moveit_resources_pr2_description/share/moveit_resources_pr2_description/urdf/meshes/tilting_laser_v0/convex
[3.815s] -- Installing: /home/habibahassan/project/install/moveit_resources_pr2_description/share/moveit_resources_pr2_description/urdf/meshes/tilting_laser_v0/convex/tilting_hokuyo_convex.stlb
[3.815s] -- Installing: /home/habibahassan/project/install/moveit_resources_pr2_description/share/moveit_resources_pr2_description/urdf/meshes/tilting_laser_v0/convex/tilting_hokuyo.dae
[3.816s] -- Installing: /home/habibahassan/project/install/moveit_resources_pr2_description/share/moveit_resources_pr2_description/urdf/meshes/tilting_laser_v0/convex/tilting_hokuyo_L_convex.stla
[3.816s] -- Installing: /home/habibahassan/project/install/moveit_resources_pr2_description/share/moveit_resources_pr2_description/urdf/meshes/tilting_laser_v0/convex/tilting_hokuyo.xml
[3.816s] -- Installing: /home/habibahassan/project/install/moveit_resources_pr2_description/share/moveit_resources_pr2_description/urdf/meshes/tilting_laser_v0/convex/tilting_hokuyo_convex.stla
[3.816s] -- Installing: /home/habibahassan/project/install/moveit_resources_pr2_description/share/moveit_resources_pr2_description/urdf/meshes/tilting_laser_v0/convex/tilting_hokuyo_L_convex.stlb
[3.817s] -- Installing: /home/habibahassan/project/install/moveit_resources_pr2_description/share/moveit_resources_pr2_description/urdf/meshes/tilting_laser_v0/convex/tilting_hokuyo_L.dae
[3.818s] -- Installing: /home/habibahassan/project/install/moveit_resources_pr2_description/share/moveit_resources_pr2_description/urdf/meshes/tilting_laser_v0/convex/hok_tilt_convex.stlb
[3.818s] -- Installing: /home/habibahassan/project/install/moveit_resources_pr2_description/share/moveit_resources_pr2_description/urdf/meshes/tilting_laser_v0/convex/hok_tilt.xml
[3.818s] -- Installing: /home/habibahassan/project/install/moveit_resources_pr2_description/share/moveit_resources_pr2_description/urdf/meshes/tilting_laser_v0/convex/hok_tilt_convex.stla
[3.818s] -- Installing: /home/habibahassan/project/install/moveit_resources_pr2_description/share/moveit_resources_pr2_description/urdf/meshes/tilting_laser_v0/convex/tilting_hokuyo_L.xml
[3.819s] -- Installing: /home/habibahassan/project/install/moveit_resources_pr2_description/share/moveit_resources_pr2_description/urdf/meshes/tilting_laser_v0/convex/hok_tilt.dae
[3.819s] -- Installing: /home/habibahassan/project/install/moveit_resources_pr2_description/share/moveit_resources_pr2_description/urdf/meshes/tilting_laser_v0/hok_tilt.stl
[3.819s] -- Installing: /home/habibahassan/project/install/moveit_resources_pr2_description/share/moveit_resources_pr2_description/urdf/meshes/tilting_laser_v0/tilting_hokuyo.stl
[3.819s] -- Installing: /home/habibahassan/project/install/moveit_resources_pr2_description/share/moveit_resources_pr2_description/kinect.dae
[3.880s] Invoked command in '/home/habibahassan/project/build/moveit_resources_pr2_description' returned '0': CMAKE_PREFIX_PATH=${CMAKE_PREFIX_PATH}:/home/habibahassan/project/install/moveit_configs_utils:/opt/ros/jazzy DEBUGINFOD_URLS=https://debuginfod.ubuntu.com /usr/bin/cmake --install /home/habibahassan/project/build/moveit_resources_pr2_description
