[0.370s] Invoking command in '/home/habibahassan/project/build/rviz_visual_tools': CMAKE_PREFIX_PATH=${CMAKE_PREFIX_PATH}:/home/habibahassan/project/install/moveit_configs_utils:/opt/ros/jazzy DEBUGINFOD_URLS=https://debuginfod.ubuntu.com /usr/bin/cmake --build /home/habibahassan/project/build/rviz_visual_tools -- -j8 -l8
[0.683s] [  0%] Built target rviz_visual_tools_remote_control_autogen_timestamp_deps
[0.701s] [  0%] Built target gtest_main_autogen_timestamp_deps
[0.765s] [  0%] Built target gtest_autogen_timestamp_deps
[0.781s] [  0%] Built target rviz_visual_tools_gui_autogen_timestamp_deps
[0.950s] [  2%] Built target gtest_main_autogen
[1.004s] [  4%] Built target gtest_autogen
[1.015s] [  6%] Built target rviz_visual_tools_remote_control_autogen
[1.107s] [ 14%] Built target gtest_main
[1.131s] [ 16%] Built target rviz_visual_tools_gui_autogen
[1.188s] [ 25%] Built target gtest
[1.320s] [ 33%] Built target rviz_visual_tools_remote_control
[1.438s] [ 33%] Built target rviz_visual_tools_autogen_timestamp_deps
[1.482s] [ 45%] Built target rviz_visual_tools_gui
[1.821s] [ 47%] Built target rviz_visual_tools_autogen
[1.981s] [ 58%] Built target rviz_visual_tools
[1.981s] [ 58%] Built target rviz_visual_tools_rvt_test_autogen_timestamp_deps
[1.982s] [ 58%] Built target rviz_visual_tools_demo_autogen_timestamp_deps
[1.982s] [ 58%] Built target rviz_visual_tools_imarker_simple_autogen_timestamp_deps
[2.023s] [ 60%] Built target rviz_visual_tools_rvt_test_autogen
[2.035s] [ 62%] Built target rviz_visual_tools_demo_autogen
[2.036s] [ 64%] Built target rviz_visual_tools_imarker_simple_autogen
[2.072s] [ 72%] Built target rviz_visual_tools_rvt_test
[2.072s] [ 81%] Built target rviz_visual_tools_demo
[2.073s] [ 89%] Built target rviz_visual_tools_imarker_simple
[2.073s] [ 89%] Built target rviz_visual_tools_imarker_simple_demo_autogen_timestamp_deps
[2.073s] [ 91%] Built target rviz_visual_tools_imarker_simple_demo_autogen
[2.136s] [100%] Built target rviz_visual_tools_imarker_simple_demo
[2.537s] Invoked command in '/home/habibahassan/project/build/rviz_visual_tools' returned '0': CMAKE_PREFIX_PATH=${CMAKE_PREFIX_PATH}:/home/habibahassan/project/install/moveit_configs_utils:/opt/ros/jazzy DEBUGINFOD_URLS=https://debuginfod.ubuntu.com /usr/bin/cmake --build /home/habibahassan/project/build/rviz_visual_tools -- -j8 -l8
[2.557s] Invoking command in '/home/habibahassan/project/build/rviz_visual_tools': CMAKE_PREFIX_PATH=${CMAKE_PREFIX_PATH}:/home/habibahassan/project/install/moveit_configs_utils:/opt/ros/jazzy DEBUGINFOD_URLS=https://debuginfod.ubuntu.com /usr/bin/cmake --install /home/habibahassan/project/build/rviz_visual_tools
[2.588s] -- Install configuration: ""
[2.588s] -- Up-to-date: /home/habibahassan/project/install/rviz_visual_tools/share/rviz_visual_tools/plugin_description.xml
[2.588s] -- Up-to-date: /home/habibahassan/project/install/rviz_visual_tools/lib/librviz_visual_tools.so
[2.589s] -- Up-to-date: /home/habibahassan/project/install/rviz_visual_tools/lib/librviz_visual_tools_remote_control.so
[2.589s] -- Up-to-date: /home/habibahassan/project/install/rviz_visual_tools/lib/librviz_visual_tools_gui.so
[2.593s] -- Up-to-date: /home/habibahassan/project/install/rviz_visual_tools/lib/librviz_visual_tools_imarker_simple.so
[2.593s] -- Up-to-date: /home/habibahassan/project/install/rviz_visual_tools/lib/rviz_visual_tools/rviz_visual_tools_demo
[2.637s] -- Up-to-date: /home/habibahassan/project/install/rviz_visual_tools/lib/rviz_visual_tools/rviz_visual_tools_imarker_simple_demo
[2.640s] -- Up-to-date: /home/habibahassan/project/install/rviz_visual_tools/include
[2.640s] -- Up-to-date: /home/habibahassan/project/install/rviz_visual_tools/include/rviz_visual_tools
[2.641s] -- Up-to-date: /home/habibahassan/project/install/rviz_visual_tools/include/rviz_visual_tools/imarker_simple.hpp
[2.641s] -- Up-to-date: /home/habibahassan/project/install/rviz_visual_tools/include/rviz_visual_tools/key_tool.hpp
[2.642s] -- Up-to-date: /home/habibahassan/project/install/rviz_visual_tools/include/rviz_visual_tools/rviz_visual_tools.hpp
[2.643s] -- Up-to-date: /home/habibahassan/project/install/rviz_visual_tools/include/rviz_visual_tools/remote_control.hpp
[2.645s] -- Up-to-date: /home/habibahassan/project/install/rviz_visual_tools/include/rviz_visual_tools/remote_reciever.hpp
[2.645s] -- Up-to-date: /home/habibahassan/project/install/rviz_visual_tools/include/rviz_visual_tools/rviz_visual_tools_gui.hpp
[2.646s] -- Up-to-date: /home/habibahassan/project/install/rviz_visual_tools/include/rviz_visual_tools/tf_visual_tools.hpp
[2.646s] -- Up-to-date: /home/habibahassan/project/install/rviz_visual_tools/share/rviz_visual_tools/launch
[2.647s] -- Up-to-date: /home/habibahassan/project/install/rviz_visual_tools/share/rviz_visual_tools/launch/rvt_test.launch
[2.648s] -- Up-to-date: /home/habibahassan/project/install/rviz_visual_tools/share/rviz_visual_tools/launch/demo.rviz
[2.649s] -- Up-to-date: /home/habibahassan/project/install/rviz_visual_tools/share/rviz_visual_tools/launch/demo_combined.launch.py
[2.649s] -- Up-to-date: /home/habibahassan/project/install/rviz_visual_tools/share/rviz_visual_tools/launch/demo_rviz.launch.py
[2.650s] -- Up-to-date: /home/habibahassan/project/install/rviz_visual_tools/share/rviz_visual_tools/environment/library_path.sh
[2.650s] -- Up-to-date: /home/habibahassan/project/install/rviz_visual_tools/share/rviz_visual_tools/environment/library_path.dsv
[2.651s] -- Up-to-date: /home/habibahassan/project/install/rviz_visual_tools/share/ament_index/resource_index/package_run_dependencies/rviz_visual_tools
[2.652s] -- Up-to-date: /home/habibahassan/project/install/rviz_visual_tools/share/ament_index/resource_index/parent_prefix_path/rviz_visual_tools
[2.652s] -- Up-to-date: /home/habibahassan/project/install/rviz_visual_tools/share/rviz_visual_tools/environment/ament_prefix_path.sh
[2.653s] -- Up-to-date: /home/habibahassan/project/install/rviz_visual_tools/share/rviz_visual_tools/environment/ament_prefix_path.dsv
[2.653s] -- Up-to-date: /home/habibahassan/project/install/rviz_visual_tools/share/rviz_visual_tools/environment/path.sh
[2.654s] -- Up-to-date: /home/habibahassan/project/install/rviz_visual_tools/share/rviz_visual_tools/environment/path.dsv
[2.655s] -- Up-to-date: /home/habibahassan/project/install/rviz_visual_tools/share/rviz_visual_tools/local_setup.bash
[2.655s] -- Up-to-date: /home/habibahassan/project/install/rviz_visual_tools/share/rviz_visual_tools/local_setup.sh
[2.656s] -- Up-to-date: /home/habibahassan/project/install/rviz_visual_tools/share/rviz_visual_tools/local_setup.zsh
[2.656s] -- Up-to-date: /home/habibahassan/project/install/rviz_visual_tools/share/rviz_visual_tools/local_setup.dsv
[2.657s] -- Installing: /home/habibahassan/project/install/rviz_visual_tools/share/rviz_visual_tools/package.dsv
[2.688s] -- Up-to-date: /home/habibahassan/project/install/rviz_visual_tools/share/ament_index/resource_index/packages/rviz_visual_tools
[2.689s] -- Up-to-date: /home/habibahassan/project/install/rviz_visual_tools/share/ament_index/resource_index/rviz_common__pluginlib__plugin/rviz_visual_tools
[2.706s] -- Up-to-date: /home/habibahassan/project/install/rviz_visual_tools/share/rviz_visual_tools/cmake/export_rviz_visual_toolsExport.cmake
[2.707s] -- Up-to-date: /home/habibahassan/project/install/rviz_visual_tools/share/rviz_visual_tools/cmake/export_rviz_visual_toolsExport-noconfig.cmake
[2.707s] -- Up-to-date: /home/habibahassan/project/install/rviz_visual_tools/share/rviz_visual_tools/cmake/ament_cmake_export_targets-extras.cmake
[2.708s] -- Up-to-date: /home/habibahassan/project/install/rviz_visual_tools/share/rviz_visual_tools/cmake/ament_cmake_export_dependencies-extras.cmake
[2.708s] -- Up-to-date: /home/habibahassan/project/install/rviz_visual_tools/share/rviz_visual_tools/cmake/ament_cmake_export_include_directories-extras.cmake
[2.708s] -- Up-to-date: /home/habibahassan/project/install/rviz_visual_tools/share/rviz_visual_tools/cmake/ament_cmake_export_libraries-extras.cmake
[2.709s] -- Up-to-date: /home/habibahassan/project/install/rviz_visual_tools/share/rviz_visual_tools/cmake/rviz_visual_toolsConfig.cmake
[2.709s] -- Up-to-date: /home/habibahassan/project/install/rviz_visual_tools/share/rviz_visual_tools/cmake/rviz_visual_toolsConfig-version.cmake
[2.710s] -- Up-to-date: /home/habibahassan/project/install/rviz_visual_tools/share/rviz_visual_tools/package.xml
[2.734s] Invoked command in '/home/habibahassan/project/build/rviz_visual_tools' returned '0': CMAKE_PREFIX_PATH=${CMAKE_PREFIX_PATH}:/home/habibahassan/project/install/moveit_configs_utils:/opt/ros/jazzy DEBUGINFOD_URLS=https://debuginfod.ubuntu.com /usr/bin/cmake --install /home/habibahassan/project/build/rviz_visual_tools
