[0.055s] Invoking command in '/home/habibahassan/project/build/robotiq_controllers': CMAKE_PREFIX_PATH=${CMAKE_PREFIX_PATH}:/home/habibahassan/project/install/moveit_configs_utils:/opt/ros/jazzy DEBUGINFOD_URLS=https://debuginfod.ubuntu.com /usr/bin/cmake --build /home/habibahassan/project/build/robotiq_controllers -- -j8 -l8
[0.981s] [100%] Built target robotiq_controllers
[0.981s] Invoked command in '/home/habibahassan/project/build/robotiq_controllers' returned '0': CMAKE_PREFIX_PATH=${CMAKE_PREFIX_PATH}:/home/habibahassan/project/install/moveit_configs_utils:/opt/ros/jazzy DEBUGINFOD_URLS=https://debuginfod.ubuntu.com /usr/bin/cmake --build /home/habibahassan/project/build/robotiq_controllers -- -j8 -l8
[0.982s] Invoking command in '/home/habibahassan/project/build/robotiq_controllers': CMAKE_PREFIX_PATH=${CMAKE_PREFIX_PATH}:/home/habibahassan/project/install/moveit_configs_utils:/opt/ros/jazzy DEBUGINFOD_URLS=https://debuginfod.ubuntu.com /usr/bin/cmake --install /home/habibahassan/project/build/robotiq_controllers
[1.053s] -- Install configuration: ""
[1.054s] -- Up-to-date: /home/habibahassan/project/install/robotiq_controllers/share/robotiq_controllers/controller_plugins.xml
[1.054s] -- Up-to-date: /home/habibahassan/project/install/robotiq_controllers/lib/librobotiq_controllers.so
[1.054s] -- Up-to-date: /home/habibahassan/project/install/robotiq_controllers/include
[1.054s] -- Up-to-date: /home/habibahassan/project/install/robotiq_controllers/include/robotiq_controllers
[1.054s] -- Up-to-date: /home/habibahassan/project/install/robotiq_controllers/include/robotiq_controllers/robotiq_activation_controller.hpp
[1.055s] -- Up-to-date: /home/habibahassan/project/install/robotiq_controllers/share/robotiq_controllers/environment/library_path.sh
[1.055s] -- Up-to-date: /home/habibahassan/project/install/robotiq_controllers/share/robotiq_controllers/environment/library_path.dsv
[1.055s] -- Up-to-date: /home/habibahassan/project/install/robotiq_controllers/share/ament_index/resource_index/package_run_dependencies/robotiq_controllers
[1.055s] -- Up-to-date: /home/habibahassan/project/install/robotiq_controllers/share/ament_index/resource_index/parent_prefix_path/robotiq_controllers
[1.055s] -- Up-to-date: /home/habibahassan/project/install/robotiq_controllers/share/robotiq_controllers/environment/ament_prefix_path.sh
[1.056s] -- Up-to-date: /home/habibahassan/project/install/robotiq_controllers/share/robotiq_controllers/environment/ament_prefix_path.dsv
[1.056s] -- Up-to-date: /home/habibahassan/project/install/robotiq_controllers/share/robotiq_controllers/environment/path.sh
[1.056s] -- Up-to-date: /home/habibahassan/project/install/robotiq_controllers/share/robotiq_controllers/environment/path.dsv
[1.056s] -- Up-to-date: /home/habibahassan/project/install/robotiq_controllers/share/robotiq_controllers/local_setup.bash
[1.056s] -- Up-to-date: /home/habibahassan/project/install/robotiq_controllers/share/robotiq_controllers/local_setup.sh
[1.056s] -- Up-to-date: /home/habibahassan/project/install/robotiq_controllers/share/robotiq_controllers/local_setup.zsh
[1.057s] -- Up-to-date: /home/habibahassan/project/install/robotiq_controllers/share/robotiq_controllers/local_setup.dsv
[1.057s] -- Installing: /home/habibahassan/project/install/robotiq_controllers/share/robotiq_controllers/package.dsv
[1.057s] -- Up-to-date: /home/habibahassan/project/install/robotiq_controllers/share/ament_index/resource_index/packages/robotiq_controllers
[1.057s] -- Up-to-date: /home/habibahassan/project/install/robotiq_controllers/share/ament_index/resource_index/controller_interface__pluginlib__plugin/robotiq_controllers
[1.057s] -- Up-to-date: /home/habibahassan/project/install/robotiq_controllers/share/robotiq_controllers/cmake/export_robotiq_controllersExport.cmake
[1.062s] -- Up-to-date: /home/habibahassan/project/install/robotiq_controllers/share/robotiq_controllers/cmake/export_robotiq_controllersExport-noconfig.cmake
[1.065s] -- Up-to-date: /home/habibahassan/project/install/robotiq_controllers/share/robotiq_controllers/cmake/ament_cmake_export_include_directories-extras.cmake
[1.065s] -- Up-to-date: /home/habibahassan/project/install/robotiq_controllers/share/robotiq_controllers/cmake/ament_cmake_export_libraries-extras.cmake
[1.066s] -- Up-to-date: /home/habibahassan/project/install/robotiq_controllers/share/robotiq_controllers/cmake/ament_cmake_export_targets-extras.cmake
[1.066s] -- Up-to-date: /home/habibahassan/project/install/robotiq_controllers/share/robotiq_controllers/cmake/ament_cmake_export_dependencies-extras.cmake
[1.066s] -- Up-to-date: /home/habibahassan/project/install/robotiq_controllers/share/robotiq_controllers/cmake/robotiq_controllersConfig.cmake
[1.066s] -- Up-to-date: /home/habibahassan/project/install/robotiq_controllers/share/robotiq_controllers/cmake/robotiq_controllersConfig-version.cmake
[1.066s] -- Up-to-date: /home/habibahassan/project/install/robotiq_controllers/share/robotiq_controllers/package.xml
[1.128s] Invoked command in '/home/habibahassan/project/build/robotiq_controllers' returned '0': CMAKE_PREFIX_PATH=${CMAKE_PREFIX_PATH}:/home/habibahassan/project/install/moveit_configs_utils:/opt/ros/jazzy DEBUGINFOD_URLS=https://debuginfod.ubuntu.com /usr/bin/cmake --install /home/habibahassan/project/build/robotiq_controllers
