[1.027s] Invoking command in '/home/habibahassan/project/build/moveit_resources_prbt_support': CMAKE_PREFIX_PATH=${CMAKE_PREFIX_PATH}:/home/habibahassan/project/install/moveit_configs_utils:/opt/ros/jazzy DEBUGINFOD_URLS=https://debuginfod.ubuntu.com /usr/bin/cmake --build /home/habibahassan/project/build/moveit_resources_prbt_support -- -j8 -l8
[1.499s] Invoked command in '/home/habibahassan/project/build/moveit_resources_prbt_support' returned '0': CMAKE_PREFIX_PATH=${CMAKE_PREFIX_PATH}:/home/habibahassan/project/install/moveit_configs_utils:/opt/ros/jazzy DEBUGINFOD_URLS=https://debuginfod.ubuntu.com /usr/bin/cmake --build /home/habibahassan/project/build/moveit_resources_prbt_support -- -j8 -l8
[1.500s] Invoking command in '/home/habibahassan/project/build/moveit_resources_prbt_support': CMAKE_PREFIX_PATH=${CMAKE_PREFIX_PATH}:/home/habibahassan/project/install/moveit_configs_utils:/opt/ros/jazzy DEBUGINFOD_URLS=https://debuginfod.ubuntu.com /usr/bin/cmake --install /home/habibahassan/project/build/moveit_resources_prbt_support
[1.578s] -- Install configuration: ""
[1.578s] -- Up-to-date: /home/habibahassan/project/install/moveit_resources_prbt_support/share/ament_index/resource_index/package_run_dependencies/moveit_resources_prbt_support
[1.578s] -- Up-to-date: /home/habibahassan/project/install/moveit_resources_prbt_support/share/ament_index/resource_index/parent_prefix_path/moveit_resources_prbt_support
[1.579s] -- Up-to-date: /home/habibahassan/project/install/moveit_resources_prbt_support/share/moveit_resources_prbt_support/environment/ament_prefix_path.sh
[1.579s] -- Up-to-date: /home/habibahassan/project/install/moveit_resources_prbt_support/share/moveit_resources_prbt_support/environment/ament_prefix_path.dsv
[1.579s] -- Up-to-date: /home/habibahassan/project/install/moveit_resources_prbt_support/share/moveit_resources_prbt_support/environment/path.sh
[1.579s] -- Up-to-date: /home/habibahassan/project/install/moveit_resources_prbt_support/share/moveit_resources_prbt_support/environment/path.dsv
[1.580s] -- Up-to-date: /home/habibahassan/project/install/moveit_resources_prbt_support/share/moveit_resources_prbt_support/local_setup.bash
[1.580s] -- Up-to-date: /home/habibahassan/project/install/moveit_resources_prbt_support/share/moveit_resources_prbt_support/local_setup.sh
[1.580s] -- Up-to-date: /home/habibahassan/project/install/moveit_resources_prbt_support/share/moveit_resources_prbt_support/local_setup.zsh
[1.580s] -- Up-to-date: /home/habibahassan/project/install/moveit_resources_prbt_support/share/moveit_resources_prbt_support/local_setup.dsv
[1.580s] -- Installing: /home/habibahassan/project/install/moveit_resources_prbt_support/share/moveit_resources_prbt_support/package.dsv
[1.581s] -- Up-to-date: /home/habibahassan/project/install/moveit_resources_prbt_support/share/ament_index/resource_index/packages/moveit_resources_prbt_support
[1.581s] -- Up-to-date: /home/habibahassan/project/install/moveit_resources_prbt_support/share/moveit_resources_prbt_support/cmake/moveit_resources_prbt_supportConfig.cmake
[1.581s] -- Up-to-date: /home/habibahassan/project/install/moveit_resources_prbt_support/share/moveit_resources_prbt_support/cmake/moveit_resources_prbt_supportConfig-version.cmake
[1.581s] -- Up-to-date: /home/habibahassan/project/install/moveit_resources_prbt_support/share/moveit_resources_prbt_support/package.xml
[1.582s] -- Up-to-date: /home/habibahassan/project/install/moveit_resources_prbt_support/share/moveit_resources_prbt_support/urdf
[1.582s] -- Up-to-date: /home/habibahassan/project/install/moveit_resources_prbt_support/share/moveit_resources_prbt_support/urdf/prbt.xacro
[1.582s] -- Up-to-date: /home/habibahassan/project/install/moveit_resources_prbt_support/share/moveit_resources_prbt_support/urdf/prbt.ros2_control.xacro
[1.582s] -- Up-to-date: /home/habibahassan/project/install/moveit_resources_prbt_support/share/moveit_resources_prbt_support/urdf/prbt_macro.xacro
[1.582s] -- Up-to-date: /home/habibahassan/project/install/moveit_resources_prbt_support/share/moveit_resources_prbt_support/urdf/simple_gripper_brackets.urdf.xacro
[1.583s] -- Up-to-date: /home/habibahassan/project/install/moveit_resources_prbt_support/share/moveit_resources_prbt_support/meshes
[1.583s] -- Up-to-date: /home/habibahassan/project/install/moveit_resources_prbt_support/share/moveit_resources_prbt_support/meshes/foot.stl
[1.583s] -- Up-to-date: /home/habibahassan/project/install/moveit_resources_prbt_support/share/moveit_resources_prbt_support/meshes/link_5.dae
[1.583s] -- Up-to-date: /home/habibahassan/project/install/moveit_resources_prbt_support/share/moveit_resources_prbt_support/meshes/flange.dae
[1.583s] -- Up-to-date: /home/habibahassan/project/install/moveit_resources_prbt_support/share/moveit_resources_prbt_support/meshes/link_3.dae
[1.584s] -- Up-to-date: /home/habibahassan/project/install/moveit_resources_prbt_support/share/moveit_resources_prbt_support/meshes/link_1.stl
[1.584s] -- Up-to-date: /home/habibahassan/project/install/moveit_resources_prbt_support/share/moveit_resources_prbt_support/meshes/link_3.stl
[1.584s] -- Up-to-date: /home/habibahassan/project/install/moveit_resources_prbt_support/share/moveit_resources_prbt_support/meshes/link_4.dae
[1.584s] -- Up-to-date: /home/habibahassan/project/install/moveit_resources_prbt_support/share/moveit_resources_prbt_support/meshes/link_5.stl
[1.585s] -- Up-to-date: /home/habibahassan/project/install/moveit_resources_prbt_support/share/moveit_resources_prbt_support/meshes/link_1.dae
[1.585s] -- Up-to-date: /home/habibahassan/project/install/moveit_resources_prbt_support/share/moveit_resources_prbt_support/meshes/link_4.stl
[1.585s] -- Up-to-date: /home/habibahassan/project/install/moveit_resources_prbt_support/share/moveit_resources_prbt_support/meshes/link_2.stl
[1.585s] -- Up-to-date: /home/habibahassan/project/install/moveit_resources_prbt_support/share/moveit_resources_prbt_support/meshes/foot.dae
[1.585s] -- Up-to-date: /home/habibahassan/project/install/moveit_resources_prbt_support/share/moveit_resources_prbt_support/meshes/flange.stl
[1.586s] -- Up-to-date: /home/habibahassan/project/install/moveit_resources_prbt_support/share/moveit_resources_prbt_support/meshes/link_2.dae
[1.586s] -- Up-to-date: /home/habibahassan/project/install/moveit_resources_prbt_support/share/moveit_resources_prbt_support/config
[1.586s] -- Up-to-date: /home/habibahassan/project/install/moveit_resources_prbt_support/share/moveit_resources_prbt_support/config/manipulator_driver.yaml
[1.586s] -- Up-to-date: /home/habibahassan/project/install/moveit_resources_prbt_support/share/moveit_resources_prbt_support/config/manipulator_controller.yaml
[1.586s] -- Up-to-date: /home/habibahassan/project/install/moveit_resources_prbt_support/share/moveit_resources_prbt_support/config/prbt_0_1.dcf
[1.684s] Invoked command in '/home/habibahassan/project/build/moveit_resources_prbt_support' returned '0': CMAKE_PREFIX_PATH=${CMAKE_PREFIX_PATH}:/home/habibahassan/project/install/moveit_configs_utils:/opt/ros/jazzy DEBUGINFOD_URLS=https://debuginfod.ubuntu.com /usr/bin/cmake --install /home/habibahassan/project/build/moveit_resources_prbt_support
