[0.578s] Invoking command in '/home/habibahassan/project/build/moveit_resources_prbt_support': CMAKE_PREFIX_PATH=${CMAKE_PREFIX_PATH}:/home/habibahassan/project/install/moveit_configs_utils:/opt/ros/jazzy DEBUGINFOD_URLS=https://debuginfod.ubuntu.com /usr/bin/cmake --build /home/habibahassan/project/build/moveit_resources_prbt_support -- -j8 -l8
[0.859s] Invoked command in '/home/habibahassan/project/build/moveit_resources_prbt_support' returned '0': CMAKE_PREFIX_PATH=${CMAKE_PREFIX_PATH}:/home/habibahassan/project/install/moveit_configs_utils:/opt/ros/jazzy DEBUGINFOD_URLS=https://debuginfod.ubuntu.com /usr/bin/cmake --build /home/habibahassan/project/build/moveit_resources_prbt_support -- -j8 -l8
[0.860s] Invoking command in '/home/habibahassan/project/build/moveit_resources_prbt_support': CMAKE_PREFIX_PATH=${CMAKE_PREFIX_PATH}:/home/habibahassan/project/install/moveit_configs_utils:/opt/ros/jazzy DEBUGINFOD_URLS=https://debuginfod.ubuntu.com /usr/bin/cmake --install /home/habibahassan/project/build/moveit_resources_prbt_support
[0.946s] -- Install configuration: ""
[0.947s] -- Up-to-date: /home/habibahassan/project/install/moveit_resources_prbt_support/share/ament_index/resource_index/package_run_dependencies/moveit_resources_prbt_support
[0.947s] -- Up-to-date: /home/habibahassan/project/install/moveit_resources_prbt_support/share/ament_index/resource_index/parent_prefix_path/moveit_resources_prbt_support
[0.947s] -- Up-to-date: /home/habibahassan/project/install/moveit_resources_prbt_support/share/moveit_resources_prbt_support/environment/ament_prefix_path.sh
[0.948s] -- Up-to-date: /home/habibahassan/project/install/moveit_resources_prbt_support/share/moveit_resources_prbt_support/environment/ament_prefix_path.dsv
[0.948s] -- Up-to-date: /home/habibahassan/project/install/moveit_resources_prbt_support/share/moveit_resources_prbt_support/environment/path.sh
[0.948s] -- Up-to-date: /home/habibahassan/project/install/moveit_resources_prbt_support/share/moveit_resources_prbt_support/environment/path.dsv
[0.949s] -- Up-to-date: /home/habibahassan/project/install/moveit_resources_prbt_support/share/moveit_resources_prbt_support/local_setup.bash
[0.949s] -- Up-to-date: /home/habibahassan/project/install/moveit_resources_prbt_support/share/moveit_resources_prbt_support/local_setup.sh
[0.949s] -- Up-to-date: /home/habibahassan/project/install/moveit_resources_prbt_support/share/moveit_resources_prbt_support/local_setup.zsh
[0.949s] -- Up-to-date: /home/habibahassan/project/install/moveit_resources_prbt_support/share/moveit_resources_prbt_support/local_setup.dsv
[0.949s] -- Installing: /home/habibahassan/project/install/moveit_resources_prbt_support/share/moveit_resources_prbt_support/package.dsv
[0.950s] -- Up-to-date: /home/habibahassan/project/install/moveit_resources_prbt_support/share/ament_index/resource_index/packages/moveit_resources_prbt_support
[0.950s] -- Up-to-date: /home/habibahassan/project/install/moveit_resources_prbt_support/share/moveit_resources_prbt_support/cmake/moveit_resources_prbt_supportConfig.cmake
[0.950s] -- Up-to-date: /home/habibahassan/project/install/moveit_resources_prbt_support/share/moveit_resources_prbt_support/cmake/moveit_resources_prbt_supportConfig-version.cmake
[0.951s] -- Up-to-date: /home/habibahassan/project/install/moveit_resources_prbt_support/share/moveit_resources_prbt_support/package.xml
[0.951s] -- Up-to-date: /home/habibahassan/project/install/moveit_resources_prbt_support/share/moveit_resources_prbt_support/urdf
[0.951s] -- Up-to-date: /home/habibahassan/project/install/moveit_resources_prbt_support/share/moveit_resources_prbt_support/urdf/prbt.xacro
[0.951s] -- Up-to-date: /home/habibahassan/project/install/moveit_resources_prbt_support/share/moveit_resources_prbt_support/urdf/prbt.ros2_control.xacro
[0.952s] -- Up-to-date: /home/habibahassan/project/install/moveit_resources_prbt_support/share/moveit_resources_prbt_support/urdf/prbt_macro.xacro
[0.952s] -- Up-to-date: /home/habibahassan/project/install/moveit_resources_prbt_support/share/moveit_resources_prbt_support/urdf/simple_gripper_brackets.urdf.xacro
[0.953s] -- Up-to-date: /home/habibahassan/project/install/moveit_resources_prbt_support/share/moveit_resources_prbt_support/meshes
[0.953s] -- Up-to-date: /home/habibahassan/project/install/moveit_resources_prbt_support/share/moveit_resources_prbt_support/meshes/foot.stl
[0.953s] -- Up-to-date: /home/habibahassan/project/install/moveit_resources_prbt_support/share/moveit_resources_prbt_support/meshes/link_5.dae
[0.953s] -- Up-to-date: /home/habibahassan/project/install/moveit_resources_prbt_support/share/moveit_resources_prbt_support/meshes/flange.dae
[0.955s] -- Up-to-date: /home/habibahassan/project/install/moveit_resources_prbt_support/share/moveit_resources_prbt_support/meshes/link_3.dae
[0.955s] -- Up-to-date: /home/habibahassan/project/install/moveit_resources_prbt_support/share/moveit_resources_prbt_support/meshes/link_1.stl
[0.955s] -- Up-to-date: /home/habibahassan/project/install/moveit_resources_prbt_support/share/moveit_resources_prbt_support/meshes/link_3.stl
[0.957s] -- Up-to-date: /home/habibahassan/project/install/moveit_resources_prbt_support/share/moveit_resources_prbt_support/meshes/link_4.dae
[0.957s] -- Up-to-date: /home/habibahassan/project/install/moveit_resources_prbt_support/share/moveit_resources_prbt_support/meshes/link_5.stl
[0.958s] -- Up-to-date: /home/habibahassan/project/install/moveit_resources_prbt_support/share/moveit_resources_prbt_support/meshes/link_1.dae
[0.958s] -- Up-to-date: /home/habibahassan/project/install/moveit_resources_prbt_support/share/moveit_resources_prbt_support/meshes/link_4.stl
[0.958s] -- Up-to-date: /home/habibahassan/project/install/moveit_resources_prbt_support/share/moveit_resources_prbt_support/meshes/link_2.stl
[0.959s] -- Up-to-date: /home/habibahassan/project/install/moveit_resources_prbt_support/share/moveit_resources_prbt_support/meshes/foot.dae
[0.960s] -- Up-to-date: /home/habibahassan/project/install/moveit_resources_prbt_support/share/moveit_resources_prbt_support/meshes/flange.stl
[0.961s] -- Up-to-date: /home/habibahassan/project/install/moveit_resources_prbt_support/share/moveit_resources_prbt_support/meshes/link_2.dae
[0.961s] -- Up-to-date: /home/habibahassan/project/install/moveit_resources_prbt_support/share/moveit_resources_prbt_support/config
[0.962s] -- Up-to-date: /home/habibahassan/project/install/moveit_resources_prbt_support/share/moveit_resources_prbt_support/config/manipulator_driver.yaml
[0.962s] -- Up-to-date: /home/habibahassan/project/install/moveit_resources_prbt_support/share/moveit_resources_prbt_support/config/manipulator_controller.yaml
[0.962s] -- Up-to-date: /home/habibahassan/project/install/moveit_resources_prbt_support/share/moveit_resources_prbt_support/config/prbt_0_1.dcf
[1.057s] Invoked command in '/home/habibahassan/project/build/moveit_resources_prbt_support' returned '0': CMAKE_PREFIX_PATH=${CMAKE_PREFIX_PATH}:/home/habibahassan/project/install/moveit_configs_utils:/opt/ros/jazzy DEBUGINFOD_URLS=https://debuginfod.ubuntu.com /usr/bin/cmake --install /home/habibahassan/project/build/moveit_resources_prbt_support
