[0.093s] Invoking command in '/home/habibahassan/project/build/moveit_common': CMAKE_PREFIX_PATH=${CMAKE_PREFIX_PATH}:/home/habibahassan/project/install/moveit_configs_utils:/opt/ros/jazzy DEBUGINFOD_URLS=https://debuginfod.ubuntu.com /usr/bin/cmake --build /home/habibahassan/project/build/moveit_common -- -j8 -l8
[0.562s] Invoked command in '/home/habibahassan/project/build/moveit_common' returned '0': CMAKE_PREFIX_PATH=${CMAKE_PREFIX_PATH}:/home/habibahassan/project/install/moveit_configs_utils:/opt/ros/jazzy DEBUGINFOD_URLS=https://debuginfod.ubuntu.com /usr/bin/cmake --build /home/habibahassan/project/build/moveit_common -- -j8 -l8
[0.562s] Invoking command in '/home/habibahassan/project/build/moveit_common': CMAKE_PREFIX_PATH=${CMAKE_PREFIX_PATH}:/home/habibahassan/project/install/moveit_configs_utils:/opt/ros/jazzy DEBUGINFOD_URLS=https://debuginfod.ubuntu.com /usr/bin/cmake --install /home/habibahassan/project/build/moveit_common
[0.614s] -- Install configuration: ""
[0.614s] -- Up-to-date: /home/habibahassan/project/install/moveit_common/share/ament_index/resource_index/package_run_dependencies/moveit_common
[0.615s] -- Up-to-date: /home/habibahassan/project/install/moveit_common/share/ament_index/resource_index/parent_prefix_path/moveit_common
[0.615s] -- Up-to-date: /home/habibahassan/project/install/moveit_common/share/moveit_common/environment/ament_prefix_path.sh
[0.615s] -- Up-to-date: /home/habibahassan/project/install/moveit_common/share/moveit_common/environment/ament_prefix_path.dsv
[0.616s] -- Up-to-date: /home/habibahassan/project/install/moveit_common/share/moveit_common/environment/path.sh
[0.616s] -- Up-to-date: /home/habibahassan/project/install/moveit_common/share/moveit_common/environment/path.dsv
[0.617s] -- Up-to-date: /home/habibahassan/project/install/moveit_common/share/moveit_common/local_setup.bash
[0.618s] -- Up-to-date: /home/habibahassan/project/install/moveit_common/share/moveit_common/local_setup.sh
[0.618s] -- Up-to-date: /home/habibahassan/project/install/moveit_common/share/moveit_common/local_setup.zsh
[0.618s] -- Up-to-date: /home/habibahassan/project/install/moveit_common/share/moveit_common/local_setup.dsv
[0.619s] -- Installing: /home/habibahassan/project/install/moveit_common/share/moveit_common/package.dsv
[0.619s] -- Up-to-date: /home/habibahassan/project/install/moveit_common/share/ament_index/resource_index/packages/moveit_common
[0.619s] -- Up-to-date: /home/habibahassan/project/install/moveit_common/share/moveit_common/cmake/moveit_common-extras.cmake
[0.619s] -- Up-to-date: /home/habibahassan/project/install/moveit_common/share/moveit_common/cmake/moveit_commonConfig.cmake
[0.619s] -- Up-to-date: /home/habibahassan/project/install/moveit_common/share/moveit_common/cmake/moveit_commonConfig-version.cmake
[0.620s] -- Up-to-date: /home/habibahassan/project/install/moveit_common/share/moveit_common/package.xml
[0.620s] -- Up-to-date: /home/habibahassan/project/install/moveit_common/share/moveit_common/cmake
[0.620s] -- Up-to-date: /home/habibahassan/project/install/moveit_common/share/moveit_common/cmake/moveit_package.cmake
[0.738s] Invoked command in '/home/habibahassan/project/build/moveit_common' returned '0': CMAKE_PREFIX_PATH=${CMAKE_PREFIX_PATH}:/home/habibahassan/project/install/moveit_configs_utils:/opt/ros/jazzy DEBUGINFOD_URLS=https://debuginfod.ubuntu.com /usr/bin/cmake --install /home/habibahassan/project/build/moveit_common
