[0.248s] Invoking command in '/home/habibahassan/project/build/rviz_visual_tools': CMAKE_PREFIX_PATH=${CMAKE_PREFIX_PATH}:/home/habibahassan/project/install/moveit_configs_utils:/opt/ros/jazzy DEBUGINFOD_URLS=https://debuginfod.ubuntu.com /usr/bin/cmake --build /home/habibahassan/project/build/rviz_visual_tools -- -j8 -l8
[0.935s] [  0%] Built target rviz_visual_tools_gui_autogen_timestamp_deps
[1.024s] [  0%] Built target gtest_autogen_timestamp_deps
[1.292s] [  2%] Built target rviz_visual_tools_gui_autogen
[1.408s] [  4%] Built target gtest_autogen
[1.702s] [ 16%] Built target rviz_visual_tools_gui
[1.998s] [ 25%] Built target gtest
[2.071s] [ 25%] Built target gtest_main_autogen_timestamp_deps
[2.174s] [ 25%] Built target rviz_visual_tools_remote_control_autogen_timestamp_deps
[2.276s] [ 27%] Built target gtest_main_autogen
[2.410s] [ 29%] Built target rviz_visual_tools_remote_control_autogen
[2.616s] [ 37%] Built target gtest_main
[2.786s] [ 45%] Built target rviz_visual_tools_remote_control
[2.887s] [ 45%] Built target rviz_visual_tools_autogen_timestamp_deps
[3.116s] [ 47%] Built target rviz_visual_tools_autogen
[3.310s] [ 58%] Built target rviz_visual_tools
[3.397s] [ 58%] Built target rviz_visual_tools_imarker_simple_autogen_timestamp_deps
[3.462s] [ 58%] Built target rviz_visual_tools_rvt_test_autogen_timestamp_deps
[3.562s] [ 60%] Built target rviz_visual_tools_imarker_simple_autogen
[3.675s] [ 62%] Built target rviz_visual_tools_rvt_test_autogen
[3.812s] [ 70%] Built target rviz_visual_tools_imarker_simple
[4.010s] [ 79%] Built target rviz_visual_tools_rvt_test
[4.425s] [ 79%] Built target rviz_visual_tools_imarker_simple_demo_autogen_timestamp_deps
[4.709s] [ 79%] Built target rviz_visual_tools_demo_autogen_timestamp_deps
[4.875s] [ 81%] Built target rviz_visual_tools_imarker_simple_demo_autogen
[4.882s] [ 83%] Built target rviz_visual_tools_demo_autogen
[4.971s] [ 91%] Built target rviz_visual_tools_imarker_simple_demo
[4.976s] [100%] Built target rviz_visual_tools_demo
[5.038s] Invoked command in '/home/habibahassan/project/build/rviz_visual_tools' returned '0': CMAKE_PREFIX_PATH=${CMAKE_PREFIX_PATH}:/home/habibahassan/project/install/moveit_configs_utils:/opt/ros/jazzy DEBUGINFOD_URLS=https://debuginfod.ubuntu.com /usr/bin/cmake --build /home/habibahassan/project/build/rviz_visual_tools -- -j8 -l8
[5.044s] Invoking command in '/home/habibahassan/project/build/rviz_visual_tools': CMAKE_PREFIX_PATH=${CMAKE_PREFIX_PATH}:/home/habibahassan/project/install/moveit_configs_utils:/opt/ros/jazzy DEBUGINFOD_URLS=https://debuginfod.ubuntu.com /usr/bin/cmake --install /home/habibahassan/project/build/rviz_visual_tools
[5.078s] -- Install configuration: ""
[5.078s] -- Up-to-date: /home/habibahassan/project/install/rviz_visual_tools/share/rviz_visual_tools/plugin_description.xml
[5.078s] -- Up-to-date: /home/habibahassan/project/install/rviz_visual_tools/lib/librviz_visual_tools.so
[5.079s] -- Up-to-date: /home/habibahassan/project/install/rviz_visual_tools/lib/librviz_visual_tools_remote_control.so
[5.079s] -- Up-to-date: /home/habibahassan/project/install/rviz_visual_tools/lib/librviz_visual_tools_gui.so
[5.080s] -- Up-to-date: /home/habibahassan/project/install/rviz_visual_tools/lib/librviz_visual_tools_imarker_simple.so
[5.080s] -- Up-to-date: /home/habibahassan/project/install/rviz_visual_tools/lib/rviz_visual_tools/rviz_visual_tools_demo
[5.082s] -- Up-to-date: /home/habibahassan/project/install/rviz_visual_tools/lib/rviz_visual_tools/rviz_visual_tools_imarker_simple_demo
[5.082s] -- Up-to-date: /home/habibahassan/project/install/rviz_visual_tools/include
[5.089s] -- Up-to-date: /home/habibahassan/project/install/rviz_visual_tools/include/rviz_visual_tools
[5.089s] -- Up-to-date: /home/habibahassan/project/install/rviz_visual_tools/include/rviz_visual_tools/imarker_simple.hpp
[5.089s] -- Up-to-date: /home/habibahassan/project/install/rviz_visual_tools/include/rviz_visual_tools/key_tool.hpp
[5.089s] -- Up-to-date: /home/habibahassan/project/install/rviz_visual_tools/include/rviz_visual_tools/rviz_visual_tools.hpp
[5.090s] -- Up-to-date: /home/habibahassan/project/install/rviz_visual_tools/include/rviz_visual_tools/remote_control.hpp
[5.090s] -- Up-to-date: /home/habibahassan/project/install/rviz_visual_tools/include/rviz_visual_tools/remote_reciever.hpp
[5.090s] -- Up-to-date: /home/habibahassan/project/install/rviz_visual_tools/include/rviz_visual_tools/rviz_visual_tools_gui.hpp
[5.090s] -- Up-to-date: /home/habibahassan/project/install/rviz_visual_tools/include/rviz_visual_tools/tf_visual_tools.hpp
[5.090s] -- Up-to-date: /home/habibahassan/project/install/rviz_visual_tools/share/rviz_visual_tools/launch
[5.091s] -- Up-to-date: /home/habibahassan/project/install/rviz_visual_tools/share/rviz_visual_tools/launch/rvt_test.launch
[5.091s] -- Up-to-date: /home/habibahassan/project/install/rviz_visual_tools/share/rviz_visual_tools/launch/demo.rviz
[5.091s] -- Up-to-date: /home/habibahassan/project/install/rviz_visual_tools/share/rviz_visual_tools/launch/demo_combined.launch.py
[5.091s] -- Up-to-date: /home/habibahassan/project/install/rviz_visual_tools/share/rviz_visual_tools/launch/demo_rviz.launch.py
[5.091s] -- Up-to-date: /home/habibahassan/project/install/rviz_visual_tools/share/rviz_visual_tools/environment/library_path.sh
[5.091s] -- Up-to-date: /home/habibahassan/project/install/rviz_visual_tools/share/rviz_visual_tools/environment/library_path.dsv
[5.094s] -- Up-to-date: /home/habibahassan/project/install/rviz_visual_tools/share/ament_index/resource_index/package_run_dependencies/rviz_visual_tools
[5.094s] -- Up-to-date: /home/habibahassan/project/install/rviz_visual_tools/share/ament_index/resource_index/parent_prefix_path/rviz_visual_tools
[5.094s] -- Up-to-date: /home/habibahassan/project/install/rviz_visual_tools/share/rviz_visual_tools/environment/ament_prefix_path.sh
[5.095s] -- Up-to-date: /home/habibahassan/project/install/rviz_visual_tools/share/rviz_visual_tools/environment/ament_prefix_path.dsv
[5.095s] -- Up-to-date: /home/habibahassan/project/install/rviz_visual_tools/share/rviz_visual_tools/environment/path.sh
[5.095s] -- Up-to-date: /home/habibahassan/project/install/rviz_visual_tools/share/rviz_visual_tools/environment/path.dsv
[5.095s] -- Up-to-date: /home/habibahassan/project/install/rviz_visual_tools/share/rviz_visual_tools/local_setup.bash
[5.107s] -- Up-to-date: /home/habibahassan/project/install/rviz_visual_tools/share/rviz_visual_tools/local_setup.sh
[5.107s] -- Up-to-date: /home/habibahassan/project/install/rviz_visual_tools/share/rviz_visual_tools/local_setup.zsh
[5.107s] -- Up-to-date: /home/habibahassan/project/install/rviz_visual_tools/share/rviz_visual_tools/local_setup.dsv
[5.108s] -- Installing: /home/habibahassan/project/install/rviz_visual_tools/share/rviz_visual_tools/package.dsv
[5.108s] -- Up-to-date: /home/habibahassan/project/install/rviz_visual_tools/share/ament_index/resource_index/packages/rviz_visual_tools
[5.108s] -- Up-to-date: /home/habibahassan/project/install/rviz_visual_tools/share/ament_index/resource_index/rviz_common__pluginlib__plugin/rviz_visual_tools
[5.108s] -- Up-to-date: /home/habibahassan/project/install/rviz_visual_tools/share/rviz_visual_tools/cmake/export_rviz_visual_toolsExport.cmake
[5.108s] -- Up-to-date: /home/habibahassan/project/install/rviz_visual_tools/share/rviz_visual_tools/cmake/export_rviz_visual_toolsExport-noconfig.cmake
[5.109s] -- Up-to-date: /home/habibahassan/project/install/rviz_visual_tools/share/rviz_visual_tools/cmake/ament_cmake_export_targets-extras.cmake
[5.109s] -- Up-to-date: /home/habibahassan/project/install/rviz_visual_tools/share/rviz_visual_tools/cmake/ament_cmake_export_dependencies-extras.cmake
[5.109s] -- Up-to-date: /home/habibahassan/project/install/rviz_visual_tools/share/rviz_visual_tools/cmake/ament_cmake_export_include_directories-extras.cmake
[5.109s] -- Up-to-date: /home/habibahassan/project/install/rviz_visual_tools/share/rviz_visual_tools/cmake/ament_cmake_export_libraries-extras.cmake
[5.109s] -- Up-to-date: /home/habibahassan/project/install/rviz_visual_tools/share/rviz_visual_tools/cmake/rviz_visual_toolsConfig.cmake
[5.109s] -- Up-to-date: /home/habibahassan/project/install/rviz_visual_tools/share/rviz_visual_tools/cmake/rviz_visual_toolsConfig-version.cmake
[5.110s] -- Up-to-date: /home/habibahassan/project/install/rviz_visual_tools/share/rviz_visual_tools/package.xml
[5.136s] Invoked command in '/home/habibahassan/project/build/rviz_visual_tools' returned '0': CMAKE_PREFIX_PATH=${CMAKE_PREFIX_PATH}:/home/habibahassan/project/install/moveit_configs_utils:/opt/ros/jazzy DEBUGINFOD_URLS=https://debuginfod.ubuntu.com /usr/bin/cmake --install /home/habibahassan/project/build/rviz_visual_tools
