[0.087s] Invoking command in '/home/habibahassan/project/build/rviz_visual_tools': CMAKE_PREFIX_PATH=${CMAKE_PREFIX_PATH}:/home/habibahassan/project/install/moveit_configs_utils:/opt/ros/jazzy DEBUGINFOD_URLS=https://debuginfod.ubuntu.com /usr/bin/cmake --build /home/habibahassan/project/build/rviz_visual_tools -- -j8 -l8
[0.358s] [  0%] Built target rviz_visual_tools_gui_autogen_timestamp_deps
[0.381s] [  0%] Built target gtest_autogen_timestamp_deps
[0.456s] [  2%] Built target rviz_visual_tools_gui_autogen
[0.496s] [  4%] Built target gtest_autogen
[0.589s] [ 16%] Built target rviz_visual_tools_gui
[0.635s] [ 25%] Built target gtest
[0.677s] [ 25%] Built target gtest_main_autogen_timestamp_deps
[0.717s] [ 25%] Built target rviz_visual_tools_remote_control_autogen_timestamp_deps
[0.761s] [ 27%] Built target gtest_main_autogen
[0.833s] [ 29%] Built target rviz_visual_tools_remote_control_autogen
[0.883s] [ 37%] Built target gtest_main
[0.963s] [ 45%] Built target rviz_visual_tools_remote_control
[1.009s] [ 45%] Built target rviz_visual_tools_autogen_timestamp_deps
[1.082s] [ 47%] Built target rviz_visual_tools_autogen
[1.175s] [ 58%] Built target rviz_visual_tools
[1.226s] [ 58%] Built target rviz_visual_tools_imarker_simple_autogen_timestamp_deps
[1.286s] [ 58%] Built target rviz_visual_tools_rvt_test_autogen_timestamp_deps
[1.347s] [ 60%] Built target rviz_visual_tools_imarker_simple_autogen
[1.410s] [ 62%] Built target rviz_visual_tools_rvt_test_autogen
[1.717s] [ 70%] Built target rviz_visual_tools_imarker_simple
[1.876s] [ 79%] Built target rviz_visual_tools_rvt_test
[1.881s] [ 79%] Built target rviz_visual_tools_imarker_simple_demo_autogen_timestamp_deps
[1.948s] [ 79%] Built target rviz_visual_tools_demo_autogen_timestamp_deps
[1.989s] [ 81%] Built target rviz_visual_tools_imarker_simple_demo_autogen
[2.004s] [ 83%] Built target rviz_visual_tools_demo_autogen
[2.008s] [ 91%] Built target rviz_visual_tools_imarker_simple_demo
[2.008s] [100%] Built target rviz_visual_tools_demo
[2.082s] Invoked command in '/home/habibahassan/project/build/rviz_visual_tools' returned '0': CMAKE_PREFIX_PATH=${CMAKE_PREFIX_PATH}:/home/habibahassan/project/install/moveit_configs_utils:/opt/ros/jazzy DEBUGINFOD_URLS=https://debuginfod.ubuntu.com /usr/bin/cmake --build /home/habibahassan/project/build/rviz_visual_tools -- -j8 -l8
[2.083s] Invoking command in '/home/habibahassan/project/build/rviz_visual_tools': CMAKE_PREFIX_PATH=${CMAKE_PREFIX_PATH}:/home/habibahassan/project/install/moveit_configs_utils:/opt/ros/jazzy DEBUGINFOD_URLS=https://debuginfod.ubuntu.com /usr/bin/cmake --install /home/habibahassan/project/build/rviz_visual_tools
[2.092s] -- Install configuration: ""
[2.092s] -- Up-to-date: /home/habibahassan/project/install/rviz_visual_tools/share/rviz_visual_tools/plugin_description.xml
[2.092s] -- Up-to-date: /home/habibahassan/project/install/rviz_visual_tools/lib/librviz_visual_tools.so
[2.092s] -- Up-to-date: /home/habibahassan/project/install/rviz_visual_tools/lib/librviz_visual_tools_remote_control.so
[2.093s] -- Up-to-date: /home/habibahassan/project/install/rviz_visual_tools/lib/librviz_visual_tools_gui.so
[2.093s] -- Up-to-date: /home/habibahassan/project/install/rviz_visual_tools/lib/librviz_visual_tools_imarker_simple.so
[2.093s] -- Up-to-date: /home/habibahassan/project/install/rviz_visual_tools/lib/rviz_visual_tools/rviz_visual_tools_demo
[2.093s] -- Up-to-date: /home/habibahassan/project/install/rviz_visual_tools/lib/rviz_visual_tools/rviz_visual_tools_imarker_simple_demo
[2.094s] -- Up-to-date: /home/habibahassan/project/install/rviz_visual_tools/include
[2.094s] -- Up-to-date: /home/habibahassan/project/install/rviz_visual_tools/include/rviz_visual_tools
[2.095s] -- Up-to-date: /home/habibahassan/project/install/rviz_visual_tools/include/rviz_visual_tools/imarker_simple.hpp
[2.095s] -- Up-to-date: /home/habibahassan/project/install/rviz_visual_tools/include/rviz_visual_tools/key_tool.hpp
[2.096s] -- Up-to-date: /home/habibahassan/project/install/rviz_visual_tools/include/rviz_visual_tools/rviz_visual_tools.hpp
[2.096s] -- Up-to-date: /home/habibahassan/project/install/rviz_visual_tools/include/rviz_visual_tools/remote_control.hpp
[2.097s] -- Up-to-date: /home/habibahassan/project/install/rviz_visual_tools/include/rviz_visual_tools/remote_reciever.hpp
[2.097s] -- Up-to-date: /home/habibahassan/project/install/rviz_visual_tools/include/rviz_visual_tools/rviz_visual_tools_gui.hpp
[2.098s] -- Up-to-date: /home/habibahassan/project/install/rviz_visual_tools/include/rviz_visual_tools/tf_visual_tools.hpp
[2.099s] -- Up-to-date: /home/habibahassan/project/install/rviz_visual_tools/share/rviz_visual_tools/launch
[2.099s] -- Up-to-date: /home/habibahassan/project/install/rviz_visual_tools/share/rviz_visual_tools/launch/rvt_test.launch
[2.099s] -- Up-to-date: /home/habibahassan/project/install/rviz_visual_tools/share/rviz_visual_tools/launch/demo.rviz
[2.099s] -- Up-to-date: /home/habibahassan/project/install/rviz_visual_tools/share/rviz_visual_tools/launch/demo_combined.launch.py
[2.099s] -- Up-to-date: /home/habibahassan/project/install/rviz_visual_tools/share/rviz_visual_tools/launch/demo_rviz.launch.py
[2.099s] -- Up-to-date: /home/habibahassan/project/install/rviz_visual_tools/share/rviz_visual_tools/environment/library_path.sh
[2.099s] -- Up-to-date: /home/habibahassan/project/install/rviz_visual_tools/share/rviz_visual_tools/environment/library_path.dsv
[2.100s] -- Up-to-date: /home/habibahassan/project/install/rviz_visual_tools/share/ament_index/resource_index/package_run_dependencies/rviz_visual_tools
[2.100s] -- Up-to-date: /home/habibahassan/project/install/rviz_visual_tools/share/ament_index/resource_index/parent_prefix_path/rviz_visual_tools
[2.100s] -- Up-to-date: /home/habibahassan/project/install/rviz_visual_tools/share/rviz_visual_tools/environment/ament_prefix_path.sh
[2.100s] -- Up-to-date: /home/habibahassan/project/install/rviz_visual_tools/share/rviz_visual_tools/environment/ament_prefix_path.dsv
[2.100s] -- Up-to-date: /home/habibahassan/project/install/rviz_visual_tools/share/rviz_visual_tools/environment/path.sh
[2.100s] -- Up-to-date: /home/habibahassan/project/install/rviz_visual_tools/share/rviz_visual_tools/environment/path.dsv
[2.100s] -- Up-to-date: /home/habibahassan/project/install/rviz_visual_tools/share/rviz_visual_tools/local_setup.bash
[2.101s] -- Up-to-date: /home/habibahassan/project/install/rviz_visual_tools/share/rviz_visual_tools/local_setup.sh
[2.101s] -- Up-to-date: /home/habibahassan/project/install/rviz_visual_tools/share/rviz_visual_tools/local_setup.zsh
[2.101s] -- Up-to-date: /home/habibahassan/project/install/rviz_visual_tools/share/rviz_visual_tools/local_setup.dsv
[2.101s] -- Installing: /home/habibahassan/project/install/rviz_visual_tools/share/rviz_visual_tools/package.dsv
[2.102s] -- Up-to-date: /home/habibahassan/project/install/rviz_visual_tools/share/ament_index/resource_index/packages/rviz_visual_tools
[2.103s] -- Up-to-date: /home/habibahassan/project/install/rviz_visual_tools/share/ament_index/resource_index/rviz_common__pluginlib__plugin/rviz_visual_tools
[2.103s] -- Up-to-date: /home/habibahassan/project/install/rviz_visual_tools/share/rviz_visual_tools/cmake/export_rviz_visual_toolsExport.cmake
[2.103s] -- Up-to-date: /home/habibahassan/project/install/rviz_visual_tools/share/rviz_visual_tools/cmake/export_rviz_visual_toolsExport-noconfig.cmake
[2.103s] -- Up-to-date: /home/habibahassan/project/install/rviz_visual_tools/share/rviz_visual_tools/cmake/ament_cmake_export_targets-extras.cmake
[2.104s] -- Up-to-date: /home/habibahassan/project/install/rviz_visual_tools/share/rviz_visual_tools/cmake/ament_cmake_export_dependencies-extras.cmake
[2.104s] -- Up-to-date: /home/habibahassan/project/install/rviz_visual_tools/share/rviz_visual_tools/cmake/ament_cmake_export_include_directories-extras.cmake
[2.104s] -- Up-to-date: /home/habibahassan/project/install/rviz_visual_tools/share/rviz_visual_tools/cmake/ament_cmake_export_libraries-extras.cmake
[2.104s] -- Up-to-date: /home/habibahassan/project/install/rviz_visual_tools/share/rviz_visual_tools/cmake/rviz_visual_toolsConfig.cmake
[2.105s] -- Up-to-date: /home/habibahassan/project/install/rviz_visual_tools/share/rviz_visual_tools/cmake/rviz_visual_toolsConfig-version.cmake
[2.105s] -- Up-to-date: /home/habibahassan/project/install/rviz_visual_tools/share/rviz_visual_tools/package.xml
[2.113s] Invoked command in '/home/habibahassan/project/build/rviz_visual_tools' returned '0': CMAKE_PREFIX_PATH=${CMAKE_PREFIX_PATH}:/home/habibahassan/project/install/moveit_configs_utils:/opt/ros/jazzy DEBUGINFOD_URLS=https://debuginfod.ubuntu.com /usr/bin/cmake --install /home/habibahassan/project/build/rviz_visual_tools
