[2.449s] Invoking command in '/home/habibahassan/project/src/moveit2/moveit_configs_utils': DEBUGINFOD_URLS=https://debuginfod.ubuntu.com PYTHONPATH=/home/habibahassan/project/build/moveit_configs_utils/prefix_override:/usr/lib/python3/dist-packages/colcon_core/task/python/colcon_distutils_commands:/home/habibahassan/project/install/moveit_configs_utils/lib/python3.12/site-packages:${PYTHONPATH} /usr/bin/python3 -W ignore:setup.py install is deprecated -W ignore:easy_install command is deprecated setup.py egg_info --egg-base ../../../build/moveit_configs_utils build --build-base /home/habibahassan/project/build/moveit_configs_utils/build install --record /home/habibahassan/project/build/moveit_configs_utils/install.log --single-version-externally-managed install_data
[4.145s] running egg_info
[4.147s] creating ../../../build/moveit_configs_utils/moveit_configs_utils.egg-info
[4.147s] writing ../../../build/moveit_configs_utils/moveit_configs_utils.egg-info/PKG-INFO
[4.147s] writing dependency_links to ../../../build/moveit_configs_utils/moveit_configs_utils.egg-info/dependency_links.txt
[4.147s] writing requirements to ../../../build/moveit_configs_utils/moveit_configs_utils.egg-info/requires.txt
[4.148s] writing top-level names to ../../../build/moveit_configs_utils/moveit_configs_utils.egg-info/top_level.txt
[4.148s] writing manifest file '../../../build/moveit_configs_utils/moveit_configs_utils.egg-info/SOURCES.txt'
[4.148s] reading manifest file '../../../build/moveit_configs_utils/moveit_configs_utils.egg-info/SOURCES.txt'
[4.148s] writing manifest file '../../../build/moveit_configs_utils/moveit_configs_utils.egg-info/SOURCES.txt'
[4.148s] running build
[4.149s] running build_py
[4.149s] creating /home/habibahassan/project/build/moveit_configs_utils/build
[4.149s] creating /home/habibahassan/project/build/moveit_configs_utils/build/lib
[4.149s] creating /home/habibahassan/project/build/moveit_configs_utils/build/lib/moveit_configs_utils
[4.149s] copying moveit_configs_utils/launches.py -> /home/habibahassan/project/build/moveit_configs_utils/build/lib/moveit_configs_utils
[4.149s] copying moveit_configs_utils/launch_utils.py -> /home/habibahassan/project/build/moveit_configs_utils/build/lib/moveit_configs_utils
[4.150s] copying moveit_configs_utils/__init__.py -> /home/habibahassan/project/build/moveit_configs_utils/build/lib/moveit_configs_utils
[4.150s] copying moveit_configs_utils/moveit_configs_builder.py -> /home/habibahassan/project/build/moveit_configs_utils/build/lib/moveit_configs_utils
[4.150s] creating /home/habibahassan/project/build/moveit_configs_utils/build/lib/moveit_configs_utils/substitutions
[4.150s] copying moveit_configs_utils/substitutions/__init__.py -> /home/habibahassan/project/build/moveit_configs_utils/build/lib/moveit_configs_utils/substitutions
[4.150s] copying moveit_configs_utils/substitutions/xacro.py -> /home/habibahassan/project/build/moveit_configs_utils/build/lib/moveit_configs_utils/substitutions
[4.150s] running install
[4.151s] running install_lib
[4.151s] creating /home/habibahassan/project/install/moveit_configs_utils/lib/python3.12/site-packages/moveit_configs_utils
[4.151s] copying /home/habibahassan/project/build/moveit_configs_utils/build/lib/moveit_configs_utils/launches.py -> /home/habibahassan/project/install/moveit_configs_utils/lib/python3.12/site-packages/moveit_configs_utils
[4.151s] copying /home/habibahassan/project/build/moveit_configs_utils/build/lib/moveit_configs_utils/launch_utils.py -> /home/habibahassan/project/install/moveit_configs_utils/lib/python3.12/site-packages/moveit_configs_utils
[4.151s] copying /home/habibahassan/project/build/moveit_configs_utils/build/lib/moveit_configs_utils/__init__.py -> /home/habibahassan/project/install/moveit_configs_utils/lib/python3.12/site-packages/moveit_configs_utils
[4.151s] copying /home/habibahassan/project/build/moveit_configs_utils/build/lib/moveit_configs_utils/moveit_configs_builder.py -> /home/habibahassan/project/install/moveit_configs_utils/lib/python3.12/site-packages/moveit_configs_utils
[4.151s] creating /home/habibahassan/project/install/moveit_configs_utils/lib/python3.12/site-packages/moveit_configs_utils/substitutions
[4.152s] copying /home/habibahassan/project/build/moveit_configs_utils/build/lib/moveit_configs_utils/substitutions/__init__.py -> /home/habibahassan/project/install/moveit_configs_utils/lib/python3.12/site-packages/moveit_configs_utils/substitutions
[4.152s] copying /home/habibahassan/project/build/moveit_configs_utils/build/lib/moveit_configs_utils/substitutions/xacro.py -> /home/habibahassan/project/install/moveit_configs_utils/lib/python3.12/site-packages/moveit_configs_utils/substitutions
[4.152s] byte-compiling /home/habibahassan/project/install/moveit_configs_utils/lib/python3.12/site-packages/moveit_configs_utils/launches.py to launches.cpython-312.pyc
[4.152s] byte-compiling /home/habibahassan/project/install/moveit_configs_utils/lib/python3.12/site-packages/moveit_configs_utils/launch_utils.py to launch_utils.cpython-312.pyc
[4.152s] byte-compiling /home/habibahassan/project/install/moveit_configs_utils/lib/python3.12/site-packages/moveit_configs_utils/__init__.py to __init__.cpython-312.pyc
[4.153s] byte-compiling /home/habibahassan/project/install/moveit_configs_utils/lib/python3.12/site-packages/moveit_configs_utils/moveit_configs_builder.py to moveit_configs_builder.cpython-312.pyc
[4.153s] byte-compiling /home/habibahassan/project/install/moveit_configs_utils/lib/python3.12/site-packages/moveit_configs_utils/substitutions/__init__.py to __init__.cpython-312.pyc
[4.153s] byte-compiling /home/habibahassan/project/install/moveit_configs_utils/lib/python3.12/site-packages/moveit_configs_utils/substitutions/xacro.py to xacro.cpython-312.pyc
[4.153s] running install_data
[4.153s] creating /home/habibahassan/project/install/moveit_configs_utils/share/ament_index
[4.153s] creating /home/habibahassan/project/install/moveit_configs_utils/share/ament_index/resource_index
[4.153s] creating /home/habibahassan/project/install/moveit_configs_utils/share/ament_index/resource_index/packages
[4.154s] copying resource/moveit_configs_utils -> /home/habibahassan/project/install/moveit_configs_utils/share/ament_index/resource_index/packages
[4.154s] copying package.xml -> /home/habibahassan/project/install/moveit_configs_utils/share/moveit_configs_utils
[4.154s] creating /home/habibahassan/project/install/moveit_configs_utils/share/moveit_configs_utils/default_configs
[4.154s] copying default_configs/pilz_industrial_motion_planner_planning.yaml -> /home/habibahassan/project/install/moveit_configs_utils/share/moveit_configs_utils/default_configs
[4.154s] copying default_configs/chomp_planning.yaml -> /home/habibahassan/project/install/moveit_configs_utils/share/moveit_configs_utils/default_configs
[4.155s] copying default_configs/stomp_planning.yaml -> /home/habibahassan/project/install/moveit_configs_utils/share/moveit_configs_utils/default_configs
[4.155s] copying default_configs/ompl_defaults.yaml -> /home/habibahassan/project/install/moveit_configs_utils/share/moveit_configs_utils/default_configs
[4.155s] copying default_configs/ompl_planning.yaml -> /home/habibahassan/project/install/moveit_configs_utils/share/moveit_configs_utils/default_configs
[4.155s] running install_egg_info
[4.155s] Copying ../../../build/moveit_configs_utils/moveit_configs_utils.egg-info to /home/habibahassan/project/install/moveit_configs_utils/lib/python3.12/site-packages/moveit_configs_utils-2.13.0-py3.12.egg-info
[4.155s] running install_scripts
[4.156s] writing list of installed files to '/home/habibahassan/project/build/moveit_configs_utils/install.log'
[4.173s] Invoked command in '/home/habibahassan/project/src/moveit2/moveit_configs_utils' returned '0': DEBUGINFOD_URLS=https://debuginfod.ubuntu.com PYTHONPATH=/home/habibahassan/project/build/moveit_configs_utils/prefix_override:/usr/lib/python3/dist-packages/colcon_core/task/python/colcon_distutils_commands:/home/habibahassan/project/install/moveit_configs_utils/lib/python3.12/site-packages:${PYTHONPATH} /usr/bin/python3 -W ignore:setup.py install is deprecated -W ignore:easy_install command is deprecated setup.py egg_info --egg-base ../../../build/moveit_configs_utils build --build-base /home/habibahassan/project/build/moveit_configs_utils/build install --record /home/habibahassan/project/build/moveit_configs_utils/install.log --single-version-externally-managed install_data
