[0.092s] Invoking command in '/home/habibahassan/project/build/rviz_visual_tools': CMAKE_PREFIX_PATH=${CMAKE_PREFIX_PATH}:/home/habibahassan/project/install/moveit_configs_utils:/opt/ros/jazzy DEBUGINFOD_URLS=https://debuginfod.ubuntu.com /usr/bin/cmake --build /home/habibahassan/project/build/rviz_visual_tools -- -j8 -l8
[0.288s] [  0%] Built target rviz_visual_tools_gui_autogen_timestamp_deps
[0.338s] [  0%] Built target gtest_autogen_timestamp_deps
[0.459s] [  2%] Built target rviz_visual_tools_gui_autogen
[0.541s] [  4%] Built target gtest_autogen
[0.761s] [ 16%] Built target rviz_visual_tools_gui
[0.829s] [ 25%] Built target gtest
[0.870s] [ 25%] Built target gtest_main_autogen_timestamp_deps
[0.914s] [ 25%] Built target rviz_visual_tools_remote_control_autogen_timestamp_deps
[0.981s] [ 27%] Built target gtest_main_autogen
[1.050s] [ 29%] Built target rviz_visual_tools_remote_control_autogen
[1.113s] [ 37%] Built target gtest_main
[1.221s] [ 45%] Built target rviz_visual_tools_remote_control
[1.275s] [ 45%] Built target rviz_visual_tools_autogen_timestamp_deps
[1.348s] [ 47%] Built target rviz_visual_tools_autogen
[1.456s] [ 58%] Built target rviz_visual_tools
[1.519s] [ 58%] Built target rviz_visual_tools_imarker_simple_autogen_timestamp_deps
[1.575s] [ 58%] Built target rviz_visual_tools_rvt_test_autogen_timestamp_deps
[1.701s] [ 60%] Built target rviz_visual_tools_imarker_simple_autogen
[1.796s] [ 62%] Built target rviz_visual_tools_rvt_test_autogen
[1.901s] [ 70%] Built target rviz_visual_tools_imarker_simple
[1.993s] [ 79%] Built target rviz_visual_tools_rvt_test
[2.046s] [ 79%] Built target rviz_visual_tools_imarker_simple_demo_autogen_timestamp_deps
[2.115s] [ 79%] Built target rviz_visual_tools_demo_autogen_timestamp_deps
[2.254s] [ 81%] Built target rviz_visual_tools_imarker_simple_demo_autogen
[2.349s] [ 83%] Built target rviz_visual_tools_demo_autogen
[2.830s] [ 91%] Built target rviz_visual_tools_imarker_simple_demo
[3.303s] [100%] Built target rviz_visual_tools_demo
[3.410s] Invoked command in '/home/habibahassan/project/build/rviz_visual_tools' returned '0': CMAKE_PREFIX_PATH=${CMAKE_PREFIX_PATH}:/home/habibahassan/project/install/moveit_configs_utils:/opt/ros/jazzy DEBUGINFOD_URLS=https://debuginfod.ubuntu.com /usr/bin/cmake --build /home/habibahassan/project/build/rviz_visual_tools -- -j8 -l8
[3.412s] Invoking command in '/home/habibahassan/project/build/rviz_visual_tools': CMAKE_PREFIX_PATH=${CMAKE_PREFIX_PATH}:/home/habibahassan/project/install/moveit_configs_utils:/opt/ros/jazzy DEBUGINFOD_URLS=https://debuginfod.ubuntu.com /usr/bin/cmake --install /home/habibahassan/project/build/rviz_visual_tools
[3.416s] -- Install configuration: ""
[3.417s] -- Up-to-date: /home/habibahassan/project/install/rviz_visual_tools/share/rviz_visual_tools/plugin_description.xml
[3.417s] -- Up-to-date: /home/habibahassan/project/install/rviz_visual_tools/lib/librviz_visual_tools.so
[3.417s] -- Up-to-date: /home/habibahassan/project/install/rviz_visual_tools/lib/librviz_visual_tools_remote_control.so
[3.418s] -- Up-to-date: /home/habibahassan/project/install/rviz_visual_tools/lib/librviz_visual_tools_gui.so
[3.430s] -- Up-to-date: /home/habibahassan/project/install/rviz_visual_tools/lib/librviz_visual_tools_imarker_simple.so
[3.430s] -- Up-to-date: /home/habibahassan/project/install/rviz_visual_tools/lib/rviz_visual_tools/rviz_visual_tools_demo
[3.430s] -- Up-to-date: /home/habibahassan/project/install/rviz_visual_tools/lib/rviz_visual_tools/rviz_visual_tools_imarker_simple_demo
[3.430s] -- Up-to-date: /home/habibahassan/project/install/rviz_visual_tools/include
[3.430s] -- Up-to-date: /home/habibahassan/project/install/rviz_visual_tools/include/rviz_visual_tools
[3.430s] -- Up-to-date: /home/habibahassan/project/install/rviz_visual_tools/include/rviz_visual_tools/imarker_simple.hpp
[3.431s] -- Up-to-date: /home/habibahassan/project/install/rviz_visual_tools/include/rviz_visual_tools/key_tool.hpp
[3.431s] -- Up-to-date: /home/habibahassan/project/install/rviz_visual_tools/include/rviz_visual_tools/rviz_visual_tools.hpp
[3.431s] -- Up-to-date: /home/habibahassan/project/install/rviz_visual_tools/include/rviz_visual_tools/remote_control.hpp
[3.431s] -- Up-to-date: /home/habibahassan/project/install/rviz_visual_tools/include/rviz_visual_tools/remote_reciever.hpp
[3.431s] -- Up-to-date: /home/habibahassan/project/install/rviz_visual_tools/include/rviz_visual_tools/rviz_visual_tools_gui.hpp
[3.431s] -- Up-to-date: /home/habibahassan/project/install/rviz_visual_tools/include/rviz_visual_tools/tf_visual_tools.hpp
[3.431s] -- Up-to-date: /home/habibahassan/project/install/rviz_visual_tools/share/rviz_visual_tools/launch
[3.432s] -- Up-to-date: /home/habibahassan/project/install/rviz_visual_tools/share/rviz_visual_tools/launch/rvt_test.launch
[3.432s] -- Up-to-date: /home/habibahassan/project/install/rviz_visual_tools/share/rviz_visual_tools/launch/demo.rviz
[3.432s] -- Up-to-date: /home/habibahassan/project/install/rviz_visual_tools/share/rviz_visual_tools/launch/demo_combined.launch.py
[3.432s] -- Up-to-date: /home/habibahassan/project/install/rviz_visual_tools/share/rviz_visual_tools/launch/demo_rviz.launch.py
[3.432s] -- Up-to-date: /home/habibahassan/project/install/rviz_visual_tools/share/rviz_visual_tools/environment/library_path.sh
[3.432s] -- Up-to-date: /home/habibahassan/project/install/rviz_visual_tools/share/rviz_visual_tools/environment/library_path.dsv
[3.433s] -- Up-to-date: /home/habibahassan/project/install/rviz_visual_tools/share/ament_index/resource_index/package_run_dependencies/rviz_visual_tools
[3.433s] -- Up-to-date: /home/habibahassan/project/install/rviz_visual_tools/share/ament_index/resource_index/parent_prefix_path/rviz_visual_tools
[3.433s] -- Up-to-date: /home/habibahassan/project/install/rviz_visual_tools/share/rviz_visual_tools/environment/ament_prefix_path.sh
[3.433s] -- Up-to-date: /home/habibahassan/project/install/rviz_visual_tools/share/rviz_visual_tools/environment/ament_prefix_path.dsv
[3.433s] -- Up-to-date: /home/habibahassan/project/install/rviz_visual_tools/share/rviz_visual_tools/environment/path.sh
[3.433s] -- Up-to-date: /home/habibahassan/project/install/rviz_visual_tools/share/rviz_visual_tools/environment/path.dsv
[3.433s] -- Up-to-date: /home/habibahassan/project/install/rviz_visual_tools/share/rviz_visual_tools/local_setup.bash
[3.434s] -- Up-to-date: /home/habibahassan/project/install/rviz_visual_tools/share/rviz_visual_tools/local_setup.sh
[3.434s] -- Up-to-date: /home/habibahassan/project/install/rviz_visual_tools/share/rviz_visual_tools/local_setup.zsh
[3.434s] -- Up-to-date: /home/habibahassan/project/install/rviz_visual_tools/share/rviz_visual_tools/local_setup.dsv
[3.434s] -- Installing: /home/habibahassan/project/install/rviz_visual_tools/share/rviz_visual_tools/package.dsv
[3.434s] -- Up-to-date: /home/habibahassan/project/install/rviz_visual_tools/share/ament_index/resource_index/packages/rviz_visual_tools
[3.434s] -- Up-to-date: /home/habibahassan/project/install/rviz_visual_tools/share/ament_index/resource_index/rviz_common__pluginlib__plugin/rviz_visual_tools
[3.435s] -- Up-to-date: /home/habibahassan/project/install/rviz_visual_tools/share/rviz_visual_tools/cmake/export_rviz_visual_toolsExport.cmake
[3.435s] -- Up-to-date: /home/habibahassan/project/install/rviz_visual_tools/share/rviz_visual_tools/cmake/export_rviz_visual_toolsExport-noconfig.cmake
[3.435s] -- Up-to-date: /home/habibahassan/project/install/rviz_visual_tools/share/rviz_visual_tools/cmake/ament_cmake_export_targets-extras.cmake
[3.435s] -- Up-to-date: /home/habibahassan/project/install/rviz_visual_tools/share/rviz_visual_tools/cmake/ament_cmake_export_dependencies-extras.cmake
[3.435s] -- Up-to-date: /home/habibahassan/project/install/rviz_visual_tools/share/rviz_visual_tools/cmake/ament_cmake_export_include_directories-extras.cmake
[3.435s] -- Up-to-date: /home/habibahassan/project/install/rviz_visual_tools/share/rviz_visual_tools/cmake/ament_cmake_export_libraries-extras.cmake
[3.435s] -- Up-to-date: /home/habibahassan/project/install/rviz_visual_tools/share/rviz_visual_tools/cmake/rviz_visual_toolsConfig.cmake
[3.436s] -- Up-to-date: /home/habibahassan/project/install/rviz_visual_tools/share/rviz_visual_tools/cmake/rviz_visual_toolsConfig-version.cmake
[3.436s] -- Up-to-date: /home/habibahassan/project/install/rviz_visual_tools/share/rviz_visual_tools/package.xml
[3.476s] Invoked command in '/home/habibahassan/project/build/rviz_visual_tools' returned '0': CMAKE_PREFIX_PATH=${CMAKE_PREFIX_PATH}:/home/habibahassan/project/install/moveit_configs_utils:/opt/ros/jazzy DEBUGINFOD_URLS=https://debuginfod.ubuntu.com /usr/bin/cmake --install /home/habibahassan/project/build/rviz_visual_tools
