[0.130s] Invoking command in '/home/habibahassan/project/build/ur_description': CMAKE_PREFIX_PATH=${CMAKE_PREFIX_PATH}:/home/habibahassan/project/install/moveit_configs_utils:/opt/ros/jazzy DEBUGINFOD_URLS=https://debuginfod.ubuntu.com /usr/bin/cmake --build /home/habibahassan/project/build/ur_description -- -j8 -l8
[0.991s] Invoked command in '/home/habibahassan/project/build/ur_description' returned '0': CMAKE_PREFIX_PATH=${CMAKE_PREFIX_PATH}:/home/habibahassan/project/install/moveit_configs_utils:/opt/ros/jazzy DEBUGINFOD_URLS=https://debuginfod.ubuntu.com /usr/bin/cmake --build /home/habibahassan/project/build/ur_description -- -j8 -l8
[0.993s] Invoking command in '/home/habibahassan/project/build/ur_description': CMAKE_PREFIX_PATH=${CMAKE_PREFIX_PATH}:/home/habibahassan/project/install/moveit_configs_utils:/opt/ros/jazzy DEBUGINFOD_URLS=https://debuginfod.ubuntu.com /usr/bin/cmake --install /home/habibahassan/project/build/ur_description
[1.035s] -- Install configuration: ""
[1.035s] -- Up-to-date: /home/habibahassan/project/install/ur_description/share/ur_description/config
[1.035s] -- Up-to-date: /home/habibahassan/project/install/ur_description/share/ur_description/config/ur20
[1.035s] -- Up-to-date: /home/habibahassan/project/install/ur_description/share/ur_description/config/ur20/physical_parameters.yaml
[1.070s] -- Up-to-date: /home/habibahassan/project/install/ur_description/share/ur_description/config/ur20/default_kinematics.yaml
[1.071s] -- Up-to-date: /home/habibahassan/project/install/ur_description/share/ur_description/config/ur20/joint_limits.yaml
[1.071s] -- Up-to-date: /home/habibahassan/project/install/ur_description/share/ur_description/config/ur20/visual_parameters.yaml
[1.071s] -- Up-to-date: /home/habibahassan/project/install/ur_description/share/ur_description/config/ur30
[1.071s] -- Up-to-date: /home/habibahassan/project/install/ur_description/share/ur_description/config/ur30/physical_parameters.yaml
[1.071s] -- Up-to-date: /home/habibahassan/project/install/ur_description/share/ur_description/config/ur30/default_kinematics.yaml
[1.072s] -- Up-to-date: /home/habibahassan/project/install/ur_description/share/ur_description/config/ur30/joint_limits.yaml
[1.072s] -- Up-to-date: /home/habibahassan/project/install/ur_description/share/ur_description/config/ur30/visual_parameters.yaml
[1.072s] -- Up-to-date: /home/habibahassan/project/install/ur_description/share/ur_description/config/ur5
[1.072s] -- Up-to-date: /home/habibahassan/project/install/ur_description/share/ur_description/config/ur5/physical_parameters.yaml
[1.073s] -- Up-to-date: /home/habibahassan/project/install/ur_description/share/ur_description/config/ur5/default_kinematics.yaml
[1.073s] -- Up-to-date: /home/habibahassan/project/install/ur_description/share/ur_description/config/ur5/joint_limits.yaml
[1.073s] -- Up-to-date: /home/habibahassan/project/install/ur_description/share/ur_description/config/ur5/visual_parameters.yaml
[1.073s] -- Up-to-date: /home/habibahassan/project/install/ur_description/share/ur_description/config/ur5e
[1.073s] -- Up-to-date: /home/habibahassan/project/install/ur_description/share/ur_description/config/ur5e/physical_parameters.yaml
[1.074s] -- Up-to-date: /home/habibahassan/project/install/ur_description/share/ur_description/config/ur5e/default_kinematics.yaml
[1.074s] -- Up-to-date: /home/habibahassan/project/install/ur_description/share/ur_description/config/ur5e/joint_limits.yaml
[1.074s] -- Up-to-date: /home/habibahassan/project/install/ur_description/share/ur_description/config/ur5e/visual_parameters.yaml
[1.074s] -- Up-to-date: /home/habibahassan/project/install/ur_description/share/ur_description/config/ur16e
[1.074s] -- Up-to-date: /home/habibahassan/project/install/ur_description/share/ur_description/config/ur16e/physical_parameters.yaml
[1.075s] -- Up-to-date: /home/habibahassan/project/install/ur_description/share/ur_description/config/ur16e/default_kinematics.yaml
[1.075s] -- Up-to-date: /home/habibahassan/project/install/ur_description/share/ur_description/config/ur16e/joint_limits.yaml
[1.075s] -- Up-to-date: /home/habibahassan/project/install/ur_description/share/ur_description/config/ur16e/visual_parameters.yaml
[1.075s] -- Up-to-date: /home/habibahassan/project/install/ur_description/share/ur_description/config/initial_positions.yaml
[1.076s] -- Up-to-date: /home/habibahassan/project/install/ur_description/share/ur_description/config/ur10
[1.076s] -- Up-to-date: /home/habibahassan/project/install/ur_description/share/ur_description/config/ur10/physical_parameters.yaml
[1.076s] -- Up-to-date: /home/habibahassan/project/install/ur_description/share/ur_description/config/ur10/default_kinematics.yaml
[1.076s] -- Up-to-date: /home/habibahassan/project/install/ur_description/share/ur_description/config/ur10/joint_limits.yaml
[1.076s] -- Up-to-date: /home/habibahassan/project/install/ur_description/share/ur_description/config/ur10/visual_parameters.yaml
[1.077s] -- Up-to-date: /home/habibahassan/project/install/ur_description/share/ur_description/config/ur3e
[1.077s] -- Up-to-date: /home/habibahassan/project/install/ur_description/share/ur_description/config/ur3e/physical_parameters.yaml
[1.077s] -- Up-to-date: /home/habibahassan/project/install/ur_description/share/ur_description/config/ur3e/default_kinematics.yaml
[1.077s] -- Up-to-date: /home/habibahassan/project/install/ur_description/share/ur_description/config/ur3e/joint_limits.yaml
[1.077s] -- Up-to-date: /home/habibahassan/project/install/ur_description/share/ur_description/config/ur3e/visual_parameters.yaml
[1.077s] -- Up-to-date: /home/habibahassan/project/install/ur_description/share/ur_description/config/ur3
[1.078s] -- Up-to-date: /home/habibahassan/project/install/ur_description/share/ur_description/config/ur3/physical_parameters.yaml
[1.082s] -- Up-to-date: /home/habibahassan/project/install/ur_description/share/ur_description/config/ur3/default_kinematics.yaml
[1.082s] -- Up-to-date: /home/habibahassan/project/install/ur_description/share/ur_description/config/ur3/joint_limits.yaml
[1.082s] -- Up-to-date: /home/habibahassan/project/install/ur_description/share/ur_description/config/ur3/visual_parameters.yaml
[1.083s] -- Up-to-date: /home/habibahassan/project/install/ur_description/share/ur_description/config/ur10e
[1.083s] -- Up-to-date: /home/habibahassan/project/install/ur_description/share/ur_description/config/ur10e/physical_parameters.yaml
[1.083s] -- Up-to-date: /home/habibahassan/project/install/ur_description/share/ur_description/config/ur10e/default_kinematics.yaml
[1.083s] -- Up-to-date: /home/habibahassan/project/install/ur_description/share/ur_description/config/ur10e/joint_limits.yaml
[1.091s] -- Up-to-date: /home/habibahassan/project/install/ur_description/share/ur_description/config/ur10e/visual_parameters.yaml
[1.092s] -- Up-to-date: /home/habibahassan/project/install/ur_description/share/ur_description/launch
[1.092s] -- Up-to-date: /home/habibahassan/project/install/ur_description/share/ur_description/launch/view_ur.launch.py
[1.113s] -- Up-to-date: /home/habibahassan/project/install/ur_description/share/ur_description/meshes
[1.113s] -- Up-to-date: /home/habibahassan/project/install/ur_description/share/ur_description/meshes/ur20
[1.114s] -- Up-to-date: /home/habibahassan/project/install/ur_description/share/ur_description/meshes/ur20/collision
[1.121s] -- Up-to-date: /home/habibahassan/project/install/ur_description/share/ur_description/meshes/ur20/collision/base.stl
[1.121s] -- Up-to-date: /home/habibahassan/project/install/ur_description/share/ur_description/meshes/ur20/collision/wrist2.stl
[1.121s] -- Up-to-date: /home/habibahassan/project/install/ur_description/share/ur_description/meshes/ur20/collision/wrist3.stl
[1.121s] -- Up-to-date: /home/habibahassan/project/install/ur_description/share/ur_description/meshes/ur20/collision/shoulder.stl
[1.121s] -- Up-to-date: /home/habibahassan/project/install/ur_description/share/ur_description/meshes/ur20/collision/wrist1.stl
[1.122s] -- Up-to-date: /home/habibahassan/project/install/ur_description/share/ur_description/meshes/ur20/collision/forearm.stl
[1.122s] -- Up-to-date: /home/habibahassan/project/install/ur_description/share/ur_description/meshes/ur20/collision/upperarm.stl
[1.122s] -- Up-to-date: /home/habibahassan/project/install/ur_description/share/ur_description/meshes/ur20/LICENSE.txt
[1.122s] -- Up-to-date: /home/habibahassan/project/install/ur_description/share/ur_description/meshes/ur20/visual
[1.124s] -- Up-to-date: /home/habibahassan/project/install/ur_description/share/ur_description/meshes/ur20/visual/wrist3.dae
[1.124s] -- Up-to-date: /home/habibahassan/project/install/ur_description/share/ur_description/meshes/ur20/visual/wrist2.dae
[1.124s] -- Up-to-date: /home/habibahassan/project/install/ur_description/share/ur_description/meshes/ur20/visual/upperarm.dae
[1.124s] -- Up-to-date: /home/habibahassan/project/install/ur_description/share/ur_description/meshes/ur20/visual/shoulder.dae
[1.125s] -- Up-to-date: /home/habibahassan/project/install/ur_description/share/ur_description/meshes/ur20/visual/wrist1.dae
[1.125s] -- Up-to-date: /home/habibahassan/project/install/ur_description/share/ur_description/meshes/ur20/visual/forearm.dae
[1.125s] -- Up-to-date: /home/habibahassan/project/install/ur_description/share/ur_description/meshes/ur20/visual/base.dae
[1.125s] -- Up-to-date: /home/habibahassan/project/install/ur_description/share/ur_description/meshes/ur20/visual/UR20_DIFF_8bit_2K.png
[1.125s] -- Up-to-date: /home/habibahassan/project/install/ur_description/share/ur_description/meshes/ur30
[1.125s] -- Up-to-date: /home/habibahassan/project/install/ur_description/share/ur_description/meshes/ur30/collision
[1.126s] -- Up-to-date: /home/habibahassan/project/install/ur_description/share/ur_description/meshes/ur30/collision/forearm.stl
[1.126s] -- Up-to-date: /home/habibahassan/project/install/ur_description/share/ur_description/meshes/ur30/collision/upperarm.stl
[1.126s] -- Up-to-date: /home/habibahassan/project/install/ur_description/share/ur_description/meshes/ur30/LICENSE.txt
[1.126s] -- Up-to-date: /home/habibahassan/project/install/ur_description/share/ur_description/meshes/ur30/visual
[1.126s] -- Up-to-date: /home/habibahassan/project/install/ur_description/share/ur_description/meshes/ur30/visual/upperarm.dae
[1.127s] -- Up-to-date: /home/habibahassan/project/install/ur_description/share/ur_description/meshes/ur30/visual/UR30_DIFF_8bit_2K.png
[1.127s] -- Up-to-date: /home/habibahassan/project/install/ur_description/share/ur_description/meshes/ur30/visual/forearm.dae
[1.127s] -- Up-to-date: /home/habibahassan/project/install/ur_description/share/ur_description/meshes/ur5
[1.128s] -- Up-to-date: /home/habibahassan/project/install/ur_description/share/ur_description/meshes/ur5/collision
[1.128s] -- Up-to-date: /home/habibahassan/project/install/ur_description/share/ur_description/meshes/ur5/collision/base.stl
[1.131s] -- Up-to-date: /home/habibahassan/project/install/ur_description/share/ur_description/meshes/ur5/collision/wrist2.stl
[1.131s] -- Up-to-date: /home/habibahassan/project/install/ur_description/share/ur_description/meshes/ur5/collision/wrist3.stl
[1.131s] -- Up-to-date: /home/habibahassan/project/install/ur_description/share/ur_description/meshes/ur5/collision/shoulder.stl
[1.132s] -- Up-to-date: /home/habibahassan/project/install/ur_description/share/ur_description/meshes/ur5/collision/wrist1.stl
[1.132s] -- Up-to-date: /home/habibahassan/project/install/ur_description/share/ur_description/meshes/ur5/collision/forearm.stl
[1.132s] -- Up-to-date: /home/habibahassan/project/install/ur_description/share/ur_description/meshes/ur5/collision/upperarm.stl
[1.132s] -- Up-to-date: /home/habibahassan/project/install/ur_description/share/ur_description/meshes/ur5/visual
[1.132s] -- Up-to-date: /home/habibahassan/project/install/ur_description/share/ur_description/meshes/ur5/visual/wrist3.dae
[1.133s] -- Up-to-date: /home/habibahassan/project/install/ur_description/share/ur_description/meshes/ur5/visual/wrist2.dae
[1.133s] -- Up-to-date: /home/habibahassan/project/install/ur_description/share/ur_description/meshes/ur5/visual/upperarm.dae
[1.133s] -- Up-to-date: /home/habibahassan/project/install/ur_description/share/ur_description/meshes/ur5/visual/shoulder.dae
[1.133s] -- Up-to-date: /home/habibahassan/project/install/ur_description/share/ur_description/meshes/ur5/visual/wrist1.dae
[1.133s] -- Up-to-date: /home/habibahassan/project/install/ur_description/share/ur_description/meshes/ur5/visual/forearm.dae
[1.133s] -- Up-to-date: /home/habibahassan/project/install/ur_description/share/ur_description/meshes/ur5/visual/base.dae
[1.134s] -- Up-to-date: /home/habibahassan/project/install/ur_description/share/ur_description/meshes/ur5e
[1.134s] -- Up-to-date: /home/habibahassan/project/install/ur_description/share/ur_description/meshes/ur5e/collision
[1.134s] -- Up-to-date: /home/habibahassan/project/install/ur_description/share/ur_description/meshes/ur5e/collision/base.stl
[1.134s] -- Up-to-date: /home/habibahassan/project/install/ur_description/share/ur_description/meshes/ur5e/collision/wrist2.stl
[1.134s] -- Up-to-date: /home/habibahassan/project/install/ur_description/share/ur_description/meshes/ur5e/collision/wrist3.stl
[1.135s] -- Up-to-date: /home/habibahassan/project/install/ur_description/share/ur_description/meshes/ur5e/collision/shoulder.stl
[1.135s] -- Up-to-date: /home/habibahassan/project/install/ur_description/share/ur_description/meshes/ur5e/collision/wrist1.stl
[1.135s] -- Up-to-date: /home/habibahassan/project/install/ur_description/share/ur_description/meshes/ur5e/collision/forearm.stl
[1.135s] -- Up-to-date: /home/habibahassan/project/install/ur_description/share/ur_description/meshes/ur5e/collision/upperarm.stl
[1.135s] -- Up-to-date: /home/habibahassan/project/install/ur_description/share/ur_description/meshes/ur5e/visual
[1.136s] -- Up-to-date: /home/habibahassan/project/install/ur_description/share/ur_description/meshes/ur5e/visual/wrist3.dae
[1.136s] -- Up-to-date: /home/habibahassan/project/install/ur_description/share/ur_description/meshes/ur5e/visual/wrist2.dae
[1.136s] -- Up-to-date: /home/habibahassan/project/install/ur_description/share/ur_description/meshes/ur5e/visual/upperarm.dae
[1.136s] -- Up-to-date: /home/habibahassan/project/install/ur_description/share/ur_description/meshes/ur5e/visual/shoulder.dae
[1.136s] -- Up-to-date: /home/habibahassan/project/install/ur_description/share/ur_description/meshes/ur5e/visual/wrist1.dae
[1.137s] -- Up-to-date: /home/habibahassan/project/install/ur_description/share/ur_description/meshes/ur5e/visual/forearm.dae
[1.137s] -- Up-to-date: /home/habibahassan/project/install/ur_description/share/ur_description/meshes/ur5e/visual/base.dae
[1.137s] -- Up-to-date: /home/habibahassan/project/install/ur_description/share/ur_description/meshes/ur16e
[1.137s] -- Up-to-date: /home/habibahassan/project/install/ur_description/share/ur_description/meshes/ur16e/collision
[1.137s] -- Up-to-date: /home/habibahassan/project/install/ur_description/share/ur_description/meshes/ur16e/collision/forearm.stl
[1.137s] -- Up-to-date: /home/habibahassan/project/install/ur_description/share/ur_description/meshes/ur16e/collision/upperarm.stl
[1.138s] -- Up-to-date: /home/habibahassan/project/install/ur_description/share/ur_description/meshes/ur16e/visual
[1.138s] -- Up-to-date: /home/habibahassan/project/install/ur_description/share/ur_description/meshes/ur16e/visual/upperarm.dae
[1.169s] -- Up-to-date: /home/habibahassan/project/install/ur_description/share/ur_description/meshes/ur16e/visual/forearm.dae
[1.169s] -- Up-to-date: /home/habibahassan/project/install/ur_description/share/ur_description/meshes/ur10
[1.169s] -- Up-to-date: /home/habibahassan/project/install/ur_description/share/ur_description/meshes/ur10/collision
[1.170s] -- Up-to-date: /home/habibahassan/project/install/ur_description/share/ur_description/meshes/ur10/collision/base.stl
[1.170s] -- Up-to-date: /home/habibahassan/project/install/ur_description/share/ur_description/meshes/ur10/collision/wrist2.stl
[1.170s] -- Up-to-date: /home/habibahassan/project/install/ur_description/share/ur_description/meshes/ur10/collision/wrist3.stl
[1.170s] -- Up-to-date: /home/habibahassan/project/install/ur_description/share/ur_description/meshes/ur10/collision/shoulder.stl
[1.170s] -- Up-to-date: /home/habibahassan/project/install/ur_description/share/ur_description/meshes/ur10/collision/wrist1.stl
[1.171s] -- Up-to-date: /home/habibahassan/project/install/ur_description/share/ur_description/meshes/ur10/collision/forearm.stl
[1.171s] -- Up-to-date: /home/habibahassan/project/install/ur_description/share/ur_description/meshes/ur10/collision/upperarm.stl
[1.171s] -- Up-to-date: /home/habibahassan/project/install/ur_description/share/ur_description/meshes/ur10/visual
[1.171s] -- Up-to-date: /home/habibahassan/project/install/ur_description/share/ur_description/meshes/ur10/visual/wrist3.dae
[1.171s] -- Up-to-date: /home/habibahassan/project/install/ur_description/share/ur_description/meshes/ur10/visual/wrist2.dae
[1.172s] -- Up-to-date: /home/habibahassan/project/install/ur_description/share/ur_description/meshes/ur10/visual/upperarm.dae
[1.172s] -- Up-to-date: /home/habibahassan/project/install/ur_description/share/ur_description/meshes/ur10/visual/shoulder.dae
[1.172s] -- Up-to-date: /home/habibahassan/project/install/ur_description/share/ur_description/meshes/ur10/visual/wrist1.dae
[1.172s] -- Up-to-date: /home/habibahassan/project/install/ur_description/share/ur_description/meshes/ur10/visual/forearm.dae
[1.172s] -- Up-to-date: /home/habibahassan/project/install/ur_description/share/ur_description/meshes/ur10/visual/base.dae
[1.173s] -- Up-to-date: /home/habibahassan/project/install/ur_description/share/ur_description/meshes/ur3e
[1.173s] -- Up-to-date: /home/habibahassan/project/install/ur_description/share/ur_description/meshes/ur3e/collision
[1.173s] -- Up-to-date: /home/habibahassan/project/install/ur_description/share/ur_description/meshes/ur3e/collision/base.stl
[1.173s] -- Up-to-date: /home/habibahassan/project/install/ur_description/share/ur_description/meshes/ur3e/collision/wrist2.stl
[1.173s] -- Up-to-date: /home/habibahassan/project/install/ur_description/share/ur_description/meshes/ur3e/collision/wrist3.stl
[1.173s] -- Up-to-date: /home/habibahassan/project/install/ur_description/share/ur_description/meshes/ur3e/collision/shoulder.stl
[1.174s] -- Up-to-date: /home/habibahassan/project/install/ur_description/share/ur_description/meshes/ur3e/collision/wrist1.stl
[1.174s] -- Up-to-date: /home/habibahassan/project/install/ur_description/share/ur_description/meshes/ur3e/collision/forearm.stl
[1.174s] -- Up-to-date: /home/habibahassan/project/install/ur_description/share/ur_description/meshes/ur3e/collision/upperarm.stl
[1.174s] -- Up-to-date: /home/habibahassan/project/install/ur_description/share/ur_description/meshes/ur3e/visual
[1.174s] -- Up-to-date: /home/habibahassan/project/install/ur_description/share/ur_description/meshes/ur3e/visual/wrist3.dae
[1.175s] -- Up-to-date: /home/habibahassan/project/install/ur_description/share/ur_description/meshes/ur3e/visual/wrist2.dae
[1.175s] -- Up-to-date: /home/habibahassan/project/install/ur_description/share/ur_description/meshes/ur3e/visual/upperarm.dae
[1.175s] -- Up-to-date: /home/habibahassan/project/install/ur_description/share/ur_description/meshes/ur3e/visual/shoulder.dae
[1.175s] -- Up-to-date: /home/habibahassan/project/install/ur_description/share/ur_description/meshes/ur3e/visual/wrist1.dae
[1.175s] -- Up-to-date: /home/habibahassan/project/install/ur_description/share/ur_description/meshes/ur3e/visual/forearm.dae
[1.175s] -- Up-to-date: /home/habibahassan/project/install/ur_description/share/ur_description/meshes/ur3e/visual/base.dae
[1.176s] -- Up-to-date: /home/habibahassan/project/install/ur_description/share/ur_description/meshes/ur3
[1.179s] -- Up-to-date: /home/habibahassan/project/install/ur_description/share/ur_description/meshes/ur3/collision
[1.179s] -- Up-to-date: /home/habibahassan/project/install/ur_description/share/ur_description/meshes/ur3/collision/base.stl
[1.180s] -- Up-to-date: /home/habibahassan/project/install/ur_description/share/ur_description/meshes/ur3/collision/wrist2.stl
[1.180s] -- Up-to-date: /home/habibahassan/project/install/ur_description/share/ur_description/meshes/ur3/collision/wrist3.stl
[1.180s] -- Up-to-date: /home/habibahassan/project/install/ur_description/share/ur_description/meshes/ur3/collision/shoulder.stl
[1.180s] -- Up-to-date: /home/habibahassan/project/install/ur_description/share/ur_description/meshes/ur3/collision/wrist1.stl
[1.180s] -- Up-to-date: /home/habibahassan/project/install/ur_description/share/ur_description/meshes/ur3/collision/forearm.stl
[1.181s] -- Up-to-date: /home/habibahassan/project/install/ur_description/share/ur_description/meshes/ur3/collision/upperarm.stl
[1.181s] -- Up-to-date: /home/habibahassan/project/install/ur_description/share/ur_description/meshes/ur3/visual
[1.181s] -- Up-to-date: /home/habibahassan/project/install/ur_description/share/ur_description/meshes/ur3/visual/wrist3.dae
[1.181s] -- Up-to-date: /home/habibahassan/project/install/ur_description/share/ur_description/meshes/ur3/visual/wrist2.dae
[1.181s] -- Up-to-date: /home/habibahassan/project/install/ur_description/share/ur_description/meshes/ur3/visual/upperarm.dae
[1.182s] -- Up-to-date: /home/habibahassan/project/install/ur_description/share/ur_description/meshes/ur3/visual/shoulder.dae
[1.182s] -- Up-to-date: /home/habibahassan/project/install/ur_description/share/ur_description/meshes/ur3/visual/wrist1.dae
[1.182s] -- Up-to-date: /home/habibahassan/project/install/ur_description/share/ur_description/meshes/ur3/visual/forearm.dae
[1.182s] -- Up-to-date: /home/habibahassan/project/install/ur_description/share/ur_description/meshes/ur3/visual/base.dae
[1.182s] -- Up-to-date: /home/habibahassan/project/install/ur_description/share/ur_description/meshes/ur10e
[1.182s] -- Up-to-date: /home/habibahassan/project/install/ur_description/share/ur_description/meshes/ur10e/collision
[1.183s] -- Up-to-date: /home/habibahassan/project/install/ur_description/share/ur_description/meshes/ur10e/collision/base.stl
[1.183s] -- Up-to-date: /home/habibahassan/project/install/ur_description/share/ur_description/meshes/ur10e/collision/wrist2.stl
[1.183s] -- Up-to-date: /home/habibahassan/project/install/ur_description/share/ur_description/meshes/ur10e/collision/wrist3.stl
[1.183s] -- Up-to-date: /home/habibahassan/project/install/ur_description/share/ur_description/meshes/ur10e/collision/shoulder.stl
[1.183s] -- Up-to-date: /home/habibahassan/project/install/ur_description/share/ur_description/meshes/ur10e/collision/wrist1.stl
[1.184s] -- Up-to-date: /home/habibahassan/project/install/ur_description/share/ur_description/meshes/ur10e/collision/forearm.stl
[1.184s] -- Up-to-date: /home/habibahassan/project/install/ur_description/share/ur_description/meshes/ur10e/collision/upperarm.stl
[1.184s] -- Up-to-date: /home/habibahassan/project/install/ur_description/share/ur_description/meshes/ur10e/visual
[1.184s] -- Up-to-date: /home/habibahassan/project/install/ur_description/share/ur_description/meshes/ur10e/visual/wrist3.dae
[1.184s] -- Up-to-date: /home/habibahassan/project/install/ur_description/share/ur_description/meshes/ur10e/visual/wrist2.dae
[1.185s] -- Up-to-date: /home/habibahassan/project/install/ur_description/share/ur_description/meshes/ur10e/visual/upperarm.dae
[1.185s] -- Up-to-date: /home/habibahassan/project/install/ur_description/share/ur_description/meshes/ur10e/visual/shoulder.dae
[1.185s] -- Up-to-date: /home/habibahassan/project/install/ur_description/share/ur_description/meshes/ur10e/visual/wrist1.dae
[1.185s] -- Up-to-date: /home/habibahassan/project/install/ur_description/share/ur_description/meshes/ur10e/visual/forearm.dae
[1.185s] -- Up-to-date: /home/habibahassan/project/install/ur_description/share/ur_description/meshes/ur10e/visual/base.dae
[1.186s] -- Up-to-date: /home/habibahassan/project/install/ur_description/share/ur_description/rviz
[1.186s] -- Up-to-date: /home/habibahassan/project/install/ur_description/share/ur_description/rviz/view_robot.rviz
[1.186s] -- Up-to-date: /home/habibahassan/project/install/ur_description/share/ur_description/urdf
[1.186s] -- Up-to-date: /home/habibahassan/project/install/ur_description/share/ur_description/urdf/inc
[1.188s] -- Up-to-date: /home/habibahassan/project/install/ur_description/share/ur_description/urdf/inc/ur_sensors.xacro
[1.188s] -- Up-to-date: /home/habibahassan/project/install/ur_description/share/ur_description/urdf/inc/ur_transmissions.xacro
[1.188s] -- Up-to-date: /home/habibahassan/project/install/ur_description/share/ur_description/urdf/inc/ur_common.xacro
[1.189s] -- Up-to-date: /home/habibahassan/project/install/ur_description/share/ur_description/urdf/inc/ur_joint_control.xacro
[1.189s] -- Up-to-date: /home/habibahassan/project/install/ur_description/share/ur_description/urdf/ur_macro.xacro
[1.190s] -- Up-to-date: /home/habibahassan/project/install/ur_description/share/ur_description/urdf/ros2_control_mock_hardware.xacro
[1.190s] -- Up-to-date: /home/habibahassan/project/install/ur_description/share/ur_description/urdf/ur_mocked.urdf.xacro
[1.190s] -- Up-to-date: /home/habibahassan/project/install/ur_description/share/ur_description/urdf/ur.urdf.xacro
[1.190s] -- Up-to-date: /home/habibahassan/project/install/ur_description/share/ur_description/test
[1.191s] -- Up-to-date: /home/habibahassan/project/install/ur_description/share/ur_description/test/test_view_ur_launch.py
[1.191s] -- Up-to-date: /home/habibahassan/project/install/ur_description/share/ur_description/test/test_ur_urdf_xacro.py
[1.192s] -- Up-to-date: /home/habibahassan/project/install/ur_description/share/ur_description/my_gripper
[1.193s] -- Up-to-date: /home/habibahassan/project/install/ur_description/share/ur_description/my_gripper/urdf
[1.193s] -- Up-to-date: /home/habibahassan/project/install/ur_description/share/ur_description/my_gripper/urdf/my_gripper.xacro
[1.193s] -- Up-to-date: /home/habibahassan/project/install/ur_description/share/ament_index/resource_index/package_run_dependencies/ur_description
[1.193s] -- Up-to-date: /home/habibahassan/project/install/ur_description/share/ament_index/resource_index/parent_prefix_path/ur_description
[1.193s] -- Up-to-date: /home/habibahassan/project/install/ur_description/share/ur_description/environment/ament_prefix_path.sh
[1.194s] -- Up-to-date: /home/habibahassan/project/install/ur_description/share/ur_description/environment/ament_prefix_path.dsv
[1.194s] -- Up-to-date: /home/habibahassan/project/install/ur_description/share/ur_description/environment/path.sh
[1.194s] -- Up-to-date: /home/habibahassan/project/install/ur_description/share/ur_description/environment/path.dsv
[1.194s] -- Up-to-date: /home/habibahassan/project/install/ur_description/share/ur_description/local_setup.bash
[1.195s] -- Up-to-date: /home/habibahassan/project/install/ur_description/share/ur_description/local_setup.sh
[1.195s] -- Up-to-date: /home/habibahassan/project/install/ur_description/share/ur_description/local_setup.zsh
[1.197s] -- Up-to-date: /home/habibahassan/project/install/ur_description/share/ur_description/local_setup.dsv
[1.198s] -- Installing: /home/habibahassan/project/install/ur_description/share/ur_description/package.dsv
[1.198s] -- Up-to-date: /home/habibahassan/project/install/ur_description/share/ament_index/resource_index/packages/ur_description
[1.200s] -- Up-to-date: /home/habibahassan/project/install/ur_description/share/ur_description/cmake/ur_descriptionConfig.cmake
[1.212s] -- Up-to-date: /home/habibahassan/project/install/ur_description/share/ur_description/cmake/ur_descriptionConfig-version.cmake
[1.215s] -- Up-to-date: /home/habibahassan/project/install/ur_description/share/ur_description/package.xml
[1.289s] Invoked command in '/home/habibahassan/project/build/ur_description' returned '0': CMAKE_PREFIX_PATH=${CMAKE_PREFIX_PATH}:/home/habibahassan/project/install/moveit_configs_utils:/opt/ros/jazzy DEBUGINFOD_URLS=https://debuginfod.ubuntu.com /usr/bin/cmake --install /home/habibahassan/project/build/ur_description
