[0.698s] Invoking command in '/home/habibahassan/project/build/moveit_resources_fanuc_description': CMAKE_PREFIX_PATH=${CMAKE_PREFIX_PATH}:/home/habibahassan/project/install/moveit_configs_utils:/opt/ros/jazzy DEBUGINFOD_URLS=https://debuginfod.ubuntu.com /usr/bin/cmake --build /home/habibahassan/project/build/moveit_resources_fanuc_description -- -j8 -l8
[0.979s] Invoked command in '/home/habibahassan/project/build/moveit_resources_fanuc_description' returned '0': CMAKE_PREFIX_PATH=${CMAKE_PREFIX_PATH}:/home/habibahassan/project/install/moveit_configs_utils:/opt/ros/jazzy DEBUGINFOD_URLS=https://debuginfod.ubuntu.com /usr/bin/cmake --build /home/habibahassan/project/build/moveit_resources_fanuc_description -- -j8 -l8
[0.980s] Invoking command in '/home/habibahassan/project/build/moveit_resources_fanuc_description': CMAKE_PREFIX_PATH=${CMAKE_PREFIX_PATH}:/home/habibahassan/project/install/moveit_configs_utils:/opt/ros/jazzy DEBUGINFOD_URLS=https://debuginfod.ubuntu.com /usr/bin/cmake --install /home/habibahassan/project/build/moveit_resources_fanuc_description
[0.991s] -- Install configuration: ""
[0.991s] -- Up-to-date: /home/habibahassan/project/install/moveit_resources_fanuc_description/share/ament_index/resource_index/package_run_dependencies/moveit_resources_fanuc_description
[0.991s] -- Up-to-date: /home/habibahassan/project/install/moveit_resources_fanuc_description/share/ament_index/resource_index/parent_prefix_path/moveit_resources_fanuc_description
[0.991s] -- Up-to-date: /home/habibahassan/project/install/moveit_resources_fanuc_description/share/moveit_resources_fanuc_description/environment/ament_prefix_path.sh
[0.992s] -- Up-to-date: /home/habibahassan/project/install/moveit_resources_fanuc_description/share/moveit_resources_fanuc_description/environment/ament_prefix_path.dsv
[0.992s] -- Up-to-date: /home/habibahassan/project/install/moveit_resources_fanuc_description/share/moveit_resources_fanuc_description/environment/path.sh
[0.993s] -- Up-to-date: /home/habibahassan/project/install/moveit_resources_fanuc_description/share/moveit_resources_fanuc_description/environment/path.dsv
[0.993s] -- Up-to-date: /home/habibahassan/project/install/moveit_resources_fanuc_description/share/moveit_resources_fanuc_description/local_setup.bash
[0.993s] -- Up-to-date: /home/habibahassan/project/install/moveit_resources_fanuc_description/share/moveit_resources_fanuc_description/local_setup.sh
[0.993s] -- Up-to-date: /home/habibahassan/project/install/moveit_resources_fanuc_description/share/moveit_resources_fanuc_description/local_setup.zsh
[0.994s] -- Up-to-date: /home/habibahassan/project/install/moveit_resources_fanuc_description/share/moveit_resources_fanuc_description/local_setup.dsv
[0.994s] -- Installing: /home/habibahassan/project/install/moveit_resources_fanuc_description/share/moveit_resources_fanuc_description/package.dsv
[0.994s] -- Up-to-date: /home/habibahassan/project/install/moveit_resources_fanuc_description/share/ament_index/resource_index/packages/moveit_resources_fanuc_description
[1.016s] -- Up-to-date: /home/habibahassan/project/install/moveit_resources_fanuc_description/share/moveit_resources_fanuc_description/cmake/moveit_resources_fanuc_descriptionConfig.cmake
[1.016s] -- Up-to-date: /home/habibahassan/project/install/moveit_resources_fanuc_description/share/moveit_resources_fanuc_description/cmake/moveit_resources_fanuc_descriptionConfig-version.cmake
[1.016s] -- Up-to-date: /home/habibahassan/project/install/moveit_resources_fanuc_description/share/moveit_resources_fanuc_description/package.xml
[1.016s] -- Up-to-date: /home/habibahassan/project/install/moveit_resources_fanuc_description/share/moveit_resources_fanuc_description/meshes
[1.017s] -- Up-to-date: /home/habibahassan/project/install/moveit_resources_fanuc_description/share/moveit_resources_fanuc_description/meshes/collision
[1.017s] -- Up-to-date: /home/habibahassan/project/install/moveit_resources_fanuc_description/share/moveit_resources_fanuc_description/meshes/collision/link_6.stl
[1.017s] -- Up-to-date: /home/habibahassan/project/install/moveit_resources_fanuc_description/share/moveit_resources_fanuc_description/meshes/collision/base_link.stl
[1.018s] -- Up-to-date: /home/habibahassan/project/install/moveit_resources_fanuc_description/share/moveit_resources_fanuc_description/meshes/collision/link_1.stl
[1.018s] -- Up-to-date: /home/habibahassan/project/install/moveit_resources_fanuc_description/share/moveit_resources_fanuc_description/meshes/collision/link_3.stl
[1.018s] -- Up-to-date: /home/habibahassan/project/install/moveit_resources_fanuc_description/share/moveit_resources_fanuc_description/meshes/collision/link_5.stl
[1.018s] -- Up-to-date: /home/habibahassan/project/install/moveit_resources_fanuc_description/share/moveit_resources_fanuc_description/meshes/collision/link_4.stl
[1.019s] -- Up-to-date: /home/habibahassan/project/install/moveit_resources_fanuc_description/share/moveit_resources_fanuc_description/meshes/collision/link_2.stl
[1.019s] -- Up-to-date: /home/habibahassan/project/install/moveit_resources_fanuc_description/share/moveit_resources_fanuc_description/meshes/visual
[1.019s] -- Up-to-date: /home/habibahassan/project/install/moveit_resources_fanuc_description/share/moveit_resources_fanuc_description/meshes/visual/link_6.stl
[1.019s] -- Up-to-date: /home/habibahassan/project/install/moveit_resources_fanuc_description/share/moveit_resources_fanuc_description/meshes/visual/base_link.stl
[1.019s] -- Up-to-date: /home/habibahassan/project/install/moveit_resources_fanuc_description/share/moveit_resources_fanuc_description/meshes/visual/link_1.stl
[1.020s] -- Up-to-date: /home/habibahassan/project/install/moveit_resources_fanuc_description/share/moveit_resources_fanuc_description/meshes/visual/link_3.stl
[1.020s] -- Up-to-date: /home/habibahassan/project/install/moveit_resources_fanuc_description/share/moveit_resources_fanuc_description/meshes/visual/link_5.stl
[1.020s] -- Up-to-date: /home/habibahassan/project/install/moveit_resources_fanuc_description/share/moveit_resources_fanuc_description/meshes/visual/link_4.stl
[1.020s] -- Up-to-date: /home/habibahassan/project/install/moveit_resources_fanuc_description/share/moveit_resources_fanuc_description/meshes/visual/link_2.stl
[1.021s] -- Up-to-date: /home/habibahassan/project/install/moveit_resources_fanuc_description/share/moveit_resources_fanuc_description/urdf
[1.021s] -- Up-to-date: /home/habibahassan/project/install/moveit_resources_fanuc_description/share/moveit_resources_fanuc_description/urdf/fanuc.urdf
[1.158s] Invoked command in '/home/habibahassan/project/build/moveit_resources_fanuc_description' returned '0': CMAKE_PREFIX_PATH=${CMAKE_PREFIX_PATH}:/home/habibahassan/project/install/moveit_configs_utils:/opt/ros/jazzy DEBUGINFOD_URLS=https://debuginfod.ubuntu.com /usr/bin/cmake --install /home/habibahassan/project/build/moveit_resources_fanuc_description
