[  6%] [32mBuilding CXX object CMakeFiles/moveit_ros_control_interface_plugin.dir/src/controller_manager_plugin.cpp.o[0m
[ 12%] [32m[1mLinking CXX shared library libmoveit_ros_control_interface_plugin.so[0m
[ 12%] Built target moveit_ros_control_interface_plugin
[ 18%] [32mBuilding CXX object gtest/CMakeFiles/gtest.dir/src/gtest-all.cc.o[0m
[ 25%] [32mBuilding CXX object gtest/CMakeFiles/gtest_main.dir/src/gtest_main.cc.o[0m
[ 31%] [32m[1mLinking CXX static library libgtest_main.a[0m
[ 31%] Built target gtest_main
[ 37%] [32mBuilding CXX object CMakeFiles/moveit_ros_control_interface_empty_plugin.dir/src/empty_controller_plugin.cpp.o[0m
[ 43%] [32m[1mLinking CXX shared library libmoveit_ros_control_interface_empty_plugin.so[0m
[ 43%] Built target moveit_ros_control_interface_empty_plugin
[ 50%] [32m[1mLinking CXX static library libgtest.a[0m
[ 50%] Built target gtest
[ 56%] [32mBuilding CXX object CMakeFiles/moveit_ros_control_interface_parallel_gripper_plugin.dir/src/parallel_gripper_command_controller_plugin.cpp.o[0m
[ 62%] [32m[1mLinking CXX shared library libmoveit_ros_control_interface_parallel_gripper_plugin.so[0m
[ 62%] Built target moveit_ros_control_interface_parallel_gripper_plugin
[ 68%] [32mBuilding CXX object test/CMakeFiles/test_controller_manager_plugin.dir/test_controller_manager_plugin.cpp.o[0m
[ 75%] [32mBuilding CXX object CMakeFiles/moveit_ros_control_interface_gripper_plugin.dir/src/gripper_command_controller_plugin.cpp.o[0m
[ 81%] [32mBuilding CXX object CMakeFiles/moveit_ros_control_interface_trajectory_plugin.dir/src/joint_trajectory_controller_plugin.cpp.o[0m
[ 87%] [32m[1mLinking CXX shared library libmoveit_ros_control_interface_trajectory_plugin.so[0m
[ 93%] [32m[1mLinking CXX shared library libmoveit_ros_control_interface_gripper_plugin.so[0m
[ 93%] Built target moveit_ros_control_interface_trajectory_plugin
[ 93%] Built target moveit_ros_control_interface_gripper_plugin
[100%] [32m[1mLinking CXX executable test_controller_manager_plugin[0m
[100%] Built target test_controller_manager_plugin
-- Install configuration: "Release"
-- Installing: /home/habibahassan/project/install/moveit_ros_control_interface/lib/libmoveit_ros_control_interface_plugin.so.2.13.0
-- Set non-toolchain portion of runtime path of "/home/habibahassan/project/install/moveit_ros_control_interface/lib/libmoveit_ros_control_interface_plugin.so.2.13.0" to ""
-- Installing: /home/habibahassan/project/install/moveit_ros_control_interface/lib/libmoveit_ros_control_interface_plugin.so
-- Installing: /home/habibahassan/project/install/moveit_ros_control_interface/lib/libmoveit_ros_control_interface_trajectory_plugin.so.2.13.0
-- Set non-toolchain portion of runtime path of "/home/habibahassan/project/install/moveit_ros_control_interface/lib/libmoveit_ros_control_interface_trajectory_plugin.so.2.13.0" to ""
-- Installing: /home/habibahassan/project/install/moveit_ros_control_interface/lib/libmoveit_ros_control_interface_trajectory_plugin.so
-- Installing: /home/habibahassan/project/install/moveit_ros_control_interface/lib/libmoveit_ros_control_interface_gripper_plugin.so.2.13.0
-- Set non-toolchain portion of runtime path of "/home/habibahassan/project/install/moveit_ros_control_interface/lib/libmoveit_ros_control_interface_gripper_plugin.so.2.13.0" to ""
-- Installing: /home/habibahassan/project/install/moveit_ros_control_interface/lib/libmoveit_ros_control_interface_gripper_plugin.so
-- Installing: /home/habibahassan/project/install/moveit_ros_control_interface/lib/libmoveit_ros_control_interface_parallel_gripper_plugin.so.2.13.0
-- Set non-toolchain portion of runtime path of "/home/habibahassan/project/install/moveit_ros_control_interface/lib/libmoveit_ros_control_interface_parallel_gripper_plugin.so.2.13.0" to ""
-- Installing: /home/habibahassan/project/install/moveit_ros_control_interface/lib/libmoveit_ros_control_interface_parallel_gripper_plugin.so
-- Installing: /home/habibahassan/project/install/moveit_ros_control_interface/lib/libmoveit_ros_control_interface_empty_plugin.so.2.13.0
-- Set non-toolchain portion of runtime path of "/home/habibahassan/project/install/moveit_ros_control_interface/lib/libmoveit_ros_control_interface_empty_plugin.so.2.13.0" to ""
-- Installing: /home/habibahassan/project/install/moveit_ros_control_interface/lib/libmoveit_ros_control_interface_empty_plugin.so
-- Installing: /home/habibahassan/project/install/moveit_ros_control_interface/include/moveit_ros_control_interface
-- Installing: /home/habibahassan/project/install/moveit_ros_control_interface/include/moveit_ros_control_interface/moveit_ros_control_interface
-- Installing: /home/habibahassan/project/install/moveit_ros_control_interface/include/moveit_ros_control_interface/moveit_ros_control_interface/ControllerHandle.hpp
-- Installing: /home/habibahassan/project/install/moveit_ros_control_interface/include/moveit_ros_control_interface/moveit_ros_control_interface/ControllerHandle.h
-- Installing: /home/habibahassan/project/install/moveit_ros_control_interface/share/moveit_ros_control_interface/moveit_core_plugins.xml
-- Installing: /home/habibahassan/project/install/moveit_ros_control_interface/share/moveit_ros_control_interface/moveit_ros_control_interface_plugins.xml
-- Installing: /home/habibahassan/project/install/moveit_ros_control_interface/share/moveit_ros_control_interface/environment/library_path.sh
-- Installing: /home/habibahassan/project/install/moveit_ros_control_interface/share/moveit_ros_control_interface/environment/library_path.dsv
-- Installing: /home/habibahassan/project/install/moveit_ros_control_interface/share/ament_index/resource_index/package_run_dependencies/moveit_ros_control_interface
-- Installing: /home/habibahassan/project/install/moveit_ros_control_interface/share/ament_index/resource_index/parent_prefix_path/moveit_ros_control_interface
-- Installing: /home/habibahassan/project/install/moveit_ros_control_interface/share/moveit_ros_control_interface/environment/ament_prefix_path.sh
-- Installing: /home/habibahassan/project/install/moveit_ros_control_interface/share/moveit_ros_control_interface/environment/ament_prefix_path.dsv
-- Installing: /home/habibahassan/project/install/moveit_ros_control_interface/share/moveit_ros_control_interface/environment/path.sh
-- Installing: /home/habibahassan/project/install/moveit_ros_control_interface/share/moveit_ros_control_interface/environment/path.dsv
-- Installing: /home/habibahassan/project/install/moveit_ros_control_interface/share/moveit_ros_control_interface/local_setup.bash
-- Installing: /home/habibahassan/project/install/moveit_ros_control_interface/share/moveit_ros_control_interface/local_setup.sh
-- Installing: /home/habibahassan/project/install/moveit_ros_control_interface/share/moveit_ros_control_interface/local_setup.zsh
-- Installing: /home/habibahassan/project/install/moveit_ros_control_interface/share/moveit_ros_control_interface/local_setup.dsv
-- Installing: /home/habibahassan/project/install/moveit_ros_control_interface/share/moveit_ros_control_interface/package.dsv
-- Installing: /home/habibahassan/project/install/moveit_ros_control_interface/share/ament_index/resource_index/packages/moveit_ros_control_interface
-- Installing: /home/habibahassan/project/install/moveit_ros_control_interface/share/ament_index/resource_index/moveit_core__pluginlib__plugin/moveit_ros_control_interface
-- Installing: /home/habibahassan/project/install/moveit_ros_control_interface/share/ament_index/resource_index/moveit_ros_control_interface__pluginlib__plugin/moveit_ros_control_interface
-- Installing: /home/habibahassan/project/install/moveit_ros_control_interface/share/moveit_ros_control_interface/cmake/moveit_ros_control_interfaceTargetsExport.cmake
-- Installing: /home/habibahassan/project/install/moveit_ros_control_interface/share/moveit_ros_control_interface/cmake/moveit_ros_control_interfaceTargetsExport-release.cmake
-- Installing: /home/habibahassan/project/install/moveit_ros_control_interface/share/moveit_ros_control_interface/cmake/ConfigExtras.cmake
-- Installing: /home/habibahassan/project/install/moveit_ros_control_interface/share/moveit_ros_control_interface/cmake/ament_cmake_export_targets-extras.cmake
-- Installing: /home/habibahassan/project/install/moveit_ros_control_interface/share/moveit_ros_control_interface/cmake/ament_cmake_export_dependencies-extras.cmake
-- Installing: /home/habibahassan/project/install/moveit_ros_control_interface/share/moveit_ros_control_interface/cmake/moveit_ros_control_interfaceConfig.cmake
-- Installing: /home/habibahassan/project/install/moveit_ros_control_interface/share/moveit_ros_control_interface/cmake/moveit_ros_control_interfaceConfig-version.cmake
-- Installing: /home/habibahassan/project/install/moveit_ros_control_interface/share/moveit_ros_control_interface/package.xml
