[0.438s] Invoking command in '/home/habibahassan/project/build/moveit_resources_fanuc_description': CMAKE_PREFIX_PATH=${CMAKE_PREFIX_PATH}:/home/habibahassan/project/install/moveit_configs_utils:/opt/ros/jazzy DEBUGINFOD_URLS=https://debuginfod.ubuntu.com /usr/bin/cmake /home/habibahassan/project/src/moveit_resources/fanuc_description -DCMAKE_INSTALL_PREFIX=/home/habibahassan/project/install/moveit_resources_fanuc_description
[0.665s] -- The C compiler identification is GNU 13.3.0
[1.820s] -- The CXX compiler identification is GNU 13.3.0
[2.903s] -- Detecting C compiler ABI info
[3.229s] -- Detecting C compiler ABI info - done
[3.242s] -- Check for working C compiler: /usr/bin/cc - skipped
[3.243s] -- Detecting C compile features
[3.244s] -- Detecting C compile features - done
[3.436s] -- Detecting CXX compiler ABI info
[3.922s] -- Detecting CXX compiler ABI info - done
[3.944s] -- Check for working CXX compiler: /usr/bin/c++ - skipped
[3.944s] -- Detecting CXX compile features
[3.945s] -- Detecting CXX compile features - done
[3.952s] -- Found ament_cmake: 2.5.3 (/opt/ros/jazzy/share/ament_cmake/cmake)
[4.446s] -- Found Python3: /usr/bin/python3 (found version "3.12.3") found components: Interpreter 
[5.325s] -- Configuring done (4.9s)
[5.343s] -- Generating done (0.0s)
[5.347s] -- Build files have been written to: /home/habibahassan/project/build/moveit_resources_fanuc_description
[5.367s] Invoked command in '/home/habibahassan/project/build/moveit_resources_fanuc_description' returned '0': CMAKE_PREFIX_PATH=${CMAKE_PREFIX_PATH}:/home/habibahassan/project/install/moveit_configs_utils:/opt/ros/jazzy DEBUGINFOD_URLS=https://debuginfod.ubuntu.com /usr/bin/cmake /home/habibahassan/project/src/moveit_resources/fanuc_description -DCMAKE_INSTALL_PREFIX=/home/habibahassan/project/install/moveit_resources_fanuc_description
[5.372s] Invoking command in '/home/habibahassan/project/build/moveit_resources_fanuc_description': CMAKE_PREFIX_PATH=${CMAKE_PREFIX_PATH}:/home/habibahassan/project/install/moveit_configs_utils:/opt/ros/jazzy DEBUGINFOD_URLS=https://debuginfod.ubuntu.com /usr/bin/cmake --build /home/habibahassan/project/build/moveit_resources_fanuc_description -- -j8 -l8
[12.550s] Invoked command in '/home/habibahassan/project/build/moveit_resources_fanuc_description' returned '0': CMAKE_PREFIX_PATH=${CMAKE_PREFIX_PATH}:/home/habibahassan/project/install/moveit_configs_utils:/opt/ros/jazzy DEBUGINFOD_URLS=https://debuginfod.ubuntu.com /usr/bin/cmake --build /home/habibahassan/project/build/moveit_resources_fanuc_description -- -j8 -l8
[12.555s] Invoking command in '/home/habibahassan/project/build/moveit_resources_fanuc_description': CMAKE_PREFIX_PATH=${CMAKE_PREFIX_PATH}:/home/habibahassan/project/install/moveit_configs_utils:/opt/ros/jazzy DEBUGINFOD_URLS=https://debuginfod.ubuntu.com /usr/bin/cmake --install /home/habibahassan/project/build/moveit_resources_fanuc_description
[12.685s] -- Install configuration: ""
[12.685s] -- Installing: /home/habibahassan/project/install/moveit_resources_fanuc_description/share/ament_index/resource_index/package_run_dependencies/moveit_resources_fanuc_description
[12.686s] -- Installing: /home/habibahassan/project/install/moveit_resources_fanuc_description/share/ament_index/resource_index/parent_prefix_path/moveit_resources_fanuc_description
[12.687s] -- Installing: /home/habibahassan/project/install/moveit_resources_fanuc_description/share/moveit_resources_fanuc_description/environment/ament_prefix_path.sh
[12.688s] -- Installing: /home/habibahassan/project/install/moveit_resources_fanuc_description/share/moveit_resources_fanuc_description/environment/ament_prefix_path.dsv
[12.689s] -- Installing: /home/habibahassan/project/install/moveit_resources_fanuc_description/share/moveit_resources_fanuc_description/environment/path.sh
[12.690s] -- Installing: /home/habibahassan/project/install/moveit_resources_fanuc_description/share/moveit_resources_fanuc_description/environment/path.dsv
[12.691s] -- Installing: /home/habibahassan/project/install/moveit_resources_fanuc_description/share/moveit_resources_fanuc_description/local_setup.bash
[12.692s] -- Installing: /home/habibahassan/project/install/moveit_resources_fanuc_description/share/moveit_resources_fanuc_description/local_setup.sh
[12.693s] -- Installing: /home/habibahassan/project/install/moveit_resources_fanuc_description/share/moveit_resources_fanuc_description/local_setup.zsh
[12.693s] -- Installing: /home/habibahassan/project/install/moveit_resources_fanuc_description/share/moveit_resources_fanuc_description/local_setup.dsv
[12.698s] -- Installing: /home/habibahassan/project/install/moveit_resources_fanuc_description/share/moveit_resources_fanuc_description/package.dsv
[12.699s] -- Installing: /home/habibahassan/project/install/moveit_resources_fanuc_description/share/ament_index/resource_index/packages/moveit_resources_fanuc_description
[12.700s] -- Installing: /home/habibahassan/project/install/moveit_resources_fanuc_description/share/moveit_resources_fanuc_description/cmake/moveit_resources_fanuc_descriptionConfig.cmake
[12.700s] -- Installing: /home/habibahassan/project/install/moveit_resources_fanuc_description/share/moveit_resources_fanuc_description/cmake/moveit_resources_fanuc_descriptionConfig-version.cmake
[12.701s] -- Installing: /home/habibahassan/project/install/moveit_resources_fanuc_description/share/moveit_resources_fanuc_description/package.xml
[12.702s] -- Installing: /home/habibahassan/project/install/moveit_resources_fanuc_description/share/moveit_resources_fanuc_description/meshes
[12.703s] -- Installing: /home/habibahassan/project/install/moveit_resources_fanuc_description/share/moveit_resources_fanuc_description/meshes/collision
[12.703s] -- Installing: /home/habibahassan/project/install/moveit_resources_fanuc_description/share/moveit_resources_fanuc_description/meshes/collision/link_6.stl
[12.704s] -- Installing: /home/habibahassan/project/install/moveit_resources_fanuc_description/share/moveit_resources_fanuc_description/meshes/collision/base_link.stl
[12.705s] -- Installing: /home/habibahassan/project/install/moveit_resources_fanuc_description/share/moveit_resources_fanuc_description/meshes/collision/link_1.stl
[12.706s] -- Installing: /home/habibahassan/project/install/moveit_resources_fanuc_description/share/moveit_resources_fanuc_description/meshes/collision/link_3.stl
[12.708s] -- Installing: /home/habibahassan/project/install/moveit_resources_fanuc_description/share/moveit_resources_fanuc_description/meshes/collision/link_5.stl
[12.709s] -- Installing: /home/habibahassan/project/install/moveit_resources_fanuc_description/share/moveit_resources_fanuc_description/meshes/collision/link_4.stl
[12.709s] -- Installing: /home/habibahassan/project/install/moveit_resources_fanuc_description/share/moveit_resources_fanuc_description/meshes/collision/link_2.stl
[12.710s] -- Installing: /home/habibahassan/project/install/moveit_resources_fanuc_description/share/moveit_resources_fanuc_description/meshes/visual
[12.710s] -- Installing: /home/habibahassan/project/install/moveit_resources_fanuc_description/share/moveit_resources_fanuc_description/meshes/visual/link_6.stl
[12.711s] -- Installing: /home/habibahassan/project/install/moveit_resources_fanuc_description/share/moveit_resources_fanuc_description/meshes/visual/base_link.stl
[12.712s] -- Installing: /home/habibahassan/project/install/moveit_resources_fanuc_description/share/moveit_resources_fanuc_description/meshes/visual/link_1.stl
[12.712s] -- Installing: /home/habibahassan/project/install/moveit_resources_fanuc_description/share/moveit_resources_fanuc_description/meshes/visual/link_3.stl
[12.713s] -- Installing: /home/habibahassan/project/install/moveit_resources_fanuc_description/share/moveit_resources_fanuc_description/meshes/visual/link_5.stl
[12.714s] -- Installing: /home/habibahassan/project/install/moveit_resources_fanuc_description/share/moveit_resources_fanuc_description/meshes/visual/link_4.stl
[12.717s] -- Installing: /home/habibahassan/project/install/moveit_resources_fanuc_description/share/moveit_resources_fanuc_description/meshes/visual/link_2.stl
[12.718s] -- Installing: /home/habibahassan/project/install/moveit_resources_fanuc_description/share/moveit_resources_fanuc_description/urdf
[12.719s] -- Installing: /home/habibahassan/project/install/moveit_resources_fanuc_description/share/moveit_resources_fanuc_description/urdf/fanuc.urdf
[12.791s] Invoked command in '/home/habibahassan/project/build/moveit_resources_fanuc_description' returned '0': CMAKE_PREFIX_PATH=${CMAKE_PREFIX_PATH}:/home/habibahassan/project/install/moveit_configs_utils:/opt/ros/jazzy DEBUGINFOD_URLS=https://debuginfod.ubuntu.com /usr/bin/cmake --install /home/habibahassan/project/build/moveit_resources_fanuc_description
