[0.104s] Invoking command in '/home/habibahassan/project/build/ur_description': CMAKE_PREFIX_PATH=${CMAKE_PREFIX_PATH}:/home/habibahassan/project/install/moveit_configs_utils:/opt/ros/jazzy DEBUGINFOD_URLS=https://debuginfod.ubuntu.com /usr/bin/cmake --build /home/habibahassan/project/build/ur_description -- -j8 -l8
[0.390s] -- Found ament_cmake: 2.5.3 (/opt/ros/jazzy/share/ament_cmake/cmake)
[0.579s] -- Found ament_cmake_pytest: 2.5.3 (/opt/ros/jazzy/share/ament_cmake_pytest/cmake)
[2.611s] -- Configuring done (2.4s)
[2.618s] -- Generating done (0.0s)
[2.620s] -- Build files have been written to: /home/habibahassan/project/build/ur_description
[2.654s] Invoked command in '/home/habibahassan/project/build/ur_description' returned '0': CMAKE_PREFIX_PATH=${CMAKE_PREFIX_PATH}:/home/habibahassan/project/install/moveit_configs_utils:/opt/ros/jazzy DEBUGINFOD_URLS=https://debuginfod.ubuntu.com /usr/bin/cmake --build /home/habibahassan/project/build/ur_description -- -j8 -l8
[2.657s] Invoking command in '/home/habibahassan/project/build/ur_description': CMAKE_PREFIX_PATH=${CMAKE_PREFIX_PATH}:/home/habibahassan/project/install/moveit_configs_utils:/opt/ros/jazzy DEBUGINFOD_URLS=https://debuginfod.ubuntu.com /usr/bin/cmake --install /home/habibahassan/project/build/ur_description
[2.667s] -- Install configuration: ""
[2.667s] -- Up-to-date: /home/habibahassan/project/install/ur_description/share/ur_description/config
[2.667s] -- Up-to-date: /home/habibahassan/project/install/ur_description/share/ur_description/config/ur20
[2.667s] -- Up-to-date: /home/habibahassan/project/install/ur_description/share/ur_description/config/ur20/physical_parameters.yaml
[2.667s] -- Up-to-date: /home/habibahassan/project/install/ur_description/share/ur_description/config/ur20/default_kinematics.yaml
[2.667s] -- Up-to-date: /home/habibahassan/project/install/ur_description/share/ur_description/config/ur20/joint_limits.yaml
[2.668s] -- Up-to-date: /home/habibahassan/project/install/ur_description/share/ur_description/config/ur20/visual_parameters.yaml
[2.668s] -- Up-to-date: /home/habibahassan/project/install/ur_description/share/ur_description/config/ur30
[2.668s] -- Up-to-date: /home/habibahassan/project/install/ur_description/share/ur_description/config/ur30/physical_parameters.yaml
[2.668s] -- Up-to-date: /home/habibahassan/project/install/ur_description/share/ur_description/config/ur30/default_kinematics.yaml
[2.668s] -- Up-to-date: /home/habibahassan/project/install/ur_description/share/ur_description/config/ur30/joint_limits.yaml
[2.670s] -- Up-to-date: /home/habibahassan/project/install/ur_description/share/ur_description/config/ur30/visual_parameters.yaml
[2.670s] -- Up-to-date: /home/habibahassan/project/install/ur_description/share/ur_description/config/ur5
[2.670s] -- Up-to-date: /home/habibahassan/project/install/ur_description/share/ur_description/config/ur5/physical_parameters.yaml
[2.671s] -- Up-to-date: /home/habibahassan/project/install/ur_description/share/ur_description/config/ur5/default_kinematics.yaml
[2.671s] -- Up-to-date: /home/habibahassan/project/install/ur_description/share/ur_description/config/ur5/joint_limits.yaml
[2.671s] -- Up-to-date: /home/habibahassan/project/install/ur_description/share/ur_description/config/ur5/visual_parameters.yaml
[2.671s] -- Up-to-date: /home/habibahassan/project/install/ur_description/share/ur_description/config/ur5e
[2.671s] -- Up-to-date: /home/habibahassan/project/install/ur_description/share/ur_description/config/ur5e/physical_parameters.yaml
[2.672s] -- Up-to-date: /home/habibahassan/project/install/ur_description/share/ur_description/config/ur5e/default_kinematics.yaml
[2.672s] -- Up-to-date: /home/habibahassan/project/install/ur_description/share/ur_description/config/ur5e/joint_limits.yaml
[2.674s] -- Up-to-date: /home/habibahassan/project/install/ur_description/share/ur_description/config/ur5e/visual_parameters.yaml
[2.674s] -- Up-to-date: /home/habibahassan/project/install/ur_description/share/ur_description/config/ur16e
[2.675s] -- Up-to-date: /home/habibahassan/project/install/ur_description/share/ur_description/config/ur16e/physical_parameters.yaml
[2.675s] -- Up-to-date: /home/habibahassan/project/install/ur_description/share/ur_description/config/ur16e/default_kinematics.yaml
[2.676s] -- Up-to-date: /home/habibahassan/project/install/ur_description/share/ur_description/config/ur16e/joint_limits.yaml
[2.676s] -- Up-to-date: /home/habibahassan/project/install/ur_description/share/ur_description/config/ur16e/visual_parameters.yaml
[2.676s] -- Up-to-date: /home/habibahassan/project/install/ur_description/share/ur_description/config/initial_positions.yaml
[2.677s] -- Up-to-date: /home/habibahassan/project/install/ur_description/share/ur_description/config/ur10
[2.677s] -- Up-to-date: /home/habibahassan/project/install/ur_description/share/ur_description/config/ur10/physical_parameters.yaml
[2.677s] -- Up-to-date: /home/habibahassan/project/install/ur_description/share/ur_description/config/ur10/default_kinematics.yaml
[2.677s] -- Up-to-date: /home/habibahassan/project/install/ur_description/share/ur_description/config/ur10/joint_limits.yaml
[2.677s] -- Up-to-date: /home/habibahassan/project/install/ur_description/share/ur_description/config/ur10/visual_parameters.yaml
[2.678s] -- Up-to-date: /home/habibahassan/project/install/ur_description/share/ur_description/config/ur3e
[2.678s] -- Up-to-date: /home/habibahassan/project/install/ur_description/share/ur_description/config/ur3e/physical_parameters.yaml
[2.678s] -- Up-to-date: /home/habibahassan/project/install/ur_description/share/ur_description/config/ur3e/default_kinematics.yaml
[2.679s] -- Up-to-date: /home/habibahassan/project/install/ur_description/share/ur_description/config/ur3e/joint_limits.yaml
[2.679s] -- Up-to-date: /home/habibahassan/project/install/ur_description/share/ur_description/config/ur3e/visual_parameters.yaml
[2.679s] -- Up-to-date: /home/habibahassan/project/install/ur_description/share/ur_description/config/ur3
[2.679s] -- Up-to-date: /home/habibahassan/project/install/ur_description/share/ur_description/config/ur3/physical_parameters.yaml
[2.679s] -- Up-to-date: /home/habibahassan/project/install/ur_description/share/ur_description/config/ur3/default_kinematics.yaml
[2.680s] -- Up-to-date: /home/habibahassan/project/install/ur_description/share/ur_description/config/ur3/joint_limits.yaml
[2.680s] -- Up-to-date: /home/habibahassan/project/install/ur_description/share/ur_description/config/ur3/visual_parameters.yaml
[2.681s] -- Up-to-date: /home/habibahassan/project/install/ur_description/share/ur_description/config/ur10e
[2.681s] -- Up-to-date: /home/habibahassan/project/install/ur_description/share/ur_description/config/ur10e/physical_parameters.yaml
[2.681s] -- Up-to-date: /home/habibahassan/project/install/ur_description/share/ur_description/config/ur10e/default_kinematics.yaml
[2.681s] -- Up-to-date: /home/habibahassan/project/install/ur_description/share/ur_description/config/ur10e/joint_limits.yaml
[2.681s] -- Up-to-date: /home/habibahassan/project/install/ur_description/share/ur_description/config/ur10e/visual_parameters.yaml
[2.682s] -- Up-to-date: /home/habibahassan/project/install/ur_description/share/ur_description/launch
[2.683s] -- Up-to-date: /home/habibahassan/project/install/ur_description/share/ur_description/launch/view_ur.launch.py
[2.683s] -- Up-to-date: /home/habibahassan/project/install/ur_description/share/ur_description/meshes
[2.683s] -- Up-to-date: /home/habibahassan/project/install/ur_description/share/ur_description/meshes/ur20
[2.683s] -- Up-to-date: /home/habibahassan/project/install/ur_description/share/ur_description/meshes/ur20/collision
[2.683s] -- Up-to-date: /home/habibahassan/project/install/ur_description/share/ur_description/meshes/ur20/collision/base.stl
[2.683s] -- Up-to-date: /home/habibahassan/project/install/ur_description/share/ur_description/meshes/ur20/collision/wrist2.stl
[2.684s] -- Up-to-date: /home/habibahassan/project/install/ur_description/share/ur_description/meshes/ur20/collision/wrist3.stl
[2.684s] -- Up-to-date: /home/habibahassan/project/install/ur_description/share/ur_description/meshes/ur20/collision/shoulder.stl
[2.684s] -- Up-to-date: /home/habibahassan/project/install/ur_description/share/ur_description/meshes/ur20/collision/wrist1.stl
[2.684s] -- Up-to-date: /home/habibahassan/project/install/ur_description/share/ur_description/meshes/ur20/collision/forearm.stl
[2.684s] -- Up-to-date: /home/habibahassan/project/install/ur_description/share/ur_description/meshes/ur20/collision/upperarm.stl
[2.684s] -- Up-to-date: /home/habibahassan/project/install/ur_description/share/ur_description/meshes/ur20/LICENSE.txt
[2.685s] -- Up-to-date: /home/habibahassan/project/install/ur_description/share/ur_description/meshes/ur20/visual
[2.685s] -- Up-to-date: /home/habibahassan/project/install/ur_description/share/ur_description/meshes/ur20/visual/wrist3.dae
[2.685s] -- Up-to-date: /home/habibahassan/project/install/ur_description/share/ur_description/meshes/ur20/visual/wrist2.dae
[2.685s] -- Up-to-date: /home/habibahassan/project/install/ur_description/share/ur_description/meshes/ur20/visual/upperarm.dae
[2.685s] -- Up-to-date: /home/habibahassan/project/install/ur_description/share/ur_description/meshes/ur20/visual/shoulder.dae
[2.685s] -- Up-to-date: /home/habibahassan/project/install/ur_description/share/ur_description/meshes/ur20/visual/wrist1.dae
[2.686s] -- Up-to-date: /home/habibahassan/project/install/ur_description/share/ur_description/meshes/ur20/visual/forearm.dae
[2.686s] -- Up-to-date: /home/habibahassan/project/install/ur_description/share/ur_description/meshes/ur20/visual/base.dae
[2.686s] -- Up-to-date: /home/habibahassan/project/install/ur_description/share/ur_description/meshes/ur20/visual/UR20_DIFF_8bit_2K.png
[2.686s] -- Up-to-date: /home/habibahassan/project/install/ur_description/share/ur_description/meshes/ur30
[2.687s] -- Up-to-date: /home/habibahassan/project/install/ur_description/share/ur_description/meshes/ur30/collision
[2.687s] -- Up-to-date: /home/habibahassan/project/install/ur_description/share/ur_description/meshes/ur30/collision/forearm.stl
[2.687s] -- Up-to-date: /home/habibahassan/project/install/ur_description/share/ur_description/meshes/ur30/collision/upperarm.stl
[2.687s] -- Up-to-date: /home/habibahassan/project/install/ur_description/share/ur_description/meshes/ur30/LICENSE.txt
[2.687s] -- Up-to-date: /home/habibahassan/project/install/ur_description/share/ur_description/meshes/ur30/visual
[2.687s] -- Up-to-date: /home/habibahassan/project/install/ur_description/share/ur_description/meshes/ur30/visual/upperarm.dae
[2.687s] -- Up-to-date: /home/habibahassan/project/install/ur_description/share/ur_description/meshes/ur30/visual/UR30_DIFF_8bit_2K.png
[2.687s] -- Up-to-date: /home/habibahassan/project/install/ur_description/share/ur_description/meshes/ur30/visual/forearm.dae
[2.688s] -- Up-to-date: /home/habibahassan/project/install/ur_description/share/ur_description/meshes/ur5
[2.688s] -- Up-to-date: /home/habibahassan/project/install/ur_description/share/ur_description/meshes/ur5/collision
[2.688s] -- Up-to-date: /home/habibahassan/project/install/ur_description/share/ur_description/meshes/ur5/collision/base.stl
[2.688s] -- Up-to-date: /home/habibahassan/project/install/ur_description/share/ur_description/meshes/ur5/collision/wrist2.stl
[2.688s] -- Up-to-date: /home/habibahassan/project/install/ur_description/share/ur_description/meshes/ur5/collision/wrist3.stl
[2.688s] -- Up-to-date: /home/habibahassan/project/install/ur_description/share/ur_description/meshes/ur5/collision/shoulder.stl
[2.689s] -- Up-to-date: /home/habibahassan/project/install/ur_description/share/ur_description/meshes/ur5/collision/wrist1.stl
[2.689s] -- Up-to-date: /home/habibahassan/project/install/ur_description/share/ur_description/meshes/ur5/collision/forearm.stl
[2.689s] -- Up-to-date: /home/habibahassan/project/install/ur_description/share/ur_description/meshes/ur5/collision/upperarm.stl
[2.689s] -- Up-to-date: /home/habibahassan/project/install/ur_description/share/ur_description/meshes/ur5/visual
[2.689s] -- Up-to-date: /home/habibahassan/project/install/ur_description/share/ur_description/meshes/ur5/visual/wrist3.dae
[2.689s] -- Up-to-date: /home/habibahassan/project/install/ur_description/share/ur_description/meshes/ur5/visual/wrist2.dae
[2.689s] -- Up-to-date: /home/habibahassan/project/install/ur_description/share/ur_description/meshes/ur5/visual/upperarm.dae
[2.689s] -- Up-to-date: /home/habibahassan/project/install/ur_description/share/ur_description/meshes/ur5/visual/shoulder.dae
[2.690s] -- Up-to-date: /home/habibahassan/project/install/ur_description/share/ur_description/meshes/ur5/visual/wrist1.dae
[2.690s] -- Up-to-date: /home/habibahassan/project/install/ur_description/share/ur_description/meshes/ur5/visual/forearm.dae
[2.690s] -- Up-to-date: /home/habibahassan/project/install/ur_description/share/ur_description/meshes/ur5/visual/base.dae
[2.690s] -- Up-to-date: /home/habibahassan/project/install/ur_description/share/ur_description/meshes/ur5e
[2.690s] -- Up-to-date: /home/habibahassan/project/install/ur_description/share/ur_description/meshes/ur5e/collision
[2.690s] -- Up-to-date: /home/habibahassan/project/install/ur_description/share/ur_description/meshes/ur5e/collision/base.stl
[2.690s] -- Up-to-date: /home/habibahassan/project/install/ur_description/share/ur_description/meshes/ur5e/collision/wrist2.stl
[2.691s] -- Up-to-date: /home/habibahassan/project/install/ur_description/share/ur_description/meshes/ur5e/collision/wrist3.stl
[2.691s] -- Up-to-date: /home/habibahassan/project/install/ur_description/share/ur_description/meshes/ur5e/collision/shoulder.stl
[2.691s] -- Up-to-date: /home/habibahassan/project/install/ur_description/share/ur_description/meshes/ur5e/collision/wrist1.stl
[2.691s] -- Up-to-date: /home/habibahassan/project/install/ur_description/share/ur_description/meshes/ur5e/collision/forearm.stl
[2.691s] -- Up-to-date: /home/habibahassan/project/install/ur_description/share/ur_description/meshes/ur5e/collision/upperarm.stl
[2.691s] -- Up-to-date: /home/habibahassan/project/install/ur_description/share/ur_description/meshes/ur5e/visual
[2.691s] -- Up-to-date: /home/habibahassan/project/install/ur_description/share/ur_description/meshes/ur5e/visual/wrist3.dae
[2.691s] -- Up-to-date: /home/habibahassan/project/install/ur_description/share/ur_description/meshes/ur5e/visual/wrist2.dae
[2.692s] -- Up-to-date: /home/habibahassan/project/install/ur_description/share/ur_description/meshes/ur5e/visual/upperarm.dae
[2.692s] -- Up-to-date: /home/habibahassan/project/install/ur_description/share/ur_description/meshes/ur5e/visual/shoulder.dae
[2.692s] -- Up-to-date: /home/habibahassan/project/install/ur_description/share/ur_description/meshes/ur5e/visual/wrist1.dae
[2.692s] -- Up-to-date: /home/habibahassan/project/install/ur_description/share/ur_description/meshes/ur5e/visual/forearm.dae
[2.692s] -- Up-to-date: /home/habibahassan/project/install/ur_description/share/ur_description/meshes/ur5e/visual/base.dae
[2.692s] -- Up-to-date: /home/habibahassan/project/install/ur_description/share/ur_description/meshes/ur16e
[2.693s] -- Up-to-date: /home/habibahassan/project/install/ur_description/share/ur_description/meshes/ur16e/collision
[2.693s] -- Up-to-date: /home/habibahassan/project/install/ur_description/share/ur_description/meshes/ur16e/collision/forearm.stl
[2.693s] -- Up-to-date: /home/habibahassan/project/install/ur_description/share/ur_description/meshes/ur16e/collision/upperarm.stl
[2.694s] -- Up-to-date: /home/habibahassan/project/install/ur_description/share/ur_description/meshes/ur16e/visual
[2.694s] -- Up-to-date: /home/habibahassan/project/install/ur_description/share/ur_description/meshes/ur16e/visual/upperarm.dae
[2.694s] -- Up-to-date: /home/habibahassan/project/install/ur_description/share/ur_description/meshes/ur16e/visual/forearm.dae
[2.694s] -- Up-to-date: /home/habibahassan/project/install/ur_description/share/ur_description/meshes/ur10
[2.695s] -- Up-to-date: /home/habibahassan/project/install/ur_description/share/ur_description/meshes/ur10/collision
[2.695s] -- Up-to-date: /home/habibahassan/project/install/ur_description/share/ur_description/meshes/ur10/collision/base.stl
[2.695s] -- Up-to-date: /home/habibahassan/project/install/ur_description/share/ur_description/meshes/ur10/collision/wrist2.stl
[2.695s] -- Up-to-date: /home/habibahassan/project/install/ur_description/share/ur_description/meshes/ur10/collision/wrist3.stl
[2.695s] -- Up-to-date: /home/habibahassan/project/install/ur_description/share/ur_description/meshes/ur10/collision/shoulder.stl
[2.695s] -- Up-to-date: /home/habibahassan/project/install/ur_description/share/ur_description/meshes/ur10/collision/wrist1.stl
[2.695s] -- Up-to-date: /home/habibahassan/project/install/ur_description/share/ur_description/meshes/ur10/collision/forearm.stl
[2.696s] -- Up-to-date: /home/habibahassan/project/install/ur_description/share/ur_description/meshes/ur10/collision/upperarm.stl
[2.696s] -- Up-to-date: /home/habibahassan/project/install/ur_description/share/ur_description/meshes/ur10/visual
[2.696s] -- Up-to-date: /home/habibahassan/project/install/ur_description/share/ur_description/meshes/ur10/visual/wrist3.dae
[2.696s] -- Up-to-date: /home/habibahassan/project/install/ur_description/share/ur_description/meshes/ur10/visual/wrist2.dae
[2.696s] -- Up-to-date: /home/habibahassan/project/install/ur_description/share/ur_description/meshes/ur10/visual/upperarm.dae
[2.696s] -- Up-to-date: /home/habibahassan/project/install/ur_description/share/ur_description/meshes/ur10/visual/shoulder.dae
[2.696s] -- Up-to-date: /home/habibahassan/project/install/ur_description/share/ur_description/meshes/ur10/visual/wrist1.dae
[2.697s] -- Up-to-date: /home/habibahassan/project/install/ur_description/share/ur_description/meshes/ur10/visual/forearm.dae
[2.697s] -- Up-to-date: /home/habibahassan/project/install/ur_description/share/ur_description/meshes/ur10/visual/base.dae
[2.697s] -- Up-to-date: /home/habibahassan/project/install/ur_description/share/ur_description/meshes/ur3e
[2.697s] -- Up-to-date: /home/habibahassan/project/install/ur_description/share/ur_description/meshes/ur3e/collision
[2.697s] -- Up-to-date: /home/habibahassan/project/install/ur_description/share/ur_description/meshes/ur3e/collision/base.stl
[2.697s] -- Up-to-date: /home/habibahassan/project/install/ur_description/share/ur_description/meshes/ur3e/collision/wrist2.stl
[2.698s] -- Up-to-date: /home/habibahassan/project/install/ur_description/share/ur_description/meshes/ur3e/collision/wrist3.stl
[2.698s] -- Up-to-date: /home/habibahassan/project/install/ur_description/share/ur_description/meshes/ur3e/collision/shoulder.stl
[2.698s] -- Up-to-date: /home/habibahassan/project/install/ur_description/share/ur_description/meshes/ur3e/collision/wrist1.stl
[2.698s] -- Up-to-date: /home/habibahassan/project/install/ur_description/share/ur_description/meshes/ur3e/collision/forearm.stl
[2.698s] -- Up-to-date: /home/habibahassan/project/install/ur_description/share/ur_description/meshes/ur3e/collision/upperarm.stl
[2.698s] -- Up-to-date: /home/habibahassan/project/install/ur_description/share/ur_description/meshes/ur3e/visual
[2.699s] -- Up-to-date: /home/habibahassan/project/install/ur_description/share/ur_description/meshes/ur3e/visual/wrist3.dae
[2.699s] -- Up-to-date: /home/habibahassan/project/install/ur_description/share/ur_description/meshes/ur3e/visual/wrist2.dae
[2.699s] -- Up-to-date: /home/habibahassan/project/install/ur_description/share/ur_description/meshes/ur3e/visual/upperarm.dae
[2.699s] -- Up-to-date: /home/habibahassan/project/install/ur_description/share/ur_description/meshes/ur3e/visual/shoulder.dae
[2.699s] -- Up-to-date: /home/habibahassan/project/install/ur_description/share/ur_description/meshes/ur3e/visual/wrist1.dae
[2.699s] -- Up-to-date: /home/habibahassan/project/install/ur_description/share/ur_description/meshes/ur3e/visual/forearm.dae
[2.699s] -- Up-to-date: /home/habibahassan/project/install/ur_description/share/ur_description/meshes/ur3e/visual/base.dae
[2.699s] -- Up-to-date: /home/habibahassan/project/install/ur_description/share/ur_description/meshes/ur3
[2.700s] -- Up-to-date: /home/habibahassan/project/install/ur_description/share/ur_description/meshes/ur3/collision
[2.700s] -- Up-to-date: /home/habibahassan/project/install/ur_description/share/ur_description/meshes/ur3/collision/base.stl
[2.700s] -- Up-to-date: /home/habibahassan/project/install/ur_description/share/ur_description/meshes/ur3/collision/wrist2.stl
[2.700s] -- Up-to-date: /home/habibahassan/project/install/ur_description/share/ur_description/meshes/ur3/collision/wrist3.stl
[2.700s] -- Up-to-date: /home/habibahassan/project/install/ur_description/share/ur_description/meshes/ur3/collision/shoulder.stl
[2.700s] -- Up-to-date: /home/habibahassan/project/install/ur_description/share/ur_description/meshes/ur3/collision/wrist1.stl
[2.701s] -- Up-to-date: /home/habibahassan/project/install/ur_description/share/ur_description/meshes/ur3/collision/forearm.stl
[2.701s] -- Up-to-date: /home/habibahassan/project/install/ur_description/share/ur_description/meshes/ur3/collision/upperarm.stl
[2.701s] -- Up-to-date: /home/habibahassan/project/install/ur_description/share/ur_description/meshes/ur3/visual
[2.701s] -- Up-to-date: /home/habibahassan/project/install/ur_description/share/ur_description/meshes/ur3/visual/wrist3.dae
[2.701s] -- Up-to-date: /home/habibahassan/project/install/ur_description/share/ur_description/meshes/ur3/visual/wrist2.dae
[2.701s] -- Up-to-date: /home/habibahassan/project/install/ur_description/share/ur_description/meshes/ur3/visual/upperarm.dae
[2.701s] -- Up-to-date: /home/habibahassan/project/install/ur_description/share/ur_description/meshes/ur3/visual/shoulder.dae
[2.702s] -- Up-to-date: /home/habibahassan/project/install/ur_description/share/ur_description/meshes/ur3/visual/wrist1.dae
[2.702s] -- Up-to-date: /home/habibahassan/project/install/ur_description/share/ur_description/meshes/ur3/visual/forearm.dae
[2.702s] -- Up-to-date: /home/habibahassan/project/install/ur_description/share/ur_description/meshes/ur3/visual/base.dae
[2.702s] -- Up-to-date: /home/habibahassan/project/install/ur_description/share/ur_description/meshes/ur10e
[2.702s] -- Up-to-date: /home/habibahassan/project/install/ur_description/share/ur_description/meshes/ur10e/collision
[2.702s] -- Up-to-date: /home/habibahassan/project/install/ur_description/share/ur_description/meshes/ur10e/collision/base.stl
[2.702s] -- Up-to-date: /home/habibahassan/project/install/ur_description/share/ur_description/meshes/ur10e/collision/wrist2.stl
[2.703s] -- Up-to-date: /home/habibahassan/project/install/ur_description/share/ur_description/meshes/ur10e/collision/wrist3.stl
[2.703s] -- Up-to-date: /home/habibahassan/project/install/ur_description/share/ur_description/meshes/ur10e/collision/shoulder.stl
[2.703s] -- Up-to-date: /home/habibahassan/project/install/ur_description/share/ur_description/meshes/ur10e/collision/wrist1.stl
[2.703s] -- Up-to-date: /home/habibahassan/project/install/ur_description/share/ur_description/meshes/ur10e/collision/forearm.stl
[2.703s] -- Up-to-date: /home/habibahassan/project/install/ur_description/share/ur_description/meshes/ur10e/collision/upperarm.stl
[2.703s] -- Up-to-date: /home/habibahassan/project/install/ur_description/share/ur_description/meshes/ur10e/visual
[2.703s] -- Up-to-date: /home/habibahassan/project/install/ur_description/share/ur_description/meshes/ur10e/visual/wrist3.dae
[2.704s] -- Up-to-date: /home/habibahassan/project/install/ur_description/share/ur_description/meshes/ur10e/visual/wrist2.dae
[2.704s] -- Up-to-date: /home/habibahassan/project/install/ur_description/share/ur_description/meshes/ur10e/visual/upperarm.dae
[2.704s] -- Up-to-date: /home/habibahassan/project/install/ur_description/share/ur_description/meshes/ur10e/visual/shoulder.dae
[2.704s] -- Up-to-date: /home/habibahassan/project/install/ur_description/share/ur_description/meshes/ur10e/visual/wrist1.dae
[2.704s] -- Up-to-date: /home/habibahassan/project/install/ur_description/share/ur_description/meshes/ur10e/visual/forearm.dae
[2.704s] -- Up-to-date: /home/habibahassan/project/install/ur_description/share/ur_description/meshes/ur10e/visual/base.dae
[2.704s] -- Up-to-date: /home/habibahassan/project/install/ur_description/share/ur_description/rviz
[2.704s] -- Up-to-date: /home/habibahassan/project/install/ur_description/share/ur_description/rviz/view_robot.rviz
[2.705s] -- Up-to-date: /home/habibahassan/project/install/ur_description/share/ur_description/urdf
[2.705s] -- Up-to-date: /home/habibahassan/project/install/ur_description/share/ur_description/urdf/inc
[2.705s] -- Up-to-date: /home/habibahassan/project/install/ur_description/share/ur_description/urdf/inc/ur_sensors.xacro
[2.705s] -- Up-to-date: /home/habibahassan/project/install/ur_description/share/ur_description/urdf/inc/ur_transmissions.xacro
[2.705s] -- Up-to-date: /home/habibahassan/project/install/ur_description/share/ur_description/urdf/inc/ur_common.xacro
[2.705s] -- Up-to-date: /home/habibahassan/project/install/ur_description/share/ur_description/urdf/inc/ur_joint_control.xacro
[2.706s] -- Up-to-date: /home/habibahassan/project/install/ur_description/share/ur_description/urdf/ur_macro.xacro
[2.706s] -- Up-to-date: /home/habibahassan/project/install/ur_description/share/ur_description/urdf/ros2_control_mock_hardware.xacro
[2.706s] -- Up-to-date: /home/habibahassan/project/install/ur_description/share/ur_description/urdf/ur_mocked.urdf.xacro
[2.706s] -- Up-to-date: /home/habibahassan/project/install/ur_description/share/ur_description/urdf/ur.urdf.xacro
[2.706s] -- Up-to-date: /home/habibahassan/project/install/ur_description/share/ur_description/test
[2.706s] -- Up-to-date: /home/habibahassan/project/install/ur_description/share/ur_description/test/test_view_ur_launch.py
[2.706s] -- Up-to-date: /home/habibahassan/project/install/ur_description/share/ur_description/test/test_ur_urdf_xacro.py
[2.706s] -- Installing: /home/habibahassan/project/install/ur_description/share/ur_description/my_gripper
[2.707s] -- Installing: /home/habibahassan/project/install/ur_description/share/ur_description/my_gripper/urdf
[2.707s] -- Installing: /home/habibahassan/project/install/ur_description/share/ur_description/my_gripper/urdf/my_gripper.xacro
[2.707s] -- Up-to-date: /home/habibahassan/project/install/ur_description/share/ament_index/resource_index/package_run_dependencies/ur_description
[2.707s] -- Installing: /home/habibahassan/project/install/ur_description/share/ament_index/resource_index/parent_prefix_path/ur_description
[2.707s] -- Up-to-date: /home/habibahassan/project/install/ur_description/share/ur_description/environment/ament_prefix_path.sh
[2.707s] -- Up-to-date: /home/habibahassan/project/install/ur_description/share/ur_description/environment/ament_prefix_path.dsv
[2.707s] -- Up-to-date: /home/habibahassan/project/install/ur_description/share/ur_description/environment/path.sh
[2.707s] -- Up-to-date: /home/habibahassan/project/install/ur_description/share/ur_description/environment/path.dsv
[2.708s] -- Up-to-date: /home/habibahassan/project/install/ur_description/share/ur_description/local_setup.bash
[2.708s] -- Up-to-date: /home/habibahassan/project/install/ur_description/share/ur_description/local_setup.sh
[2.708s] -- Up-to-date: /home/habibahassan/project/install/ur_description/share/ur_description/local_setup.zsh
[2.708s] -- Up-to-date: /home/habibahassan/project/install/ur_description/share/ur_description/local_setup.dsv
[2.708s] -- Installing: /home/habibahassan/project/install/ur_description/share/ur_description/package.dsv
[2.709s] -- Up-to-date: /home/habibahassan/project/install/ur_description/share/ament_index/resource_index/packages/ur_description
[2.709s] -- Up-to-date: /home/habibahassan/project/install/ur_description/share/ur_description/cmake/ur_descriptionConfig.cmake
[2.709s] -- Up-to-date: /home/habibahassan/project/install/ur_description/share/ur_description/cmake/ur_descriptionConfig-version.cmake
[2.709s] -- Up-to-date: /home/habibahassan/project/install/ur_description/share/ur_description/package.xml
[2.715s] Invoked command in '/home/habibahassan/project/build/ur_description' returned '0': CMAKE_PREFIX_PATH=${CMAKE_PREFIX_PATH}:/home/habibahassan/project/install/moveit_configs_utils:/opt/ros/jazzy DEBUGINFOD_URLS=https://debuginfod.ubuntu.com /usr/bin/cmake --install /home/habibahassan/project/build/ur_description
