[  2%] Built target cartesian_limits_parameters
[  4%] Built target gtest
[  7%] Built target gmock_main
[  9%] Built target gtest_main
[ 13%] Built target gmock
[ 16%] Built target planning_context_loader_base
[ 22%] Built target joint_limits_common
[ 27%] Built target trajectory_generation_common
[ 29%] Built target unittest_joint_limits_validator
[ 32%] Built target unittest_joint_limits_container
[ 34%] Built target unittest_joint_limits_aggregator
[ 37%] Built target pilz_industrial_motion_planner
[ 39%] Built target unittest_joint_limit
[ 43%] Built target unittest_velocity_profile_atrap
[ 45%] Built target pilz_industrial_motion_planner_test_utils
[ 49%] Built target command_list_manager
[ 54%] Built target planning_context_loader_ptp
[ 59%] Built target planning_context_loader_lin
[ 62%] Built target unittest_trajectory_generator
[ 65%] Built target unittest_pilz_industrial_motion_planner
[ 70%] Built target planning_context_loader_circ
[ 71%] [32mBuilding CXX object test/unit_tests/CMakeFiles/unittest_pilz_industrial_motion_planner_direct.dir/src/unittest_pilz_industrial_motion_planner_direct.cpp.o[0m
[ 72%] [32mBuilding CXX object test/unit_tests/CMakeFiles/unittest_trajectory_generator_lin.dir/src/unittest_trajectory_generator_lin.cpp.o[0m
[ 74%] [32mBuilding CXX object test/unit_tests/CMakeFiles/unittest_trajectory_generator_ptp.dir/src/unittest_trajectory_generator_ptp.cpp.o[0m
[ 76%] Built target unittest_trajectory_functions
[ 79%] Built target unittest_get_solver_tip_frame
[ 80%] [32mBuilding CXX object test/unit_tests/CMakeFiles/unittest_planning_context_loaders.dir/src/unittest_planning_context_loaders.cpp.o[0m
[ 83%] Built target unittest_trajectory_blender_transition_window
[ 85%] [32mBuilding CXX object CMakeFiles/sequence_capability.dir/src/move_group_sequence_service.cpp.o[0m
[ 86%] [32mBuilding CXX object test/unit_tests/CMakeFiles/unittest_planning_context.dir/src/unittest_planning_context.cpp.o[0m
[ 87%] [32mBuilding CXX object test/unit_tests/CMakeFiles/unittest_trajectory_generator_common.dir/src/unittest_trajectory_generator_common.cpp.o[0m
[ 88%] [32mBuilding CXX object test/unit_tests/CMakeFiles/unittest_trajectory_generator_circ.dir/src/unittest_trajectory_generator_circ.cpp.o[0m
[ 90%] [32m[1mLinking CXX executable unittest_planning_context[0m
[ 91%] [32m[1mLinking CXX executable unittest_pilz_industrial_motion_planner_direct[0m
[ 92%] [32m[1mLinking CXX executable unittest_trajectory_generator_lin[0m
[ 92%] Built target unittest_planning_context
[ 92%] Built target unittest_pilz_industrial_motion_planner_direct
[ 92%] Built target unittest_trajectory_generator_lin
[ 93%] [32m[1mLinking CXX shared library libsequence_capability.so[0m
[ 95%] [32m[1mLinking CXX executable unittest_trajectory_generator_ptp[0m
[ 96%] Built target sequence_capability
[ 96%] Built target unittest_trajectory_generator_ptp
[ 97%] [32m[1mLinking CXX executable unittest_trajectory_generator_common[0m
[ 97%] Built target unittest_trajectory_generator_common
[ 98%] [32m[1mLinking CXX executable unittest_planning_context_loaders[0m
[ 98%] Built target unittest_planning_context_loaders
