[  0%] Built target moveit_setup_core_plugins_autogen_timestamp_deps
[  6%] Built target moveit_setup_core_plugins_autogen
[100%] Built target moveit_setup_core_plugins
-- Install configuration: "Release"
-- Installing: /home/habibahassan/project/install/moveit_setup_core_plugins/lib/libmoveit_setup_core_plugins.so
-- Set non-toolchain portion of runtime path of "/home/habibahassan/project/install/moveit_setup_core_plugins/lib/libmoveit_setup_core_plugins.so" to ""
-- Installing: /home/habibahassan/project/install/moveit_setup_core_plugins/share/moveit_setup_core_plugins/moveit_setup_framework_plugins.xml
-- Installing: /home/habibahassan/project/install/moveit_setup_core_plugins/include/moveit_setup_core_plugins
-- Installing: /home/habibahassan/project/install/moveit_setup_core_plugins/include/moveit_setup_core_plugins/moveit_setup_core_plugins
-- Installing: /home/habibahassan/project/install/moveit_setup_core_plugins/include/moveit_setup_core_plugins/moveit_setup_core_plugins/author_information_widget.h
-- Installing: /home/habibahassan/project/install/moveit_setup_core_plugins/include/moveit_setup_core_plugins/moveit_setup_core_plugins/configuration_files_widget.hpp
-- Installing: /home/habibahassan/project/install/moveit_setup_core_plugins/include/moveit_setup_core_plugins/moveit_setup_core_plugins/configuration_files_widget.h
-- Installing: /home/habibahassan/project/install/moveit_setup_core_plugins/include/moveit_setup_core_plugins/moveit_setup_core_plugins/author_information.h
-- Installing: /home/habibahassan/project/install/moveit_setup_core_plugins/include/moveit_setup_core_plugins/moveit_setup_core_plugins/configuration_files.h
-- Installing: /home/habibahassan/project/install/moveit_setup_core_plugins/include/moveit_setup_core_plugins/moveit_setup_core_plugins/author_information.hpp
-- Installing: /home/habibahassan/project/install/moveit_setup_core_plugins/include/moveit_setup_core_plugins/moveit_setup_core_plugins/configuration_files.hpp
-- Installing: /home/habibahassan/project/install/moveit_setup_core_plugins/include/moveit_setup_core_plugins/moveit_setup_core_plugins/start_screen_widget.h
-- Installing: /home/habibahassan/project/install/moveit_setup_core_plugins/include/moveit_setup_core_plugins/moveit_setup_core_plugins/start_screen.h
-- Installing: /home/habibahassan/project/install/moveit_setup_core_plugins/include/moveit_setup_core_plugins/moveit_setup_core_plugins/start_screen.hpp
-- Installing: /home/habibahassan/project/install/moveit_setup_core_plugins/include/moveit_setup_core_plugins/moveit_setup_core_plugins/start_screen_widget.hpp
-- Installing: /home/habibahassan/project/install/moveit_setup_core_plugins/include/moveit_setup_core_plugins/moveit_setup_core_plugins/author_information_widget.hpp
-- Installing: /home/habibahassan/project/install/moveit_setup_core_plugins/share/moveit_setup_core_plugins/environment/library_path.sh
-- Installing: /home/habibahassan/project/install/moveit_setup_core_plugins/share/moveit_setup_core_plugins/environment/library_path.dsv
-- Up-to-date: /home/habibahassan/project/install/moveit_setup_core_plugins/share/moveit_setup_core_plugins/moveit_setup_framework_plugins.xml
-- Installing: /home/habibahassan/project/install/moveit_setup_core_plugins/share/ament_index/resource_index/package_run_dependencies/moveit_setup_core_plugins
-- Installing: /home/habibahassan/project/install/moveit_setup_core_plugins/share/ament_index/resource_index/parent_prefix_path/moveit_setup_core_plugins
-- Installing: /home/habibahassan/project/install/moveit_setup_core_plugins/share/moveit_setup_core_plugins/environment/ament_prefix_path.sh
-- Installing: /home/habibahassan/project/install/moveit_setup_core_plugins/share/moveit_setup_core_plugins/environment/ament_prefix_path.dsv
-- Installing: /home/habibahassan/project/install/moveit_setup_core_plugins/share/moveit_setup_core_plugins/environment/path.sh
-- Installing: /home/habibahassan/project/install/moveit_setup_core_plugins/share/moveit_setup_core_plugins/environment/path.dsv
-- Installing: /home/habibahassan/project/install/moveit_setup_core_plugins/share/moveit_setup_core_plugins/local_setup.bash
-- Installing: /home/habibahassan/project/install/moveit_setup_core_plugins/share/moveit_setup_core_plugins/local_setup.sh
-- Installing: /home/habibahassan/project/install/moveit_setup_core_plugins/share/moveit_setup_core_plugins/local_setup.zsh
-- Installing: /home/habibahassan/project/install/moveit_setup_core_plugins/share/moveit_setup_core_plugins/local_setup.dsv
-- Installing: /home/habibahassan/project/install/moveit_setup_core_plugins/share/moveit_setup_core_plugins/package.dsv
-- Installing: /home/habibahassan/project/install/moveit_setup_core_plugins/share/ament_index/resource_index/packages/moveit_setup_core_plugins
-- Installing: /home/habibahassan/project/install/moveit_setup_core_plugins/share/ament_index/resource_index/moveit_setup_framework__pluginlib__plugin/moveit_setup_core_plugins
-- Installing: /home/habibahassan/project/install/moveit_setup_core_plugins/share/moveit_setup_core_plugins/cmake/moveit_setup_core_pluginsTargetsExport.cmake
-- Installing: /home/habibahassan/project/install/moveit_setup_core_plugins/share/moveit_setup_core_plugins/cmake/moveit_setup_core_pluginsTargetsExport-release.cmake
-- Installing: /home/habibahassan/project/install/moveit_setup_core_plugins/share/moveit_setup_core_plugins/cmake/ament_cmake_export_targets-extras.cmake
-- Installing: /home/habibahassan/project/install/moveit_setup_core_plugins/share/moveit_setup_core_plugins/cmake/moveit_setup_core_pluginsConfig.cmake
-- Installing: /home/habibahassan/project/install/moveit_setup_core_plugins/share/moveit_setup_core_plugins/cmake/moveit_setup_core_pluginsConfig-version.cmake
-- Installing: /home/habibahassan/project/install/moveit_setup_core_plugins/share/moveit_setup_core_plugins/package.xml
