[0.513s] Invoking command in '/home/habibahassan/project/build/moveit_resources_panda_description': CMAKE_PREFIX_PATH=${CMAKE_PREFIX_PATH}:/home/habibahassan/project/install/moveit_configs_utils:/opt/ros/jazzy DEBUGINFOD_URLS=https://debuginfod.ubuntu.com /usr/bin/cmake --build /home/habibahassan/project/build/moveit_resources_panda_description -- -j8 -l8
[2.573s] Invoked command in '/home/habibahassan/project/build/moveit_resources_panda_description' returned '0': CMAKE_PREFIX_PATH=${CMAKE_PREFIX_PATH}:/home/habibahassan/project/install/moveit_configs_utils:/opt/ros/jazzy DEBUGINFOD_URLS=https://debuginfod.ubuntu.com /usr/bin/cmake --build /home/habibahassan/project/build/moveit_resources_panda_description -- -j8 -l8
[2.626s] Invoking command in '/home/habibahassan/project/build/moveit_resources_panda_description': CMAKE_PREFIX_PATH=${CMAKE_PREFIX_PATH}:/home/habibahassan/project/install/moveit_configs_utils:/opt/ros/jazzy DEBUGINFOD_URLS=https://debuginfod.ubuntu.com /usr/bin/cmake --install /home/habibahassan/project/build/moveit_resources_panda_description
[2.789s] -- Install configuration: ""
[2.790s] -- Up-to-date: /home/habibahassan/project/install/moveit_resources_panda_description/share/ament_index/resource_index/package_run_dependencies/moveit_resources_panda_description
[2.790s] -- Up-to-date: /home/habibahassan/project/install/moveit_resources_panda_description/share/ament_index/resource_index/parent_prefix_path/moveit_resources_panda_description
[2.791s] -- Up-to-date: /home/habibahassan/project/install/moveit_resources_panda_description/share/moveit_resources_panda_description/environment/ament_prefix_path.sh
[2.791s] -- Up-to-date: /home/habibahassan/project/install/moveit_resources_panda_description/share/moveit_resources_panda_description/environment/ament_prefix_path.dsv
[2.792s] -- Up-to-date: /home/habibahassan/project/install/moveit_resources_panda_description/share/moveit_resources_panda_description/environment/path.sh
[2.792s] -- Up-to-date: /home/habibahassan/project/install/moveit_resources_panda_description/share/moveit_resources_panda_description/environment/path.dsv
[2.792s] -- Up-to-date: /home/habibahassan/project/install/moveit_resources_panda_description/share/moveit_resources_panda_description/local_setup.bash
[2.793s] -- Up-to-date: /home/habibahassan/project/install/moveit_resources_panda_description/share/moveit_resources_panda_description/local_setup.sh
[2.793s] -- Up-to-date: /home/habibahassan/project/install/moveit_resources_panda_description/share/moveit_resources_panda_description/local_setup.zsh
[2.793s] -- Up-to-date: /home/habibahassan/project/install/moveit_resources_panda_description/share/moveit_resources_panda_description/local_setup.dsv
[2.793s] -- Installing: /home/habibahassan/project/install/moveit_resources_panda_description/share/moveit_resources_panda_description/package.dsv
[2.794s] -- Up-to-date: /home/habibahassan/project/install/moveit_resources_panda_description/share/ament_index/resource_index/packages/moveit_resources_panda_description
[2.794s] -- Up-to-date: /home/habibahassan/project/install/moveit_resources_panda_description/share/moveit_resources_panda_description/cmake/moveit_resources_panda_descriptionConfig.cmake
[2.794s] -- Up-to-date: /home/habibahassan/project/install/moveit_resources_panda_description/share/moveit_resources_panda_description/cmake/moveit_resources_panda_descriptionConfig-version.cmake
[2.794s] -- Up-to-date: /home/habibahassan/project/install/moveit_resources_panda_description/share/moveit_resources_panda_description/package.xml
[2.795s] -- Up-to-date: /home/habibahassan/project/install/moveit_resources_panda_description/share/moveit_resources_panda_description/meshes
[2.795s] -- Up-to-date: /home/habibahassan/project/install/moveit_resources_panda_description/share/moveit_resources_panda_description/meshes/collision
[2.795s] -- Up-to-date: /home/habibahassan/project/install/moveit_resources_panda_description/share/moveit_resources_panda_description/meshes/collision/link5.stl
[2.796s] -- Up-to-date: /home/habibahassan/project/install/moveit_resources_panda_description/share/moveit_resources_panda_description/meshes/collision/finger.stl
[2.796s] -- Up-to-date: /home/habibahassan/project/install/moveit_resources_panda_description/share/moveit_resources_panda_description/meshes/collision/link4.stl
[2.796s] -- Up-to-date: /home/habibahassan/project/install/moveit_resources_panda_description/share/moveit_resources_panda_description/meshes/collision/hand.stl
[2.796s] -- Up-to-date: /home/habibahassan/project/install/moveit_resources_panda_description/share/moveit_resources_panda_description/meshes/collision/link6.stl
[2.797s] -- Up-to-date: /home/habibahassan/project/install/moveit_resources_panda_description/share/moveit_resources_panda_description/meshes/collision/link2.stl
[2.797s] -- Up-to-date: /home/habibahassan/project/install/moveit_resources_panda_description/share/moveit_resources_panda_description/meshes/collision/link1.stl
[2.797s] -- Up-to-date: /home/habibahassan/project/install/moveit_resources_panda_description/share/moveit_resources_panda_description/meshes/collision/link3.stl
[2.797s] -- Up-to-date: /home/habibahassan/project/install/moveit_resources_panda_description/share/moveit_resources_panda_description/meshes/collision/link7.stl
[2.799s] -- Up-to-date: /home/habibahassan/project/install/moveit_resources_panda_description/share/moveit_resources_panda_description/meshes/collision/link0.stl
[2.800s] -- Up-to-date: /home/habibahassan/project/install/moveit_resources_panda_description/share/moveit_resources_panda_description/meshes/visual
[2.800s] -- Up-to-date: /home/habibahassan/project/install/moveit_resources_panda_description/share/moveit_resources_panda_description/meshes/visual/link3.dae
[2.800s] -- Up-to-date: /home/habibahassan/project/install/moveit_resources_panda_description/share/moveit_resources_panda_description/meshes/visual/link0.dae
[2.801s] -- Up-to-date: /home/habibahassan/project/install/moveit_resources_panda_description/share/moveit_resources_panda_description/meshes/visual/link2.dae
[2.801s] -- Up-to-date: /home/habibahassan/project/install/moveit_resources_panda_description/share/moveit_resources_panda_description/meshes/visual/finger.dae
[2.801s] -- Up-to-date: /home/habibahassan/project/install/moveit_resources_panda_description/share/moveit_resources_panda_description/meshes/visual/link1.dae
[2.802s] -- Up-to-date: /home/habibahassan/project/install/moveit_resources_panda_description/share/moveit_resources_panda_description/meshes/visual/hand.dae
[2.802s] -- Up-to-date: /home/habibahassan/project/install/moveit_resources_panda_description/share/moveit_resources_panda_description/meshes/visual/link6.dae
[2.802s] -- Up-to-date: /home/habibahassan/project/install/moveit_resources_panda_description/share/moveit_resources_panda_description/meshes/visual/link7.dae
[2.802s] -- Up-to-date: /home/habibahassan/project/install/moveit_resources_panda_description/share/moveit_resources_panda_description/meshes/visual/link4.dae
[2.803s] -- Up-to-date: /home/habibahassan/project/install/moveit_resources_panda_description/share/moveit_resources_panda_description/meshes/visual/link5.dae
[2.815s] -- Up-to-date: /home/habibahassan/project/install/moveit_resources_panda_description/share/moveit_resources_panda_description/urdf
[2.816s] -- Up-to-date: /home/habibahassan/project/install/moveit_resources_panda_description/share/moveit_resources_panda_description/urdf/panda.urdf.xacro
[2.816s] -- Up-to-date: /home/habibahassan/project/install/moveit_resources_panda_description/share/moveit_resources_panda_description/urdf/panda.urdf
[3.257s] Invoked command in '/home/habibahassan/project/build/moveit_resources_panda_description' returned '0': CMAKE_PREFIX_PATH=${CMAKE_PREFIX_PATH}:/home/habibahassan/project/install/moveit_configs_utils:/opt/ros/jazzy DEBUGINFOD_URLS=https://debuginfod.ubuntu.com /usr/bin/cmake --install /home/habibahassan/project/build/moveit_resources_panda_description
