[0.075s] Invoking command in '/home/habibahassan/project/build/ur_dashboard_msgs': CMAKE_PREFIX_PATH=${CMAKE_PREFIX_PATH}:/home/habibahassan/project/install/moveit_configs_utils:/opt/ros/jazzy DEBUGINFOD_URLS=https://debuginfod.ubuntu.com /usr/bin/cmake --build /home/habibahassan/project/build/ur_dashboard_msgs -- -j8 -l8
[0.611s] [  0%] Built target ur_dashboard_msgs__rosidl_generator_type_description
[0.828s] [  0%] Built target ament_cmake_python_copy_ur_dashboard_msgs
[1.005s] [ 27%] Built target ur_dashboard_msgs__rosidl_generator_c
[2.524s] running egg_info
[2.802s] writing ur_dashboard_msgs.egg-info/PKG-INFO
[2.802s] writing dependency_links to ur_dashboard_msgs.egg-info/dependency_links.txt
[2.803s] writing top-level names to ur_dashboard_msgs.egg-info/top_level.txt
[3.326s] reading manifest file 'ur_dashboard_msgs.egg-info/SOURCES.txt'
[3.332s] writing manifest file 'ur_dashboard_msgs.egg-info/SOURCES.txt'
[3.522s] [ 27%] Built target ament_cmake_python_build_ur_dashboard_msgs_egg
[3.680s] [ 37%] Built target ur_dashboard_msgs__rosidl_typesupport_c
[3.867s] [ 47%] Built target ur_dashboard_msgs__rosidl_typesupport_introspection_c
[4.095s] [ 57%] Built target ur_dashboard_msgs__rosidl_typesupport_fastrtps_c
[4.262s] [ 57%] Built target ur_dashboard_msgs__cpp
[4.377s] [ 67%] Built target ur_dashboard_msgs__rosidl_typesupport_cpp
[4.608s] [ 77%] Built target ur_dashboard_msgs__rosidl_typesupport_introspection_cpp
[4.867s] [ 86%] Built target ur_dashboard_msgs__rosidl_typesupport_fastrtps_cpp
[4.984s] [ 86%] Built target ur_dashboard_msgs
[5.129s] [ 87%] Built target ur_dashboard_msgs__py
[5.294s] [ 96%] Built target ur_dashboard_msgs__rosidl_generator_py
[6.081s] [ 97%] Built target ur_dashboard_msgs_s__rosidl_typesupport_fastrtps_c
[6.417s] [ 98%] Built target ur_dashboard_msgs_s__rosidl_typesupport_c
[6.419s] [100%] Built target ur_dashboard_msgs_s__rosidl_typesupport_introspection_c
[6.464s] Invoked command in '/home/habibahassan/project/build/ur_dashboard_msgs' returned '0': CMAKE_PREFIX_PATH=${CMAKE_PREFIX_PATH}:/home/habibahassan/project/install/moveit_configs_utils:/opt/ros/jazzy DEBUGINFOD_URLS=https://debuginfod.ubuntu.com /usr/bin/cmake --build /home/habibahassan/project/build/ur_dashboard_msgs -- -j8 -l8
[6.465s] Invoking command in '/home/habibahassan/project/build/ur_dashboard_msgs': CMAKE_PREFIX_PATH=${CMAKE_PREFIX_PATH}:/home/habibahassan/project/install/moveit_configs_utils:/opt/ros/jazzy DEBUGINFOD_URLS=https://debuginfod.ubuntu.com /usr/bin/cmake --install /home/habibahassan/project/build/ur_dashboard_msgs
[6.522s] -- Install configuration: ""
[6.523s] -- Up-to-date: /home/habibahassan/project/install/ur_dashboard_msgs/share/ament_index/resource_index/rosidl_interfaces/ur_dashboard_msgs
[6.523s] -- Up-to-date: /home/habibahassan/project/install/ur_dashboard_msgs/share/ur_dashboard_msgs/msg/ProgramState.json
[6.523s] -- Up-to-date: /home/habibahassan/project/install/ur_dashboard_msgs/share/ur_dashboard_msgs/msg/RobotMode.json
[6.523s] -- Up-to-date: /home/habibahassan/project/install/ur_dashboard_msgs/share/ur_dashboard_msgs/msg/SafetyMode.json
[6.524s] -- Up-to-date: /home/habibahassan/project/install/ur_dashboard_msgs/share/ur_dashboard_msgs/srv/AddToLog.json
[6.526s] -- Up-to-date: /home/habibahassan/project/install/ur_dashboard_msgs/share/ur_dashboard_msgs/srv/GetLoadedProgram.json
[6.527s] -- Up-to-date: /home/habibahassan/project/install/ur_dashboard_msgs/share/ur_dashboard_msgs/srv/GetProgramState.json
[6.527s] -- Up-to-date: /home/habibahassan/project/install/ur_dashboard_msgs/share/ur_dashboard_msgs/srv/GetRobotMode.json
[6.528s] -- Up-to-date: /home/habibahassan/project/install/ur_dashboard_msgs/share/ur_dashboard_msgs/srv/GetSafetyMode.json
[6.528s] -- Up-to-date: /home/habibahassan/project/install/ur_dashboard_msgs/share/ur_dashboard_msgs/srv/IsProgramRunning.json
[6.528s] -- Up-to-date: /home/habibahassan/project/install/ur_dashboard_msgs/share/ur_dashboard_msgs/srv/IsProgramSaved.json
[6.529s] -- Up-to-date: /home/habibahassan/project/install/ur_dashboard_msgs/share/ur_dashboard_msgs/srv/Load.json
[6.529s] -- Up-to-date: /home/habibahassan/project/install/ur_dashboard_msgs/share/ur_dashboard_msgs/srv/Popup.json
[6.530s] -- Up-to-date: /home/habibahassan/project/install/ur_dashboard_msgs/share/ur_dashboard_msgs/srv/RawRequest.json
[6.530s] -- Up-to-date: /home/habibahassan/project/install/ur_dashboard_msgs/share/ur_dashboard_msgs/action/SetMode.json
[6.530s] -- Up-to-date: /home/habibahassan/project/install/ur_dashboard_msgs/include/ur_dashboard_msgs/ur_dashboard_msgs
[6.530s] -- Up-to-date: /home/habibahassan/project/install/ur_dashboard_msgs/include/ur_dashboard_msgs/ur_dashboard_msgs/srv
[6.530s] -- Up-to-date: /home/habibahassan/project/install/ur_dashboard_msgs/include/ur_dashboard_msgs/ur_dashboard_msgs/srv/get_safety_mode.h
[6.530s] -- Up-to-date: /home/habibahassan/project/install/ur_dashboard_msgs/include/ur_dashboard_msgs/ur_dashboard_msgs/srv/get_program_state.h
[6.531s] -- Up-to-date: /home/habibahassan/project/install/ur_dashboard_msgs/include/ur_dashboard_msgs/ur_dashboard_msgs/srv/is_program_running.h
[6.531s] -- Up-to-date: /home/habibahassan/project/install/ur_dashboard_msgs/include/ur_dashboard_msgs/ur_dashboard_msgs/srv/is_program_saved.h
[6.532s] -- Up-to-date: /home/habibahassan/project/install/ur_dashboard_msgs/include/ur_dashboard_msgs/ur_dashboard_msgs/srv/add_to_log.h
[6.532s] -- Up-to-date: /home/habibahassan/project/install/ur_dashboard_msgs/include/ur_dashboard_msgs/ur_dashboard_msgs/srv/get_loaded_program.h
[6.533s] -- Up-to-date: /home/habibahassan/project/install/ur_dashboard_msgs/include/ur_dashboard_msgs/ur_dashboard_msgs/srv/popup.h
[6.535s] -- Up-to-date: /home/habibahassan/project/install/ur_dashboard_msgs/include/ur_dashboard_msgs/ur_dashboard_msgs/srv/raw_request.h
[6.536s] -- Up-to-date: /home/habibahassan/project/install/ur_dashboard_msgs/include/ur_dashboard_msgs/ur_dashboard_msgs/srv/get_robot_mode.h
[6.536s] -- Up-to-date: /home/habibahassan/project/install/ur_dashboard_msgs/include/ur_dashboard_msgs/ur_dashboard_msgs/srv/load.h
[6.537s] -- Up-to-date: /home/habibahassan/project/install/ur_dashboard_msgs/include/ur_dashboard_msgs/ur_dashboard_msgs/srv/detail
[6.538s] -- Up-to-date: /home/habibahassan/project/install/ur_dashboard_msgs/include/ur_dashboard_msgs/ur_dashboard_msgs/srv/detail/is_program_running__description.c
[6.538s] -- Up-to-date: /home/habibahassan/project/install/ur_dashboard_msgs/include/ur_dashboard_msgs/ur_dashboard_msgs/srv/detail/get_safety_mode__type_support.h
[6.539s] -- Up-to-date: /home/habibahassan/project/install/ur_dashboard_msgs/include/ur_dashboard_msgs/ur_dashboard_msgs/srv/detail/get_loaded_program__functions.c
[6.539s] -- Up-to-date: /home/habibahassan/project/install/ur_dashboard_msgs/include/ur_dashboard_msgs/ur_dashboard_msgs/srv/detail/load__functions.c
[6.540s] -- Up-to-date: /home/habibahassan/project/install/ur_dashboard_msgs/include/ur_dashboard_msgs/ur_dashboard_msgs/srv/detail/add_to_log__functions.h
[6.542s] -- Up-to-date: /home/habibahassan/project/install/ur_dashboard_msgs/include/ur_dashboard_msgs/ur_dashboard_msgs/srv/detail/is_program_saved__functions.c
[6.542s] -- Up-to-date: /home/habibahassan/project/install/ur_dashboard_msgs/include/ur_dashboard_msgs/ur_dashboard_msgs/srv/detail/get_robot_mode__struct.h
[6.543s] -- Up-to-date: /home/habibahassan/project/install/ur_dashboard_msgs/include/ur_dashboard_msgs/ur_dashboard_msgs/srv/detail/is_program_saved__struct.h
[6.548s] -- Up-to-date: /home/habibahassan/project/install/ur_dashboard_msgs/include/ur_dashboard_msgs/ur_dashboard_msgs/srv/detail/raw_request__struct.h
[6.548s] -- Up-to-date: /home/habibahassan/project/install/ur_dashboard_msgs/include/ur_dashboard_msgs/ur_dashboard_msgs/srv/detail/get_safety_mode__functions.c
[6.548s] -- Up-to-date: /home/habibahassan/project/install/ur_dashboard_msgs/include/ur_dashboard_msgs/ur_dashboard_msgs/srv/detail/add_to_log__functions.c
[6.548s] -- Up-to-date: /home/habibahassan/project/install/ur_dashboard_msgs/include/ur_dashboard_msgs/ur_dashboard_msgs/srv/detail/popup__functions.c
[6.549s] -- Up-to-date: /home/habibahassan/project/install/ur_dashboard_msgs/include/ur_dashboard_msgs/ur_dashboard_msgs/srv/detail/is_program_running__struct.h
[6.549s] -- Installing: /home/habibahassan/project/install/ur_dashboard_msgs/include/ur_dashboard_msgs/ur_dashboard_msgs/srv/detail/popup__type_support.c
[6.549s] -- Up-to-date: /home/habibahassan/project/install/ur_dashboard_msgs/include/ur_dashboard_msgs/ur_dashboard_msgs/srv/detail/popup__description.c
[6.549s] -- Up-to-date: /home/habibahassan/project/install/ur_dashboard_msgs/include/ur_dashboard_msgs/ur_dashboard_msgs/srv/detail/is_program_saved__description.c
[6.549s] -- Installing: /home/habibahassan/project/install/ur_dashboard_msgs/include/ur_dashboard_msgs/ur_dashboard_msgs/srv/detail/get_program_state__type_support.c
[6.549s] -- Up-to-date: /home/habibahassan/project/install/ur_dashboard_msgs/include/ur_dashboard_msgs/ur_dashboard_msgs/srv/detail/raw_request__functions.h
[6.550s] -- Installing: /home/habibahassan/project/install/ur_dashboard_msgs/include/ur_dashboard_msgs/ur_dashboard_msgs/srv/detail/load__type_support.c
[6.550s] -- Installing: /home/habibahassan/project/install/ur_dashboard_msgs/include/ur_dashboard_msgs/ur_dashboard_msgs/srv/detail/is_program_saved__type_support.c
[6.551s] -- Up-to-date: /home/habibahassan/project/install/ur_dashboard_msgs/include/ur_dashboard_msgs/ur_dashboard_msgs/srv/detail/get_loaded_program__description.c
[6.552s] -- Up-to-date: /home/habibahassan/project/install/ur_dashboard_msgs/include/ur_dashboard_msgs/ur_dashboard_msgs/srv/detail/is_program_saved__functions.h
[6.552s] -- Up-to-date: /home/habibahassan/project/install/ur_dashboard_msgs/include/ur_dashboard_msgs/ur_dashboard_msgs/srv/detail/get_robot_mode__type_support.h
[6.552s] -- Up-to-date: /home/habibahassan/project/install/ur_dashboard_msgs/include/ur_dashboard_msgs/ur_dashboard_msgs/srv/detail/load__description.c
[6.569s] -- Up-to-date: /home/habibahassan/project/install/ur_dashboard_msgs/include/ur_dashboard_msgs/ur_dashboard_msgs/srv/detail/is_program_saved__type_support.h
[6.570s] -- Up-to-date: /home/habibahassan/project/install/ur_dashboard_msgs/include/ur_dashboard_msgs/ur_dashboard_msgs/srv/detail/add_to_log__description.c
[6.571s] -- Installing: /home/habibahassan/project/install/ur_dashboard_msgs/include/ur_dashboard_msgs/ur_dashboard_msgs/srv/detail/is_program_running__type_support.c
[6.571s] -- Installing: /home/habibahassan/project/install/ur_dashboard_msgs/include/ur_dashboard_msgs/ur_dashboard_msgs/srv/detail/get_loaded_program__type_support.c
[6.572s] -- Up-to-date: /home/habibahassan/project/install/ur_dashboard_msgs/include/ur_dashboard_msgs/ur_dashboard_msgs/srv/detail/is_program_running__functions.c
[6.572s] -- Up-to-date: /home/habibahassan/project/install/ur_dashboard_msgs/include/ur_dashboard_msgs/ur_dashboard_msgs/srv/detail/load__type_support.h
[6.572s] -- Up-to-date: /home/habibahassan/project/install/ur_dashboard_msgs/include/ur_dashboard_msgs/ur_dashboard_msgs/srv/detail/get_program_state__functions.h
[6.572s] -- Up-to-date: /home/habibahassan/project/install/ur_dashboard_msgs/include/ur_dashboard_msgs/ur_dashboard_msgs/srv/detail/get_loaded_program__type_support.h
[6.572s] -- Up-to-date: /home/habibahassan/project/install/ur_dashboard_msgs/include/ur_dashboard_msgs/ur_dashboard_msgs/srv/detail/get_safety_mode__struct.h
[6.573s] -- Installing: /home/habibahassan/project/install/ur_dashboard_msgs/include/ur_dashboard_msgs/ur_dashboard_msgs/srv/detail/get_robot_mode__type_support.c
[6.573s] -- Up-to-date: /home/habibahassan/project/install/ur_dashboard_msgs/include/ur_dashboard_msgs/ur_dashboard_msgs/srv/detail/load__struct.h
[6.573s] -- Up-to-date: /home/habibahassan/project/install/ur_dashboard_msgs/include/ur_dashboard_msgs/ur_dashboard_msgs/srv/detail/add_to_log__struct.h
[6.574s] -- Up-to-date: /home/habibahassan/project/install/ur_dashboard_msgs/include/ur_dashboard_msgs/ur_dashboard_msgs/srv/detail/get_robot_mode__description.c
[6.574s] -- Up-to-date: /home/habibahassan/project/install/ur_dashboard_msgs/include/ur_dashboard_msgs/ur_dashboard_msgs/srv/detail/get_safety_mode__description.c
[6.574s] -- Up-to-date: /home/habibahassan/project/install/ur_dashboard_msgs/include/ur_dashboard_msgs/ur_dashboard_msgs/srv/detail/get_safety_mode__functions.h
[6.575s] -- Up-to-date: /home/habibahassan/project/install/ur_dashboard_msgs/include/ur_dashboard_msgs/ur_dashboard_msgs/srv/detail/get_program_state__functions.c
[6.575s] -- Up-to-date: /home/habibahassan/project/install/ur_dashboard_msgs/include/ur_dashboard_msgs/ur_dashboard_msgs/srv/detail/raw_request__description.c
[6.576s] -- Up-to-date: /home/habibahassan/project/install/ur_dashboard_msgs/include/ur_dashboard_msgs/ur_dashboard_msgs/srv/detail/is_program_running__type_support.h
[6.576s] -- Up-to-date: /home/habibahassan/project/install/ur_dashboard_msgs/include/ur_dashboard_msgs/ur_dashboard_msgs/srv/detail/get_loaded_program__struct.h
[6.577s] -- Up-to-date: /home/habibahassan/project/install/ur_dashboard_msgs/include/ur_dashboard_msgs/ur_dashboard_msgs/srv/detail/popup__functions.h
[6.578s] -- Up-to-date: /home/habibahassan/project/install/ur_dashboard_msgs/include/ur_dashboard_msgs/ur_dashboard_msgs/srv/detail/get_program_state__description.c
[6.578s] -- Installing: /home/habibahassan/project/install/ur_dashboard_msgs/include/ur_dashboard_msgs/ur_dashboard_msgs/srv/detail/raw_request__type_support.c
[6.578s] -- Up-to-date: /home/habibahassan/project/install/ur_dashboard_msgs/include/ur_dashboard_msgs/ur_dashboard_msgs/srv/detail/raw_request__functions.c
[6.578s] -- Up-to-date: /home/habibahassan/project/install/ur_dashboard_msgs/include/ur_dashboard_msgs/ur_dashboard_msgs/srv/detail/get_robot_mode__functions.h
[6.579s] -- Up-to-date: /home/habibahassan/project/install/ur_dashboard_msgs/include/ur_dashboard_msgs/ur_dashboard_msgs/srv/detail/load__functions.h
[6.579s] -- Up-to-date: /home/habibahassan/project/install/ur_dashboard_msgs/include/ur_dashboard_msgs/ur_dashboard_msgs/srv/detail/is_program_running__functions.h
[6.579s] -- Up-to-date: /home/habibahassan/project/install/ur_dashboard_msgs/include/ur_dashboard_msgs/ur_dashboard_msgs/srv/detail/add_to_log__type_support.h
[6.586s] -- Up-to-date: /home/habibahassan/project/install/ur_dashboard_msgs/include/ur_dashboard_msgs/ur_dashboard_msgs/srv/detail/popup__struct.h
[6.587s] -- Up-to-date: /home/habibahassan/project/install/ur_dashboard_msgs/include/ur_dashboard_msgs/ur_dashboard_msgs/srv/detail/get_program_state__struct.h
[6.587s] -- Up-to-date: /home/habibahassan/project/install/ur_dashboard_msgs/include/ur_dashboard_msgs/ur_dashboard_msgs/srv/detail/popup__type_support.h
[6.587s] -- Installing: /home/habibahassan/project/install/ur_dashboard_msgs/include/ur_dashboard_msgs/ur_dashboard_msgs/srv/detail/get_safety_mode__type_support.c
[6.587s] -- Up-to-date: /home/habibahassan/project/install/ur_dashboard_msgs/include/ur_dashboard_msgs/ur_dashboard_msgs/srv/detail/get_robot_mode__functions.c
[6.588s] -- Up-to-date: /home/habibahassan/project/install/ur_dashboard_msgs/include/ur_dashboard_msgs/ur_dashboard_msgs/srv/detail/get_loaded_program__functions.h
[6.588s] -- Up-to-date: /home/habibahassan/project/install/ur_dashboard_msgs/include/ur_dashboard_msgs/ur_dashboard_msgs/srv/detail/raw_request__type_support.h
[6.588s] -- Up-to-date: /home/habibahassan/project/install/ur_dashboard_msgs/include/ur_dashboard_msgs/ur_dashboard_msgs/srv/detail/get_program_state__type_support.h
[6.588s] -- Installing: /home/habibahassan/project/install/ur_dashboard_msgs/include/ur_dashboard_msgs/ur_dashboard_msgs/srv/detail/add_to_log__type_support.c
[6.589s] -- Up-to-date: /home/habibahassan/project/install/ur_dashboard_msgs/include/ur_dashboard_msgs/ur_dashboard_msgs/action
[6.589s] -- Up-to-date: /home/habibahassan/project/install/ur_dashboard_msgs/include/ur_dashboard_msgs/ur_dashboard_msgs/action/set_mode.h
[6.589s] -- Up-to-date: /home/habibahassan/project/install/ur_dashboard_msgs/include/ur_dashboard_msgs/ur_dashboard_msgs/action/detail
[6.590s] -- Up-to-date: /home/habibahassan/project/install/ur_dashboard_msgs/include/ur_dashboard_msgs/ur_dashboard_msgs/action/detail/set_mode__description.c
[6.596s] -- Up-to-date: /home/habibahassan/project/install/ur_dashboard_msgs/include/ur_dashboard_msgs/ur_dashboard_msgs/action/detail/set_mode__functions.h
[6.597s] -- Installing: /home/habibahassan/project/install/ur_dashboard_msgs/include/ur_dashboard_msgs/ur_dashboard_msgs/action/detail/set_mode__type_support.c
[6.597s] -- Up-to-date: /home/habibahassan/project/install/ur_dashboard_msgs/include/ur_dashboard_msgs/ur_dashboard_msgs/action/detail/set_mode__type_support.h
[6.598s] -- Up-to-date: /home/habibahassan/project/install/ur_dashboard_msgs/include/ur_dashboard_msgs/ur_dashboard_msgs/action/detail/set_mode__functions.c
[6.598s] -- Up-to-date: /home/habibahassan/project/install/ur_dashboard_msgs/include/ur_dashboard_msgs/ur_dashboard_msgs/action/detail/set_mode__struct.h
[6.599s] -- Up-to-date: /home/habibahassan/project/install/ur_dashboard_msgs/include/ur_dashboard_msgs/ur_dashboard_msgs/msg
[6.600s] -- Up-to-date: /home/habibahassan/project/install/ur_dashboard_msgs/include/ur_dashboard_msgs/ur_dashboard_msgs/msg/safety_mode.h
[6.601s] -- Up-to-date: /home/habibahassan/project/install/ur_dashboard_msgs/include/ur_dashboard_msgs/ur_dashboard_msgs/msg/detail
[6.601s] -- Installing: /home/habibahassan/project/install/ur_dashboard_msgs/include/ur_dashboard_msgs/ur_dashboard_msgs/msg/detail/safety_mode__type_support.c
[6.602s] -- Installing: /home/habibahassan/project/install/ur_dashboard_msgs/include/ur_dashboard_msgs/ur_dashboard_msgs/msg/detail/robot_mode__type_support.c
[6.602s] -- Up-to-date: /home/habibahassan/project/install/ur_dashboard_msgs/include/ur_dashboard_msgs/ur_dashboard_msgs/msg/detail/program_state__struct.h
[6.602s] -- Up-to-date: /home/habibahassan/project/install/ur_dashboard_msgs/include/ur_dashboard_msgs/ur_dashboard_msgs/msg/detail/program_state__description.c
[6.602s] -- Installing: /home/habibahassan/project/install/ur_dashboard_msgs/include/ur_dashboard_msgs/ur_dashboard_msgs/msg/detail/program_state__type_support.c
[6.602s] -- Up-to-date: /home/habibahassan/project/install/ur_dashboard_msgs/include/ur_dashboard_msgs/ur_dashboard_msgs/msg/detail/program_state__type_support.h
[6.602s] -- Up-to-date: /home/habibahassan/project/install/ur_dashboard_msgs/include/ur_dashboard_msgs/ur_dashboard_msgs/msg/detail/robot_mode__struct.h
[6.603s] -- Up-to-date: /home/habibahassan/project/install/ur_dashboard_msgs/include/ur_dashboard_msgs/ur_dashboard_msgs/msg/detail/safety_mode__functions.c
[6.603s] -- Up-to-date: /home/habibahassan/project/install/ur_dashboard_msgs/include/ur_dashboard_msgs/ur_dashboard_msgs/msg/detail/robot_mode__description.c
[6.603s] -- Up-to-date: /home/habibahassan/project/install/ur_dashboard_msgs/include/ur_dashboard_msgs/ur_dashboard_msgs/msg/detail/safety_mode__type_support.h
[6.604s] -- Up-to-date: /home/habibahassan/project/install/ur_dashboard_msgs/include/ur_dashboard_msgs/ur_dashboard_msgs/msg/detail/program_state__functions.h
[6.604s] -- Up-to-date: /home/habibahassan/project/install/ur_dashboard_msgs/include/ur_dashboard_msgs/ur_dashboard_msgs/msg/detail/robot_mode__functions.c
[6.604s] -- Up-to-date: /home/habibahassan/project/install/ur_dashboard_msgs/include/ur_dashboard_msgs/ur_dashboard_msgs/msg/detail/robot_mode__functions.h
[6.605s] -- Up-to-date: /home/habibahassan/project/install/ur_dashboard_msgs/include/ur_dashboard_msgs/ur_dashboard_msgs/msg/detail/safety_mode__description.c
[6.605s] -- Up-to-date: /home/habibahassan/project/install/ur_dashboard_msgs/include/ur_dashboard_msgs/ur_dashboard_msgs/msg/detail/safety_mode__struct.h
[6.605s] -- Up-to-date: /home/habibahassan/project/install/ur_dashboard_msgs/include/ur_dashboard_msgs/ur_dashboard_msgs/msg/detail/program_state__functions.c
[6.606s] -- Up-to-date: /home/habibahassan/project/install/ur_dashboard_msgs/include/ur_dashboard_msgs/ur_dashboard_msgs/msg/detail/safety_mode__functions.h
[6.606s] -- Up-to-date: /home/habibahassan/project/install/ur_dashboard_msgs/include/ur_dashboard_msgs/ur_dashboard_msgs/msg/detail/robot_mode__type_support.h
[6.606s] -- Up-to-date: /home/habibahassan/project/install/ur_dashboard_msgs/include/ur_dashboard_msgs/ur_dashboard_msgs/msg/rosidl_generator_c__visibility_control.h
[6.606s] -- Up-to-date: /home/habibahassan/project/install/ur_dashboard_msgs/include/ur_dashboard_msgs/ur_dashboard_msgs/msg/robot_mode.h
[6.607s] -- Up-to-date: /home/habibahassan/project/install/ur_dashboard_msgs/include/ur_dashboard_msgs/ur_dashboard_msgs/msg/program_state.h
[6.607s] -- Up-to-date: /home/habibahassan/project/install/ur_dashboard_msgs/share/ur_dashboard_msgs/environment/library_path.sh
[6.607s] -- Up-to-date: /home/habibahassan/project/install/ur_dashboard_msgs/share/ur_dashboard_msgs/environment/library_path.dsv
[6.608s] -- Up-to-date: /home/habibahassan/project/install/ur_dashboard_msgs/lib/libur_dashboard_msgs__rosidl_generator_c.so
[6.608s] -- Up-to-date: /home/habibahassan/project/install/ur_dashboard_msgs/include/ur_dashboard_msgs/ur_dashboard_msgs
[6.609s] -- Up-to-date: /home/habibahassan/project/install/ur_dashboard_msgs/include/ur_dashboard_msgs/ur_dashboard_msgs/srv
[6.609s] -- Up-to-date: /home/habibahassan/project/install/ur_dashboard_msgs/include/ur_dashboard_msgs/ur_dashboard_msgs/srv/detail
[6.610s] -- Up-to-date: /home/habibahassan/project/install/ur_dashboard_msgs/include/ur_dashboard_msgs/ur_dashboard_msgs/srv/detail/load__rosidl_typesupport_fastrtps_c.h
[6.611s] -- Up-to-date: /home/habibahassan/project/install/ur_dashboard_msgs/include/ur_dashboard_msgs/ur_dashboard_msgs/srv/detail/raw_request__rosidl_typesupport_fastrtps_c.h
[6.611s] -- Up-to-date: /home/habibahassan/project/install/ur_dashboard_msgs/include/ur_dashboard_msgs/ur_dashboard_msgs/srv/detail/get_program_state__rosidl_typesupport_fastrtps_c.h
[6.612s] -- Up-to-date: /home/habibahassan/project/install/ur_dashboard_msgs/include/ur_dashboard_msgs/ur_dashboard_msgs/srv/detail/add_to_log__rosidl_typesupport_fastrtps_c.h
[6.612s] -- Up-to-date: /home/habibahassan/project/install/ur_dashboard_msgs/include/ur_dashboard_msgs/ur_dashboard_msgs/srv/detail/get_loaded_program__rosidl_typesupport_fastrtps_c.h
[6.613s] -- Up-to-date: /home/habibahassan/project/install/ur_dashboard_msgs/include/ur_dashboard_msgs/ur_dashboard_msgs/srv/detail/get_robot_mode__rosidl_typesupport_fastrtps_c.h
[6.613s] -- Up-to-date: /home/habibahassan/project/install/ur_dashboard_msgs/include/ur_dashboard_msgs/ur_dashboard_msgs/srv/detail/is_program_running__rosidl_typesupport_fastrtps_c.h
[6.619s] -- Up-to-date: /home/habibahassan/project/install/ur_dashboard_msgs/include/ur_dashboard_msgs/ur_dashboard_msgs/srv/detail/get_safety_mode__rosidl_typesupport_fastrtps_c.h
[6.619s] -- Up-to-date: /home/habibahassan/project/install/ur_dashboard_msgs/include/ur_dashboard_msgs/ur_dashboard_msgs/srv/detail/popup__rosidl_typesupport_fastrtps_c.h
[6.620s] -- Up-to-date: /home/habibahassan/project/install/ur_dashboard_msgs/include/ur_dashboard_msgs/ur_dashboard_msgs/srv/detail/is_program_saved__rosidl_typesupport_fastrtps_c.h
[6.620s] -- Up-to-date: /home/habibahassan/project/install/ur_dashboard_msgs/include/ur_dashboard_msgs/ur_dashboard_msgs/action
[6.621s] -- Up-to-date: /home/habibahassan/project/install/ur_dashboard_msgs/include/ur_dashboard_msgs/ur_dashboard_msgs/action/detail
[6.621s] -- Up-to-date: /home/habibahassan/project/install/ur_dashboard_msgs/include/ur_dashboard_msgs/ur_dashboard_msgs/action/detail/set_mode__rosidl_typesupport_fastrtps_c.h
[6.621s] -- Up-to-date: /home/habibahassan/project/install/ur_dashboard_msgs/include/ur_dashboard_msgs/ur_dashboard_msgs/msg
[6.622s] -- Up-to-date: /home/habibahassan/project/install/ur_dashboard_msgs/include/ur_dashboard_msgs/ur_dashboard_msgs/msg/detail
[6.623s] -- Up-to-date: /home/habibahassan/project/install/ur_dashboard_msgs/include/ur_dashboard_msgs/ur_dashboard_msgs/msg/detail/program_state__rosidl_typesupport_fastrtps_c.h
[6.623s] -- Up-to-date: /home/habibahassan/project/install/ur_dashboard_msgs/include/ur_dashboard_msgs/ur_dashboard_msgs/msg/detail/safety_mode__rosidl_typesupport_fastrtps_c.h
[6.623s] -- Up-to-date: /home/habibahassan/project/install/ur_dashboard_msgs/include/ur_dashboard_msgs/ur_dashboard_msgs/msg/detail/robot_mode__rosidl_typesupport_fastrtps_c.h
[6.624s] -- Up-to-date: /home/habibahassan/project/install/ur_dashboard_msgs/include/ur_dashboard_msgs/ur_dashboard_msgs/msg/rosidl_typesupport_fastrtps_c__visibility_control.h
[6.624s] -- Up-to-date: /home/habibahassan/project/install/ur_dashboard_msgs/lib/libur_dashboard_msgs__rosidl_typesupport_fastrtps_c.so
[6.624s] -- Up-to-date: /home/habibahassan/project/install/ur_dashboard_msgs/include/ur_dashboard_msgs/ur_dashboard_msgs
[6.625s] -- Up-to-date: /home/habibahassan/project/install/ur_dashboard_msgs/include/ur_dashboard_msgs/ur_dashboard_msgs/srv
[6.625s] -- Up-to-date: /home/habibahassan/project/install/ur_dashboard_msgs/include/ur_dashboard_msgs/ur_dashboard_msgs/srv/detail
[6.625s] -- Up-to-date: /home/habibahassan/project/install/ur_dashboard_msgs/include/ur_dashboard_msgs/ur_dashboard_msgs/srv/detail/get_loaded_program__rosidl_typesupport_introspection_c.h
[6.625s] -- Up-to-date: /home/habibahassan/project/install/ur_dashboard_msgs/include/ur_dashboard_msgs/ur_dashboard_msgs/srv/detail/get_program_state__rosidl_typesupport_introspection_c.h
[6.625s] -- Installing: /home/habibahassan/project/install/ur_dashboard_msgs/include/ur_dashboard_msgs/ur_dashboard_msgs/srv/detail/popup__type_support.c
[6.625s] -- Up-to-date: /home/habibahassan/project/install/ur_dashboard_msgs/include/ur_dashboard_msgs/ur_dashboard_msgs/srv/detail/get_robot_mode__rosidl_typesupport_introspection_c.h
[6.626s] -- Installing: /home/habibahassan/project/install/ur_dashboard_msgs/include/ur_dashboard_msgs/ur_dashboard_msgs/srv/detail/get_program_state__type_support.c
[6.626s] -- Installing: /home/habibahassan/project/install/ur_dashboard_msgs/include/ur_dashboard_msgs/ur_dashboard_msgs/srv/detail/load__type_support.c
[6.626s] -- Up-to-date: /home/habibahassan/project/install/ur_dashboard_msgs/include/ur_dashboard_msgs/ur_dashboard_msgs/srv/detail/popup__rosidl_typesupport_introspection_c.h
[6.626s] -- Up-to-date: /home/habibahassan/project/install/ur_dashboard_msgs/include/ur_dashboard_msgs/ur_dashboard_msgs/srv/detail/add_to_log__rosidl_typesupport_introspection_c.h
[6.626s] -- Installing: /home/habibahassan/project/install/ur_dashboard_msgs/include/ur_dashboard_msgs/ur_dashboard_msgs/srv/detail/is_program_saved__type_support.c
[6.626s] -- Installing: /home/habibahassan/project/install/ur_dashboard_msgs/include/ur_dashboard_msgs/ur_dashboard_msgs/srv/detail/is_program_running__type_support.c
[6.627s] -- Installing: /home/habibahassan/project/install/ur_dashboard_msgs/include/ur_dashboard_msgs/ur_dashboard_msgs/srv/detail/get_loaded_program__type_support.c
[6.627s] -- Up-to-date: /home/habibahassan/project/install/ur_dashboard_msgs/include/ur_dashboard_msgs/ur_dashboard_msgs/srv/detail/get_safety_mode__rosidl_typesupport_introspection_c.h
[6.627s] -- Up-to-date: /home/habibahassan/project/install/ur_dashboard_msgs/include/ur_dashboard_msgs/ur_dashboard_msgs/srv/detail/raw_request__rosidl_typesupport_introspection_c.h
[6.627s] -- Installing: /home/habibahassan/project/install/ur_dashboard_msgs/include/ur_dashboard_msgs/ur_dashboard_msgs/srv/detail/get_robot_mode__type_support.c
[6.627s] -- Up-to-date: /home/habibahassan/project/install/ur_dashboard_msgs/include/ur_dashboard_msgs/ur_dashboard_msgs/srv/detail/is_program_running__rosidl_typesupport_introspection_c.h
[6.628s] -- Installing: /home/habibahassan/project/install/ur_dashboard_msgs/include/ur_dashboard_msgs/ur_dashboard_msgs/srv/detail/raw_request__type_support.c
[6.628s] -- Installing: /home/habibahassan/project/install/ur_dashboard_msgs/include/ur_dashboard_msgs/ur_dashboard_msgs/srv/detail/get_safety_mode__type_support.c
[6.628s] -- Up-to-date: /home/habibahassan/project/install/ur_dashboard_msgs/include/ur_dashboard_msgs/ur_dashboard_msgs/srv/detail/load__rosidl_typesupport_introspection_c.h
[6.628s] -- Installing: /home/habibahassan/project/install/ur_dashboard_msgs/include/ur_dashboard_msgs/ur_dashboard_msgs/srv/detail/add_to_log__type_support.c
[6.628s] -- Up-to-date: /home/habibahassan/project/install/ur_dashboard_msgs/include/ur_dashboard_msgs/ur_dashboard_msgs/srv/detail/is_program_saved__rosidl_typesupport_introspection_c.h
[6.629s] -- Up-to-date: /home/habibahassan/project/install/ur_dashboard_msgs/include/ur_dashboard_msgs/ur_dashboard_msgs/action
[6.629s] -- Up-to-date: /home/habibahassan/project/install/ur_dashboard_msgs/include/ur_dashboard_msgs/ur_dashboard_msgs/action/detail
[6.629s] -- Installing: /home/habibahassan/project/install/ur_dashboard_msgs/include/ur_dashboard_msgs/ur_dashboard_msgs/action/detail/set_mode__type_support.c
[6.629s] -- Up-to-date: /home/habibahassan/project/install/ur_dashboard_msgs/include/ur_dashboard_msgs/ur_dashboard_msgs/action/detail/set_mode__rosidl_typesupport_introspection_c.h
[6.629s] -- Up-to-date: /home/habibahassan/project/install/ur_dashboard_msgs/include/ur_dashboard_msgs/ur_dashboard_msgs/msg
[6.629s] -- Up-to-date: /home/habibahassan/project/install/ur_dashboard_msgs/include/ur_dashboard_msgs/ur_dashboard_msgs/msg/detail
[6.630s] -- Installing: /home/habibahassan/project/install/ur_dashboard_msgs/include/ur_dashboard_msgs/ur_dashboard_msgs/msg/detail/safety_mode__type_support.c
[6.630s] -- Installing: /home/habibahassan/project/install/ur_dashboard_msgs/include/ur_dashboard_msgs/ur_dashboard_msgs/msg/detail/robot_mode__type_support.c
[6.630s] -- Installing: /home/habibahassan/project/install/ur_dashboard_msgs/include/ur_dashboard_msgs/ur_dashboard_msgs/msg/detail/program_state__type_support.c
[6.630s] -- Up-to-date: /home/habibahassan/project/install/ur_dashboard_msgs/include/ur_dashboard_msgs/ur_dashboard_msgs/msg/detail/program_state__rosidl_typesupport_introspection_c.h
[6.630s] -- Up-to-date: /home/habibahassan/project/install/ur_dashboard_msgs/include/ur_dashboard_msgs/ur_dashboard_msgs/msg/detail/robot_mode__rosidl_typesupport_introspection_c.h
[6.630s] -- Up-to-date: /home/habibahassan/project/install/ur_dashboard_msgs/include/ur_dashboard_msgs/ur_dashboard_msgs/msg/detail/safety_mode__rosidl_typesupport_introspection_c.h
[6.631s] -- Up-to-date: /home/habibahassan/project/install/ur_dashboard_msgs/include/ur_dashboard_msgs/ur_dashboard_msgs/msg/rosidl_typesupport_introspection_c__visibility_control.h
[6.631s] -- Up-to-date: /home/habibahassan/project/install/ur_dashboard_msgs/lib/libur_dashboard_msgs__rosidl_typesupport_introspection_c.so
[6.632s] -- Up-to-date: /home/habibahassan/project/install/ur_dashboard_msgs/lib/libur_dashboard_msgs__rosidl_typesupport_c.so
[6.632s] -- Up-to-date: /home/habibahassan/project/install/ur_dashboard_msgs/include/ur_dashboard_msgs/ur_dashboard_msgs
[6.632s] -- Up-to-date: /home/habibahassan/project/install/ur_dashboard_msgs/include/ur_dashboard_msgs/ur_dashboard_msgs/srv
[6.632s] -- Up-to-date: /home/habibahassan/project/install/ur_dashboard_msgs/include/ur_dashboard_msgs/ur_dashboard_msgs/srv/is_program_running.hpp
[6.633s] -- Up-to-date: /home/habibahassan/project/install/ur_dashboard_msgs/include/ur_dashboard_msgs/ur_dashboard_msgs/srv/get_program_state.hpp
[6.633s] -- Up-to-date: /home/habibahassan/project/install/ur_dashboard_msgs/include/ur_dashboard_msgs/ur_dashboard_msgs/srv/raw_request.hpp
[6.633s] -- Up-to-date: /home/habibahassan/project/install/ur_dashboard_msgs/include/ur_dashboard_msgs/ur_dashboard_msgs/srv/is_program_saved.hpp
[6.633s] -- Up-to-date: /home/habibahassan/project/install/ur_dashboard_msgs/include/ur_dashboard_msgs/ur_dashboard_msgs/srv/popup.hpp
[6.633s] -- Up-to-date: /home/habibahassan/project/install/ur_dashboard_msgs/include/ur_dashboard_msgs/ur_dashboard_msgs/srv/get_loaded_program.hpp
[6.633s] -- Up-to-date: /home/habibahassan/project/install/ur_dashboard_msgs/include/ur_dashboard_msgs/ur_dashboard_msgs/srv/add_to_log.hpp
[6.634s] -- Up-to-date: /home/habibahassan/project/install/ur_dashboard_msgs/include/ur_dashboard_msgs/ur_dashboard_msgs/srv/detail
[6.634s] -- Up-to-date: /home/habibahassan/project/install/ur_dashboard_msgs/include/ur_dashboard_msgs/ur_dashboard_msgs/srv/detail/get_loaded_program__traits.hpp
[6.634s] -- Up-to-date: /home/habibahassan/project/install/ur_dashboard_msgs/include/ur_dashboard_msgs/ur_dashboard_msgs/srv/detail/get_safety_mode__builder.hpp
[6.634s] -- Up-to-date: /home/habibahassan/project/install/ur_dashboard_msgs/include/ur_dashboard_msgs/ur_dashboard_msgs/srv/detail/get_safety_mode__traits.hpp
[6.634s] -- Up-to-date: /home/habibahassan/project/install/ur_dashboard_msgs/include/ur_dashboard_msgs/ur_dashboard_msgs/srv/detail/get_loaded_program__type_support.hpp
[6.634s] -- Up-to-date: /home/habibahassan/project/install/ur_dashboard_msgs/include/ur_dashboard_msgs/ur_dashboard_msgs/srv/detail/add_to_log__type_support.hpp
[6.635s] -- Up-to-date: /home/habibahassan/project/install/ur_dashboard_msgs/include/ur_dashboard_msgs/ur_dashboard_msgs/srv/detail/get_robot_mode__struct.hpp
[6.635s] -- Up-to-date: /home/habibahassan/project/install/ur_dashboard_msgs/include/ur_dashboard_msgs/ur_dashboard_msgs/srv/detail/add_to_log__traits.hpp
[6.635s] -- Up-to-date: /home/habibahassan/project/install/ur_dashboard_msgs/include/ur_dashboard_msgs/ur_dashboard_msgs/srv/detail/popup__type_support.hpp
[6.635s] -- Up-to-date: /home/habibahassan/project/install/ur_dashboard_msgs/include/ur_dashboard_msgs/ur_dashboard_msgs/srv/detail/load__type_support.hpp
[6.635s] -- Up-to-date: /home/habibahassan/project/install/ur_dashboard_msgs/include/ur_dashboard_msgs/ur_dashboard_msgs/srv/detail/is_program_saved__builder.hpp
[6.637s] -- Up-to-date: /home/habibahassan/project/install/ur_dashboard_msgs/include/ur_dashboard_msgs/ur_dashboard_msgs/srv/detail/is_program_running__traits.hpp
[6.637s] -- Up-to-date: /home/habibahassan/project/install/ur_dashboard_msgs/include/ur_dashboard_msgs/ur_dashboard_msgs/srv/detail/popup__traits.hpp
[6.637s] -- Up-to-date: /home/habibahassan/project/install/ur_dashboard_msgs/include/ur_dashboard_msgs/ur_dashboard_msgs/srv/detail/get_safety_mode__struct.hpp
[6.638s] -- Up-to-date: /home/habibahassan/project/install/ur_dashboard_msgs/include/ur_dashboard_msgs/ur_dashboard_msgs/srv/detail/is_program_running__type_support.hpp
[6.638s] -- Up-to-date: /home/habibahassan/project/install/ur_dashboard_msgs/include/ur_dashboard_msgs/ur_dashboard_msgs/srv/detail/is_program_running__struct.hpp
[6.638s] -- Up-to-date: /home/habibahassan/project/install/ur_dashboard_msgs/include/ur_dashboard_msgs/ur_dashboard_msgs/srv/detail/get_program_state__builder.hpp
[6.638s] -- Up-to-date: /home/habibahassan/project/install/ur_dashboard_msgs/include/ur_dashboard_msgs/ur_dashboard_msgs/srv/detail/get_robot_mode__traits.hpp
[6.638s] -- Up-to-date: /home/habibahassan/project/install/ur_dashboard_msgs/include/ur_dashboard_msgs/ur_dashboard_msgs/srv/detail/is_program_running__builder.hpp
[6.639s] -- Up-to-date: /home/habibahassan/project/install/ur_dashboard_msgs/include/ur_dashboard_msgs/ur_dashboard_msgs/srv/detail/load__struct.hpp
[6.639s] -- Up-to-date: /home/habibahassan/project/install/ur_dashboard_msgs/include/ur_dashboard_msgs/ur_dashboard_msgs/srv/detail/raw_request__traits.hpp
[6.639s] -- Up-to-date: /home/habibahassan/project/install/ur_dashboard_msgs/include/ur_dashboard_msgs/ur_dashboard_msgs/srv/detail/get_safety_mode__type_support.hpp
[6.639s] -- Up-to-date: /home/habibahassan/project/install/ur_dashboard_msgs/include/ur_dashboard_msgs/ur_dashboard_msgs/srv/detail/load__builder.hpp
[6.639s] -- Up-to-date: /home/habibahassan/project/install/ur_dashboard_msgs/include/ur_dashboard_msgs/ur_dashboard_msgs/srv/detail/is_program_saved__struct.hpp
[6.639s] -- Up-to-date: /home/habibahassan/project/install/ur_dashboard_msgs/include/ur_dashboard_msgs/ur_dashboard_msgs/srv/detail/raw_request__type_support.hpp
[6.640s] -- Up-to-date: /home/habibahassan/project/install/ur_dashboard_msgs/include/ur_dashboard_msgs/ur_dashboard_msgs/srv/detail/is_program_saved__type_support.hpp
[6.640s] -- Up-to-date: /home/habibahassan/project/install/ur_dashboard_msgs/include/ur_dashboard_msgs/ur_dashboard_msgs/srv/detail/add_to_log__struct.hpp
[6.640s] -- Up-to-date: /home/habibahassan/project/install/ur_dashboard_msgs/include/ur_dashboard_msgs/ur_dashboard_msgs/srv/detail/get_loaded_program__struct.hpp
[6.640s] -- Up-to-date: /home/habibahassan/project/install/ur_dashboard_msgs/include/ur_dashboard_msgs/ur_dashboard_msgs/srv/detail/raw_request__builder.hpp
[6.640s] -- Up-to-date: /home/habibahassan/project/install/ur_dashboard_msgs/include/ur_dashboard_msgs/ur_dashboard_msgs/srv/detail/popup__struct.hpp
[6.640s] -- Up-to-date: /home/habibahassan/project/install/ur_dashboard_msgs/include/ur_dashboard_msgs/ur_dashboard_msgs/srv/detail/get_program_state__struct.hpp
[6.641s] -- Up-to-date: /home/habibahassan/project/install/ur_dashboard_msgs/include/ur_dashboard_msgs/ur_dashboard_msgs/srv/detail/raw_request__struct.hpp
[6.641s] -- Up-to-date: /home/habibahassan/project/install/ur_dashboard_msgs/include/ur_dashboard_msgs/ur_dashboard_msgs/srv/detail/is_program_saved__traits.hpp
[6.641s] -- Up-to-date: /home/habibahassan/project/install/ur_dashboard_msgs/include/ur_dashboard_msgs/ur_dashboard_msgs/srv/detail/add_to_log__builder.hpp
[6.641s] -- Up-to-date: /home/habibahassan/project/install/ur_dashboard_msgs/include/ur_dashboard_msgs/ur_dashboard_msgs/srv/detail/popup__builder.hpp
[6.641s] -- Up-to-date: /home/habibahassan/project/install/ur_dashboard_msgs/include/ur_dashboard_msgs/ur_dashboard_msgs/srv/detail/load__traits.hpp
[6.641s] -- Up-to-date: /home/habibahassan/project/install/ur_dashboard_msgs/include/ur_dashboard_msgs/ur_dashboard_msgs/srv/detail/get_program_state__type_support.hpp
[6.642s] -- Up-to-date: /home/habibahassan/project/install/ur_dashboard_msgs/include/ur_dashboard_msgs/ur_dashboard_msgs/srv/detail/get_loaded_program__builder.hpp
[6.642s] -- Up-to-date: /home/habibahassan/project/install/ur_dashboard_msgs/include/ur_dashboard_msgs/ur_dashboard_msgs/srv/detail/get_robot_mode__type_support.hpp
[6.642s] -- Up-to-date: /home/habibahassan/project/install/ur_dashboard_msgs/include/ur_dashboard_msgs/ur_dashboard_msgs/srv/detail/get_robot_mode__builder.hpp
[6.642s] -- Up-to-date: /home/habibahassan/project/install/ur_dashboard_msgs/include/ur_dashboard_msgs/ur_dashboard_msgs/srv/detail/get_program_state__traits.hpp
[6.642s] -- Up-to-date: /home/habibahassan/project/install/ur_dashboard_msgs/include/ur_dashboard_msgs/ur_dashboard_msgs/srv/get_robot_mode.hpp
[6.643s] -- Up-to-date: /home/habibahassan/project/install/ur_dashboard_msgs/include/ur_dashboard_msgs/ur_dashboard_msgs/srv/load.hpp
[6.643s] -- Up-to-date: /home/habibahassan/project/install/ur_dashboard_msgs/include/ur_dashboard_msgs/ur_dashboard_msgs/srv/get_safety_mode.hpp
[6.643s] -- Up-to-date: /home/habibahassan/project/install/ur_dashboard_msgs/include/ur_dashboard_msgs/ur_dashboard_msgs/action
[6.643s] -- Up-to-date: /home/habibahassan/project/install/ur_dashboard_msgs/include/ur_dashboard_msgs/ur_dashboard_msgs/action/set_mode.hpp
[6.643s] -- Up-to-date: /home/habibahassan/project/install/ur_dashboard_msgs/include/ur_dashboard_msgs/ur_dashboard_msgs/action/detail
[6.643s] -- Up-to-date: /home/habibahassan/project/install/ur_dashboard_msgs/include/ur_dashboard_msgs/ur_dashboard_msgs/action/detail/set_mode__type_support.hpp
[6.644s] -- Up-to-date: /home/habibahassan/project/install/ur_dashboard_msgs/include/ur_dashboard_msgs/ur_dashboard_msgs/action/detail/set_mode__builder.hpp
[6.644s] -- Up-to-date: /home/habibahassan/project/install/ur_dashboard_msgs/include/ur_dashboard_msgs/ur_dashboard_msgs/action/detail/set_mode__struct.hpp
[6.644s] -- Up-to-date: /home/habibahassan/project/install/ur_dashboard_msgs/include/ur_dashboard_msgs/ur_dashboard_msgs/action/detail/set_mode__traits.hpp
[6.644s] -- Up-to-date: /home/habibahassan/project/install/ur_dashboard_msgs/include/ur_dashboard_msgs/ur_dashboard_msgs/msg
[6.644s] -- Up-to-date: /home/habibahassan/project/install/ur_dashboard_msgs/include/ur_dashboard_msgs/ur_dashboard_msgs/msg/robot_mode.hpp
[6.645s] -- Up-to-date: /home/habibahassan/project/install/ur_dashboard_msgs/include/ur_dashboard_msgs/ur_dashboard_msgs/msg/program_state.hpp
[6.645s] -- Up-to-date: /home/habibahassan/project/install/ur_dashboard_msgs/include/ur_dashboard_msgs/ur_dashboard_msgs/msg/rosidl_generator_cpp__visibility_control.hpp
[6.646s] -- Up-to-date: /home/habibahassan/project/install/ur_dashboard_msgs/include/ur_dashboard_msgs/ur_dashboard_msgs/msg/detail
[6.646s] -- Up-to-date: /home/habibahassan/project/install/ur_dashboard_msgs/include/ur_dashboard_msgs/ur_dashboard_msgs/msg/detail/safety_mode__traits.hpp
[6.646s] -- Up-to-date: /home/habibahassan/project/install/ur_dashboard_msgs/include/ur_dashboard_msgs/ur_dashboard_msgs/msg/detail/program_state__type_support.hpp
[6.646s] -- Up-to-date: /home/habibahassan/project/install/ur_dashboard_msgs/include/ur_dashboard_msgs/ur_dashboard_msgs/msg/detail/safety_mode__builder.hpp
[6.646s] -- Up-to-date: /home/habibahassan/project/install/ur_dashboard_msgs/include/ur_dashboard_msgs/ur_dashboard_msgs/msg/detail/program_state__traits.hpp
[6.646s] -- Up-to-date: /home/habibahassan/project/install/ur_dashboard_msgs/include/ur_dashboard_msgs/ur_dashboard_msgs/msg/detail/robot_mode__traits.hpp
[6.647s] -- Up-to-date: /home/habibahassan/project/install/ur_dashboard_msgs/include/ur_dashboard_msgs/ur_dashboard_msgs/msg/detail/safety_mode__type_support.hpp
[6.647s] -- Up-to-date: /home/habibahassan/project/install/ur_dashboard_msgs/include/ur_dashboard_msgs/ur_dashboard_msgs/msg/detail/robot_mode__struct.hpp
[6.647s] -- Up-to-date: /home/habibahassan/project/install/ur_dashboard_msgs/include/ur_dashboard_msgs/ur_dashboard_msgs/msg/detail/robot_mode__builder.hpp
[6.647s] -- Up-to-date: /home/habibahassan/project/install/ur_dashboard_msgs/include/ur_dashboard_msgs/ur_dashboard_msgs/msg/detail/program_state__struct.hpp
[6.647s] -- Up-to-date: /home/habibahassan/project/install/ur_dashboard_msgs/include/ur_dashboard_msgs/ur_dashboard_msgs/msg/detail/program_state__builder.hpp
[6.648s] -- Up-to-date: /home/habibahassan/project/install/ur_dashboard_msgs/include/ur_dashboard_msgs/ur_dashboard_msgs/msg/detail/safety_mode__struct.hpp
[6.648s] -- Up-to-date: /home/habibahassan/project/install/ur_dashboard_msgs/include/ur_dashboard_msgs/ur_dashboard_msgs/msg/detail/robot_mode__type_support.hpp
[6.648s] -- Up-to-date: /home/habibahassan/project/install/ur_dashboard_msgs/include/ur_dashboard_msgs/ur_dashboard_msgs/msg/safety_mode.hpp
[6.648s] -- Up-to-date: /home/habibahassan/project/install/ur_dashboard_msgs/include/ur_dashboard_msgs/ur_dashboard_msgs
[6.649s] -- Up-to-date: /home/habibahassan/project/install/ur_dashboard_msgs/include/ur_dashboard_msgs/ur_dashboard_msgs/srv
[6.649s] -- Up-to-date: /home/habibahassan/project/install/ur_dashboard_msgs/include/ur_dashboard_msgs/ur_dashboard_msgs/srv/detail
[6.649s] -- Up-to-date: /home/habibahassan/project/install/ur_dashboard_msgs/include/ur_dashboard_msgs/ur_dashboard_msgs/srv/detail/load__rosidl_typesupport_fastrtps_cpp.hpp
[6.649s] -- Up-to-date: /home/habibahassan/project/install/ur_dashboard_msgs/include/ur_dashboard_msgs/ur_dashboard_msgs/srv/detail/get_safety_mode__rosidl_typesupport_fastrtps_cpp.hpp
[6.649s] -- Up-to-date: /home/habibahassan/project/install/ur_dashboard_msgs/include/ur_dashboard_msgs/ur_dashboard_msgs/srv/detail/get_loaded_program__rosidl_typesupport_fastrtps_cpp.hpp
[6.649s] -- Up-to-date: /home/habibahassan/project/install/ur_dashboard_msgs/include/ur_dashboard_msgs/ur_dashboard_msgs/srv/detail/get_program_state__rosidl_typesupport_fastrtps_cpp.hpp
[6.650s] -- Up-to-date: /home/habibahassan/project/install/ur_dashboard_msgs/include/ur_dashboard_msgs/ur_dashboard_msgs/srv/detail/is_program_saved__rosidl_typesupport_fastrtps_cpp.hpp
[6.650s] -- Up-to-date: /home/habibahassan/project/install/ur_dashboard_msgs/include/ur_dashboard_msgs/ur_dashboard_msgs/srv/detail/raw_request__rosidl_typesupport_fastrtps_cpp.hpp
[6.650s] -- Up-to-date: /home/habibahassan/project/install/ur_dashboard_msgs/include/ur_dashboard_msgs/ur_dashboard_msgs/srv/detail/get_robot_mode__rosidl_typesupport_fastrtps_cpp.hpp
[6.650s] -- Up-to-date: /home/habibahassan/project/install/ur_dashboard_msgs/include/ur_dashboard_msgs/ur_dashboard_msgs/srv/detail/popup__rosidl_typesupport_fastrtps_cpp.hpp
[6.651s] -- Up-to-date: /home/habibahassan/project/install/ur_dashboard_msgs/include/ur_dashboard_msgs/ur_dashboard_msgs/srv/detail/add_to_log__rosidl_typesupport_fastrtps_cpp.hpp
[6.651s] -- Up-to-date: /home/habibahassan/project/install/ur_dashboard_msgs/include/ur_dashboard_msgs/ur_dashboard_msgs/srv/detail/dds_fastrtps
[6.651s] -- Up-to-date: /home/habibahassan/project/install/ur_dashboard_msgs/include/ur_dashboard_msgs/ur_dashboard_msgs/srv/detail/is_program_running__rosidl_typesupport_fastrtps_cpp.hpp
[6.651s] -- Up-to-date: /home/habibahassan/project/install/ur_dashboard_msgs/include/ur_dashboard_msgs/ur_dashboard_msgs/action
[6.651s] -- Up-to-date: /home/habibahassan/project/install/ur_dashboard_msgs/include/ur_dashboard_msgs/ur_dashboard_msgs/action/detail
[6.652s] -- Up-to-date: /home/habibahassan/project/install/ur_dashboard_msgs/include/ur_dashboard_msgs/ur_dashboard_msgs/action/detail/set_mode__rosidl_typesupport_fastrtps_cpp.hpp
[6.652s] -- Up-to-date: /home/habibahassan/project/install/ur_dashboard_msgs/include/ur_dashboard_msgs/ur_dashboard_msgs/action/detail/dds_fastrtps
[6.652s] -- Up-to-date: /home/habibahassan/project/install/ur_dashboard_msgs/include/ur_dashboard_msgs/ur_dashboard_msgs/msg
[6.652s] -- Up-to-date: /home/habibahassan/project/install/ur_dashboard_msgs/include/ur_dashboard_msgs/ur_dashboard_msgs/msg/rosidl_typesupport_fastrtps_cpp__visibility_control.h
[6.653s] -- Up-to-date: /home/habibahassan/project/install/ur_dashboard_msgs/include/ur_dashboard_msgs/ur_dashboard_msgs/msg/detail
[6.653s] -- Up-to-date: /home/habibahassan/project/install/ur_dashboard_msgs/include/ur_dashboard_msgs/ur_dashboard_msgs/msg/detail/program_state__rosidl_typesupport_fastrtps_cpp.hpp
[6.654s] -- Up-to-date: /home/habibahassan/project/install/ur_dashboard_msgs/include/ur_dashboard_msgs/ur_dashboard_msgs/msg/detail/robot_mode__rosidl_typesupport_fastrtps_cpp.hpp
[6.654s] -- Up-to-date: /home/habibahassan/project/install/ur_dashboard_msgs/include/ur_dashboard_msgs/ur_dashboard_msgs/msg/detail/dds_fastrtps
[6.655s] -- Up-to-date: /home/habibahassan/project/install/ur_dashboard_msgs/include/ur_dashboard_msgs/ur_dashboard_msgs/msg/detail/safety_mode__rosidl_typesupport_fastrtps_cpp.hpp
[6.655s] -- Up-to-date: /home/habibahassan/project/install/ur_dashboard_msgs/lib/libur_dashboard_msgs__rosidl_typesupport_fastrtps_cpp.so
[6.655s] -- Up-to-date: /home/habibahassan/project/install/ur_dashboard_msgs/include/ur_dashboard_msgs/ur_dashboard_msgs
[6.676s] -- Up-to-date: /home/habibahassan/project/install/ur_dashboard_msgs/include/ur_dashboard_msgs/ur_dashboard_msgs/srv
[6.676s] -- Up-to-date: /home/habibahassan/project/install/ur_dashboard_msgs/include/ur_dashboard_msgs/ur_dashboard_msgs/srv/detail
[6.676s] -- Up-to-date: /home/habibahassan/project/install/ur_dashboard_msgs/include/ur_dashboard_msgs/ur_dashboard_msgs/srv/detail/raw_request__type_support.cpp
[6.677s] -- Up-to-date: /home/habibahassan/project/install/ur_dashboard_msgs/include/ur_dashboard_msgs/ur_dashboard_msgs/srv/detail/get_program_state__rosidl_typesupport_introspection_cpp.hpp
[6.677s] -- Up-to-date: /home/habibahassan/project/install/ur_dashboard_msgs/include/ur_dashboard_msgs/ur_dashboard_msgs/srv/detail/is_program_running__rosidl_typesupport_introspection_cpp.hpp
[6.677s] -- Up-to-date: /home/habibahassan/project/install/ur_dashboard_msgs/include/ur_dashboard_msgs/ur_dashboard_msgs/srv/detail/is_program_saved__type_support.cpp
[6.677s] -- Up-to-date: /home/habibahassan/project/install/ur_dashboard_msgs/include/ur_dashboard_msgs/ur_dashboard_msgs/srv/detail/is_program_saved__rosidl_typesupport_introspection_cpp.hpp
[6.677s] -- Up-to-date: /home/habibahassan/project/install/ur_dashboard_msgs/include/ur_dashboard_msgs/ur_dashboard_msgs/srv/detail/raw_request__rosidl_typesupport_introspection_cpp.hpp
[6.677s] -- Up-to-date: /home/habibahassan/project/install/ur_dashboard_msgs/include/ur_dashboard_msgs/ur_dashboard_msgs/srv/detail/load__rosidl_typesupport_introspection_cpp.hpp
[6.678s] -- Up-to-date: /home/habibahassan/project/install/ur_dashboard_msgs/include/ur_dashboard_msgs/ur_dashboard_msgs/srv/detail/add_to_log__rosidl_typesupport_introspection_cpp.hpp
[6.678s] -- Up-to-date: /home/habibahassan/project/install/ur_dashboard_msgs/include/ur_dashboard_msgs/ur_dashboard_msgs/srv/detail/add_to_log__type_support.cpp
[6.678s] -- Up-to-date: /home/habibahassan/project/install/ur_dashboard_msgs/include/ur_dashboard_msgs/ur_dashboard_msgs/srv/detail/get_robot_mode__type_support.cpp
[6.678s] -- Up-to-date: /home/habibahassan/project/install/ur_dashboard_msgs/include/ur_dashboard_msgs/ur_dashboard_msgs/srv/detail/load__type_support.cpp
[6.679s] -- Up-to-date: /home/habibahassan/project/install/ur_dashboard_msgs/include/ur_dashboard_msgs/ur_dashboard_msgs/srv/detail/get_loaded_program__rosidl_typesupport_introspection_cpp.hpp
[6.679s] -- Up-to-date: /home/habibahassan/project/install/ur_dashboard_msgs/include/ur_dashboard_msgs/ur_dashboard_msgs/srv/detail/is_program_running__type_support.cpp
[6.679s] -- Up-to-date: /home/habibahassan/project/install/ur_dashboard_msgs/include/ur_dashboard_msgs/ur_dashboard_msgs/srv/detail/get_robot_mode__rosidl_typesupport_introspection_cpp.hpp
[6.679s] -- Up-to-date: /home/habibahassan/project/install/ur_dashboard_msgs/include/ur_dashboard_msgs/ur_dashboard_msgs/srv/detail/popup__rosidl_typesupport_introspection_cpp.hpp
[6.679s] -- Up-to-date: /home/habibahassan/project/install/ur_dashboard_msgs/include/ur_dashboard_msgs/ur_dashboard_msgs/srv/detail/popup__type_support.cpp
[6.680s] -- Up-to-date: /home/habibahassan/project/install/ur_dashboard_msgs/include/ur_dashboard_msgs/ur_dashboard_msgs/srv/detail/get_safety_mode__type_support.cpp
[6.681s] -- Up-to-date: /home/habibahassan/project/install/ur_dashboard_msgs/include/ur_dashboard_msgs/ur_dashboard_msgs/srv/detail/get_program_state__type_support.cpp
[6.681s] -- Up-to-date: /home/habibahassan/project/install/ur_dashboard_msgs/include/ur_dashboard_msgs/ur_dashboard_msgs/srv/detail/get_safety_mode__rosidl_typesupport_introspection_cpp.hpp
[6.681s] -- Up-to-date: /home/habibahassan/project/install/ur_dashboard_msgs/include/ur_dashboard_msgs/ur_dashboard_msgs/srv/detail/get_loaded_program__type_support.cpp
[6.681s] -- Up-to-date: /home/habibahassan/project/install/ur_dashboard_msgs/include/ur_dashboard_msgs/ur_dashboard_msgs/action
[6.681s] -- Up-to-date: /home/habibahassan/project/install/ur_dashboard_msgs/include/ur_dashboard_msgs/ur_dashboard_msgs/action/detail
[6.682s] -- Up-to-date: /home/habibahassan/project/install/ur_dashboard_msgs/include/ur_dashboard_msgs/ur_dashboard_msgs/action/detail/set_mode__rosidl_typesupport_introspection_cpp.hpp
[6.682s] -- Up-to-date: /home/habibahassan/project/install/ur_dashboard_msgs/include/ur_dashboard_msgs/ur_dashboard_msgs/action/detail/set_mode__type_support.cpp
[6.682s] -- Up-to-date: /home/habibahassan/project/install/ur_dashboard_msgs/include/ur_dashboard_msgs/ur_dashboard_msgs/msg
[6.682s] -- Up-to-date: /home/habibahassan/project/install/ur_dashboard_msgs/include/ur_dashboard_msgs/ur_dashboard_msgs/msg/detail
[6.682s] -- Up-to-date: /home/habibahassan/project/install/ur_dashboard_msgs/include/ur_dashboard_msgs/ur_dashboard_msgs/msg/detail/program_state__type_support.cpp
[6.682s] -- Up-to-date: /home/habibahassan/project/install/ur_dashboard_msgs/include/ur_dashboard_msgs/ur_dashboard_msgs/msg/detail/safety_mode__type_support.cpp
[6.682s] -- Up-to-date: /home/habibahassan/project/install/ur_dashboard_msgs/include/ur_dashboard_msgs/ur_dashboard_msgs/msg/detail/program_state__rosidl_typesupport_introspection_cpp.hpp
[6.683s] -- Up-to-date: /home/habibahassan/project/install/ur_dashboard_msgs/include/ur_dashboard_msgs/ur_dashboard_msgs/msg/detail/robot_mode__type_support.cpp
[6.683s] -- Up-to-date: /home/habibahassan/project/install/ur_dashboard_msgs/include/ur_dashboard_msgs/ur_dashboard_msgs/msg/detail/robot_mode__rosidl_typesupport_introspection_cpp.hpp
[6.683s] -- Up-to-date: /home/habibahassan/project/install/ur_dashboard_msgs/include/ur_dashboard_msgs/ur_dashboard_msgs/msg/detail/safety_mode__rosidl_typesupport_introspection_cpp.hpp
[6.683s] -- Up-to-date: /home/habibahassan/project/install/ur_dashboard_msgs/lib/libur_dashboard_msgs__rosidl_typesupport_introspection_cpp.so
[6.683s] -- Up-to-date: /home/habibahassan/project/install/ur_dashboard_msgs/lib/libur_dashboard_msgs__rosidl_typesupport_cpp.so
[6.684s] -- Up-to-date: /home/habibahassan/project/install/ur_dashboard_msgs/share/ur_dashboard_msgs/environment/pythonpath.sh
[6.684s] -- Up-to-date: /home/habibahassan/project/install/ur_dashboard_msgs/share/ur_dashboard_msgs/environment/pythonpath.dsv
[6.685s] -- Up-to-date: /home/habibahassan/project/install/ur_dashboard_msgs/lib/python3.12/site-packages/ur_dashboard_msgs-3.1.1-py3.12.egg-info
[6.686s] -- Installing: /home/habibahassan/project/install/ur_dashboard_msgs/lib/python3.12/site-packages/ur_dashboard_msgs-3.1.1-py3.12.egg-info/SOURCES.txt
[6.686s] -- Installing: /home/habibahassan/project/install/ur_dashboard_msgs/lib/python3.12/site-packages/ur_dashboard_msgs-3.1.1-py3.12.egg-info/top_level.txt
[6.687s] -- Installing: /home/habibahassan/project/install/ur_dashboard_msgs/lib/python3.12/site-packages/ur_dashboard_msgs-3.1.1-py3.12.egg-info/dependency_links.txt
[6.689s] -- Installing: /home/habibahassan/project/install/ur_dashboard_msgs/lib/python3.12/site-packages/ur_dashboard_msgs-3.1.1-py3.12.egg-info/PKG-INFO
[6.689s] -- Up-to-date: /home/habibahassan/project/install/ur_dashboard_msgs/lib/python3.12/site-packages/ur_dashboard_msgs
[6.690s] -- Up-to-date: /home/habibahassan/project/install/ur_dashboard_msgs/lib/python3.12/site-packages/ur_dashboard_msgs/srv
[6.690s] -- Up-to-date: /home/habibahassan/project/install/ur_dashboard_msgs/lib/python3.12/site-packages/ur_dashboard_msgs/srv/_is_program_running.py
[6.690s] -- Up-to-date: /home/habibahassan/project/install/ur_dashboard_msgs/lib/python3.12/site-packages/ur_dashboard_msgs/srv/_get_robot_mode.py
[6.691s] -- Up-to-date: /home/habibahassan/project/install/ur_dashboard_msgs/lib/python3.12/site-packages/ur_dashboard_msgs/srv/_popup.py
[6.691s] -- Up-to-date: /home/habibahassan/project/install/ur_dashboard_msgs/lib/python3.12/site-packages/ur_dashboard_msgs/srv/__init__.py
[6.691s] -- Up-to-date: /home/habibahassan/project/install/ur_dashboard_msgs/lib/python3.12/site-packages/ur_dashboard_msgs/srv/_load.py
[6.692s] -- Up-to-date: /home/habibahassan/project/install/ur_dashboard_msgs/lib/python3.12/site-packages/ur_dashboard_msgs/srv/_get_program_state_s.c
[6.692s] -- Up-to-date: /home/habibahassan/project/install/ur_dashboard_msgs/lib/python3.12/site-packages/ur_dashboard_msgs/srv/_get_loaded_program.py
[6.692s] -- Up-to-date: /home/habibahassan/project/install/ur_dashboard_msgs/lib/python3.12/site-packages/ur_dashboard_msgs/srv/_get_robot_mode_s.c
[6.693s] -- Up-to-date: /home/habibahassan/project/install/ur_dashboard_msgs/lib/python3.12/site-packages/ur_dashboard_msgs/srv/_get_loaded_program_s.c
[6.693s] -- Up-to-date: /home/habibahassan/project/install/ur_dashboard_msgs/lib/python3.12/site-packages/ur_dashboard_msgs/srv/_is_program_running_s.c
[6.693s] -- Up-to-date: /home/habibahassan/project/install/ur_dashboard_msgs/lib/python3.12/site-packages/ur_dashboard_msgs/srv/_add_to_log.py
[6.694s] -- Up-to-date: /home/habibahassan/project/install/ur_dashboard_msgs/lib/python3.12/site-packages/ur_dashboard_msgs/srv/_get_program_state.py
[6.694s] -- Up-to-date: /home/habibahassan/project/install/ur_dashboard_msgs/lib/python3.12/site-packages/ur_dashboard_msgs/srv/_load_s.c
[6.695s] -- Up-to-date: /home/habibahassan/project/install/ur_dashboard_msgs/lib/python3.12/site-packages/ur_dashboard_msgs/srv/_popup_s.c
[6.695s] -- Up-to-date: /home/habibahassan/project/install/ur_dashboard_msgs/lib/python3.12/site-packages/ur_dashboard_msgs/srv/_get_safety_mode_s.c
[6.695s] -- Up-to-date: /home/habibahassan/project/install/ur_dashboard_msgs/lib/python3.12/site-packages/ur_dashboard_msgs/srv/_is_program_saved.py
[6.696s] -- Up-to-date: /home/habibahassan/project/install/ur_dashboard_msgs/lib/python3.12/site-packages/ur_dashboard_msgs/srv/_is_program_saved_s.c
[6.697s] -- Up-to-date: /home/habibahassan/project/install/ur_dashboard_msgs/lib/python3.12/site-packages/ur_dashboard_msgs/srv/_get_safety_mode.py
[6.697s] -- Up-to-date: /home/habibahassan/project/install/ur_dashboard_msgs/lib/python3.12/site-packages/ur_dashboard_msgs/srv/_raw_request_s.c
[6.697s] -- Up-to-date: /home/habibahassan/project/install/ur_dashboard_msgs/lib/python3.12/site-packages/ur_dashboard_msgs/srv/_add_to_log_s.c
[6.698s] -- Up-to-date: /home/habibahassan/project/install/ur_dashboard_msgs/lib/python3.12/site-packages/ur_dashboard_msgs/srv/_raw_request.py
[6.698s] -- Up-to-date: /home/habibahassan/project/install/ur_dashboard_msgs/lib/python3.12/site-packages/ur_dashboard_msgs/_ur_dashboard_msgs_s.ep.rosidl_typesupport_fastrtps_c.c
[6.698s] -- Up-to-date: /home/habibahassan/project/install/ur_dashboard_msgs/lib/python3.12/site-packages/ur_dashboard_msgs/action
[6.699s] -- Up-to-date: /home/habibahassan/project/install/ur_dashboard_msgs/lib/python3.12/site-packages/ur_dashboard_msgs/action/__init__.py
[6.699s] -- Up-to-date: /home/habibahassan/project/install/ur_dashboard_msgs/lib/python3.12/site-packages/ur_dashboard_msgs/action/_set_mode.py
[6.699s] -- Up-to-date: /home/habibahassan/project/install/ur_dashboard_msgs/lib/python3.12/site-packages/ur_dashboard_msgs/action/_set_mode_s.c
[6.700s] -- Up-to-date: /home/habibahassan/project/install/ur_dashboard_msgs/lib/python3.12/site-packages/ur_dashboard_msgs/__init__.py
[6.700s] -- Up-to-date: /home/habibahassan/project/install/ur_dashboard_msgs/lib/python3.12/site-packages/ur_dashboard_msgs/ur_dashboard_msgs_s__rosidl_typesupport_c.so
[6.700s] -- Up-to-date: /home/habibahassan/project/install/ur_dashboard_msgs/lib/python3.12/site-packages/ur_dashboard_msgs/_ur_dashboard_msgs_s.ep.rosidl_typesupport_introspection_c.c
[6.701s] -- Up-to-date: /home/habibahassan/project/install/ur_dashboard_msgs/lib/python3.12/site-packages/ur_dashboard_msgs/_ur_dashboard_msgs_s.ep.rosidl_typesupport_c.c
[6.701s] -- Up-to-date: /home/habibahassan/project/install/ur_dashboard_msgs/lib/python3.12/site-packages/ur_dashboard_msgs/msg
[6.701s] -- Up-to-date: /home/habibahassan/project/install/ur_dashboard_msgs/lib/python3.12/site-packages/ur_dashboard_msgs/msg/_robot_mode.py
[6.702s] -- Up-to-date: /home/habibahassan/project/install/ur_dashboard_msgs/lib/python3.12/site-packages/ur_dashboard_msgs/msg/__init__.py
[6.702s] -- Up-to-date: /home/habibahassan/project/install/ur_dashboard_msgs/lib/python3.12/site-packages/ur_dashboard_msgs/msg/_program_state.py
[6.702s] -- Up-to-date: /home/habibahassan/project/install/ur_dashboard_msgs/lib/python3.12/site-packages/ur_dashboard_msgs/msg/_safety_mode.py
[6.703s] -- Up-to-date: /home/habibahassan/project/install/ur_dashboard_msgs/lib/python3.12/site-packages/ur_dashboard_msgs/msg/_robot_mode_s.c
[6.703s] -- Up-to-date: /home/habibahassan/project/install/ur_dashboard_msgs/lib/python3.12/site-packages/ur_dashboard_msgs/msg/_safety_mode_s.c
[6.704s] -- Up-to-date: /home/habibahassan/project/install/ur_dashboard_msgs/lib/python3.12/site-packages/ur_dashboard_msgs/msg/_program_state_s.c
[6.704s] -- Up-to-date: /home/habibahassan/project/install/ur_dashboard_msgs/lib/python3.12/site-packages/ur_dashboard_msgs/ur_dashboard_msgs_s__rosidl_typesupport_fastrtps_c.so
[6.705s] -- Up-to-date: /home/habibahassan/project/install/ur_dashboard_msgs/lib/python3.12/site-packages/ur_dashboard_msgs/ur_dashboard_msgs_s__rosidl_typesupport_introspection_c.so
[6.722s] Listing '/home/habibahassan/project/install/ur_dashboard_msgs/lib/python3.12/site-packages/ur_dashboard_msgs'...
[6.722s] Listing '/home/habibahassan/project/install/ur_dashboard_msgs/lib/python3.12/site-packages/ur_dashboard_msgs/action'...
[6.723s] Listing '/home/habibahassan/project/install/ur_dashboard_msgs/lib/python3.12/site-packages/ur_dashboard_msgs/msg'...
[6.723s] Listing '/home/habibahassan/project/install/ur_dashboard_msgs/lib/python3.12/site-packages/ur_dashboard_msgs/srv'...
[6.726s] -- Up-to-date: /home/habibahassan/project/install/ur_dashboard_msgs/lib/python3.12/site-packages/ur_dashboard_msgs/ur_dashboard_msgs_s__rosidl_typesupport_fastrtps_c.so
[6.726s] -- Up-to-date: /home/habibahassan/project/install/ur_dashboard_msgs/lib/python3.12/site-packages/ur_dashboard_msgs/ur_dashboard_msgs_s__rosidl_typesupport_introspection_c.so
[6.727s] -- Up-to-date: /home/habibahassan/project/install/ur_dashboard_msgs/lib/python3.12/site-packages/ur_dashboard_msgs/ur_dashboard_msgs_s__rosidl_typesupport_c.so
[6.728s] -- Up-to-date: /home/habibahassan/project/install/ur_dashboard_msgs/lib/libur_dashboard_msgs__rosidl_generator_py.so
[6.729s] -- Up-to-date: /home/habibahassan/project/install/ur_dashboard_msgs/share/ur_dashboard_msgs/msg/ProgramState.idl
[6.730s] -- Up-to-date: /home/habibahassan/project/install/ur_dashboard_msgs/share/ur_dashboard_msgs/msg/RobotMode.idl
[6.731s] -- Up-to-date: /home/habibahassan/project/install/ur_dashboard_msgs/share/ur_dashboard_msgs/msg/SafetyMode.idl
[6.731s] -- Up-to-date: /home/habibahassan/project/install/ur_dashboard_msgs/share/ur_dashboard_msgs/srv/AddToLog.idl
[6.731s] -- Up-to-date: /home/habibahassan/project/install/ur_dashboard_msgs/share/ur_dashboard_msgs/srv/GetLoadedProgram.idl
[6.732s] -- Up-to-date: /home/habibahassan/project/install/ur_dashboard_msgs/share/ur_dashboard_msgs/srv/GetProgramState.idl
[6.732s] -- Up-to-date: /home/habibahassan/project/install/ur_dashboard_msgs/share/ur_dashboard_msgs/srv/GetRobotMode.idl
[6.732s] -- Up-to-date: /home/habibahassan/project/install/ur_dashboard_msgs/share/ur_dashboard_msgs/srv/GetSafetyMode.idl
[6.732s] -- Up-to-date: /home/habibahassan/project/install/ur_dashboard_msgs/share/ur_dashboard_msgs/srv/IsProgramRunning.idl
[6.732s] -- Up-to-date: /home/habibahassan/project/install/ur_dashboard_msgs/share/ur_dashboard_msgs/srv/IsProgramSaved.idl
[6.733s] -- Up-to-date: /home/habibahassan/project/install/ur_dashboard_msgs/share/ur_dashboard_msgs/srv/Load.idl
[6.733s] -- Up-to-date: /home/habibahassan/project/install/ur_dashboard_msgs/share/ur_dashboard_msgs/srv/Popup.idl
[6.733s] -- Up-to-date: /home/habibahassan/project/install/ur_dashboard_msgs/share/ur_dashboard_msgs/srv/RawRequest.idl
[6.746s] -- Up-to-date: /home/habibahassan/project/install/ur_dashboard_msgs/share/ur_dashboard_msgs/action/SetMode.idl
[6.767s] -- Up-to-date: /home/habibahassan/project/install/ur_dashboard_msgs/share/ur_dashboard_msgs/msg/ProgramState.msg
[6.767s] -- Up-to-date: /home/habibahassan/project/install/ur_dashboard_msgs/share/ur_dashboard_msgs/msg/RobotMode.msg
[6.768s] -- Up-to-date: /home/habibahassan/project/install/ur_dashboard_msgs/share/ur_dashboard_msgs/msg/SafetyMode.msg
[6.768s] -- Up-to-date: /home/habibahassan/project/install/ur_dashboard_msgs/share/ur_dashboard_msgs/srv/AddToLog.srv
[6.768s] -- Up-to-date: /home/habibahassan/project/install/ur_dashboard_msgs/share/ur_dashboard_msgs/srv/GetLoadedProgram.srv
[6.768s] -- Up-to-date: /home/habibahassan/project/install/ur_dashboard_msgs/share/ur_dashboard_msgs/srv/GetProgramState.srv
[6.769s] -- Up-to-date: /home/habibahassan/project/install/ur_dashboard_msgs/share/ur_dashboard_msgs/srv/GetRobotMode.srv
[6.769s] -- Up-to-date: /home/habibahassan/project/install/ur_dashboard_msgs/share/ur_dashboard_msgs/srv/GetSafetyMode.srv
[6.769s] -- Up-to-date: /home/habibahassan/project/install/ur_dashboard_msgs/share/ur_dashboard_msgs/srv/IsProgramRunning.srv
[6.769s] -- Up-to-date: /home/habibahassan/project/install/ur_dashboard_msgs/share/ur_dashboard_msgs/srv/IsProgramSaved.srv
[6.769s] -- Up-to-date: /home/habibahassan/project/install/ur_dashboard_msgs/share/ur_dashboard_msgs/srv/Load.srv
[6.770s] -- Up-to-date: /home/habibahassan/project/install/ur_dashboard_msgs/share/ur_dashboard_msgs/srv/Popup.srv
[6.770s] -- Up-to-date: /home/habibahassan/project/install/ur_dashboard_msgs/share/ur_dashboard_msgs/srv/RawRequest.srv
[6.770s] -- Up-to-date: /home/habibahassan/project/install/ur_dashboard_msgs/share/ur_dashboard_msgs/action/SetMode.action
[6.771s] -- Up-to-date: /home/habibahassan/project/install/ur_dashboard_msgs/share/ament_index/resource_index/package_run_dependencies/ur_dashboard_msgs
[6.772s] -- Up-to-date: /home/habibahassan/project/install/ur_dashboard_msgs/share/ament_index/resource_index/parent_prefix_path/ur_dashboard_msgs
[6.772s] -- Up-to-date: /home/habibahassan/project/install/ur_dashboard_msgs/share/ur_dashboard_msgs/environment/ament_prefix_path.sh
[6.773s] -- Up-to-date: /home/habibahassan/project/install/ur_dashboard_msgs/share/ur_dashboard_msgs/environment/ament_prefix_path.dsv
[6.773s] -- Up-to-date: /home/habibahassan/project/install/ur_dashboard_msgs/share/ur_dashboard_msgs/environment/path.sh
[6.773s] -- Up-to-date: /home/habibahassan/project/install/ur_dashboard_msgs/share/ur_dashboard_msgs/environment/path.dsv
[6.773s] -- Up-to-date: /home/habibahassan/project/install/ur_dashboard_msgs/share/ur_dashboard_msgs/local_setup.bash
[6.773s] -- Up-to-date: /home/habibahassan/project/install/ur_dashboard_msgs/share/ur_dashboard_msgs/local_setup.sh
[6.775s] -- Up-to-date: /home/habibahassan/project/install/ur_dashboard_msgs/share/ur_dashboard_msgs/local_setup.zsh
[6.775s] -- Up-to-date: /home/habibahassan/project/install/ur_dashboard_msgs/share/ur_dashboard_msgs/local_setup.dsv
[6.775s] -- Installing: /home/habibahassan/project/install/ur_dashboard_msgs/share/ur_dashboard_msgs/package.dsv
[6.776s] -- Up-to-date: /home/habibahassan/project/install/ur_dashboard_msgs/share/ament_index/resource_index/packages/ur_dashboard_msgs
[6.777s] -- Up-to-date: /home/habibahassan/project/install/ur_dashboard_msgs/share/ur_dashboard_msgs/cmake/export_ur_dashboard_msgs__rosidl_generator_cExport.cmake
[6.777s] -- Up-to-date: /home/habibahassan/project/install/ur_dashboard_msgs/share/ur_dashboard_msgs/cmake/export_ur_dashboard_msgs__rosidl_generator_cExport-noconfig.cmake
[6.778s] -- Up-to-date: /home/habibahassan/project/install/ur_dashboard_msgs/share/ur_dashboard_msgs/cmake/export_ur_dashboard_msgs__rosidl_typesupport_fastrtps_cExport.cmake
[6.778s] -- Up-to-date: /home/habibahassan/project/install/ur_dashboard_msgs/share/ur_dashboard_msgs/cmake/export_ur_dashboard_msgs__rosidl_typesupport_fastrtps_cExport-noconfig.cmake
[6.778s] -- Up-to-date: /home/habibahassan/project/install/ur_dashboard_msgs/share/ur_dashboard_msgs/cmake/ur_dashboard_msgs__rosidl_typesupport_introspection_cExport.cmake
[6.778s] -- Up-to-date: /home/habibahassan/project/install/ur_dashboard_msgs/share/ur_dashboard_msgs/cmake/ur_dashboard_msgs__rosidl_typesupport_introspection_cExport-noconfig.cmake
[6.778s] -- Up-to-date: /home/habibahassan/project/install/ur_dashboard_msgs/share/ur_dashboard_msgs/cmake/ur_dashboard_msgs__rosidl_typesupport_cExport.cmake
[6.779s] -- Up-to-date: /home/habibahassan/project/install/ur_dashboard_msgs/share/ur_dashboard_msgs/cmake/ur_dashboard_msgs__rosidl_typesupport_cExport-noconfig.cmake
[6.779s] -- Up-to-date: /home/habibahassan/project/install/ur_dashboard_msgs/share/ur_dashboard_msgs/cmake/export_ur_dashboard_msgs__rosidl_generator_cppExport.cmake
[6.779s] -- Up-to-date: /home/habibahassan/project/install/ur_dashboard_msgs/share/ur_dashboard_msgs/cmake/export_ur_dashboard_msgs__rosidl_typesupport_fastrtps_cppExport.cmake
[6.779s] -- Up-to-date: /home/habibahassan/project/install/ur_dashboard_msgs/share/ur_dashboard_msgs/cmake/export_ur_dashboard_msgs__rosidl_typesupport_fastrtps_cppExport-noconfig.cmake
[6.779s] -- Up-to-date: /home/habibahassan/project/install/ur_dashboard_msgs/share/ur_dashboard_msgs/cmake/ur_dashboard_msgs__rosidl_typesupport_introspection_cppExport.cmake
[6.779s] -- Up-to-date: /home/habibahassan/project/install/ur_dashboard_msgs/share/ur_dashboard_msgs/cmake/ur_dashboard_msgs__rosidl_typesupport_introspection_cppExport-noconfig.cmake
[6.779s] -- Up-to-date: /home/habibahassan/project/install/ur_dashboard_msgs/share/ur_dashboard_msgs/cmake/ur_dashboard_msgs__rosidl_typesupport_cppExport.cmake
[6.780s] -- Up-to-date: /home/habibahassan/project/install/ur_dashboard_msgs/share/ur_dashboard_msgs/cmake/ur_dashboard_msgs__rosidl_typesupport_cppExport-noconfig.cmake
[6.780s] -- Up-to-date: /home/habibahassan/project/install/ur_dashboard_msgs/share/ur_dashboard_msgs/cmake/export_ur_dashboard_msgs__rosidl_generator_pyExport.cmake
[6.780s] -- Up-to-date: /home/habibahassan/project/install/ur_dashboard_msgs/share/ur_dashboard_msgs/cmake/export_ur_dashboard_msgs__rosidl_generator_pyExport-noconfig.cmake
[6.780s] -- Up-to-date: /home/habibahassan/project/install/ur_dashboard_msgs/share/ur_dashboard_msgs/cmake/rosidl_cmake-extras.cmake
[6.780s] -- Up-to-date: /home/habibahassan/project/install/ur_dashboard_msgs/share/ur_dashboard_msgs/cmake/ament_cmake_export_dependencies-extras.cmake
[6.781s] -- Up-to-date: /home/habibahassan/project/install/ur_dashboard_msgs/share/ur_dashboard_msgs/cmake/ament_cmake_export_include_directories-extras.cmake
[6.781s] -- Up-to-date: /home/habibahassan/project/install/ur_dashboard_msgs/share/ur_dashboard_msgs/cmake/ament_cmake_export_libraries-extras.cmake
[6.781s] -- Up-to-date: /home/habibahassan/project/install/ur_dashboard_msgs/share/ur_dashboard_msgs/cmake/ament_cmake_export_targets-extras.cmake
[6.781s] -- Up-to-date: /home/habibahassan/project/install/ur_dashboard_msgs/share/ur_dashboard_msgs/cmake/rosidl_cmake_export_typesupport_targets-extras.cmake
[6.793s] -- Up-to-date: /home/habibahassan/project/install/ur_dashboard_msgs/share/ur_dashboard_msgs/cmake/rosidl_cmake_export_typesupport_libraries-extras.cmake
[6.793s] -- Up-to-date: /home/habibahassan/project/install/ur_dashboard_msgs/share/ur_dashboard_msgs/cmake/ur_dashboard_msgsConfig.cmake
[6.793s] -- Up-to-date: /home/habibahassan/project/install/ur_dashboard_msgs/share/ur_dashboard_msgs/cmake/ur_dashboard_msgsConfig-version.cmake
[6.793s] -- Up-to-date: /home/habibahassan/project/install/ur_dashboard_msgs/share/ur_dashboard_msgs/package.xml
[6.797s] Invoked command in '/home/habibahassan/project/build/ur_dashboard_msgs' returned '0': CMAKE_PREFIX_PATH=${CMAKE_PREFIX_PATH}:/home/habibahassan/project/install/moveit_configs_utils:/opt/ros/jazzy DEBUGINFOD_URLS=https://debuginfod.ubuntu.com /usr/bin/cmake --install /home/habibahassan/project/build/ur_dashboard_msgs
