[2.324s] Invoking command in '/home/habibahassan/project/build/gz_ros2_control': CMAKE_PREFIX_PATH=${CMAKE_PREFIX_PATH}:/home/habibahassan/project/install/moveit_configs_utils:/opt/ros/jazzy DEBUGINFOD_URLS=https://debuginfod.ubuntu.com /usr/bin/cmake --build /home/habibahassan/project/build/gz_ros2_control -- -j8 -l8
[3.194s] [ 50%] Built target gz_ros2_control-system
[3.597s] [100%] Built target gz_hardware_plugins
[3.914s] Invoked command in '/home/habibahassan/project/build/gz_ros2_control' returned '0': CMAKE_PREFIX_PATH=${CMAKE_PREFIX_PATH}:/home/habibahassan/project/install/moveit_configs_utils:/opt/ros/jazzy DEBUGINFOD_URLS=https://debuginfod.ubuntu.com /usr/bin/cmake --build /home/habibahassan/project/build/gz_ros2_control -- -j8 -l8
[3.916s] Invoking command in '/home/habibahassan/project/build/gz_ros2_control': CMAKE_PREFIX_PATH=${CMAKE_PREFIX_PATH}:/home/habibahassan/project/install/moveit_configs_utils:/opt/ros/jazzy DEBUGINFOD_URLS=https://debuginfod.ubuntu.com /usr/bin/cmake --install /home/habibahassan/project/build/gz_ros2_control
[3.980s] -- Install configuration: ""
[3.983s] -- Up-to-date: /home/habibahassan/project/install/gz_ros2_control/lib/libgz_hardware_plugins.so
[3.984s] -- Up-to-date: /home/habibahassan/project/install/gz_ros2_control/include
[3.985s] -- Up-to-date: /home/habibahassan/project/install/gz_ros2_control/include/gz_ros2_control
[3.986s] -- Up-to-date: /home/habibahassan/project/install/gz_ros2_control/include/gz_ros2_control/gz_system.hpp
[3.986s] -- Up-to-date: /home/habibahassan/project/install/gz_ros2_control/include/gz_ros2_control/gz_ros2_control_plugin.hpp
[3.987s] -- Up-to-date: /home/habibahassan/project/install/gz_ros2_control/include/gz_ros2_control/gz_system_interface.hpp
[3.988s] -- Up-to-date: /home/habibahassan/project/install/gz_ros2_control/share/gz_ros2_control/environment/library_path.sh
[3.989s] -- Up-to-date: /home/habibahassan/project/install/gz_ros2_control/share/gz_ros2_control/environment/library_path.dsv
[3.991s] -- Up-to-date: /home/habibahassan/project/install/gz_ros2_control/lib/libgz_ros2_control-system.so
[3.991s] -- Up-to-date: /home/habibahassan/project/install/gz_ros2_control/share/gz_ros2_control/gz_hardware_plugins.xml
[3.992s] -- Up-to-date: /home/habibahassan/project/install/gz_ros2_control/share/ament_index/resource_index/package_run_dependencies/gz_ros2_control
[3.992s] -- Up-to-date: /home/habibahassan/project/install/gz_ros2_control/share/ament_index/resource_index/parent_prefix_path/gz_ros2_control
[3.993s] -- Up-to-date: /home/habibahassan/project/install/gz_ros2_control/share/gz_ros2_control/environment/ament_prefix_path.sh
[3.993s] -- Up-to-date: /home/habibahassan/project/install/gz_ros2_control/share/gz_ros2_control/environment/ament_prefix_path.dsv
[3.993s] -- Up-to-date: /home/habibahassan/project/install/gz_ros2_control/share/gz_ros2_control/environment/path.sh
[3.993s] -- Up-to-date: /home/habibahassan/project/install/gz_ros2_control/share/gz_ros2_control/environment/path.dsv
[3.994s] -- Up-to-date: /home/habibahassan/project/install/gz_ros2_control/share/gz_ros2_control/local_setup.bash
[3.995s] -- Up-to-date: /home/habibahassan/project/install/gz_ros2_control/share/gz_ros2_control/local_setup.sh
[3.995s] -- Up-to-date: /home/habibahassan/project/install/gz_ros2_control/share/gz_ros2_control/local_setup.zsh
[3.996s] -- Up-to-date: /home/habibahassan/project/install/gz_ros2_control/share/gz_ros2_control/local_setup.dsv
[3.996s] -- Installing: /home/habibahassan/project/install/gz_ros2_control/share/gz_ros2_control/package.dsv
[3.996s] -- Up-to-date: /home/habibahassan/project/install/gz_ros2_control/share/ament_index/resource_index/packages/gz_ros2_control
[3.997s] -- Up-to-date: /home/habibahassan/project/install/gz_ros2_control/share/ament_index/resource_index/gz_ros2_control__pluginlib__plugin/gz_ros2_control
[3.997s] -- Up-to-date: /home/habibahassan/project/install/gz_ros2_control/share/gz_ros2_control/cmake/ament_cmake_export_include_directories-extras.cmake
[4.007s] -- Up-to-date: /home/habibahassan/project/install/gz_ros2_control/share/gz_ros2_control/cmake/ament_cmake_export_libraries-extras.cmake
[4.008s] -- Up-to-date: /home/habibahassan/project/install/gz_ros2_control/share/gz_ros2_control/cmake/gz_ros2_controlConfig.cmake
[4.009s] -- Up-to-date: /home/habibahassan/project/install/gz_ros2_control/share/gz_ros2_control/cmake/gz_ros2_controlConfig-version.cmake
[4.009s] -- Up-to-date: /home/habibahassan/project/install/gz_ros2_control/share/gz_ros2_control/package.xml
[4.009s] Invoked command in '/home/habibahassan/project/build/gz_ros2_control' returned '0': CMAKE_PREFIX_PATH=${CMAKE_PREFIX_PATH}:/home/habibahassan/project/install/moveit_configs_utils:/opt/ros/jazzy DEBUGINFOD_URLS=https://debuginfod.ubuntu.com /usr/bin/cmake --install /home/habibahassan/project/build/gz_ros2_control
