[0.220s] Invoking command in '/home/habibahassan/project/build/picknik_reset_fault_controller': CMAKE_PREFIX_PATH=${CMAKE_PREFIX_PATH}:/home/habibahassan/project/install/moveit_configs_utils:/opt/ros/jazzy DEBUGINFOD_URLS=https://debuginfod.ubuntu.com /usr/bin/cmake --build /home/habibahassan/project/build/picknik_reset_fault_controller -- -j8 -l8
[0.369s] [100%] Built target picknik_reset_fault_controller
[0.434s] Invoked command in '/home/habibahassan/project/build/picknik_reset_fault_controller' returned '0': CMAKE_PREFIX_PATH=${CMAKE_PREFIX_PATH}:/home/habibahassan/project/install/moveit_configs_utils:/opt/ros/jazzy DEBUGINFOD_URLS=https://debuginfod.ubuntu.com /usr/bin/cmake --build /home/habibahassan/project/build/picknik_reset_fault_controller -- -j8 -l8
[0.435s] Invoking command in '/home/habibahassan/project/build/picknik_reset_fault_controller': CMAKE_PREFIX_PATH=${CMAKE_PREFIX_PATH}:/home/habibahassan/project/install/moveit_configs_utils:/opt/ros/jazzy DEBUGINFOD_URLS=https://debuginfod.ubuntu.com /usr/bin/cmake --install /home/habibahassan/project/build/picknik_reset_fault_controller
[0.467s] -- Install configuration: ""
[0.467s] -- Up-to-date: /home/habibahassan/project/install/picknik_reset_fault_controller/share/picknik_reset_fault_controller/controller_plugins.xml
[0.467s] -- Up-to-date: /home/habibahassan/project/install/picknik_reset_fault_controller/lib/libpicknik_reset_fault_controller.so
[0.468s] -- Up-to-date: /home/habibahassan/project/install/picknik_reset_fault_controller/include
[0.468s] -- Up-to-date: /home/habibahassan/project/install/picknik_reset_fault_controller/include/picknik_reset_fault_controller
[0.468s] -- Up-to-date: /home/habibahassan/project/install/picknik_reset_fault_controller/include/picknik_reset_fault_controller/picknik_reset_fault_controller.hpp
[0.468s] -- Up-to-date: /home/habibahassan/project/install/picknik_reset_fault_controller/include/picknik_reset_fault_controller/visibility_control.h
[0.469s] -- Up-to-date: /home/habibahassan/project/install/picknik_reset_fault_controller/share/picknik_reset_fault_controller/controller_plugins.xml
[0.469s] -- Up-to-date: /home/habibahassan/project/install/picknik_reset_fault_controller/share/picknik_reset_fault_controller/environment/library_path.sh
[0.469s] -- Up-to-date: /home/habibahassan/project/install/picknik_reset_fault_controller/share/picknik_reset_fault_controller/environment/library_path.dsv
[0.469s] -- Up-to-date: /home/habibahassan/project/install/picknik_reset_fault_controller/share/ament_index/resource_index/package_run_dependencies/picknik_reset_fault_controller
[0.469s] -- Up-to-date: /home/habibahassan/project/install/picknik_reset_fault_controller/share/ament_index/resource_index/parent_prefix_path/picknik_reset_fault_controller
[0.469s] -- Up-to-date: /home/habibahassan/project/install/picknik_reset_fault_controller/share/picknik_reset_fault_controller/environment/ament_prefix_path.sh
[0.470s] -- Up-to-date: /home/habibahassan/project/install/picknik_reset_fault_controller/share/picknik_reset_fault_controller/environment/ament_prefix_path.dsv
[0.470s] -- Up-to-date: /home/habibahassan/project/install/picknik_reset_fault_controller/share/picknik_reset_fault_controller/environment/path.sh
[0.470s] -- Up-to-date: /home/habibahassan/project/install/picknik_reset_fault_controller/share/picknik_reset_fault_controller/environment/path.dsv
[0.470s] -- Up-to-date: /home/habibahassan/project/install/picknik_reset_fault_controller/share/picknik_reset_fault_controller/local_setup.bash
[0.470s] -- Up-to-date: /home/habibahassan/project/install/picknik_reset_fault_controller/share/picknik_reset_fault_controller/local_setup.sh
[0.470s] -- Up-to-date: /home/habibahassan/project/install/picknik_reset_fault_controller/share/picknik_reset_fault_controller/local_setup.zsh
[0.471s] -- Up-to-date: /home/habibahassan/project/install/picknik_reset_fault_controller/share/picknik_reset_fault_controller/local_setup.dsv
[0.471s] -- Installing: /home/habibahassan/project/install/picknik_reset_fault_controller/share/picknik_reset_fault_controller/package.dsv
[0.471s] -- Up-to-date: /home/habibahassan/project/install/picknik_reset_fault_controller/share/ament_index/resource_index/packages/picknik_reset_fault_controller
[0.472s] -- Up-to-date: /home/habibahassan/project/install/picknik_reset_fault_controller/share/ament_index/resource_index/controller_interface__pluginlib__plugin/picknik_reset_fault_controller
[0.474s] -- Up-to-date: /home/habibahassan/project/install/picknik_reset_fault_controller/share/picknik_reset_fault_controller/cmake/ament_cmake_export_dependencies-extras.cmake
[0.474s] -- Up-to-date: /home/habibahassan/project/install/picknik_reset_fault_controller/share/picknik_reset_fault_controller/cmake/ament_cmake_export_include_directories-extras.cmake
[0.474s] -- Up-to-date: /home/habibahassan/project/install/picknik_reset_fault_controller/share/picknik_reset_fault_controller/cmake/ament_cmake_export_libraries-extras.cmake
[0.474s] -- Up-to-date: /home/habibahassan/project/install/picknik_reset_fault_controller/share/picknik_reset_fault_controller/cmake/picknik_reset_fault_controllerConfig.cmake
[0.474s] -- Up-to-date: /home/habibahassan/project/install/picknik_reset_fault_controller/share/picknik_reset_fault_controller/cmake/picknik_reset_fault_controllerConfig-version.cmake
[0.474s] -- Up-to-date: /home/habibahassan/project/install/picknik_reset_fault_controller/share/picknik_reset_fault_controller/package.xml
[0.475s] Invoked command in '/home/habibahassan/project/build/picknik_reset_fault_controller' returned '0': CMAKE_PREFIX_PATH=${CMAKE_PREFIX_PATH}:/home/habibahassan/project/install/moveit_configs_utils:/opt/ros/jazzy DEBUGINFOD_URLS=https://debuginfod.ubuntu.com /usr/bin/cmake --install /home/habibahassan/project/build/picknik_reset_fault_controller
