[0.085s] Invoking command in '/home/habibahassan/project/build/serial': CMAKE_PREFIX_PATH=${CMAKE_PREFIX_PATH}:/home/habibahassan/project/install/moveit_configs_utils:/opt/ros/jazzy DEBUGINFOD_URLS=https://debuginfod.ubuntu.com /usr/bin/cmake --build /home/habibahassan/project/build/serial -- -j8 -l8
[1.144s] [100%] Built target serial
[1.222s] Invoked command in '/home/habibahassan/project/build/serial' returned '0': CMAKE_PREFIX_PATH=${CMAKE_PREFIX_PATH}:/home/habibahassan/project/install/moveit_configs_utils:/opt/ros/jazzy DEBUGINFOD_URLS=https://debuginfod.ubuntu.com /usr/bin/cmake --build /home/habibahassan/project/build/serial -- -j8 -l8
[1.223s] Invoking command in '/home/habibahassan/project/build/serial': CMAKE_PREFIX_PATH=${CMAKE_PREFIX_PATH}:/home/habibahassan/project/install/moveit_configs_utils:/opt/ros/jazzy DEBUGINFOD_URLS=https://debuginfod.ubuntu.com /usr/bin/cmake --install /home/habibahassan/project/build/serial
[1.224s] -- Install configuration: ""
[1.225s] -- Up-to-date: /home/habibahassan/project/install/serial/lib/libserial.a
[1.225s] -- Up-to-date: /home/habibahassan/project/install/serial/include
[1.225s] -- Up-to-date: /home/habibahassan/project/install/serial/include/serial
[1.225s] -- Up-to-date: /home/habibahassan/project/install/serial/include/serial/serial.h
[1.226s] -- Up-to-date: /home/habibahassan/project/install/serial/include/serial/impl
[1.226s] -- Up-to-date: /home/habibahassan/project/install/serial/include/serial/impl/win.h
[1.227s] -- Up-to-date: /home/habibahassan/project/install/serial/include/serial/impl/unix.h
[1.227s] -- Up-to-date: /home/habibahassan/project/install/serial/include/serial/v8stdint.h
[1.227s] -- Up-to-date: /home/habibahassan/project/install/serial/share/serial/environment/library_path.sh
[1.227s] -- Up-to-date: /home/habibahassan/project/install/serial/share/serial/environment/library_path.dsv
[1.227s] -- Up-to-date: /home/habibahassan/project/install/serial/share/ament_index/resource_index/package_run_dependencies/serial
[1.228s] -- Up-to-date: /home/habibahassan/project/install/serial/share/ament_index/resource_index/parent_prefix_path/serial
[1.228s] -- Up-to-date: /home/habibahassan/project/install/serial/share/serial/environment/ament_prefix_path.sh
[1.228s] -- Up-to-date: /home/habibahassan/project/install/serial/share/serial/environment/ament_prefix_path.dsv
[1.229s] -- Up-to-date: /home/habibahassan/project/install/serial/share/serial/environment/path.sh
[1.229s] -- Up-to-date: /home/habibahassan/project/install/serial/share/serial/environment/path.dsv
[1.229s] -- Up-to-date: /home/habibahassan/project/install/serial/share/serial/local_setup.bash
[1.229s] -- Up-to-date: /home/habibahassan/project/install/serial/share/serial/local_setup.sh
[1.230s] -- Up-to-date: /home/habibahassan/project/install/serial/share/serial/local_setup.zsh
[1.230s] -- Up-to-date: /home/habibahassan/project/install/serial/share/serial/local_setup.dsv
[1.230s] -- Installing: /home/habibahassan/project/install/serial/share/serial/package.dsv
[1.230s] -- Up-to-date: /home/habibahassan/project/install/serial/share/ament_index/resource_index/packages/serial
[1.230s] -- Up-to-date: /home/habibahassan/project/install/serial/share/serial/cmake/export_serialExport.cmake
[1.231s] -- Up-to-date: /home/habibahassan/project/install/serial/share/serial/cmake/export_serialExport-noconfig.cmake
[1.231s] -- Up-to-date: /home/habibahassan/project/install/serial/share/serial/cmake/ament_cmake_export_include_directories-extras.cmake
[1.231s] -- Up-to-date: /home/habibahassan/project/install/serial/share/serial/cmake/ament_cmake_export_libraries-extras.cmake
[1.231s] -- Up-to-date: /home/habibahassan/project/install/serial/share/serial/cmake/ament_cmake_export_targets-extras.cmake
[1.232s] -- Up-to-date: /home/habibahassan/project/install/serial/share/serial/cmake/serialConfig.cmake
[1.232s] -- Up-to-date: /home/habibahassan/project/install/serial/share/serial/cmake/serialConfig-version.cmake
[1.232s] -- Up-to-date: /home/habibahassan/project/install/serial/share/serial/package.xml
[1.273s] Invoked command in '/home/habibahassan/project/build/serial' returned '0': CMAKE_PREFIX_PATH=${CMAKE_PREFIX_PATH}:/home/habibahassan/project/install/moveit_configs_utils:/opt/ros/jazzy DEBUGINFOD_URLS=https://debuginfod.ubuntu.com /usr/bin/cmake --install /home/habibahassan/project/build/serial
