[0.397s] Invoking command in '/home/habibahassan/project/build/picknik_reset_fault_controller': CMAKE_PREFIX_PATH=${CMAKE_PREFIX_PATH}:/home/habibahassan/project/install/moveit_configs_utils:/opt/ros/jazzy DEBUGINFOD_URLS=https://debuginfod.ubuntu.com /usr/bin/cmake --build /home/habibahassan/project/build/picknik_reset_fault_controller -- -j8 -l8
[0.809s] [100%] Built target picknik_reset_fault_controller
[0.927s] Invoked command in '/home/habibahassan/project/build/picknik_reset_fault_controller' returned '0': CMAKE_PREFIX_PATH=${CMAKE_PREFIX_PATH}:/home/habibahassan/project/install/moveit_configs_utils:/opt/ros/jazzy DEBUGINFOD_URLS=https://debuginfod.ubuntu.com /usr/bin/cmake --build /home/habibahassan/project/build/picknik_reset_fault_controller -- -j8 -l8
[0.929s] Invoking command in '/home/habibahassan/project/build/picknik_reset_fault_controller': CMAKE_PREFIX_PATH=${CMAKE_PREFIX_PATH}:/home/habibahassan/project/install/moveit_configs_utils:/opt/ros/jazzy DEBUGINFOD_URLS=https://debuginfod.ubuntu.com /usr/bin/cmake --install /home/habibahassan/project/build/picknik_reset_fault_controller
[1.051s] -- Install configuration: ""
[1.051s] -- Up-to-date: /home/habibahassan/project/install/picknik_reset_fault_controller/share/picknik_reset_fault_controller/controller_plugins.xml
[1.053s] -- Up-to-date: /home/habibahassan/project/install/picknik_reset_fault_controller/lib/libpicknik_reset_fault_controller.so
[1.054s] -- Up-to-date: /home/habibahassan/project/install/picknik_reset_fault_controller/include
[1.054s] -- Up-to-date: /home/habibahassan/project/install/picknik_reset_fault_controller/include/picknik_reset_fault_controller
[1.054s] -- Up-to-date: /home/habibahassan/project/install/picknik_reset_fault_controller/include/picknik_reset_fault_controller/picknik_reset_fault_controller.hpp
[1.054s] -- Up-to-date: /home/habibahassan/project/install/picknik_reset_fault_controller/include/picknik_reset_fault_controller/visibility_control.h
[1.054s] -- Up-to-date: /home/habibahassan/project/install/picknik_reset_fault_controller/share/picknik_reset_fault_controller/controller_plugins.xml
[1.055s] -- Up-to-date: /home/habibahassan/project/install/picknik_reset_fault_controller/share/picknik_reset_fault_controller/environment/library_path.sh
[1.055s] -- Up-to-date: /home/habibahassan/project/install/picknik_reset_fault_controller/share/picknik_reset_fault_controller/environment/library_path.dsv
[1.055s] -- Up-to-date: /home/habibahassan/project/install/picknik_reset_fault_controller/share/ament_index/resource_index/package_run_dependencies/picknik_reset_fault_controller
[1.055s] -- Up-to-date: /home/habibahassan/project/install/picknik_reset_fault_controller/share/ament_index/resource_index/parent_prefix_path/picknik_reset_fault_controller
[1.056s] -- Up-to-date: /home/habibahassan/project/install/picknik_reset_fault_controller/share/picknik_reset_fault_controller/environment/ament_prefix_path.sh
[1.056s] -- Up-to-date: /home/habibahassan/project/install/picknik_reset_fault_controller/share/picknik_reset_fault_controller/environment/ament_prefix_path.dsv
[1.056s] -- Up-to-date: /home/habibahassan/project/install/picknik_reset_fault_controller/share/picknik_reset_fault_controller/environment/path.sh
[1.056s] -- Up-to-date: /home/habibahassan/project/install/picknik_reset_fault_controller/share/picknik_reset_fault_controller/environment/path.dsv
[1.057s] -- Up-to-date: /home/habibahassan/project/install/picknik_reset_fault_controller/share/picknik_reset_fault_controller/local_setup.bash
[1.057s] -- Up-to-date: /home/habibahassan/project/install/picknik_reset_fault_controller/share/picknik_reset_fault_controller/local_setup.sh
[1.057s] -- Up-to-date: /home/habibahassan/project/install/picknik_reset_fault_controller/share/picknik_reset_fault_controller/local_setup.zsh
[1.057s] -- Up-to-date: /home/habibahassan/project/install/picknik_reset_fault_controller/share/picknik_reset_fault_controller/local_setup.dsv
[1.058s] -- Installing: /home/habibahassan/project/install/picknik_reset_fault_controller/share/picknik_reset_fault_controller/package.dsv
[1.058s] -- Up-to-date: /home/habibahassan/project/install/picknik_reset_fault_controller/share/ament_index/resource_index/packages/picknik_reset_fault_controller
[1.058s] -- Up-to-date: /home/habibahassan/project/install/picknik_reset_fault_controller/share/ament_index/resource_index/controller_interface__pluginlib__plugin/picknik_reset_fault_controller
[1.058s] -- Up-to-date: /home/habibahassan/project/install/picknik_reset_fault_controller/share/picknik_reset_fault_controller/cmake/ament_cmake_export_dependencies-extras.cmake
[1.059s] -- Up-to-date: /home/habibahassan/project/install/picknik_reset_fault_controller/share/picknik_reset_fault_controller/cmake/ament_cmake_export_include_directories-extras.cmake
[1.059s] -- Up-to-date: /home/habibahassan/project/install/picknik_reset_fault_controller/share/picknik_reset_fault_controller/cmake/ament_cmake_export_libraries-extras.cmake
[1.059s] -- Up-to-date: /home/habibahassan/project/install/picknik_reset_fault_controller/share/picknik_reset_fault_controller/cmake/picknik_reset_fault_controllerConfig.cmake
[1.060s] -- Up-to-date: /home/habibahassan/project/install/picknik_reset_fault_controller/share/picknik_reset_fault_controller/cmake/picknik_reset_fault_controllerConfig-version.cmake
[1.060s] -- Up-to-date: /home/habibahassan/project/install/picknik_reset_fault_controller/share/picknik_reset_fault_controller/package.xml
[1.080s] Invoked command in '/home/habibahassan/project/build/picknik_reset_fault_controller' returned '0': CMAKE_PREFIX_PATH=${CMAKE_PREFIX_PATH}:/home/habibahassan/project/install/moveit_configs_utils:/opt/ros/jazzy DEBUGINFOD_URLS=https://debuginfod.ubuntu.com /usr/bin/cmake --install /home/habibahassan/project/build/picknik_reset_fault_controller
