[1.394s] Invoking command in '/home/habibahassan/project/build/moveit_resources_fanuc_description': CMAKE_PREFIX_PATH=${CMAKE_PREFIX_PATH}:/home/habibahassan/project/install/moveit_configs_utils:/opt/ros/jazzy DEBUGINFOD_URLS=https://debuginfod.ubuntu.com /usr/bin/cmake --build /home/habibahassan/project/build/moveit_resources_fanuc_description -- -j8 -l8
[1.920s] Invoked command in '/home/habibahassan/project/build/moveit_resources_fanuc_description' returned '0': CMAKE_PREFIX_PATH=${CMAKE_PREFIX_PATH}:/home/habibahassan/project/install/moveit_configs_utils:/opt/ros/jazzy DEBUGINFOD_URLS=https://debuginfod.ubuntu.com /usr/bin/cmake --build /home/habibahassan/project/build/moveit_resources_fanuc_description -- -j8 -l8
[1.921s] Invoking command in '/home/habibahassan/project/build/moveit_resources_fanuc_description': CMAKE_PREFIX_PATH=${CMAKE_PREFIX_PATH}:/home/habibahassan/project/install/moveit_configs_utils:/opt/ros/jazzy DEBUGINFOD_URLS=https://debuginfod.ubuntu.com /usr/bin/cmake --install /home/habibahassan/project/build/moveit_resources_fanuc_description
[2.003s] -- Install configuration: ""
[2.003s] -- Up-to-date: /home/habibahassan/project/install/moveit_resources_fanuc_description/share/ament_index/resource_index/package_run_dependencies/moveit_resources_fanuc_description
[2.004s] -- Up-to-date: /home/habibahassan/project/install/moveit_resources_fanuc_description/share/ament_index/resource_index/parent_prefix_path/moveit_resources_fanuc_description
[2.006s] -- Up-to-date: /home/habibahassan/project/install/moveit_resources_fanuc_description/share/moveit_resources_fanuc_description/environment/ament_prefix_path.sh
[2.006s] -- Up-to-date: /home/habibahassan/project/install/moveit_resources_fanuc_description/share/moveit_resources_fanuc_description/environment/ament_prefix_path.dsv
[2.006s] -- Up-to-date: /home/habibahassan/project/install/moveit_resources_fanuc_description/share/moveit_resources_fanuc_description/environment/path.sh
[2.007s] -- Up-to-date: /home/habibahassan/project/install/moveit_resources_fanuc_description/share/moveit_resources_fanuc_description/environment/path.dsv
[2.007s] -- Up-to-date: /home/habibahassan/project/install/moveit_resources_fanuc_description/share/moveit_resources_fanuc_description/local_setup.bash
[2.007s] -- Up-to-date: /home/habibahassan/project/install/moveit_resources_fanuc_description/share/moveit_resources_fanuc_description/local_setup.sh
[2.007s] -- Up-to-date: /home/habibahassan/project/install/moveit_resources_fanuc_description/share/moveit_resources_fanuc_description/local_setup.zsh
[2.008s] -- Up-to-date: /home/habibahassan/project/install/moveit_resources_fanuc_description/share/moveit_resources_fanuc_description/local_setup.dsv
[2.008s] -- Installing: /home/habibahassan/project/install/moveit_resources_fanuc_description/share/moveit_resources_fanuc_description/package.dsv
[2.008s] -- Up-to-date: /home/habibahassan/project/install/moveit_resources_fanuc_description/share/ament_index/resource_index/packages/moveit_resources_fanuc_description
[2.009s] -- Up-to-date: /home/habibahassan/project/install/moveit_resources_fanuc_description/share/moveit_resources_fanuc_description/cmake/moveit_resources_fanuc_descriptionConfig.cmake
[2.009s] -- Up-to-date: /home/habibahassan/project/install/moveit_resources_fanuc_description/share/moveit_resources_fanuc_description/cmake/moveit_resources_fanuc_descriptionConfig-version.cmake
[2.019s] -- Up-to-date: /home/habibahassan/project/install/moveit_resources_fanuc_description/share/moveit_resources_fanuc_description/package.xml
[2.039s] -- Up-to-date: /home/habibahassan/project/install/moveit_resources_fanuc_description/share/moveit_resources_fanuc_description/meshes
[2.039s] -- Up-to-date: /home/habibahassan/project/install/moveit_resources_fanuc_description/share/moveit_resources_fanuc_description/meshes/collision
[2.039s] -- Up-to-date: /home/habibahassan/project/install/moveit_resources_fanuc_description/share/moveit_resources_fanuc_description/meshes/collision/link_6.stl
[2.042s] -- Up-to-date: /home/habibahassan/project/install/moveit_resources_fanuc_description/share/moveit_resources_fanuc_description/meshes/collision/base_link.stl
[2.043s] -- Up-to-date: /home/habibahassan/project/install/moveit_resources_fanuc_description/share/moveit_resources_fanuc_description/meshes/collision/link_1.stl
[2.044s] -- Up-to-date: /home/habibahassan/project/install/moveit_resources_fanuc_description/share/moveit_resources_fanuc_description/meshes/collision/link_3.stl
[2.045s] -- Up-to-date: /home/habibahassan/project/install/moveit_resources_fanuc_description/share/moveit_resources_fanuc_description/meshes/collision/link_5.stl
[2.080s] -- Up-to-date: /home/habibahassan/project/install/moveit_resources_fanuc_description/share/moveit_resources_fanuc_description/meshes/collision/link_4.stl
[2.081s] -- Up-to-date: /home/habibahassan/project/install/moveit_resources_fanuc_description/share/moveit_resources_fanuc_description/meshes/collision/link_2.stl
[2.081s] -- Up-to-date: /home/habibahassan/project/install/moveit_resources_fanuc_description/share/moveit_resources_fanuc_description/meshes/visual
[2.081s] -- Up-to-date: /home/habibahassan/project/install/moveit_resources_fanuc_description/share/moveit_resources_fanuc_description/meshes/visual/link_6.stl
[2.082s] -- Up-to-date: /home/habibahassan/project/install/moveit_resources_fanuc_description/share/moveit_resources_fanuc_description/meshes/visual/base_link.stl
[2.082s] -- Up-to-date: /home/habibahassan/project/install/moveit_resources_fanuc_description/share/moveit_resources_fanuc_description/meshes/visual/link_1.stl
[2.082s] -- Up-to-date: /home/habibahassan/project/install/moveit_resources_fanuc_description/share/moveit_resources_fanuc_description/meshes/visual/link_3.stl
[2.082s] -- Up-to-date: /home/habibahassan/project/install/moveit_resources_fanuc_description/share/moveit_resources_fanuc_description/meshes/visual/link_5.stl
[2.082s] -- Up-to-date: /home/habibahassan/project/install/moveit_resources_fanuc_description/share/moveit_resources_fanuc_description/meshes/visual/link_4.stl
[2.083s] -- Up-to-date: /home/habibahassan/project/install/moveit_resources_fanuc_description/share/moveit_resources_fanuc_description/meshes/visual/link_2.stl
[2.083s] -- Up-to-date: /home/habibahassan/project/install/moveit_resources_fanuc_description/share/moveit_resources_fanuc_description/urdf
[2.083s] -- Up-to-date: /home/habibahassan/project/install/moveit_resources_fanuc_description/share/moveit_resources_fanuc_description/urdf/fanuc.urdf
[2.243s] Invoked command in '/home/habibahassan/project/build/moveit_resources_fanuc_description' returned '0': CMAKE_PREFIX_PATH=${CMAKE_PREFIX_PATH}:/home/habibahassan/project/install/moveit_configs_utils:/opt/ros/jazzy DEBUGINFOD_URLS=https://debuginfod.ubuntu.com /usr/bin/cmake --install /home/habibahassan/project/build/moveit_resources_fanuc_description
