[0.212s] Invoking command in '/home/habibahassan/project/build/moveit_common': CMAKE_PREFIX_PATH=${CMAKE_PREFIX_PATH}:/home/habibahassan/project/install/moveit_configs_utils:/opt/ros/jazzy DEBUGINFOD_URLS=https://debuginfod.ubuntu.com /usr/bin/cmake --build /home/habibahassan/project/build/moveit_common -- -j8 -l8
[1.149s] Invoked command in '/home/habibahassan/project/build/moveit_common' returned '0': CMAKE_PREFIX_PATH=${CMAKE_PREFIX_PATH}:/home/habibahassan/project/install/moveit_configs_utils:/opt/ros/jazzy DEBUGINFOD_URLS=https://debuginfod.ubuntu.com /usr/bin/cmake --build /home/habibahassan/project/build/moveit_common -- -j8 -l8
[1.149s] Invoking command in '/home/habibahassan/project/build/moveit_common': CMAKE_PREFIX_PATH=${CMAKE_PREFIX_PATH}:/home/habibahassan/project/install/moveit_configs_utils:/opt/ros/jazzy DEBUGINFOD_URLS=https://debuginfod.ubuntu.com /usr/bin/cmake --install /home/habibahassan/project/build/moveit_common
[1.217s] -- Install configuration: ""
[1.221s] -- Up-to-date: /home/habibahassan/project/install/moveit_common/share/ament_index/resource_index/package_run_dependencies/moveit_common
[1.222s] -- Up-to-date: /home/habibahassan/project/install/moveit_common/share/ament_index/resource_index/parent_prefix_path/moveit_common
[1.222s] -- Up-to-date: /home/habibahassan/project/install/moveit_common/share/moveit_common/environment/ament_prefix_path.sh
[1.227s] -- Up-to-date: /home/habibahassan/project/install/moveit_common/share/moveit_common/environment/ament_prefix_path.dsv
[1.228s] -- Up-to-date: /home/habibahassan/project/install/moveit_common/share/moveit_common/environment/path.sh
[1.228s] -- Up-to-date: /home/habibahassan/project/install/moveit_common/share/moveit_common/environment/path.dsv
[1.228s] -- Up-to-date: /home/habibahassan/project/install/moveit_common/share/moveit_common/local_setup.bash
[1.235s] -- Up-to-date: /home/habibahassan/project/install/moveit_common/share/moveit_common/local_setup.sh
[1.236s] -- Up-to-date: /home/habibahassan/project/install/moveit_common/share/moveit_common/local_setup.zsh
[1.236s] -- Up-to-date: /home/habibahassan/project/install/moveit_common/share/moveit_common/local_setup.dsv
[1.273s] -- Installing: /home/habibahassan/project/install/moveit_common/share/moveit_common/package.dsv
[1.280s] -- Up-to-date: /home/habibahassan/project/install/moveit_common/share/ament_index/resource_index/packages/moveit_common
[1.296s] -- Up-to-date: /home/habibahassan/project/install/moveit_common/share/moveit_common/cmake/moveit_common-extras.cmake
[1.297s] -- Up-to-date: /home/habibahassan/project/install/moveit_common/share/moveit_common/cmake/moveit_commonConfig.cmake
[1.297s] -- Up-to-date: /home/habibahassan/project/install/moveit_common/share/moveit_common/cmake/moveit_commonConfig-version.cmake
[1.297s] -- Up-to-date: /home/habibahassan/project/install/moveit_common/share/moveit_common/package.xml
[1.297s] -- Up-to-date: /home/habibahassan/project/install/moveit_common/share/moveit_common/cmake
[1.297s] -- Up-to-date: /home/habibahassan/project/install/moveit_common/share/moveit_common/cmake/moveit_package.cmake
[1.434s] Invoked command in '/home/habibahassan/project/build/moveit_common' returned '0': CMAKE_PREFIX_PATH=${CMAKE_PREFIX_PATH}:/home/habibahassan/project/install/moveit_configs_utils:/opt/ros/jazzy DEBUGINFOD_URLS=https://debuginfod.ubuntu.com /usr/bin/cmake --install /home/habibahassan/project/build/moveit_common
