[0.537s] Invoking command in '/home/habibahassan/project/build/gz_ros2_control': CMAKE_PREFIX_PATH=${CMAKE_PREFIX_PATH}:/home/habibahassan/project/install/moveit_configs_utils:/opt/ros/jazzy DEBUGINFOD_URLS=https://debuginfod.ubuntu.com /usr/bin/cmake --build /home/habibahassan/project/build/gz_ros2_control -- -j8 -l8
[0.741s] [ 50%] Built target gz_ros2_control-system
[0.794s] [100%] Built target gz_hardware_plugins
[0.976s] Invoked command in '/home/habibahassan/project/build/gz_ros2_control' returned '0': CMAKE_PREFIX_PATH=${CMAKE_PREFIX_PATH}:/home/habibahassan/project/install/moveit_configs_utils:/opt/ros/jazzy DEBUGINFOD_URLS=https://debuginfod.ubuntu.com /usr/bin/cmake --build /home/habibahassan/project/build/gz_ros2_control -- -j8 -l8
[0.982s] Invoking command in '/home/habibahassan/project/build/gz_ros2_control': CMAKE_PREFIX_PATH=${CMAKE_PREFIX_PATH}:/home/habibahassan/project/install/moveit_configs_utils:/opt/ros/jazzy DEBUGINFOD_URLS=https://debuginfod.ubuntu.com /usr/bin/cmake --install /home/habibahassan/project/build/gz_ros2_control
[1.093s] -- Install configuration: ""
[1.093s] -- Up-to-date: /home/habibahassan/project/install/gz_ros2_control/lib/libgz_hardware_plugins.so
[1.094s] -- Up-to-date: /home/habibahassan/project/install/gz_ros2_control/include
[1.095s] -- Up-to-date: /home/habibahassan/project/install/gz_ros2_control/include/gz_ros2_control
[1.099s] -- Up-to-date: /home/habibahassan/project/install/gz_ros2_control/include/gz_ros2_control/gz_system.hpp
[1.100s] -- Up-to-date: /home/habibahassan/project/install/gz_ros2_control/include/gz_ros2_control/gz_ros2_control_plugin.hpp
[1.101s] -- Up-to-date: /home/habibahassan/project/install/gz_ros2_control/include/gz_ros2_control/gz_system_interface.hpp
[1.101s] -- Up-to-date: /home/habibahassan/project/install/gz_ros2_control/share/gz_ros2_control/environment/library_path.sh
[1.102s] -- Up-to-date: /home/habibahassan/project/install/gz_ros2_control/share/gz_ros2_control/environment/library_path.dsv
[1.102s] -- Up-to-date: /home/habibahassan/project/install/gz_ros2_control/lib/libgz_ros2_control-system.so
[1.102s] -- Up-to-date: /home/habibahassan/project/install/gz_ros2_control/share/gz_ros2_control/gz_hardware_plugins.xml
[1.102s] -- Up-to-date: /home/habibahassan/project/install/gz_ros2_control/share/ament_index/resource_index/package_run_dependencies/gz_ros2_control
[1.102s] -- Up-to-date: /home/habibahassan/project/install/gz_ros2_control/share/ament_index/resource_index/parent_prefix_path/gz_ros2_control
[1.103s] -- Up-to-date: /home/habibahassan/project/install/gz_ros2_control/share/gz_ros2_control/environment/ament_prefix_path.sh
[1.103s] -- Up-to-date: /home/habibahassan/project/install/gz_ros2_control/share/gz_ros2_control/environment/ament_prefix_path.dsv
[1.103s] -- Up-to-date: /home/habibahassan/project/install/gz_ros2_control/share/gz_ros2_control/environment/path.sh
[1.103s] -- Up-to-date: /home/habibahassan/project/install/gz_ros2_control/share/gz_ros2_control/environment/path.dsv
[1.103s] -- Up-to-date: /home/habibahassan/project/install/gz_ros2_control/share/gz_ros2_control/local_setup.bash
[1.104s] -- Up-to-date: /home/habibahassan/project/install/gz_ros2_control/share/gz_ros2_control/local_setup.sh
[1.104s] -- Up-to-date: /home/habibahassan/project/install/gz_ros2_control/share/gz_ros2_control/local_setup.zsh
[1.105s] -- Up-to-date: /home/habibahassan/project/install/gz_ros2_control/share/gz_ros2_control/local_setup.dsv
[1.105s] -- Installing: /home/habibahassan/project/install/gz_ros2_control/share/gz_ros2_control/package.dsv
[1.105s] -- Up-to-date: /home/habibahassan/project/install/gz_ros2_control/share/ament_index/resource_index/packages/gz_ros2_control
[1.105s] -- Up-to-date: /home/habibahassan/project/install/gz_ros2_control/share/ament_index/resource_index/gz_ros2_control__pluginlib__plugin/gz_ros2_control
[1.106s] -- Up-to-date: /home/habibahassan/project/install/gz_ros2_control/share/gz_ros2_control/cmake/ament_cmake_export_include_directories-extras.cmake
[1.106s] -- Up-to-date: /home/habibahassan/project/install/gz_ros2_control/share/gz_ros2_control/cmake/ament_cmake_export_libraries-extras.cmake
[1.106s] -- Up-to-date: /home/habibahassan/project/install/gz_ros2_control/share/gz_ros2_control/cmake/gz_ros2_controlConfig.cmake
[1.106s] -- Up-to-date: /home/habibahassan/project/install/gz_ros2_control/share/gz_ros2_control/cmake/gz_ros2_controlConfig-version.cmake
[1.106s] -- Up-to-date: /home/habibahassan/project/install/gz_ros2_control/share/gz_ros2_control/package.xml
[1.214s] Invoked command in '/home/habibahassan/project/build/gz_ros2_control' returned '0': CMAKE_PREFIX_PATH=${CMAKE_PREFIX_PATH}:/home/habibahassan/project/install/moveit_configs_utils:/opt/ros/jazzy DEBUGINFOD_URLS=https://debuginfod.ubuntu.com /usr/bin/cmake --install /home/habibahassan/project/build/gz_ros2_control
