[0.159s] Invoking command in '/home/habibahassan/project/build/serial': CMAKE_PREFIX_PATH=${CMAKE_PREFIX_PATH}:/home/habibahassan/project/install/moveit_configs_utils:/opt/ros/jazzy DEBUGINFOD_URLS=https://debuginfod.ubuntu.com /usr/bin/cmake --build /home/habibahassan/project/build/serial -- -j8 -l8
[0.493s] [100%] Built target serial
[0.608s] Invoked command in '/home/habibahassan/project/build/serial' returned '0': CMAKE_PREFIX_PATH=${CMAKE_PREFIX_PATH}:/home/habibahassan/project/install/moveit_configs_utils:/opt/ros/jazzy DEBUGINFOD_URLS=https://debuginfod.ubuntu.com /usr/bin/cmake --build /home/habibahassan/project/build/serial -- -j8 -l8
[0.611s] Invoking command in '/home/habibahassan/project/build/serial': CMAKE_PREFIX_PATH=${CMAKE_PREFIX_PATH}:/home/habibahassan/project/install/moveit_configs_utils:/opt/ros/jazzy DEBUGINFOD_URLS=https://debuginfod.ubuntu.com /usr/bin/cmake --install /home/habibahassan/project/build/serial
[0.693s] -- Install configuration: ""
[0.701s] -- Up-to-date: /home/habibahassan/project/install/serial/lib/libserial.a
[0.703s] -- Up-to-date: /home/habibahassan/project/install/serial/include
[0.703s] -- Up-to-date: /home/habibahassan/project/install/serial/include/serial
[0.703s] -- Up-to-date: /home/habibahassan/project/install/serial/include/serial/serial.h
[0.703s] -- Up-to-date: /home/habibahassan/project/install/serial/include/serial/impl
[0.704s] -- Up-to-date: /home/habibahassan/project/install/serial/include/serial/impl/win.h
[0.704s] -- Up-to-date: /home/habibahassan/project/install/serial/include/serial/impl/unix.h
[0.704s] -- Up-to-date: /home/habibahassan/project/install/serial/include/serial/v8stdint.h
[0.705s] -- Up-to-date: /home/habibahassan/project/install/serial/share/serial/environment/library_path.sh
[0.705s] -- Up-to-date: /home/habibahassan/project/install/serial/share/serial/environment/library_path.dsv
[0.706s] -- Up-to-date: /home/habibahassan/project/install/serial/share/ament_index/resource_index/package_run_dependencies/serial
[0.706s] -- Up-to-date: /home/habibahassan/project/install/serial/share/ament_index/resource_index/parent_prefix_path/serial
[0.707s] -- Up-to-date: /home/habibahassan/project/install/serial/share/serial/environment/ament_prefix_path.sh
[0.707s] -- Up-to-date: /home/habibahassan/project/install/serial/share/serial/environment/ament_prefix_path.dsv
[0.708s] -- Up-to-date: /home/habibahassan/project/install/serial/share/serial/environment/path.sh
[0.708s] -- Up-to-date: /home/habibahassan/project/install/serial/share/serial/environment/path.dsv
[0.709s] -- Up-to-date: /home/habibahassan/project/install/serial/share/serial/local_setup.bash
[0.710s] -- Up-to-date: /home/habibahassan/project/install/serial/share/serial/local_setup.sh
[0.710s] -- Up-to-date: /home/habibahassan/project/install/serial/share/serial/local_setup.zsh
[0.710s] -- Up-to-date: /home/habibahassan/project/install/serial/share/serial/local_setup.dsv
[0.710s] -- Installing: /home/habibahassan/project/install/serial/share/serial/package.dsv
[0.711s] -- Up-to-date: /home/habibahassan/project/install/serial/share/ament_index/resource_index/packages/serial
[0.712s] -- Up-to-date: /home/habibahassan/project/install/serial/share/serial/cmake/export_serialExport.cmake
[0.712s] -- Up-to-date: /home/habibahassan/project/install/serial/share/serial/cmake/export_serialExport-noconfig.cmake
[0.713s] -- Up-to-date: /home/habibahassan/project/install/serial/share/serial/cmake/ament_cmake_export_include_directories-extras.cmake
[0.713s] -- Up-to-date: /home/habibahassan/project/install/serial/share/serial/cmake/ament_cmake_export_libraries-extras.cmake
[0.713s] -- Up-to-date: /home/habibahassan/project/install/serial/share/serial/cmake/ament_cmake_export_targets-extras.cmake
[0.713s] -- Up-to-date: /home/habibahassan/project/install/serial/share/serial/cmake/serialConfig.cmake
[0.714s] -- Up-to-date: /home/habibahassan/project/install/serial/share/serial/cmake/serialConfig-version.cmake
[0.714s] -- Up-to-date: /home/habibahassan/project/install/serial/share/serial/package.xml
[0.724s] Invoked command in '/home/habibahassan/project/build/serial' returned '0': CMAKE_PREFIX_PATH=${CMAKE_PREFIX_PATH}:/home/habibahassan/project/install/moveit_configs_utils:/opt/ros/jazzy DEBUGINFOD_URLS=https://debuginfod.ubuntu.com /usr/bin/cmake --install /home/habibahassan/project/build/serial
