[0.136s] Invoking command in '/home/habibahassan/project/build/picknik_twist_controller': CMAKE_PREFIX_PATH=${CMAKE_PREFIX_PATH}:/home/habibahassan/project/install/moveit_configs_utils:/opt/ros/jazzy DEBUGINFOD_URLS=https://debuginfod.ubuntu.com /usr/bin/cmake --build /home/habibahassan/project/build/picknik_twist_controller -- -j8 -l8
[0.296s] [100%] Built target picknik_twist_controller
[0.374s] Invoked command in '/home/habibahassan/project/build/picknik_twist_controller' returned '0': CMAKE_PREFIX_PATH=${CMAKE_PREFIX_PATH}:/home/habibahassan/project/install/moveit_configs_utils:/opt/ros/jazzy DEBUGINFOD_URLS=https://debuginfod.ubuntu.com /usr/bin/cmake --build /home/habibahassan/project/build/picknik_twist_controller -- -j8 -l8
[0.377s] Invoking command in '/home/habibahassan/project/build/picknik_twist_controller': CMAKE_PREFIX_PATH=${CMAKE_PREFIX_PATH}:/home/habibahassan/project/install/moveit_configs_utils:/opt/ros/jazzy DEBUGINFOD_URLS=https://debuginfod.ubuntu.com /usr/bin/cmake --install /home/habibahassan/project/build/picknik_twist_controller
[0.419s] -- Install configuration: ""
[0.419s] -- Up-to-date: /home/habibahassan/project/install/picknik_twist_controller/share/picknik_twist_controller/controller_plugins.xml
[0.421s] -- Up-to-date: /home/habibahassan/project/install/picknik_twist_controller/lib/libpicknik_twist_controller.so
[0.421s] -- Up-to-date: /home/habibahassan/project/install/picknik_twist_controller/include
[0.421s] -- Up-to-date: /home/habibahassan/project/install/picknik_twist_controller/include/picknik_twist_controller
[0.421s] -- Up-to-date: /home/habibahassan/project/install/picknik_twist_controller/include/picknik_twist_controller/picknik_twist_controller.hpp
[0.422s] -- Up-to-date: /home/habibahassan/project/install/picknik_twist_controller/include/picknik_twist_controller/visibility_control.h
[0.422s] -- Up-to-date: /home/habibahassan/project/install/picknik_twist_controller/share/picknik_twist_controller/controller_plugins.xml
[0.422s] -- Up-to-date: /home/habibahassan/project/install/picknik_twist_controller/share/picknik_twist_controller/environment/library_path.sh
[0.425s] -- Up-to-date: /home/habibahassan/project/install/picknik_twist_controller/share/picknik_twist_controller/environment/library_path.dsv
[0.425s] -- Up-to-date: /home/habibahassan/project/install/picknik_twist_controller/share/ament_index/resource_index/package_run_dependencies/picknik_twist_controller
[0.426s] -- Up-to-date: /home/habibahassan/project/install/picknik_twist_controller/share/ament_index/resource_index/parent_prefix_path/picknik_twist_controller
[0.426s] -- Up-to-date: /home/habibahassan/project/install/picknik_twist_controller/share/picknik_twist_controller/environment/ament_prefix_path.sh
[0.426s] -- Up-to-date: /home/habibahassan/project/install/picknik_twist_controller/share/picknik_twist_controller/environment/ament_prefix_path.dsv
[0.426s] -- Up-to-date: /home/habibahassan/project/install/picknik_twist_controller/share/picknik_twist_controller/environment/path.sh
[0.427s] -- Up-to-date: /home/habibahassan/project/install/picknik_twist_controller/share/picknik_twist_controller/environment/path.dsv
[0.427s] -- Up-to-date: /home/habibahassan/project/install/picknik_twist_controller/share/picknik_twist_controller/local_setup.bash
[0.427s] -- Up-to-date: /home/habibahassan/project/install/picknik_twist_controller/share/picknik_twist_controller/local_setup.sh
[0.427s] -- Up-to-date: /home/habibahassan/project/install/picknik_twist_controller/share/picknik_twist_controller/local_setup.zsh
[0.428s] -- Up-to-date: /home/habibahassan/project/install/picknik_twist_controller/share/picknik_twist_controller/local_setup.dsv
[0.428s] -- Installing: /home/habibahassan/project/install/picknik_twist_controller/share/picknik_twist_controller/package.dsv
[0.428s] -- Up-to-date: /home/habibahassan/project/install/picknik_twist_controller/share/ament_index/resource_index/packages/picknik_twist_controller
[0.428s] -- Up-to-date: /home/habibahassan/project/install/picknik_twist_controller/share/ament_index/resource_index/controller_interface__pluginlib__plugin/picknik_twist_controller
[0.429s] -- Up-to-date: /home/habibahassan/project/install/picknik_twist_controller/share/picknik_twist_controller/cmake/ament_cmake_export_dependencies-extras.cmake
[0.429s] -- Up-to-date: /home/habibahassan/project/install/picknik_twist_controller/share/picknik_twist_controller/cmake/ament_cmake_export_include_directories-extras.cmake
[0.429s] -- Up-to-date: /home/habibahassan/project/install/picknik_twist_controller/share/picknik_twist_controller/cmake/ament_cmake_export_libraries-extras.cmake
[0.429s] -- Up-to-date: /home/habibahassan/project/install/picknik_twist_controller/share/picknik_twist_controller/cmake/picknik_twist_controllerConfig.cmake
[0.430s] -- Up-to-date: /home/habibahassan/project/install/picknik_twist_controller/share/picknik_twist_controller/cmake/picknik_twist_controllerConfig-version.cmake
[0.430s] -- Up-to-date: /home/habibahassan/project/install/picknik_twist_controller/share/picknik_twist_controller/package.xml
[0.551s] Invoked command in '/home/habibahassan/project/build/picknik_twist_controller' returned '0': CMAKE_PREFIX_PATH=${CMAKE_PREFIX_PATH}:/home/habibahassan/project/install/moveit_configs_utils:/opt/ros/jazzy DEBUGINFOD_URLS=https://debuginfod.ubuntu.com /usr/bin/cmake --install /home/habibahassan/project/build/picknik_twist_controller
