[0.049s] Invoking command in '/home/habibahassan/project/build/moveit_resources_panda_description': CMAKE_PREFIX_PATH=${CMAKE_PREFIX_PATH}:/home/habibahassan/project/install/moveit_configs_utils:/opt/ros/jazzy DEBUGINFOD_URLS=https://debuginfod.ubuntu.com /usr/bin/cmake /home/habibahassan/project/src/moveit_resources/panda_description -DCMAKE_INSTALL_PREFIX=/home/habibahassan/project/install/moveit_resources_panda_description
[0.475s] -- The C compiler identification is GNU 13.3.0
[1.387s] -- The CXX compiler identification is GNU 13.3.0
[2.393s] -- Detecting C compiler ABI info
[2.778s] -- Detecting C compiler ABI info - done
[2.804s] -- Check for working C compiler: /usr/bin/cc - skipped
[2.805s] -- Detecting C compile features
[2.806s] -- Detecting C compile features - done
[2.931s] -- Detecting CXX compiler ABI info
[3.266s] -- Detecting CXX compiler ABI info - done
[3.284s] -- Check for working CXX compiler: /usr/bin/c++ - skipped
[3.284s] -- Detecting CXX compile features
[3.285s] -- Detecting CXX compile features - done
[3.293s] -- Found ament_cmake: 2.5.3 (/opt/ros/jazzy/share/ament_cmake/cmake)
[3.714s] -- Found Python3: /usr/bin/python3 (found version "3.12.3") found components: Interpreter 
[4.143s] -- Configuring done (4.1s)
[4.150s] -- Generating done (0.0s)
[4.154s] -- Build files have been written to: /home/habibahassan/project/build/moveit_resources_panda_description
[4.175s] Invoked command in '/home/habibahassan/project/build/moveit_resources_panda_description' returned '0': CMAKE_PREFIX_PATH=${CMAKE_PREFIX_PATH}:/home/habibahassan/project/install/moveit_configs_utils:/opt/ros/jazzy DEBUGINFOD_URLS=https://debuginfod.ubuntu.com /usr/bin/cmake /home/habibahassan/project/src/moveit_resources/panda_description -DCMAKE_INSTALL_PREFIX=/home/habibahassan/project/install/moveit_resources_panda_description
[4.175s] Invoking command in '/home/habibahassan/project/build/moveit_resources_panda_description': CMAKE_PREFIX_PATH=${CMAKE_PREFIX_PATH}:/home/habibahassan/project/install/moveit_configs_utils:/opt/ros/jazzy DEBUGINFOD_URLS=https://debuginfod.ubuntu.com /usr/bin/cmake --build /home/habibahassan/project/build/moveit_resources_panda_description -- -j8 -l8
[4.248s] Invoked command in '/home/habibahassan/project/build/moveit_resources_panda_description' returned '0': CMAKE_PREFIX_PATH=${CMAKE_PREFIX_PATH}:/home/habibahassan/project/install/moveit_configs_utils:/opt/ros/jazzy DEBUGINFOD_URLS=https://debuginfod.ubuntu.com /usr/bin/cmake --build /home/habibahassan/project/build/moveit_resources_panda_description -- -j8 -l8
[4.251s] Invoking command in '/home/habibahassan/project/build/moveit_resources_panda_description': CMAKE_PREFIX_PATH=${CMAKE_PREFIX_PATH}:/home/habibahassan/project/install/moveit_configs_utils:/opt/ros/jazzy DEBUGINFOD_URLS=https://debuginfod.ubuntu.com /usr/bin/cmake --install /home/habibahassan/project/build/moveit_resources_panda_description
[4.423s] -- Install configuration: ""
[4.423s] -- Installing: /home/habibahassan/project/install/moveit_resources_panda_description/share/ament_index/resource_index/package_run_dependencies/moveit_resources_panda_description
[4.423s] -- Installing: /home/habibahassan/project/install/moveit_resources_panda_description/share/ament_index/resource_index/parent_prefix_path/moveit_resources_panda_description
[4.423s] -- Installing: /home/habibahassan/project/install/moveit_resources_panda_description/share/moveit_resources_panda_description/environment/ament_prefix_path.sh
[4.423s] -- Installing: /home/habibahassan/project/install/moveit_resources_panda_description/share/moveit_resources_panda_description/environment/ament_prefix_path.dsv
[4.423s] -- Installing: /home/habibahassan/project/install/moveit_resources_panda_description/share/moveit_resources_panda_description/environment/path.sh
[4.423s] -- Installing: /home/habibahassan/project/install/moveit_resources_panda_description/share/moveit_resources_panda_description/environment/path.dsv
[4.424s] -- Installing: /home/habibahassan/project/install/moveit_resources_panda_description/share/moveit_resources_panda_description/local_setup.bash
[4.424s] -- Installing: /home/habibahassan/project/install/moveit_resources_panda_description/share/moveit_resources_panda_description/local_setup.sh
[4.425s] -- Installing: /home/habibahassan/project/install/moveit_resources_panda_description/share/moveit_resources_panda_description/local_setup.zsh
[4.425s] -- Installing: /home/habibahassan/project/install/moveit_resources_panda_description/share/moveit_resources_panda_description/local_setup.dsv
[4.426s] -- Installing: /home/habibahassan/project/install/moveit_resources_panda_description/share/moveit_resources_panda_description/package.dsv
[4.426s] -- Installing: /home/habibahassan/project/install/moveit_resources_panda_description/share/ament_index/resource_index/packages/moveit_resources_panda_description
[4.426s] -- Installing: /home/habibahassan/project/install/moveit_resources_panda_description/share/moveit_resources_panda_description/cmake/moveit_resources_panda_descriptionConfig.cmake
[4.427s] -- Installing: /home/habibahassan/project/install/moveit_resources_panda_description/share/moveit_resources_panda_description/cmake/moveit_resources_panda_descriptionConfig-version.cmake
[4.427s] -- Installing: /home/habibahassan/project/install/moveit_resources_panda_description/share/moveit_resources_panda_description/package.xml
[4.427s] -- Installing: /home/habibahassan/project/install/moveit_resources_panda_description/share/moveit_resources_panda_description/meshes
[4.427s] -- Installing: /home/habibahassan/project/install/moveit_resources_panda_description/share/moveit_resources_panda_description/meshes/collision
[4.427s] -- Installing: /home/habibahassan/project/install/moveit_resources_panda_description/share/moveit_resources_panda_description/meshes/collision/link5.stl
[4.428s] -- Installing: /home/habibahassan/project/install/moveit_resources_panda_description/share/moveit_resources_panda_description/meshes/collision/finger.stl
[4.428s] -- Installing: /home/habibahassan/project/install/moveit_resources_panda_description/share/moveit_resources_panda_description/meshes/collision/link4.stl
[4.428s] -- Installing: /home/habibahassan/project/install/moveit_resources_panda_description/share/moveit_resources_panda_description/meshes/collision/hand.stl
[4.428s] -- Installing: /home/habibahassan/project/install/moveit_resources_panda_description/share/moveit_resources_panda_description/meshes/collision/link6.stl
[4.428s] -- Installing: /home/habibahassan/project/install/moveit_resources_panda_description/share/moveit_resources_panda_description/meshes/collision/link2.stl
[4.429s] -- Installing: /home/habibahassan/project/install/moveit_resources_panda_description/share/moveit_resources_panda_description/meshes/collision/link1.stl
[4.429s] -- Installing: /home/habibahassan/project/install/moveit_resources_panda_description/share/moveit_resources_panda_description/meshes/collision/link3.stl
[4.429s] -- Installing: /home/habibahassan/project/install/moveit_resources_panda_description/share/moveit_resources_panda_description/meshes/collision/link7.stl
[4.429s] -- Installing: /home/habibahassan/project/install/moveit_resources_panda_description/share/moveit_resources_panda_description/meshes/collision/link0.stl
[4.429s] -- Installing: /home/habibahassan/project/install/moveit_resources_panda_description/share/moveit_resources_panda_description/meshes/visual
[4.429s] -- Installing: /home/habibahassan/project/install/moveit_resources_panda_description/share/moveit_resources_panda_description/meshes/visual/link3.dae
[4.430s] -- Installing: /home/habibahassan/project/install/moveit_resources_panda_description/share/moveit_resources_panda_description/meshes/visual/link0.dae
[4.430s] -- Installing: /home/habibahassan/project/install/moveit_resources_panda_description/share/moveit_resources_panda_description/meshes/visual/link2.dae
[4.430s] -- Installing: /home/habibahassan/project/install/moveit_resources_panda_description/share/moveit_resources_panda_description/meshes/visual/finger.dae
[4.430s] -- Installing: /home/habibahassan/project/install/moveit_resources_panda_description/share/moveit_resources_panda_description/meshes/visual/link1.dae
[4.432s] -- Installing: /home/habibahassan/project/install/moveit_resources_panda_description/share/moveit_resources_panda_description/meshes/visual/hand.dae
[4.432s] -- Installing: /home/habibahassan/project/install/moveit_resources_panda_description/share/moveit_resources_panda_description/meshes/visual/link6.dae
[4.433s] -- Installing: /home/habibahassan/project/install/moveit_resources_panda_description/share/moveit_resources_panda_description/meshes/visual/link7.dae
[4.433s] -- Installing: /home/habibahassan/project/install/moveit_resources_panda_description/share/moveit_resources_panda_description/meshes/visual/link4.dae
[4.441s] -- Installing: /home/habibahassan/project/install/moveit_resources_panda_description/share/moveit_resources_panda_description/meshes/visual/link5.dae
[4.441s] -- Installing: /home/habibahassan/project/install/moveit_resources_panda_description/share/moveit_resources_panda_description/urdf
[4.442s] -- Installing: /home/habibahassan/project/install/moveit_resources_panda_description/share/moveit_resources_panda_description/urdf/panda.urdf.xacro
[4.442s] -- Installing: /home/habibahassan/project/install/moveit_resources_panda_description/share/moveit_resources_panda_description/urdf/panda.urdf
[4.471s] Invoked command in '/home/habibahassan/project/build/moveit_resources_panda_description' returned '0': CMAKE_PREFIX_PATH=${CMAKE_PREFIX_PATH}:/home/habibahassan/project/install/moveit_configs_utils:/opt/ros/jazzy DEBUGINFOD_URLS=https://debuginfod.ubuntu.com /usr/bin/cmake --install /home/habibahassan/project/build/moveit_resources_panda_description
